01-13 04:43:43.480   636   636 W MtkCam/HalSensorList: [impConstructStaticMetadata_by_SymbolName] constructCustStaticMetadata_DEVICE_SCALER_COMMON not found
01-13 04:43:43.481   636   636 W MtkCam/HalSensorList: [impConstructStaticMetadata_by_SymbolName] constructCustStaticMetadata_DEVICE_FEATURE_SENSOR_DRVNAME_IMX258_MIPI_RAW not found
01-13 04:43:43.482   636   636 W MtkCam/HalSensorList: [impConstructStaticMetadata_by_SymbolName] constructCustStaticMetadata_DEVICE_FEATURE_COMMON not found
01-13 04:43:43.483   636   636 W MtkCam/HalSensorList: [impConstructStaticMetadata_by_SymbolName] constructCustStaticMetadata_DEVICE_CAMERA_SENSOR_DRVNAME_IMX258_MIPI_RAW not found
01-13 04:43:43.484   636   636 W MtkCam/HalSensorList: [impConstructStaticMetadata_by_SymbolName] constructCustStaticMetadata_DEVICE_CAMERA_COMMON not found
01-13 04:43:43.485   636   636 W MtkCam/HalSensorList: [impConstructStaticMetadata_by_SymbolName] constructCustStaticMetadata_DEVICE_REQUEST_SENSOR_DRVNAME_IMX258_MIPI_RAW not found
01-13 04:43:43.486   636   636 W MtkCam/HalSensorList: [impConstructStaticMetadata_by_SymbolName] constructCustStaticMetadata_DEVICE_REQUEST_COMMON not found
01-13 04:43:43.486   636   636 W MtkCam/HalSensorList: [impConstructStaticMetadata_by_SymbolName] constructCustStaticMetadata_PROJECT_LENS_SENSOR_DRVNAME_IMX258_MIPI_RAW not found
01-13 04:43:43.487   636   636 W MtkCam/HalSensorList: [impConstructStaticMetadata_by_SymbolName] constructCustStaticMetadata_PROJECT_LENS_COMMON not found
01-13 04:43:43.488   636   636 W MtkCam/HalSensorList: [impConstructStaticMetadata_by_SymbolName] constructCustStaticMetadata_PROJECT_SENSOR_SENSOR_DRVNAME_IMX258_MIPI_RAW not found
01-13 04:43:43.489   636   636 W MtkCam/HalSensorList: [impConstructStaticMetadata_by_SymbolName] constructCustStaticMetadata_PROJECT_SENSOR_COMMON not found
01-13 04:43:43.490   636   636 W MtkCam/HalSensorList: [impConstructStaticMetadata_by_SymbolName] constructCustStaticMetadata_PROJECT_TUNING_3A_SENSOR_DRVNAME_IMX258_MIPI_RAW not found
01-13 04:43:43.491   636   636 W MtkCam/HalSensorList: [impConstructStaticMetadata_by_SymbolName] constructCustStaticMetadata_PROJECT_TUNING_3A_COMMON not found
01-13 04:43:43.492   636   636 W MtkCam/HalSensorList: [impConstructStaticMetadata_by_SymbolName] constructCustStaticMetadata_PROJECT_FLASHLIGHT_SENSOR_DRVNAME_IMX258_MIPI_RAW not found
01-13 04:43:43.493   636   636 W MtkCam/HalSensorList: [impConstructStaticMetadata_by_SymbolName] constructCustStaticMetadata_PROJECT_FLASHLIGHT_COMMON not found
01-13 04:43:43.494   636   636 W MtkCam/HalSensorList: [impConstructStaticMetadata_by_SymbolName] constructCustStaticMetadata_PROJECT_SCALER_SENSOR_DRVNAME_IMX258_MIPI_RAW not found
01-13 04:43:43.495   636   636 W MtkCam/HalSensorList: [impConstructStaticMetadata_by_SymbolName] constructCustStaticMetadata_PROJECT_SCALER_COMMON not found
01-13 04:43:43.496   636   636 W MtkCam/HalSensorList: [impConstructStaticMetadata_by_SymbolName] constructCustStaticMetadata_PROJECT_FEATURE_SENSOR_DRVNAME_IMX258_MIPI_RAW not found
01-13 04:43:43.497   636   636 W MtkCam/HalSensorList: [impConstructStaticMetadata_by_SymbolName] constructCustStaticMetadata_PROJECT_FEATURE_COMMON not found
01-13 04:43:43.498   636   636 W MtkCam/HalSensorList: [impConstructStaticMetadata_by_SymbolName] constructCustStaticMetadata_PROJECT_CAMERA_SENSOR_DRVNAME_IMX258_MIPI_RAW not found
01-13 04:43:43.499   636   636 W MtkCam/HalSensorList: [impConstructStaticMetadata_by_SymbolName] constructCustStaticMetadata_PROJECT_CAMERA_COMMON not found
01-13 04:43:43.500   636   636 W MtkCam/HalSensorList: [impConstructStaticMetadata_by_SymbolName] constructCustStaticMetadata_PROJECT_REQUEST_SENSOR_DRVNAME_IMX258_MIPI_RAW not found
01-13 04:43:43.501   636   636 W MtkCam/HalSensorList: [impConstructStaticMetadata_by_SymbolName] constructCustStaticMetadata_PROJECT_REQUEST_COMMON not found
01-13 04:43:43.502   636   636 W MtkCam/HalSensorList: [impConstructStaticMetadata_by_SymbolName] constructCustStaticMetadata_DEVICE_LENS_SENSOR_DRVNAME_OV8858_MIPI_RAW not found
01-13 04:43:43.503   636   636 W MtkCam/HalSensorList: [impConstructStaticMetadata_by_SymbolName] constructCustStaticMetadata_DEVICE_LENS_COMMON not found
01-13 04:43:43.504   636   636 W MtkCam/HalSensorList: [impConstructStaticMetadata_by_SymbolName] constructCustStaticMetadata_DEVICE_SENSOR_SENSOR_DRVNAME_OV8858_MIPI_RAW not found
01-13 04:43:43.505   636   636 W MtkCam/HalSensorList: [impConstructStaticMetadata_by_SymbolName] constructCustStaticMetadata_DEVICE_SENSOR_COMMON not found
01-13 04:43:43.506   636   636 W MtkCam/HalSensorList: [impConstructStaticMetadata_by_SymbolName] constructCustStaticMetadata_DEVICE_TUNING_3A_SENSOR_DRVNAME_OV8858_MIPI_RAW not found
01-13 04:43:43.506   636   636 W MtkCam/HalSensorList: [impConstructStaticMetadata_by_SymbolName] constructCustStaticMetadata_DEVICE_TUNING_3A_COMMON not found
01-13 04:43:43.507   636   636 W MtkCam/HalSensorList: [impConstructStaticMetadata_by_SymbolName] constructCustStaticMetadata_DEVICE_FLASHLIGHT_SENSOR_DRVNAME_OV8858_MIPI_RAW not found
01-13 04:43:43.508   636   636 W MtkCam/HalSensorList: [impConstructStaticMetadata_by_SymbolName] constructCustStaticMetadata_DEVICE_FLASHLIGHT_COMMON not found
01-13 04:43:43.509   636   636 W MtkCam/HalSensorList: [impConstructStaticMetadata_by_SymbolName] constructCustStaticMetadata_DEVICE_SCALER_SENSOR_DRVNAME_OV8858_MIPI_RAW not found
01-13 04:43:43.510   636   636 W MtkCam/HalSensorList: [impConstructStaticMetadata_by_SymbolName] constructCustStaticMetadata_DEVICE_SCALER_COMMON not found
01-13 04:43:43.511   636   636 W MtkCam/HalSensorList: [impConstructStaticMetadata_by_SymbolName] constructCustStaticMetadata_DEVICE_FEATURE_SENSOR_DRVNAME_OV8858_MIPI_RAW not found
01-13 04:43:43.512   636   636 W MtkCam/HalSensorList: [impConstructStaticMetadata_by_SymbolName] constructCustStaticMetadata_DEVICE_FEATURE_COMMON not found
01-13 04:43:43.513   636   636 W MtkCam/HalSensorList: [impConstructStaticMetadata_by_SymbolName] constructCustStaticMetadata_DEVICE_CAMERA_SENSOR_DRVNAME_OV8858_MIPI_RAW not found
01-13 04:43:43.514   636   636 W MtkCam/HalSensorList: [impConstructStaticMetadata_by_SymbolName] constructCustStaticMetadata_DEVICE_CAMERA_COMMON not found
01-13 04:43:43.515   636   636 W MtkCam/HalSensorList: [impConstructStaticMetadata_by_SymbolName] constructCustStaticMetadata_DEVICE_REQUEST_SENSOR_DRVNAME_OV8858_MIPI_RAW not found
01-13 04:43:43.516   446   503 D GED     : Frame didn't finished in 1000 ms (try = 1)
01-13 04:43:43.516   446   503 D GED     : Fence fd = 24
01-13 04:43:43.516   446   503 D GED     :   fence BootAnimation:1 0
01-13 04:43:43.516   446   503 D GED     :     pt timeline-primary-0-0 sw_sync status(0) sync_drv(6) 0.000000
01-13 04:43:43.516   636   636 W MtkCam/HalSensorList: [impConstructStaticMetadata_by_SymbolName] constructCustStaticMetadata_DEVICE_REQUEST_COMMON not found
01-13 04:43:43.517   636   636 W MtkCam/HalSensorList: [impConstructStaticMetadata_by_SymbolName] constructCustStaticMetadata_PROJECT_LENS_SENSOR_DRVNAME_OV8858_MIPI_RAW not found
01-13 04:43:43.518   636   636 W MtkCam/HalSensorList: [impConstructStaticMetadata_by_SymbolName] constructCustStaticMetadata_PROJECT_LENS_COMMON not found
01-13 04:43:43.519   636   636 W MtkCam/HalSensorList: [impConstructStaticMetadata_by_SymbolName] constructCustStaticMetadata_PROJECT_SENSOR_SENSOR_DRVNAME_OV8858_MIPI_RAW not found
01-13 04:43:43.520   636   636 W MtkCam/HalSensorList: [impConstructStaticMetadata_by_SymbolName] constructCustStaticMetadata_PROJECT_SENSOR_COMMON not found
01-13 04:43:43.521   636   636 W MtkCam/HalSensorList: [impConstructStaticMetadata_by_SymbolName] constructCustStaticMetadata_PROJECT_TUNING_3A_SENSOR_DRVNAME_OV8858_MIPI_RAW not found
01-13 04:43:43.522   331   331 I [WFCA]  : CCCI status:MD ready
01-13 04:43:43.522   331   331 I [WFCA]  : Init imsx:/dev/ccci_imsa, 3
01-13 04:43:43.522   331   331 I [WFCA]  : open ipc
01-13 04:43:43.522   331   331 I [WFCA]  : unix_socket: /dev/socket/wfca
01-13 04:43:43.522   636   636 W MtkCam/HalSensorList: [impConstructStaticMetadata_by_SymbolName] constructCustStaticMetadata_PROJECT_TUNING_3A_COMMON not found
01-13 04:43:43.522   660   660 I         : ServiceManager Main_broadcastserver: 0xb7c7e4c8
01-13 04:43:43.522   331   902 I [WFCA]  : wfca_thread create
01-13 04:43:43.523   636   636 W MtkCam/HalSensorList: [impConstructStaticMetadata_by_SymbolName] constructCustStaticMetadata_PROJECT_FLASHLIGHT_SENSOR_DRVNAME_OV8858_MIPI_RAW not found
01-13 04:43:43.523   660   660 I DmbService: DmbService started: pid=660
01-13 04:43:43.524   660   660 I MOBIT   : create task: success thread_id=-1271027408
01-13 04:43:43.524   636   636 W MtkCam/HalSensorList: [impConstructStaticMetadata_by_SymbolName] constructCustStaticMetadata_PROJECT_FLASHLIGHT_COMMON not found
01-13 04:43:43.524   660   905 I MOBIT   : mbd_osp_create_timer valid = a5 initial_ms = 0
01-13 04:43:43.525   660   660 I MOBIT   : create task: success thread_id=-1273140944
01-13 04:43:43.525   660   905 I MOBIT   : tdmb_bm_task init dog timer 0xb7c84928 
01-13 04:43:43.525   636   636 W MtkCam/HalSensorList: [impConstructStaticMetadata_by_SymbolName] constructCustStaticMetadata_PROJECT_SCALER_SENSOR_DRVNAME_OV8858_MIPI_RAW not found
01-13 04:43:43.525   660   906 I MOBIT   : mbd_osp_create_timer valid = a5 initial_ms = 0
01-13 04:43:43.525   660   906 I MOBIT   : mbd_osp_create_timer valid = a5 initial_ms = 0
01-13 04:43:43.525   660   906 I MOBIT   : mbd_osp_create_timer valid = a5 initial_ms = 0
01-13 04:43:43.525   660   660 I MOBIT   : create task: success thread_id=-1274197712
01-13 04:43:43.525   660   906 I MOBIT   : mbd_osp_create_timer valid = a5 initial_ms = 0
01-13 04:43:43.526   326   425 E hwcomposer: [SYNC] (0xb739d3f8) [PF] (0) fence 35 didn't signal in 1000 ms
01-13 04:43:43.526   660   660 I MOBIT   : create task: success thread_id=-1275254480
01-13 04:43:43.526   660   906 I MOBIT   : mbd_osp_create_timer valid = a5 initial_ms = 0
01-13 04:43:43.526   326   425 I hwcomposer: [SYNC] (0xb739d3f8) timeline fd(-1) curr(0) last(0)
01-13 04:43:43.526   326   425 I hwcomposer: [SYNC] (0xb739d3f8) fence(¿…ÔÀ¾…Ô†Àle†À”HÀ …Ô ) status(0)
01-13 04:43:43.526   326   425 I hwcomposer: [SYNC] (0xb739d3f8) sync point: timeline(timeline-primary-0-5) drv(sw_sync) status(0) sync_drv(6) timestamp(0.000000)
01-13 04:43:43.526   636   636 W MtkCam/HalSensorList: [impConstructStaticMetadata_by_SymbolName] constructCustStaticMetadata_PROJECT_SCALER_COMMON not found
01-13 04:43:43.527   636   636 W MtkCam/HalSensorList: [impConstructStaticMetadata_by_SymbolName] constructCustStaticMetadata_PROJECT_FEATURE_SENSOR_DRVNAME_OV8858_MIPI_RAW not found
01-13 04:43:43.528   660   907 I MOBIT   : mbd_osp_create_timer valid = a5 initial_ms = 0
01-13 04:43:43.528   660   907 I MOBIT   : mbd_osp_create_timer valid = a5 initial_ms = 0
01-13 04:43:43.528   660   907 I MOBIT   : mbd_osp_create_timer valid = a5 initial_ms = 0
01-13 04:43:43.528   660   660 I MOBIT   : create task: success thread_id=-1276311248
01-13 04:43:43.529   660   908 I MOBIT   : mbd_osp_create_timer valid = a5 initial_ms = 0
01-13 04:43:43.529   660   908 I MOBIT   : mbd_osp_create_timer valid = a5 initial_ms = 0
01-13 04:43:43.529   660   909 I MOBIT   : mbd_osp_create_timer valid = a5 initial_ms = 0
01-13 04:43:43.529   660   660 I MOBIT   : create task: success thread_id=-1277355728
01-13 04:43:43.529   636   636 W MtkCam/HalSensorList: [impConstructStaticMetadata_by_SymbolName] constructCustStaticMetadata_PROJECT_FEATURE_COMMON not found
01-13 04:43:43.530   660   910 I MOBIT   : mbd_osp_create_timer valid = a5 initial_ms = 0
01-13 04:43:43.530   660   910 I MOBIT   : mbd_osp_create_timer valid = a5 initial_ms = 0
01-13 04:43:43.530   660   910 I MOBIT   : mbd_osp_create_timer valid = a5 initial_ms = 0
01-13 04:43:43.530   660   660 I MOBIT   : create task: success thread_id=-1278424784
01-13 04:43:43.530   636   636 W MtkCam/HalSensorList: [impConstructStaticMetadata_by_SymbolName] constructCustStaticMetadata_PROJECT_CAMERA_SENSOR_DRVNAME_OV8858_MIPI_RAW not found
01-13 04:43:43.530   660   911 I MOBIT   : mbd_osp_create_timer valid = a5 initial_ms = 0
01-13 04:43:43.530   660   911 I MOBIT   : mbd_osp_create_timer valid = a5 initial_ms = 0
01-13 04:43:43.530   660   911 I MOBIT   : mbd_osp_create_timer valid = a5 initial_ms = 0
01-13 04:43:43.530   660   660 I MOBIT   : create task: success thread_id=-1279481552
01-13 04:43:43.531   660   660 I MOBIT   : hybrid_dmb_server_start : create thread success
01-13 04:43:43.532   660   660 I MOBIT   : create task: success thread_id=-1281582800
01-13 04:43:43.532   636   636 W MtkCam/HalSensorList: [impConstructStaticMetadata_by_SymbolName] constructCustStaticMetadata_PROJECT_CAMERA_COMMON not found
01-13 04:43:43.532   660   912 I MOBIT   : hybrid_dmb_server : waiting connection request.
01-13 04:43:43.532   660   913 D DTV_Adap: [dtv] LibGet* Start ++++++
01-13 04:43:43.533   446   489 W MALI    : display_window_buffer:1367: [MALI] warning, queueBuffer takes more than 300ms here. Total elapse time: 836228
01-13 04:43:43.533   636   636 W MtkCam/HalSensorList: [impConstructStaticMetadata_by_SymbolName] constructCustStaticMetadata_PROJECT_REQUEST_SENSOR_DRVNAME_OV8858_MIPI_RAW not found
01-13 04:43:43.534   660   913 E         : ---BpLGPService
01-13 04:43:43.534   643   748 E         : TRANSACTION_LGP_IMEI_READ
01-13 04:43:43.535   636   636 W MtkCam/HalSensorList: [impConstructStaticMetadata_by_SymbolName] constructCustStaticMetadata_PROJECT_REQUEST_COMMON not found
01-13 04:43:43.535   636   636 D SeninfDrvImp: [setMclk1][setTg1PhaseCounter] pcEn(0) clkPol(0) CamPll(0x0) mMclk1User(0)
01-13 04:43:43.535   636   636 D SeninfDrvImp: [setMclk2][setTg2PhaseCounter] pcEn(0) clkPol(0) CamPll(0x0) mMclk2User(0)
01-13 04:43:43.536   636   636 D SeninfDrvImp: [uninit][uninit]: 1 
01-13 04:43:43.536   636   636 D SeninfDrvImp: [uninit][uninit]: 0, mfd(6) 
01-13 04:43:43.536   636   636 I IspDrv  : {IspDrv} [isp_fd_close]  - E. isp fd(6).
01-13 04:43:43.536   636   636 I IspDrv  : {IspDrv} [isp_fd_close] close isp mFd(6).
01-13 04:43:43.536   636   636 I IspDrv  : {IspDrv} [isp_fd_close] mIonFd(5),at(0/1).
01-13 04:43:43.536   636   636 I IspDrv  : {IspDrv} [isp_fd_close] close ion id(5).
01-13 04:43:43.536   636   636 D MtkCam/devicemgr: pHalSensorList:0xb3c64230 searchSensors:2 queryNumberOfSensors:2
01-13 04:43:43.537   636   636 D MtkCam/MetadataProvider.Custom: [showCustInfo] MY_CUST_VERSION="Fri Jul  1 09:57:45 KST 2016 rev:0.3.0"
01-13 04:43:43.538   636   636 D MtkCam/MetadataProvider.constructStatic: [constructStaticMetadata] construct static metadata
01-13 04:43:43.539   636   636 W MtkCam/MetadataProvider.constructStatic: [impConstructStaticMetadata_by_SymbolName] constructCustStaticMetadata_DEVICE_LENS_SENSOR_DRVNAME_IMX258_MIPI_RAW not found
01-13 04:43:43.539   636   636 W MtkCam/MetadataProvider.constructStatic: [impConstructStaticMetadata_by_SymbolName] constructCustStaticMetadata_DEVICE_LENS_COMMON not found
01-13 04:43:43.540   636   636 W MtkCam/MetadataProvider.constructStatic: [impConstructStaticMetadata_by_SymbolName] constructCustStaticMetadata_DEVICE_SENSOR_SENSOR_DRVNAME_IMX258_MIPI_RAW not found
01-13 04:43:43.540   636   636 W MtkCam/MetadataProvider.constructStatic: [impConstructStaticMetadata_by_SymbolName] constructCustStaticMetadata_DEVICE_SENSOR_COMMON not found
01-13 04:43:43.541   636   636 W MtkCam/MetadataProvider.constructStatic: [impConstructStaticMetadata_by_SymbolName] constructCustStaticMetadata_DEVICE_TUNING_3A_SENSOR_DRVNAME_IMX258_MIPI_RAW not found
01-13 04:43:43.541   636   636 W MtkCam/MetadataProvider.constructStatic: [impConstructStaticMetadata_by_SymbolName] constructCustStaticMetadata_DEVICE_TUNING_3A_COMMON not found
01-13 04:43:43.542   636   636 W MtkCam/MetadataProvider.constructStatic: [impConstructStaticMetadata_by_SymbolName] constructCustStaticMetadata_DEVICE_FLASHLIGHT_SENSOR_DRVNAME_IMX258_MIPI_RAW not found
01-13 04:43:43.542   636   636 W MtkCam/MetadataProvider.constructStatic: [impConstructStaticMetadata_by_SymbolName] constructCustStaticMetadata_DEVICE_FLASHLIGHT_COMMON not found
01-13 04:43:43.543   636   636 W MtkCam/MetadataProvider.constructStatic: [impConstructStaticMetadata_by_SymbolName] constructCustStaticMetadata_DEVICE_SCALER_SENSOR_DRVNAME_IMX258_MIPI_RAW not found
01-13 04:43:43.543   636   636 W MtkCam/MetadataProvider.constructStatic: [impConstructStaticMetadata_by_SymbolName] constructCustStaticMetadata_DEVICE_SCALER_COMMON not found
01-13 04:43:43.544   636   636 W MtkCam/MetadataProvider.constructStatic: [impConstructStaticMetadata_by_SymbolName] constructCustStaticMetadata_DEVICE_FEATURE_SENSOR_DRVNAME_IMX258_MIPI_RAW not found
01-13 04:43:43.544   636   636 W MtkCam/MetadataProvider.constructStatic: [impConstructStaticMetadata_by_SymbolName] constructCustStaticMetadata_DEVICE_FEATURE_COMMON not found
01-13 04:43:43.545   636   636 W MtkCam/MetadataProvider.constructStatic: [impConstructStaticMetadata_by_SymbolName] constructCustStaticMetadata_DEVICE_CAMERA_SENSOR_DRVNAME_IMX258_MIPI_RAW not found
01-13 04:43:43.545   636   636 W MtkCam/MetadataProvider.constructStatic: [impConstructStaticMetadata_by_SymbolName] constructCustStaticMetadata_DEVICE_REQUEST_SENSOR_DRVNAME_IMX258_MIPI_RAW not found
01-13 04:43:43.546   636   636 W MtkCam/MetadataProvider.constructStatic: [impConstructStaticMetadata_by_SymbolName] constructCustStaticMetadata_DEVICE_REQUEST_COMMON not found
01-13 04:43:43.546   636   636 W MtkCam/MetadataProvider.constructStatic: [impConstructStaticMetadata_by_SymbolName] constructCustStaticMetadata_PROJECT_LENS_SENSOR_DRVNAME_IMX258_MIPI_RAW not found
01-13 04:43:43.547   636   636 W MtkCam/MetadataProvider.constructStatic: [impConstructStaticMetadata_by_SymbolName] constructCustStaticMetadata_PROJECT_LENS_COMMON not found
01-13 04:43:43.547   636   636 W MtkCam/MetadataProvider.constructStatic: [impConstructStaticMetadata_by_SymbolName] constructCustStaticMetadata_PROJECT_SENSOR_SENSOR_DRVNAME_IMX258_MIPI_RAW not found
01-13 04:43:43.548   636   636 W MtkCam/MetadataProvider.constructStatic: [impConstructStaticMetadata_by_SymbolName] constructCustStaticMetadata_PROJECT_SENSOR_COMMON not found
01-13 04:43:43.548   636   636 W MtkCam/MetadataProvider.constructStatic: [impConstructStaticMetadata_by_SymbolName] constructCustStaticMetadata_PROJECT_TUNING_3A_SENSOR_DRVNAME_IMX258_MIPI_RAW not found
01-13 04:43:43.549   636   636 W MtkCam/MetadataProvider.constructStatic: [impConstructStaticMetadata_by_SymbolName] constructCustStaticMetadata_PROJECT_TUNING_3A_COMMON not found
01-13 04:43:43.549   636   636 W MtkCam/MetadataProvider.constructStatic: [impConstructStaticMetadata_by_SymbolName] constructCustStaticMetadata_PROJECT_FLASHLIGHT_SENSOR_DRVNAME_IMX258_MIPI_RAW not found
01-13 04:43:43.550   636   636 W MtkCam/MetadataProvider.constructStatic: [impConstructStaticMetadata_by_SymbolName] constructCustStaticMetadata_PROJECT_FLASHLIGHT_COMMON not found
01-13 04:43:43.550   636   636 W MtkCam/MetadataProvider.constructStatic: [impConstructStaticMetadata_by_SymbolName] constructCustStaticMetadata_PROJECT_SCALER_SENSOR_DRVNAME_IMX258_MIPI_RAW not found
01-13 04:43:43.550   636   636 W MtkCam/MetadataProvider.constructStatic: [impConstructStaticMetadata_by_SymbolName] constructCustStaticMetadata_PROJECT_SCALER_COMMON not found
01-13 04:43:43.551   636   636 W MtkCam/MetadataProvider.constructStatic: [impConstructStaticMetadata_by_SymbolName] constructCustStaticMetadata_PROJECT_FEATURE_SENSOR_DRVNAME_IMX258_MIPI_RAW not found
01-13 04:43:43.551   636   636 W MtkCam/MetadataProvider.constructStatic: [impConstructStaticMetadata_by_SymbolName] constructCustStaticMetadata_PROJECT_FEATURE_COMMON not found
01-13 04:43:43.552   636   636 W MtkCam/MetadataProvider.constructStatic: [impConstructStaticMetadata_by_SymbolName] constructCustStaticMetadata_PROJECT_CAMERA_SENSOR_DRVNAME_IMX258_MIPI_RAW not found
01-13 04:43:43.552   636   636 W MtkCam/MetadataProvider.constructStatic: [impConstructStaticMetadata_by_SymbolName] constructCustStaticMetadata_PROJECT_CAMERA_COMMON not found
01-13 04:43:43.553   636   636 W MtkCam/MetadataProvider.constructStatic: [impConstructStaticMetadata_by_SymbolName] constructCustStaticMetadata_PROJECT_REQUEST_SENSOR_DRVNAME_IMX258_MIPI_RAW not found
01-13 04:43:43.553   636   636 W MtkCam/MetadataProvider.constructStatic: [impConstructStaticMetadata_by_SymbolName] constructCustStaticMetadata_PROJECT_REQUEST_COMMON not found
01-13 04:43:43.553   636   636 D MtkCam/MetadataProvider.constructStatic: [constructStaticMetadata] Allocating 7 entries from customization
01-13 04:43:43.553   636   636 D MtkCam/MetadataProvider.constructStatic: [constructStaticMetadata] Allocating 0 entries from sensor HAL
01-13 04:43:43.553   636   636 D MtkCam/MetadataProvider.constructStatic: [constructStaticMetadata] Allocating 7 entries from customization + sensor HAL + Dng Info
01-13 04:43:43.554   636   636 D MtkCam/MetadataConvert: get_data_count: Tag 0xf0012 not found in Android Metadata
01-13 04:43:43.554   636   636 D MtkCam/MetadataConvert: get_data_count: Tag 0x1a0000 not found in Android Metadata
01-13 04:43:43.554   636   636 D MtkCam/MetadataConvert: [get_data_count] Allocating 5 entries, 0 extra bytes from HAL modules
01-13 04:43:43.554   636   636 D MtkCam/MetadataConvert: [convert] Allocating 5 entries, 0 extra bytes from HAL modules
01-13 04:43:43.554   636   636 D MtkCam/MetadataConvert: convert: Tag 0xf0012 not found in Android Metadata
01-13 04:43:43.554   636   636 D MtkCam/MetadataConvert: convert: Tag 0x1a0000 not found in Android Metadata
01-13 04:43:43.554   636   636 D MtkCam/Metadata: [add] [0] deviceId:0 -> 0xb73d0f50
01-13 04:43:43.555   636   636 D MtkCam/devicemgr: [enumDeviceLocked] [0x00] IMetadataProvider:0xb73d0f50 sensor:SENSOR_DRVNAME_IMX258_MIPI_RAW
01-13 04:43:43.555   636   636 D MtkCam/MetadataProvider.Custom: [showCustInfo] MY_CUST_VERSION="Fri Jul  1 09:57:45 KST 2016 rev:0.3.0"
01-13 04:43:43.556   643   748 E         : TRANSACTION_LGP_IMEI_READ0 0x3000503
01-13 04:43:43.556   643   748 E         : TRANSACTION_LGP_IMEI_READ1 0x6020500
01-13 04:43:43.556   643   748 E         : TRANSACTION_LGP_IMEI_READ2 0x0
01-13 04:43:43.556   643   748 E         : TRANSACTION_LGP_IMEI_READ3 0x10000
01-13 04:43:43.556   636   636 D MtkCam/MetadataProvider.constructStatic: [constructStaticMetadata] construct static metadata
01-13 04:43:43.556   660   913 E         : ---> BpLGPService::lgp_imei_read : 0x30005036020500010000
01-13 04:43:43.556   660   913 E         : ---> Proxy write : 1
01-13 04:43:43.556   660   913 E DTV_Adap: check*Luhn() : Failed to check Luhn
01-13 04:43:43.556   660   913 E DTV_Adap: [dtv] LibGet*: Cannot pass validation check
01-13 04:43:43.556   660   913 D DTV_Adap: [dtv] LibGet* End ------
01-13 04:43:43.556   636   636 W MtkCam/MetadataProvider.constructStatic: [impConstructStaticMetadata_by_SymbolName] constructCustStaticMetadata_DEVICE_LENS_SENSOR_DRVNAME_OV8858_MIPI_RAW not found
01-13 04:43:43.557   660   913 E MOBIT   : cas_read_unique_id fail to getIMEI, q_unique_id=
01-13 04:43:43.557   636   636 W MtkCam/MetadataProvider.constructStatic: [impConstructStaticMetadata_by_SymbolName] constructCustStaticMetadata_DEVICE_LENS_COMMON not found
01-13 04:43:43.557   636   636 W MtkCam/MetadataProvider.constructStatic: [impConstructStaticMetadata_by_SymbolName] constructCustStaticMetadata_DEVICE_SENSOR_SENSOR_DRVNAME_OV8858_MIPI_RAW not found
01-13 04:43:43.558   636   636 W MtkCam/MetadataProvider.constructStatic: [impConstructStaticMetadata_by_SymbolName] constructCustStaticMetadata_DEVICE_SENSOR_COMMON not found
01-13 04:43:43.558   636   636 W MtkCam/MetadataProvider.constructStatic: [impConstructStaticMetadata_by_SymbolName] constructCustStaticMetadata_DEVICE_TUNING_3A_SENSOR_DRVNAME_OV8858_MIPI_RAW not found
01-13 04:43:43.559   636   636 W MtkCam/MetadataProvider.constructStatic: [impConstructStaticMetadata_by_SymbolName] constructCustStaticMetadata_DEVICE_TUNING_3A_COMMON not found
01-13 04:43:43.559   636   636 W MtkCam/MetadataProvider.constructStatic: [impConstructStaticMetadata_by_SymbolName] constructCustStaticMetadata_DEVICE_FLASHLIGHT_SENSOR_DRVNAME_OV8858_MIPI_RAW not found
01-13 04:43:43.560   636   636 W MtkCam/MetadataProvider.constructStatic: [impConstructStaticMetadata_by_SymbolName] constructCustStaticMetadata_DEVICE_FLASHLIGHT_COMMON not found
01-13 04:43:43.560   636   636 W MtkCam/MetadataProvider.constructStatic: [impConstructStaticMetadata_by_SymbolName] constructCustStaticMetadata_DEVICE_SCALER_SENSOR_DRVNAME_OV8858_MIPI_RAW not found
01-13 04:43:43.560   636   636 W MtkCam/MetadataProvider.constructStatic: [impConstructStaticMetadata_by_SymbolName] constructCustStaticMetadata_DEVICE_SCALER_COMMON not found
01-13 04:43:43.561   636   636 W MtkCam/MetadataProvider.constructStatic: [impConstructStaticMetadata_by_SymbolName] constructCustStaticMetadata_DEVICE_FEATURE_SENSOR_DRVNAME_OV8858_MIPI_RAW not found
01-13 04:43:43.561   636   636 W MtkCam/MetadataProvider.constructStatic: [impConstructStaticMetadata_by_SymbolName] constructCustStaticMetadata_DEVICE_FEATURE_COMMON not found
01-13 04:43:43.562   636   636 W MtkCam/MetadataProvider.constructStatic: [impConstructStaticMetadata_by_SymbolName] constructCustStaticMetadata_DEVICE_CAMERA_SENSOR_DRVNAME_OV8858_MIPI_RAW not found
01-13 04:43:43.562   636   636 W MtkCam/MetadataProvider.constructStatic: [impConstructStaticMetadata_by_SymbolName] constructCustStaticMetadata_DEVICE_REQUEST_SENSOR_DRVNAME_OV8858_MIPI_RAW not found
01-13 04:43:43.563   636   636 W MtkCam/MetadataProvider.constructStatic: [impConstructStaticMetadata_by_SymbolName] constructCustStaticMetadata_DEVICE_REQUEST_COMMON not found
01-13 04:43:43.563   636   636 W MtkCam/MetadataProvider.constructStatic: [impConstructStaticMetadata_by_SymbolName] constructCustStaticMetadata_PROJECT_LENS_SENSOR_DRVNAME_OV8858_MIPI_RAW not found
01-13 04:43:43.564   636   636 W MtkCam/MetadataProvider.constructStatic: [impConstructStaticMetadata_by_SymbolName] constructCustStaticMetadata_PROJECT_LENS_COMMON not found
01-13 04:43:43.564   636   636 W MtkCam/MetadataProvider.constructStatic: [impConstructStaticMetadata_by_SymbolName] constructCustStaticMetadata_PROJECT_SENSOR_SENSOR_DRVNAME_OV8858_MIPI_RAW not found
01-13 04:43:43.565   636   636 W MtkCam/MetadataProvider.constructStatic: [impConstructStaticMetadata_by_SymbolName] constructCustStaticMetadata_PROJECT_SENSOR_COMMON not found
01-13 04:43:43.565   636   636 W MtkCam/MetadataProvider.constructStatic: [impConstructStaticMetadata_by_SymbolName] constructCustStaticMetadata_PROJECT_TUNING_3A_SENSOR_DRVNAME_OV8858_MIPI_RAW not found
01-13 04:43:43.566   636   636 W MtkCam/MetadataProvider.constructStatic: [impConstructStaticMetadata_by_SymbolName] constructCustStaticMetadata_PROJECT_TUNING_3A_COMMON not found
01-13 04:43:43.566   636   636 W MtkCam/MetadataProvider.constructStatic: [impConstructStaticMetadata_by_SymbolName] constructCustStaticMetadata_PROJECT_FLASHLIGHT_SENSOR_DRVNAME_OV8858_MIPI_RAW not found
01-13 04:43:43.566   636   636 W MtkCam/MetadataProvider.constructStatic: [impConstructStaticMetadata_by_SymbolName] constructCustStaticMetadata_PROJECT_FLASHLIGHT_COMMON not found
01-13 04:43:43.567   636   636 W MtkCam/MetadataProvider.constructStatic: [impConstructStaticMetadata_by_SymbolName] constructCustStaticMetadata_PROJECT_SCALER_SENSOR_DRVNAME_OV8858_MIPI_RAW not found
01-13 04:43:43.567   636   636 W MtkCam/MetadataProvider.constructStatic: [impConstructStaticMetadata_by_SymbolName] constructCustStaticMetadata_PROJECT_SCALER_COMMON not found
01-13 04:43:43.568   636   636 W MtkCam/MetadataProvider.constructStatic: [impConstructStaticMetadata_by_SymbolName] constructCustStaticMetadata_PROJECT_FEATURE_SENSOR_DRVNAME_OV8858_MIPI_RAW not found
01-13 04:43:43.568   636   636 W MtkCam/MetadataProvider.constructStatic: [impConstructStaticMetadata_by_SymbolName] constructCustStaticMetadata_PROJECT_FEATURE_COMMON not found
01-13 04:43:43.569   636   636 W MtkCam/MetadataProvider.constructStatic: [impConstructStaticMetadata_by_SymbolName] constructCustStaticMetadata_PROJECT_CAMERA_SENSOR_DRVNAME_OV8858_MIPI_RAW not found
01-13 04:43:43.569   636   636 W MtkCam/MetadataProvider.constructStatic: [impConstructStaticMetadata_by_SymbolName] constructCustStaticMetadata_PROJECT_CAMERA_COMMON not found
01-13 04:43:43.570   636   636 W MtkCam/MetadataProvider.constructStatic: [impConstructStaticMetadata_by_SymbolName] constructCustStaticMetadata_PROJECT_REQUEST_SENSOR_DRVNAME_OV8858_MIPI_RAW not found
01-13 04:43:43.570   636   636 W MtkCam/MetadataProvider.constructStatic: [impConstructStaticMetadata_by_SymbolName] constructCustStaticMetadata_PROJECT_REQUEST_COMMON not found
01-13 04:43:43.570   636   636 D MtkCam/MetadataProvider.constructStatic: [constructStaticMetadata] Allocating 6 entries from customization
01-13 04:43:43.570   636   636 D MtkCam/MetadataProvider.constructStatic: [constructStaticMetadata] Allocating 0 entries from sensor HAL
01-13 04:43:43.571   636   636 D MtkCam/MetadataProvider.constructStatic: [constructStaticMetadata] Allocating 6 entries from customization + sensor HAL + Dng Info
01-13 04:43:43.571   636   636 D MtkCam/MetadataConvert: get_data_count: Tag 0xf0012 not found in Android Metadata
01-13 04:43:43.571   636   636 D MtkCam/MetadataConvert: get_data_count: Tag 0x1a0000 not found in Android Metadata
01-13 04:43:43.571   636   636 D MtkCam/MetadataConvert: [get_data_count] Allocating 4 entries, 0 extra bytes from HAL modules
01-13 04:43:43.571   636   636 D MtkCam/MetadataConvert: [convert] Allocating 4 entries, 0 extra bytes from HAL modules
01-13 04:43:43.571   636   636 D MtkCam/MetadataConvert: convert: Tag 0xf0012 not found in Android Metadata
01-13 04:43:43.571   636   636 D MtkCam/MetadataConvert: convert: Tag 0x1a0000 not found in Android Metadata
01-13 04:43:43.571   636   636 D MtkCam/Metadata: [add] [1] deviceId:1 -> 0xb73d0fa0
01-13 04:43:43.571   636   636 D MtkCam/devicemgr: [enumDeviceLocked] [0x01] IMetadataProvider:0xb73d0fa0 sensor:SENSOR_DRVNAME_OV8858_MIPI_RAW
01-13 04:43:43.572   636   636 I MtkCam/devicemgr: [enumDeviceLocked] i4DeviceNum=2
01-13 04:43:43.572   636   636 I MtkCam/devicemgr: [enumDeviceLocked] [0x00] DeviceVersion:0x100 metadata:0xb73da958 facing:0 orientation(wanted/setup)=(90/90)
01-13 04:43:43.572   636   636 I MtkCam/devicemgr: [enumDeviceLocked] [0x01] DeviceVersion:0x100 metadata:0xb73d5ab8 facing:1 orientation(wanted/setup)=(270/270)
01-13 04:43:43.572   636   636 I MtkCam/devicemgr: [enumDeviceLocked] [0xff] DeviceVersion:0x100 metadata:0x000000 facing:0 orientation(wanted/setup)=(0/0)
01-13 04:43:43.572   636   636 I MtkCam/Utils/Profile: {CamProfile}[CamDeviceManagerBase::getNumberOfDevices] : (0-th) ===> [start-->now: 222 ms]
01-13 04:43:43.572   636   636 D MtkCam/devicemgr: [getNumberOfDevices] #devices:2
01-13 04:43:43.572   636   636 D MtkCam/devicemgr: [getNumberOfDevices] #devices:2
01-13 04:43:43.572   636   636 D MtkCam/devicemgr: [getDeviceInfo] deviceId:0 device_version:0x100 facing:0 orientation:90
01-13 04:43:43.572   636   636 D MtkCam/devicemgr: [getDeviceInfo] deviceId:1 device_version:0x100 facing:1 orientation:270
01-13 04:43:43.572   636   636 D MtkCam/devicemgr: [getDeviceInfo] deviceId:0 device_version:0x100 facing:0 orientation:90
01-13 04:43:43.572   636   636 D MtkCam/devicemgr: [getDeviceInfo] deviceId:1 device_version:0x100 facing:1 orientation:270
01-13 04:43:43.573   636   636 D MtkCam/devicemgr: [getVendorTagOps] ops:0xbe8d075c
01-13 04:43:43.573   636   636 I CameraService: CameraService process launch time: 0.397 sec.
01-13 04:43:43.575   636   636 I AudioPolicyService: AudioPolicyService CSTOR in new mode
01-13 04:43:43.575   636   917 V AudioPolicyService: AudioCommandThread() going to sleep
01-13 04:43:43.575   636   919 V AudioPolicyService: AudioCommandThread() going to sleep
01-13 04:43:43.575   636   918 V AudioPolicyService: AudioCommandThread() going to sleep
01-13 04:43:43.576   636   636 V APM::AudioPolicyEngine: mIsSoundException is 1
01-13 04:43:43.576   636   636 V APM::ConfigParsingUtils: loadHwModules() loading module primary
01-13 04:43:43.576   636   636 V APM::ConfigParsingUtils: loadHwModule() loading device headset
01-13 04:43:43.576   636   636 V APM::ConfigParsingUtils: stringToEnum() found AUDIO_DEVICE_OUT_WIRED_HEADSET
01-13 04:43:43.576   636   636 V APM::AudioPort: loadGains() loading gain gain_1
01-13 04:43:43.577   636   636 V APM::AudioPort: loadGainMode() AUDIO_GAIN_MODE_JOINT
01-13 04:43:43.577   636   636 V APM::ConfigParsingUtils: stringToEnum() found AUDIO_GAIN_MODE_JOINT
01-13 04:43:43.577   636   636 V APM::ConfigParsingUtils: stringToEnum() found AUDIO_CHANNEL_OUT_STEREO
01-13 04:43:43.577   636   636 V APM::AudioPort: loadGain() adding new gain mode 00000001 channel mask 00000003 min mB -6400 max mB 0
01-13 04:43:43.577   636   636 V APM::HwModule: loadDevice() adding device tag headset type 00000004 address 
01-13 04:43:43.577   636   636 V APM::ConfigParsingUtils: loadHwModule() loading device headphone
01-13 04:43:43.577   636   636 V APM::ConfigParsingUtils: stringToEnum() found AUDIO_DEVICE_OUT_WIRED_HEADPHONE
01-13 04:43:43.577   636   636 V APM::AudioPort: loadGains() loading gain gain_1
01-13 04:43:43.577   636   636 V APM::AudioPort: loadGainMode() AUDIO_GAIN_MODE_JOINT
01-13 04:43:43.577   636   636 V APM::ConfigParsingUtils: stringToEnum() found AUDIO_GAIN_MODE_JOINT
01-13 04:43:43.577   636   636 V APM::ConfigParsingUtils: stringToEnum() found AUDIO_CHANNEL_OUT_STEREO
01-13 04:43:43.577   636   636 V APM::AudioPort: loadGain() adding new gain mode 00000001 channel mask 00000003 min mB -6400 max mB 0
01-13 04:43:43.577   636   636 V APM::HwModule: loadDevice() adding device tag headphone type 00000008 address 
01-13 04:43:43.577   636   636 V APM::ConfigParsingUtils: loadHwModule() loading output primary
01-13 04:43:43.577   636   636 V APM::AudioPort: loadSamplingRates() adding rate 44100
01-13 04:43:43.577   636   636 V APM::AudioPort: loadOutChannels() AUDIO_CHANNEL_OUT_STEREO
01-13 04:43:43.577   636   636 V APM::ConfigParsingUtils: stringToEnum() found AUDIO_CHANNEL_OUT_STEREO
01-13 04:43:43.577   636   636 V APM::ConfigParsingUtils: stringToEnum() found AUDIO_FORMAT_PCM_32_BIT
01-13 04:43:43.577   636   636 V APM::ConfigParsingUtils: stringToEnum() found AUDIO_FORMAT_PCM_16_BIT
01-13 04:43:43.577   636   636 V APM::ConfigParsingUtils: stringToEnum() found AUDIO_DEVICE_OUT_EARPIECE
01-13 04:43:43.577   636   636 V APM::ConfigParsingUtils: stringToEnum() found AUDIO_DEVICE_OUT_SPEAKER
01-13 04:43:43.577   636   636 V APM::ConfigParsingUtils: stringToEnum() found AUDIO_DEVICE_OUT_WIRED_HEADSET
01-13 04:43:43.577   636   636 V APM::ConfigParsingUtils: stringToEnum() found AUDIO_DEVICE_OUT_WIRED_HEADPHONE
01-13 04:43:43.577   636   636 V APM::ConfigParsingUtils: stringToEnum() found AUDIO_DEVICE_OUT_AUX_DIGITAL
01-13 04:43:43.577   636   636 V APM::ConfigParsingUtils: stringToEnum() found AUDIO_DEVICE_OUT_ANLG_DOCK_HEADSET
01-13 04:43:43.577   636   636 V APM::ConfigParsingUtils: stringToEnum() found AUDIO_DEVICE_OUT_DGTL_DOCK_HEADSET
01-13 04:43:43.577   636   636 V APM::ConfigParsingUtils: stringToEnum() found AUDIO_DEVICE_OUT_ALL_SCO
01-13 04:43:43.577   636   636 V APM::ConfigParsingUtils: stringToEnum() found AUDIO_DEVICE_OUT_FM
01-13 04:43:43.578   636   636 V APM::ConfigParsingUtils: stringToEnum() found AUDIO_OUTPUT_FLAG_PRIMARY
01-13 04:43:43.578   636   636 V APM::AudioPort: loadGains() loading gain gain_1
01-13 04:43:43.578   636   636 V APM::AudioPort: loadGainMode() AUDIO_GAIN_MODE_JOINT
01-13 04:43:43.578   636   636 V APM::ConfigParsingUtils: stringToEnum() found AUDIO_GAIN_MODE_JOINT
01-13 04:43:43.578   636   636 V APM::ConfigParsingUtils: stringToEnum() found AUDIO_CHANNEL_OUT_STEREO
01-13 04:43:43.578   636   636 V APM::AudioPort: loadGain() adding new gain mode 00000001 channel mask 00000003 min mB -6400 max mB 0
01-13 04:43:43.578   636   636 V APM::HwModule: loadOutput() adding output Supported Devices 101c7f, mFlags 0002
01-13 04:43:43.578   636   636 V APM::ConfigParsingUtils: loadHwModule() loading output incall_music
01-13 04:43:43.578   636   636 V APM::AudioPort: loadSamplingRates() adding rate 44100
01-13 04:43:43.578   636   636 V APM::AudioPort: loadOutChannels() AUDIO_CHANNEL_OUT_STEREO
01-13 04:43:43.578   636   636 V APM::ConfigParsingUtils: stringToEnum() found AUDIO_CHANNEL_OUT_STEREO
01-13 04:43:43.578   636   636 V APM::ConfigParsingUtils: stringToEnum() found AUDIO_FORMAT_PCM_32_BIT
01-13 04:43:43.578   636   636 V APM::ConfigParsingUtils: stringToEnum() found AUDIO_FORMAT_PCM_16_BIT
01-13 04:43:43.578   636   636 V APM::ConfigParsingUtils: stringToEnum() found AUDIO_DEVICE_OUT_EARPIECE
01-13 04:43:43.578   636   636 V APM::ConfigParsingUtils: stringToEnum() found AUDIO_DEVICE_OUT_SPEAKER
01-13 04:43:43.578   636   636 V APM::ConfigParsingUtils: stringToEnum() found AUDIO_DEVICE_OUT_WIRED_HEADSET
01-13 04:43:43.578   636   636 V APM::ConfigParsingUtils: stringToEnum() found AUDIO_DEVICE_OUT_WIRED_HEADPHONE
01-13 04:43:43.578   636   636 V APM::ConfigParsingUtils: stringToEnum() found AUDIO_DEVICE_OUT_AUX_DIGITAL
01-13 04:43:43.578   636   636 V APM::ConfigParsingUtils: stringToEnum() found AUDIO_DEVICE_OUT_ANLG_DOCK_HEADSET
01-13 04:43:43.578   636   636 V APM::ConfigParsingUtils: stringToEnum() found AUDIO_DEVICE_OUT_DGTL_DOCK_HEADSET
01-13 04:43:43.578   636   636 V APM::ConfigParsingUtils: stringToEnum() found AUDIO_DEVICE_OUT_ALL_SCO
01-13 04:43:43.578   636   636 V APM::ConfigParsingUtils: stringToEnum() found AUDIO_DEVICE_OUT_FM
01-13 04:43:43.578   636   636 V APM::ConfigParsingUtils: stringToEnum() found AUDIO_OUTPUT_FLAG_DIRECT
01-13 04:43:43.578   636   636 V APM::ConfigParsingUtils: stringToEnum() found AUDIO_OUTPUT_FLAG_INCALL_MUSIC
01-13 04:43:43.578   636   636 V APM::HwModule: loadOutput() adding output Supported Devices 101c7f, mFlags 4001
01-13 04:43:43.578   636   636 V APM::ConfigParsingUtils: loadHwModule() loading input primary
01-13 04:43:43.578   636   636 V APM::AudioPort: loadSamplingRates() adding rate 8000
01-13 04:43:43.578   636   636 V APM::AudioPort: loadSamplingRates() adding rate 16000
01-13 04:43:43.578   636   636 V APM::AudioPort: loadSamplingRates() adding rate 32000
01-13 04:43:43.578   636   636 V APM::AudioPort: loadSamplingRates() adding rate 44100
01-13 04:43:43.578   636   636 V APM::AudioPort: loadSamplingRates() adding rate 48000
01-13 04:43:43.579   636   636 V APM::AudioPort: loadInChannels() AUDIO_CHANNEL_IN_MONO
01-13 04:43:43.579   636   636 V APM::ConfigParsingUtils: stringToEnum() found AUDIO_CHANNEL_IN_MONO
01-13 04:43:43.579   636   636 V APM::AudioPort: loadInChannels() adding channelMask 0x10
01-13 04:43:43.579   636   636 V APM::ConfigParsingUtils: stringToEnum() found AUDIO_CHANNEL_IN_STEREO
01-13 04:43:43.579   636   636 V APM::AudioPort: loadInChannels() adding channelMask 0xc
01-13 04:43:43.579   636   636 V APM::ConfigParsingUtils: stringToEnum() found AUDIO_CHANNEL_IN_VOICE_UPLINK
01-13 04:43:43.579   636   636 V APM::AudioPort: loadInChannels() adding channelMask 0x4000
01-13 04:43:43.579   636   636 V APM::ConfigParsingUtils: stringToEnum() found AUDIO_CHANNEL_IN_VOICE_DNLINK
01-13 04:43:43.579   636   636 V APM::AudioPort: loadInChannels() adding channelMask 0x8000
01-13 04:43:43.579   636   636 V APM::ConfigParsingUtils: stringToEnum() found AUDIO_FORMAT_PCM_16_BIT
01-13 04:43:43.579   636   636 V APM::ConfigParsingUtils: stringToEnum() found AUDIO_DEVICE_IN_BUILTIN_MIC
01-13 04:43:43.579   636   636 V APM::ConfigParsingUtils: stringToEnum() found AUDIO_DEVICE_IN_AMBIENT
01-13 04:43:43.579   636   636 V APM::ConfigParsingUtils: stringToEnum() found AUDIO_DEVICE_IN_WIRED_HEADSET
01-13 04:43:43.579   636   636 V APM::ConfigParsingUtils: stringToEnum() found AUDIO_DEVICE_IN_AUX_DIGITAL
01-13 04:43:43.579   636   636 V APM::ConfigParsingUtils: stringToEnum() found AUDIO_DEVICE_IN_MATV
01-13 04:43:43.579   636   636 V APM::ConfigParsingUtils: stringToEnum() found AUDIO_DEVICE_IN_VOICE_CALL
01-13 04:43:43.579   636   636 V APM::ConfigParsingUtils: stringToEnum() found AUDIO_DEVICE_IN_BACK_MIC
01-13 04:43:43.579   636   636 V APM::ConfigParsingUtils: stringToEnum() found AUDIO_DEVICE_IN_ALL_SCO
01-13 04:43:43.579   636   636 V APM::ConfigParsingUtils: stringToEnum() found AUDIO_DEVICE_IN_FM_TUNER
01-13 04:43:43.579   636   636 V APM::HwModule: loadInput() adding input Supported Devices 880020fe
01-13 04:43:43.579   636   636 V APM::ConfigParsingUtils: stringToEnum() found AUDIO_DEVICE_OUT_SPEAKER
01-13 04:43:43.579   636   636 V APM::ConfigParsingUtils: stringToEnum() found AUDIO_DEVICE_OUT_EARPIECE
01-13 04:43:43.579   636   636 V APM::ConfigParsingUtils: loadGlobalConfig() Attached Output Devices 00000003
01-13 04:43:43.579   636   636 V APM::ConfigParsingUtils: stringToEnum() found AUDIO_DEVICE_OUT_SPEAKER
01-13 04:43:43.579   636   636 V APM::ConfigParsingUtils: loadGlobalConfig() mDefaultOutputDevice 00000002
01-13 04:43:43.579   636   636 V APM::ConfigParsingUtils: stringToEnum() found AUDIO_DEVICE_IN_BUILTIN_MIC
01-13 04:43:43.580   636   636 V APM::ConfigParsingUtils: stringToEnum() found AUDIO_DEVICE_IN_FM_TUNER
01-13 04:43:43.580   636   636 V APM::ConfigParsingUtils: stringToEnum() found AUDIO_DEVICE_IN_VOICE_CALL
01-13 04:43:43.580   636   636 V APM::ConfigParsingUtils: loadGlobalConfig() Available InputDevices 80002044
01-13 04:43:43.580   636   636 V APM::ConfigParsingUtils: loadGlobalConfig() mHalVersion = 0300 major 3 minor 0
01-13 04:43:43.580   636   636 V APM::ConfigParsingUtils: loadHwModules() loading module a2dp
01-13 04:43:43.580   636   636 V APM::ConfigParsingUtils: loadHwModule() loading output a2dp
01-13 04:43:43.580   636   636 V APM::AudioPort: loadSamplingRates() adding rate 44100
01-13 04:43:43.580   636   636 V APM::AudioPort: loadOutChannels() AUDIO_CHANNEL_OUT_STEREO
01-13 04:43:43.580   636   636 V APM::ConfigParsingUtils: stringToEnum() found AUDIO_CHANNEL_OUT_STEREO
01-13 04:43:43.580   636   636 V APM::ConfigParsingUtils: stringToEnum() found AUDIO_FORMAT_PCM_16_BIT
01-13 04:43:43.580   636   636 V APM::ConfigParsingUtils: stringToEnum() found AUDIO_DEVICE_OUT_ALL_A2DP
01-13 04:43:43.580   636   636 V APM::HwModule: loadOutput() adding output Supported Devices 0380, mFlags 0000
01-13 04:43:43.580   636   636 V APM::ConfigParsingUtils: loadHwModule() skip loading a2dp offload  output a2dp
01-13 04:43:43.580   636   636 V APM::ConfigParsingUtils: loadHwModule() loading input a2dp
01-13 04:43:43.580   636   636 V APM::AudioPort: loadSamplingRates() adding rate 44100
01-13 04:43:43.580   636   636 V APM::AudioPort: loadInChannels() AUDIO_CHANNEL_IN_STEREO
01-13 04:43:43.580   636   636 V APM::ConfigParsingUtils: stringToEnum() found AUDIO_CHANNEL_IN_STEREO
01-13 04:43:43.580   636   636 V APM::AudioPort: loadInChannels() adding channelMask 0xc
01-13 04:43:43.580   636   636 V APM::ConfigParsingUtils: stringToEnum() found AUDIO_FORMAT_PCM_16_BIT
01-13 04:43:43.580   636   636 V APM::ConfigParsingUtils: stringToEnum() found AUDIO_DEVICE_IN_BLUETOOTH_A2DP
01-13 04:43:43.580   636   636 V APM::HwModule: loadInput() adding input Supported Devices 80020000
01-13 04:43:43.580   636   636 V APM::ConfigParsingUtils: loadGlobalConfig() mHalVersion = 0200 major 2 minor 0
01-13 04:43:43.580   636   636 V APM::ConfigParsingUtils: loadHwModules() loading module usb
01-13 04:43:43.580   636   636 V APM::ConfigParsingUtils: loadHwModule() loading output usb_accessory
01-13 04:43:43.580   636   636 V APM::AudioPort: loadSamplingRates() adding rate 44100
01-13 04:43:43.580   636   636 V APM::AudioPort: loadOutChannels() AUDIO_CHANNEL_OUT_STEREO
01-13 04:43:43.580   636   636 V APM::ConfigParsingUtils: stringToEnum() found AUDIO_CHANNEL_OUT_STEREO
01-13 04:43:43.580   636   636 V APM::ConfigParsingUtils: stringToEnum() found AUDIO_FORMAT_PCM_16_BIT
01-13 04:43:43.580   636   636 V APM::ConfigParsingUtils: stringToEnum() found AUDIO_DEVICE_OUT_USB_ACCESSORY
01-13 04:43:43.581   636   636 V APM::HwModule: loadOutput() adding output Supported Devices 2000, mFlags 0000
01-13 04:43:43.581   636   636 V APM::ConfigParsingUtils: loadHwModule() loading output usb_device
01-13 04:43:43.581   636   636 V APM::AudioPort: loadOutChannels() dynamic
01-13 04:43:43.581   636   636 V APM::ConfigParsingUtils: stringToEnum() found AUDIO_DEVICE_OUT_USB_DEVICE
01-13 04:43:43.581   636   636 V APM::HwModule: loadOutput() adding output Supported Devices 4000, mFlags 0000
01-13 04:43:43.581   636   636 V APM::ConfigParsingUtils: loadHwModule() loading input usb_device
01-13 04:43:43.581   636   636 V APM::AudioPort: loadInChannels() AUDIO_CHANNEL_IN_STEREO
01-13 04:43:43.581   636   636 V APM::ConfigParsingUtils: stringToEnum() found AUDIO_CHANNEL_IN_STEREO
01-13 04:43:43.581   636   636 V APM::AudioPort: loadInChannels() adding channelMask 0xc
01-13 04:43:43.581   636   636 V APM::ConfigParsingUtils: stringToEnum() found AUDIO_FORMAT_PCM_16_BIT
01-13 04:43:43.581   636   636 V APM::ConfigParsingUtils: stringToEnum() found AUDIO_DEVICE_IN_USB_DEVICE
01-13 04:43:43.581   636   636 V APM::HwModule: loadInput() adding input Supported Devices 80001000
01-13 04:43:43.581   636   636 V APM::ConfigParsingUtils: loadGlobalConfig() mHalVersion = 0200 major 2 minor 0
01-13 04:43:43.581   636   636 V APM::ConfigParsingUtils: loadHwModules() loading module r_submix
01-13 04:43:43.581   636   636 V APM::ConfigParsingUtils: loadHwModule() loading output r_submix
01-13 04:43:43.581   636   636 V APM::AudioPort: loadSamplingRates() adding rate 48000
01-13 04:43:43.581   636   636 V APM::AudioPort: loadOutChannels() AUDIO_CHANNEL_OUT_STEREO
01-13 04:43:43.581   636   636 V APM::ConfigParsingUtils: stringToEnum() found AUDIO_CHANNEL_OUT_STEREO
01-13 04:43:43.581   636   636 V APM::ConfigParsingUtils: stringToEnum() found AUDIO_FORMAT_PCM_16_BIT
01-13 04:43:43.581   636   636 V APM::ConfigParsingUtils: stringToEnum() found AUDIO_DEVICE_OUT_REMOTE_SUBMIX
01-13 04:43:43.581   636   636 V APM::HwModule: loadOutput() adding output Supported Devices 8000, mFlags 0000
01-13 04:43:43.581   636   636 V APM::ConfigParsingUtils: loadHwModule() loading input r_submix
01-13 04:43:43.581   636   636 V APM::AudioPort: loadSamplingRates() adding rate 48000
01-13 04:43:43.581   636   636 V APM::AudioPort: loadInChannels() AUDIO_CHANNEL_IN_STEREO
01-13 04:43:43.581   636   636 V APM::ConfigParsingUtils: stringToEnum() found AUDIO_CHANNEL_IN_STEREO
01-13 04:43:43.581   636   636 V APM::AudioPort: loadInChannels() adding channelMask 0xc
01-13 04:43:43.581   636   636 V APM::ConfigParsingUtils: stringToEnum() found AUDIO_FORMAT_PCM_16_BIT
01-13 04:43:43.581   636   636 V APM::ConfigParsingUtils: stringToEnum() found AUDIO_DEVICE_IN_REMOTE_SUBMIX
01-13 04:43:43.581   636   636 V APM::HwModule: loadInput() adding input Supported Devices 80000100
01-13 04:43:43.582   636   636 V APM::ConfigParsingUtils: stringToEnum() found AUDIO_DEVICE_IN_REMOTE_SUBMIX
01-13 04:43:43.582   636   636 V APM::ConfigParsingUtils: loadGlobalConfig() Available InputDevices 80002144
01-13 04:43:43.582   636   636 V APM::ConfigParsingUtils: loadGlobalConfig() mHalVersion = 0200 major 2 minor 0
01-13 04:43:43.582   636   636 I APM::ConfigParsingUtils: loadAudioPolicyConfig() loaded /system/etc/audio_policy.conf
01-13 04:43:43.582   636   636 V AudioFlinger: registerClient() client 0xb73d3c90, pid 636
01-13 04:43:43.588   664   664 D ICU     : No timezone override file found: /data/misc/zoneinfo/current/icu/icu_tzdata.dat
01-13 04:43:43.656   636   636 D AudioALSAHardware: +mAudioALSAHardware
01-13 04:43:43.656   636   636 D AudioALSADriverUtility: AudioALSADriverUtility()
01-13 04:43:43.658   636   636 D AudioALSADriverUtility: mMixer = 0xb73f5c50
01-13 04:43:43.658   636   636 D AudioALSAHardwareResourceManager: AudioALSAHardwareResourceManager()
01-13 04:43:43.659   636   636 D AudioALSACodecDeviceBase: AudioALSACodecDeviceBase()
01-13 04:43:43.660   636   636 D AudioALSACodecDeviceOutEarphonePMIC: AudioALSACodecDeviceOutEarphonePMIC()
01-13 04:43:43.660   636   636 D AudioALSACodecDeviceOutEarphonePMIC: DeviceDoDcCalibrate()
01-13 04:43:43.660   636   636 D NVRAM   : NVM_GetFileDesc ++
01-13 04:43:43.661   636   636 D NVRAM   : length of g_NVRAM_BACKUP_DEVICE=59
01-13 04:43:43.661   636   636 D NVRAM   : nvram_layout_callback will run!!!
01-13 04:43:43.661   636   636 D NVRAM   : nvram_platform_log_block: 2
01-13 04:43:43.661   636   636 D NVRAM   : nvram_platform_resv_block: 2
01-13 04:43:43.661   636   636 D NVRAM   : nvram_platform_DM_block: 1
01-13 04:43:43.661   636   636 D NVRAM   : nvram_platform_layout_version: 0
01-13 04:43:43.661   636   636 D NVRAM   : nvram_platform_header_offset: 0
01-13 04:43:43.661   636   636 D NVRAM   : g_i4CFG_File_Count: 49
01-13 04:43:43.661   636   636 D NVRAM   : NVM_Init Max Lid: 74
01-13 04:43:43.661   636   636 D NVRAM   : [NVRAM]: info nvram_gpt_flag =1
01-13 04:43:43.662   636   636 D NVRAM   : NVM_GetCfgFileTable : file_lid = 65
01-13 04:43:43.662   636   636 D NVRAM   : NVM_GetCfgFileTable done
01-13 04:43:43.662   636   636 D NVRAM   : Open /data/nvram/media/Audio_Buffer_DC_Calibration_Param,LID:65
01-13 04:43:43.663   636   636 D NVRAM   : NVM_CmpFileVerNo 65  
01-13 04:43:43.663   636   636 D NVRAM   : NVM_GetCfgFileTable : file_lid = 65
01-13 04:43:43.663   636   636 D NVRAM   : Check if FILE_VER exists before openning it!
01-13 04:43:43.663   636   636 D NVRAM   : NVM_CheckVerFile: 1
01-13 04:43:43.663   636   636 D NVRAM   : New version info file
01-13 04:43:43.663   636   636 D NVRAM   : Load File Version: 000, NvRam File Version: 000
