01-13 04:43:36.465   324   324 I lowmemorykiller: Using in-kernel low memory killer interface
01-13 04:43:36.474   329   329 I wmt_loader: external combo chip power on failed
01-13 04:43:36.474   329   329 I wmt_loader: no external combo chip detected, get current soc chipid
01-13 04:43:36.474   329   329 I wmt_loader: soc chipid (0x337) detected
01-13 04:43:36.479   329   329 I wmt_loader: set property(persist.mtk.wcn.combo.chipid) to 0x0337 succeed.
01-13 04:43:36.479   329   329 I wmt_loader: external combo chip power off succeed
01-13 04:43:36.501   330   330 I 6620_launcher: get property(service.wcn.driver.ready) is no
01-13 04:43:36.502   334   334 D ccci_rpcd: ccci_rpcd Ver:v2.00, CCCI Ver:3
01-13 04:43:36.504   334   334 D ccci_rpcd: register signal hadler
01-13 04:43:36.504   334   334 E ccci_rpcd: can't catch SIGKILL
01-13 04:43:36.556   333   333 E ccci_mdinit(0): md_init ver:1.20
01-13 04:43:36.557   332   332 E ccci_fsd(0): md_fsd Ver:v2.02, CCCI Ver:3
01-13 04:43:36.562   333   333 E ccci_mdinit(0): [ft_evdo_dt_support]:0
01-13 04:43:36.562   333   333 E ccci_mdinit(0): [ft_lte_dc_support]:0
01-13 04:43:36.562   333   333 E ccci_mdinit(0): [MTK_IMS_SUPPORT]:1 [MTK_VOLTE_SUPPORT]:1
01-13 04:43:36.562   333   333 E ccci_mdinit(0): add ims to trm control
01-13 04:43:36.563   333   333 E ccci_mdinit(1): vold.decrypt: trigger_default_encryption
01-13 04:43:36.572   356   356 I stp_dump: ==>main 
01-13 04:43:36.572   356   356 I stp_dump: ro.crypto.state: encrypted!
01-13 04:43:36.572   356   356 I stp_dump: Waiting for decrypt done
01-13 04:43:36.662   326   326 D libEGL  : loaded /system/lib/egl/libGLES_mali.so
01-13 04:43:36.734   326   326 E GED     : Failed to get GED Log Buf, err(0)
01-13 04:43:36.759   326   326 W hwcomposer: [EVENT] Start to listen uevent, addr.nl_pid(326)
01-13 04:43:36.763   326   326 D MDP     : Boot Mode 0
01-13 04:43:36.765   328   328 D PQ      : [PQ_SERIVCE] DISP_IOCTL_PQ_GET_TDSHP_FLAG()... tuning flag[0]
01-13 04:43:36.765   326   326 D MDP     : [TDSHP][PQDC] DISP_IOCTL_PQ_GET_TDSHP_FLAG()... tuning flag[0]
01-13 04:43:36.767   326   326 D MDP     : [TDSHP][PQDS] DpEngine_DynamicSharpness load tdshpindex...
01-13 04:43:36.767   328   347 D PQ      : [PQ_SERIVCE] PQService : PQScenario = 0, PQMode = 0
01-13 04:43:36.767   328   347 D PQ      : [PQ_SERIVCE] PQService : getMappedTDSHPIndex, invalid scenario
01-13 04:43:36.768   326   326 D MDP     : [TDSHP][PQDS] got sharpness level 0x00000002, time 2 ms
01-13 04:43:36.769   326   326 W GuiExt  : Cannot find GuiExtService
01-13 04:43:36.769   326   326 W GuiExt  : Cannot find GuiExtService
01-13 04:43:36.769   326   326 W GuiExt  : Cannot find GuiExtService
01-13 04:43:36.770   326   326 E GuiExt  : [GuiExtC] [android::status_t android::GuiExtClientConsumer::configDisplay(uint32_t, bool, uint32_t, uint32_t, uint32_t)] assertStateLocked fail
01-13 04:43:36.770   326   326 W hwcomposer: [EVENT] HW VSync State(1)
01-13 04:43:36.770   326   326 I hwcomposer: [DPY] Display Information:
01-13 04:43:36.770   326   326 I hwcomposer: [DPY] # fo current devices : 1
01-13 04:43:36.770   326   326 I hwcomposer: [DPY] ------------------------------------
01-13 04:43:36.770   326   326 I hwcomposer: [DPY] Device id   : 0
01-13 04:43:36.770   326   326 I hwcomposer: [DPY] Width       : 1080
01-13 04:43:36.770   326   326 I hwcomposer: [DPY] Height      : 1920
01-13 04:43:36.770   326   326 I hwcomposer: [DPY] xdpi        : 422.030762
01-13 04:43:36.770   326   326 I hwcomposer: [DPY] ydpi        : 424.069580
01-13 04:43:36.770   326   326 I hwcomposer: [DPY] vsync       : 1
01-13 04:43:36.770   326   326 I hwcomposer: [DPY] refresh     : 16666666
01-13 04:43:36.770   326   326 I hwcomposer: [DPY] connected   : 1
01-13 04:43:36.770   326   326 I hwcomposer: [DPY] hwrotation  : 0
01-13 04:43:36.770   326   326 I hwcomposer: [DPY] subtype     : 0
01-13 04:43:36.770   326   326 I hwcomposer: [DPY] aspect      : 0.562, 1.778
01-13 04:43:36.770   326   326 I hwcomposer: [DPY] protrait    : [   0,   0,1080,1920]
01-13 04:43:36.770   326   326 I hwcomposer: [DPY] landscape   : [   0,   0,1080,1920]
01-13 04:43:36.770   326   326 I SurfaceFlinger: Using composer version 1.4
01-13 04:43:36.770   326   326 I hwcomposer: [HWC] getConfigs Display(0)
01-13 04:43:36.770   326   326 I hwcomposer: [HWC] getAttributes Display(0)
01-13 04:43:36.771   326   326 E hwcomposer: [HWC] unknown display attribute[5] 0x6
01-13 04:43:36.771   326   326 I hwcomposer: [HWC] getAttributes Display(0)
01-13 04:43:36.771   326   326 I hwcomposer: [HWC] getConfigs Display(1)
01-13 04:43:36.771   326   326 I hwcomposer: [HWC] getAttributes Display(1)
01-13 04:43:36.771   326   326 W hwcomposer: [HWC] Failed to get display attributes (dpy=1 is not connected)
01-13 04:43:36.771   326   326 I hwcomposer: [HWC] getAttributes Display(1)
01-13 04:43:36.771   326   326 W hwcomposer: [HWC] Failed to get display attributes (dpy=1 is not connected)
01-13 04:43:36.771   326   326 W SurfaceFlinger: no suitable EGLConfig found, trying a simpler query
01-13 04:43:36.771   326   326 I SurfaceFlinger: EGL information:
01-13 04:43:36.771   326   326 I SurfaceFlinger: vendor    : Android
01-13 04:43:36.771   326   326 I SurfaceFlinger: version   : 1.4 Android META-EGL
01-13 04:43:36.771   326   326 I SurfaceFlinger: extensions: EGL_KHR_get_all_proc_addresses EGL_ANDROID_presentation_time EGL_KHR_swap_buffers_with_damage EGL_KHR_image EGL_KHR_image_base EGL_KHR_gl_texture_2D_image EGL_KHR_gl_texture_cubemap_image EGL_KHR_gl_renderbuffer_image EGL_KHR_fence_sync EGL_KHR_create_context EGL_KHR_config_attribs EGL_KHR_surfaceless_context EGL_EXT_create_context_robustness EGL_ANDROID_image_native_buffer EGL_KHR_wait_sync EGL_ANDROID_recordable EGL_KHR_partial_update 
01-13 04:43:36.771   326   326 I SurfaceFlinger: Client API: OpenGL_ES
01-13 04:43:36.771   326   326 I SurfaceFlinger: EGLSurface: 8-8-8-8, config=0xb7395af8
01-13 04:43:36.801   330   330 I 6620_launcher: get property(service.wcn.driver.ready) is yes
01-13 04:43:36.801   330   330 E 6620_launcher: open device node succeed.(Node:/dev/stpwmt, fd:4) 
01-13 04:43:36.802   330   330 I 6620_launcher: key:(persist.mtk.wcn.combo.chipid)-value:(0x0337),chipId:0x0337
01-13 04:43:36.802   330   330 I 6620_launcher: chip id is 0x337
01-13 04:43:36.802   330   330 I 6620_launcher: chiId:0x337, setting to property(persist.mtk.wcn.combo.chipid)
01-13 04:43:36.803   326   326 I SurfaceFlinger: OpenGL ES informations:
01-13 04:43:36.803   326   326 I SurfaceFlinger: vendor    : ARM
01-13 04:43:36.803   326   326 I SurfaceFlinger: renderer  : Mali-T720
01-13 04:43:36.803   326   326 I SurfaceFlinger: version   : OpenGL ES 3.1 v1.r7p0-02rel0.4ea33e6671ff828e33c99c982634cd65
01-13 04:43:36.804   326   326 I SurfaceFlinger: extensions: GL_EXT_debug_marker GL_ARM_rgba8 GL_ARM_mali_shader_binary GL_OES_depth24 GL_OES_depth_texture GL_OES_depth_texture_cube_map GL_OES_packed_depth_stencil GL_OES_rgb8_rgba8 GL_EXT_read_format_bgra GL_OES_compressed_paletted_texture GL_OES_compressed_ETC1_RGB8_texture GL_OES_standard_derivatives GL_OES_EGL_image GL_OES_EGL_image_external GL_OES_EGL_sync GL_OES_texture_npot GL_OES_vertex_half_float GL_OES_required_internalformat GL_OES_vertex_array_object GL_OES_mapbuffer GL_EXT_texture_format_BGRA8888 GL_EXT_texture_rg GL_EXT_texture_type_2_10_10_10_REV GL_OES_fbo_render_mipmap GL_OES_element_index_uint GL_EXT_shadow_samplers GL_OES_texture_compression_astc GL_KHR_texture_compression_astc_ldr GL_KHR_texture_compression_astc_hdr GL_KHR_debug GL_EXT_occlusion_query_boolean GL_EXT_disjoint_timer_query GL_EXT_blend_minmax GL_EXT_discard_framebuffer GL_OES_get_program_binary GL_OES_texture_3D GL_EXT_texture_storage GL_EXT_multisampled_render_to_texture GL_OES_surfaceless_context GL_OES_texture_stencil8 G
01-13 04:43:36.804   326   326 I SurfaceFlinger: GL_MAX_TEXTURE_SIZE = 8192
01-13 04:43:36.804   326   326 I SurfaceFlinger: GL_MAX_VIEWPORT_DIMS = 8192
01-13 04:43:36.805   326   326 D mali_winsys: new_window_surface returns 0x3000
01-13 04:43:36.805   326   326 I hwcomposer: Display_0: fps[60] skipCount[0:0] offset[-8000000]
01-13 04:43:36.806   330   330 I 6620_launcher: set property(persist.mtk.wcn.combo.chipid) to 0x0337 succeed.
01-13 04:43:36.806   330   330 I 6620_launcher: chipIdProp:key(persist.mtk.wcn.combo.chipid)value(0x0337)
01-13 04:43:36.806   330   330 I 6620_launcher: chiId:0x0337
01-13 04:43:36.806   330   330 I 6620_launcher: for denali chipid convert
01-13 04:43:36.806   330   330 I 6620_launcher: run SOC chip flow
01-13 04:43:36.806   330   330 I 6620_launcher: key:(service.wcn.coredump.mode)-value:(2)
01-13 04:43:36.806   330   330 I 6620_launcher: Connectivity coredump set stp_dump mode: 2
01-13 04:43:36.807   330   330 I 6620_launcher: create pwr on thread ok
01-13 04:43:36.810   330   440 I 6620_launcher: enter power on connsys flow
01-13 04:43:36.811   326   326 D SurfaceFlinger: Set power mode=2, type=0 flinger=0xb736ce00
01-13 04:43:36.812   326   326 I hwcomposer: [HWC] SetPowerMode(2) Display(0)
01-13 04:43:36.823   326   352 E GED     : SF restart
01-13 04:43:36.848   445   445 I thermal_manager: thermal_manager Service started!, argc 2
01-13 04:43:36.848   445   445 I thermal_manager: thermal_manager Service started!, argv[0] /system/bin/thermal_manager
01-13 04:43:36.848   445   445 I thermal_manager: thermal_manager Service started!, argv[1] /system/etc/.tp/thermal.bbg.lge.conf
01-13 04:43:36.849   445   445 I thermal_manager: thermal_manager dlopen
01-13 04:43:36.849   445   445 I thermal_manager: [backward-compatiable] change thermal policy
01-13 04:43:36.849   445   445 I libMtcLoader: mtcloader started!
01-13 04:43:36.849   445   445 E libMtcLoader: mtcloader open pass
01-13 04:43:36.867   326   326 E GED     : Failed to get GED Log Buf, err(0)
01-13 04:43:36.867   326   326 E GED     : Failed to get GED Log Buf, err(0)
01-13 04:43:36.867   326   326 W hwcomposer: [HWC] (0) PRE/bypass/boot=0.1
01-13 04:43:36.867   326   326 I SurfaceFlinger: [doComposition] skip swapping while booting
01-13 04:43:36.868   326   326 W hwcomposer: [JOB] (0) SET/bypass/nulljob
01-13 04:43:36.890   330   330 I 6620_launcher: for denali chipid convert
01-13 04:43:36.890   330   330 I 6620_launcher: patch name pre-fix:ROMv2_lm_patch
01-13 04:43:36.890   330   330 I 6620_launcher: fwVersion:0x8a00
01-13 04:43:36.890   330   330 I 6620_launcher: /system/etc/firmware//ROMv2_lm_patch_1_0_hdr.bin
01-13 04:43:36.891   330   330 I 6620_launcher: fw Ver in patch: 0x8a00
01-13 04:43:36.891   330   330 I 6620_launcher: read patch info:0x22,0x00,0x06,0x00
01-13 04:43:36.891   330   330 I 6620_launcher: gpatchnum = [2]
01-13 04:43:36.891   330   330 I 6620_launcher: gdwonseq = [2]
01-13 04:43:36.891   330   330 I 6620_launcher: /system/etc/firmware//ROMv2_lm_patch_1_1_hdr.bin
01-13 04:43:36.891   330   330 I 6620_launcher: fw Ver in patch: 0x8a00
01-13 04:43:36.891   330   330 I 6620_launcher: read patch info:0x21,0x00,0x0e,0xf0
01-13 04:43:36.891   330   330 I 6620_launcher: gdwonseq = [1]
01-13 04:43:36.891   330   330 I 6620_launcher: cmd(srh_patch) resp(ok)
01-13 04:43:37.112   446   446 E BootAnimationEx: [AutoBoot] file load fail!: 13 
01-13 04:43:37.112   446   446 E BootAnimationEx: persist.sys.lg.sound_enable = 2
01-13 04:43:37.112   446   446 E BootAnimationEx: newMediaPlayer() mEnable = 2
01-13 04:43:37.118   446   446 E BootAnimationEx: Can't access to any boot sound
01-13 04:43:37.118   446   446 I BootAnimationEx: Before Bootanimation Actual spn value from USIM :: , 
01-13 04:43:37.118   446   446 I BootAnimationEx: spnValue after strcat:: ro.config.spnnamelist_0 
01-13 04:43:37.118   446   446 I BootAnimationEx: After SPN based TMO mMediaFileName is :: (null)
01-13 04:43:37.118   446   446 I BootAnimationEx: getBootSoundPath mMediaFileName is :: (null)
01-13 04:43:37.118   446   446 E BootAnimationEx: Boot sound isn't played!
01-13 04:43:37.123   446   489 E BootAnimationEx: bootAni check height Mini Activity: 0(0)
01-13 04:43:37.123   446   489 E BootAnimationEx: bootAni check LCD Size: (w)1080,(h)1920 
01-13 04:43:37.138   326   326 W hwcomposer: [HWC] (0) PRE/bypass/boot=0.1
01-13 04:43:37.138   326   326 I SurfaceFlinger: [doComposition] skip swapping while booting
01-13 04:43:37.138   326   326 W hwcomposer: [JOB] (0) SET/bypass/nulljob
01-13 04:43:37.191   446   489 D libEGL  : loaded /system/lib/egl/libGLES_mali.so
01-13 04:43:37.240   446   489 E GED     : Failed to get GED Log Buf, err(0)
01-13 04:43:37.243   446   489 D mali_winsys: new_window_surface returns 0x3000
01-13 04:43:37.307   326   326 I PerfService: PerfServiceNative_notifyDisplayType:0
01-13 04:43:37.572   356   356 I stp_dump: vold.decrypt: trigger_default_encryption!
01-13 04:43:37.572   356   356 I stp_dump: Waiting for decrypt done
01-13 04:43:38.465   326   425 E hwcomposer: [SYNC] (0xb739d3f8) [PF] (0) fence 28 didn't signal in 1000 ms
01-13 04:43:38.466   326   425 I hwcomposer: [SYNC] (0xb739d3f8) timeline fd(-1) curr(0) last(0)
01-13 04:43:38.466   326   425 I hwcomposer: [SYNC] (0xb739d3f8) fence(¿…ÔÀ¾…Ô†Àle†À”HÀ …Ô) status(0)
01-13 04:43:38.466   326   425 I hwcomposer: [SYNC] (0xb739d3f8) sync point: timeline(timeline-primary-0-5) drv(sw_sync) status(0) sync_drv(1) timestamp(0.000000)
01-13 04:43:38.471   446   489 W MALI    : display_window_buffer:1367: [MALI] warning, queueBuffer takes more than 300ms here. Total elapse time: 713075
01-13 04:43:38.572   356   356 I stp_dump: vold.decrypt: trigger_reset_main!
01-13 04:43:38.572   356   356 I stp_dump: Waiting for decrypt done
01-13 04:43:39.465   446   503 D GED     : Frame didn't finished in 1000 ms (try = 1)
01-13 04:43:39.466   446   503 D GED     : Fence fd = 25
01-13 04:43:39.466   446   503 D GED     :   fence BootAnimation:1 0
01-13 04:43:39.466   446   503 D GED     :     pt timeline-primary-0-0 sw_sync status(0) sync_drv(2) 0.000000
01-13 04:43:39.475   326   425 E hwcomposer: [SYNC] (0xb739d3f8) [PF] (0) fence 32 didn't signal in 1000 ms
01-13 04:43:39.476   326   425 I hwcomposer: [SYNC] (0xb739d3f8) timeline fd(-1) curr(0) last(0)
01-13 04:43:39.476   326   425 I hwcomposer: [SYNC] (0xb739d3f8) fence(¿…ÔÀ¾…Ô†Àle†ÀÏ—Ød¢Á) status(0)
01-13 04:43:39.476   326   425 I hwcomposer: [SYNC] (0xb739d3f8) sync point: timeline(timeline-primary-0-5) drv(sw_sync) status(0) sync_drv(2) timestamp(0.000000)
01-13 04:43:39.481   446   489 W MALI    : display_window_buffer:1367: [MALI] warning, queueBuffer takes more than 300ms here. Total elapse time: 850853
01-13 04:43:39.573   356   356 I stp_dump: vold.decrypt: trigger_reset_main!
01-13 04:43:39.573   356   356 I stp_dump: Waiting for decrypt done
01-13 04:43:40.475   446   503 D GED     : Frame didn't finished in 1000 ms (try = 1)
01-13 04:43:40.476   446   503 D GED     : Fence fd = 20
01-13 04:43:40.476   446   503 D GED     :   fence BootAnimation:0 0
01-13 04:43:40.476   446   503 D GED     :     pt timeline-primary-0-0 sw_sync status(0) sync_drv(3) 0.000000
01-13 04:43:40.486   326   425 E hwcomposer: [SYNC] (0xb739d3f8) [PF] (0) fence 34 didn't signal in 1000 ms
01-13 04:43:40.486   326   425 I hwcomposer: [SYNC] (0xb739d3f8) timeline fd(-1) curr(0) last(0)
01-13 04:43:40.486   326   425 I hwcomposer: [SYNC] (0xb739d3f8) fence(¿…ÔÀ¾…Ô†Àle†À”HÀ …Ô) status(0)
01-13 04:43:40.486   326   425 I hwcomposer: [SYNC] (0xb739d3f8) sync point: timeline(timeline-primary-0-5) drv(sw_sync) status(0) sync_drv(3) timestamp(0.000000)
01-13 04:43:40.492   446   489 W MALI    : display_window_buffer:1367: [MALI] warning, queueBuffer takes more than 300ms here. Total elapse time: 851527
01-13 04:43:40.573   356   356 I stp_dump: vold.decrypt: trigger_reset_main!
01-13 04:43:40.573   356   356 I stp_dump: Waiting for decrypt done
01-13 04:43:41.485   446   503 D GED     : Frame didn't finished in 1000 ms (try = 1)
01-13 04:43:41.486   446   503 D GED     : Fence fd = 24
01-13 04:43:41.486   446   503 D GED     :   fence BootAnimation:1 0
01-13 04:43:41.486   446   503 D GED     :     pt timeline-primary-0-0 sw_sync status(0) sync_drv(4) 0.000000
01-13 04:43:41.496   326   425 E hwcomposer: [SYNC] (0xb739d3f8) [PF] (0) fence 36 didn't signal in 1000 ms
01-13 04:43:41.496   326   425 I hwcomposer: [SYNC] (0xb739d3f8) timeline fd(-1) curr(0) last(0)
01-13 04:43:41.496   326   425 I hwcomposer: [SYNC] (0xb739d3f8) fence(¿…ÔÀ¾…Ô†Àle†À”HÀ …Ô) status(0)
01-13 04:43:41.496   326   425 I hwcomposer: [SYNC] (0xb739d3f8) sync point: timeline(timeline-primary-0-5) drv(sw_sync) status(0) sync_drv(4) timestamp(0.000000)
01-13 04:43:41.503   446   489 W MALI    : display_window_buffer:1367: [MALI] warning, queueBuffer takes more than 300ms here. Total elapse time: 848589
01-13 04:43:41.546   581   581 I /system/bin/tzdatacheck: tzdata file /data/misc/zoneinfo/current/tzdata does not exist. No action required.
01-13 04:43:41.573   356   356 I stp_dump: vold.decrypt: trigger_post_fs_data!
01-13 04:43:41.574   356   356 I stp_dump: Waiting for decrypt done
01-13 04:43:36.465   324   324 I lowmemorykiller: Using in-kernel low memory killer interface
01-13 04:43:36.474   329   329 I wmt_loader: external combo chip power on failed
01-13 04:43:36.474   329   329 I wmt_loader: no external combo chip detected, get current soc chipid
01-13 04:43:36.474   329   329 I wmt_loader: soc chipid (0x337) detected
01-13 04:43:36.479   329   329 I wmt_loader: set property(persist.mtk.wcn.combo.chipid) to 0x0337 succeed.
01-13 04:43:36.479   329   329 I wmt_loader: external combo chip power off succeed
01-13 04:43:36.501   330   330 I 6620_launcher: get property(service.wcn.driver.ready) is no
01-13 04:43:36.502   334   334 D ccci_rpcd: ccci_rpcd Ver:v2.00, CCCI Ver:3
01-13 04:43:36.504   334   334 D ccci_rpcd: register signal hadler
01-13 04:43:36.504   334   334 E ccci_rpcd: can't catch SIGKILL
01-13 04:43:36.556   333   333 E ccci_mdinit(0): md_init ver:1.20
01-13 04:43:36.557   332   332 E ccci_fsd(0): md_fsd Ver:v2.02, CCCI Ver:3
01-13 04:43:36.562   333   333 E ccci_mdinit(0): [ft_evdo_dt_support]:0
01-13 04:43:36.562   333   333 E ccci_mdinit(0): [ft_lte_dc_support]:0
01-13 04:43:36.562   333   333 E ccci_mdinit(0): [MTK_IMS_SUPPORT]:1 [MTK_VOLTE_SUPPORT]:1
01-13 04:43:36.562   333   333 E ccci_mdinit(0): add ims to trm control
01-13 04:43:36.563   333   333 E ccci_mdinit(1): vold.decrypt: trigger_default_encryption
01-13 04:43:36.572   356   356 I stp_dump: ==>main 
01-13 04:43:36.572   356   356 I stp_dump: ro.crypto.state: encrypted!
01-13 04:43:36.572   356   356 I stp_dump: Waiting for decrypt done
01-13 04:43:36.662   326   326 D libEGL  : loaded /system/lib/egl/libGLES_mali.so
01-13 04:43:36.734   326   326 E GED     : Failed to get GED Log Buf, err(0)
01-13 04:43:36.759   326   326 W hwcomposer: [EVENT] Start to listen uevent, addr.nl_pid(326)
01-13 04:43:36.763   326   326 D MDP     : Boot Mode 0
01-13 04:43:36.765   328   328 D PQ      : [PQ_SERIVCE] DISP_IOCTL_PQ_GET_TDSHP_FLAG()... tuning flag[0]
01-13 04:43:36.765   326   326 D MDP     : [TDSHP][PQDC] DISP_IOCTL_PQ_GET_TDSHP_FLAG()... tuning flag[0]
01-13 04:43:36.767   326   326 D MDP     : [TDSHP][PQDS] DpEngine_DynamicSharpness load tdshpindex...
01-13 04:43:36.767   328   347 D PQ      : [PQ_SERIVCE] PQService : PQScenario = 0, PQMode = 0
01-13 04:43:36.767   328   347 D PQ      : [PQ_SERIVCE] PQService : getMappedTDSHPIndex, invalid scenario
01-13 04:43:36.768   326   326 D MDP     : [TDSHP][PQDS] got sharpness level 0x00000002, time 2 ms
01-13 04:43:36.769   326   326 W GuiExt  : Cannot find GuiExtService
01-13 04:43:36.769   326   326 W GuiExt  : Cannot find GuiExtService
01-13 04:43:36.769   326   326 W GuiExt  : Cannot find GuiExtService
01-13 04:43:36.770   326   326 E GuiExt  : [GuiExtC] [android::status_t android::GuiExtClientConsumer::configDisplay(uint32_t, bool, uint32_t, uint32_t, uint32_t)] assertStateLocked fail
01-13 04:43:36.770   326   326 W hwcomposer: [EVENT] HW VSync State(1)
01-13 04:43:36.770   326   326 I hwcomposer: [DPY] Display Information:
01-13 04:43:36.770   326   326 I hwcomposer: [DPY] # fo current devices : 1
01-13 04:43:36.770   326   326 I hwcomposer: [DPY] ------------------------------------
01-13 04:43:36.770   326   326 I hwcomposer: [DPY] Device id   : 0
01-13 04:43:36.770   326   326 I hwcomposer: [DPY] Width       : 1080
01-13 04:43:36.770   326   326 I hwcomposer: [DPY] Height      : 1920
01-13 04:43:36.770   326   326 I hwcomposer: [DPY] xdpi        : 422.030762
01-13 04:43:36.770   326   326 I hwcomposer: [DPY] ydpi        : 424.069580
01-13 04:43:36.770   326   326 I hwcomposer: [DPY] vsync       : 1
01-13 04:43:36.770   326   326 I hwcomposer: [DPY] refresh     : 16666666
01-13 04:43:36.770   326   326 I hwcomposer: [DPY] connected   : 1
01-13 04:43:36.770   326   326 I hwcomposer: [DPY] hwrotation  : 0
01-13 04:43:36.770   326   326 I hwcomposer: [DPY] subtype     : 0
01-13 04:43:36.770   326   326 I hwcomposer: [DPY] aspect      : 0.562, 1.778
01-13 04:43:36.770   326   326 I hwcomposer: [DPY] protrait    : [   0,   0,1080,1920]
01-13 04:43:36.770   326   326 I hwcomposer: [DPY] landscape   : [   0,   0,1080,1920]
01-13 04:43:36.770   326   326 I SurfaceFlinger: Using composer version 1.4
01-13 04:43:36.770   326   326 I hwcomposer: [HWC] getConfigs Display(0)
01-13 04:43:36.770   326   326 I hwcomposer: [HWC] getAttributes Display(0)
01-13 04:43:36.771   326   326 E hwcomposer: [HWC] unknown display attribute[5] 0x6
01-13 04:43:36.771   326   326 I hwcomposer: [HWC] getAttributes Display(0)
01-13 04:43:36.771   326   326 I hwcomposer: [HWC] getConfigs Display(1)
01-13 04:43:36.771   326   326 I hwcomposer: [HWC] getAttributes Display(1)
01-13 04:43:36.771   326   326 W hwcomposer: [HWC] Failed to get display attributes (dpy=1 is not connected)
01-13 04:43:36.771   326   326 I hwcomposer: [HWC] getAttributes Display(1)
01-13 04:43:36.771   326   326 W hwcomposer: [HWC] Failed to get display attributes (dpy=1 is not connected)
01-13 04:43:36.771   326   326 W SurfaceFlinger: no suitable EGLConfig found, trying a simpler query
01-13 04:43:36.771   326   326 I SurfaceFlinger: EGL information:
01-13 04:43:36.771   326   326 I SurfaceFlinger: vendor    : Android
01-13 04:43:36.771   326   326 I SurfaceFlinger: version   : 1.4 Android META-EGL
01-13 04:43:36.771   326   326 I SurfaceFlinger: extensions: EGL_KHR_get_all_proc_addresses EGL_ANDROID_presentation_time EGL_KHR_swap_buffers_with_damage EGL_KHR_image EGL_KHR_image_base EGL_KHR_gl_texture_2D_image EGL_KHR_gl_texture_cubemap_image EGL_KHR_gl_renderbuffer_image EGL_KHR_fence_sync EGL_KHR_create_context EGL_KHR_config_attribs EGL_KHR_surfaceless_context EGL_EXT_create_context_robustness EGL_ANDROID_image_native_buffer EGL_KHR_wait_sync EGL_ANDROID_recordable EGL_KHR_partial_update 
01-13 04:43:36.771   326   326 I SurfaceFlinger: Client API: OpenGL_ES
01-13 04:43:36.771   326   326 I SurfaceFlinger: EGLSurface: 8-8-8-8, config=0xb7395af8
01-13 04:43:36.801   330   330 I 6620_launcher: get property(service.wcn.driver.ready) is yes
01-13 04:43:36.801   330   330 E 6620_launcher: open device node succeed.(Node:/dev/stpwmt, fd:4) 
01-13 04:43:36.802   330   330 I 6620_launcher: key:(persist.mtk.wcn.combo.chipid)-value:(0x0337),chipId:0x0337
01-13 04:43:36.802   330   330 I 6620_launcher: chip id is 0x337
01-13 04:43:36.802   330   330 I 6620_launcher: chiId:0x337, setting to property(persist.mtk.wcn.combo.chipid)
01-13 04:43:36.803   326   326 I SurfaceFlinger: OpenGL ES informations:
01-13 04:43:36.803   326   326 I SurfaceFlinger: vendor    : ARM
01-13 04:43:36.803   326   326 I SurfaceFlinger: renderer  : Mali-T720
01-13 04:43:36.803   326   326 I SurfaceFlinger: version   : OpenGL ES 3.1 v1.r7p0-02rel0.4ea33e6671ff828e33c99c982634cd65
01-13 04:43:36.804   326   326 I SurfaceFlinger: extensions: GL_EXT_debug_marker GL_ARM_rgba8 GL_ARM_mali_shader_binary GL_OES_depth24 GL_OES_depth_texture GL_OES_depth_texture_cube_map GL_OES_packed_depth_stencil GL_OES_rgb8_rgba8 GL_EXT_read_format_bgra GL_OES_compressed_paletted_texture GL_OES_compressed_ETC1_RGB8_texture GL_OES_standard_derivatives GL_OES_EGL_image GL_OES_EGL_image_external GL_OES_EGL_sync GL_OES_texture_npot GL_OES_vertex_half_float GL_OES_required_internalformat GL_OES_vertex_array_object GL_OES_mapbuffer GL_EXT_texture_format_BGRA8888 GL_EXT_texture_rg GL_EXT_texture_type_2_10_10_10_REV GL_OES_fbo_render_mipmap GL_OES_element_index_uint GL_EXT_shadow_samplers GL_OES_texture_compression_astc GL_KHR_texture_compression_astc_ldr GL_KHR_texture_compression_astc_hdr GL_KHR_debug GL_EXT_occlusion_query_boolean GL_EXT_disjoint_timer_query GL_EXT_blend_minmax GL_EXT_discard_framebuffer GL_OES_get_program_binary GL_OES_texture_3D GL_EXT_texture_storage GL_EXT_multisampled_render_to_texture GL_OES_surfaceless_context GL_OES_texture_stencil8 G
01-13 04:43:36.804   326   326 I SurfaceFlinger: GL_MAX_TEXTURE_SIZE = 8192
01-13 04:43:36.804   326   326 I SurfaceFlinger: GL_MAX_VIEWPORT_DIMS = 8192
01-13 04:43:36.805   326   326 D mali_winsys: new_window_surface returns 0x3000
01-13 04:43:36.805   326   326 I hwcomposer: Display_0: fps[60] skipCount[0:0] offset[-8000000]
01-13 04:43:36.806   330   330 I 6620_launcher: set property(persist.mtk.wcn.combo.chipid) to 0x0337 succeed.
01-13 04:43:36.806   330   330 I 6620_launcher: chipIdProp:key(persist.mtk.wcn.combo.chipid)value(0x0337)
01-13 04:43:36.806   330   330 I 6620_launcher: chiId:0x0337
01-13 04:43:36.806   330   330 I 6620_launcher: for denali chipid convert
01-13 04:43:36.806   330   330 I 6620_launcher: run SOC chip flow
01-13 04:43:36.806   330   330 I 6620_launcher: key:(service.wcn.coredump.mode)-value:(2)
01-13 04:43:36.806   330   330 I 6620_launcher: Connectivity coredump set stp_dump mode: 2
01-13 04:43:36.807   330   330 I 6620_launcher: create pwr on thread ok
01-13 04:43:36.810   330   440 I 6620_launcher: enter power on connsys flow
01-13 04:43:36.811   326   326 D SurfaceFlinger: Set power mode=2, type=0 flinger=0xb736ce00
01-13 04:43:36.812   326   326 I hwcomposer: [HWC] SetPowerMode(2) Display(0)
01-13 04:43:36.823   326   352 E GED     : SF restart
01-13 04:43:36.848   445   445 I thermal_manager: thermal_manager Service started!, argc 2
01-13 04:43:36.848   445   445 I thermal_manager: thermal_manager Service started!, argv[0] /system/bin/thermal_manager
01-13 04:43:36.848   445   445 I thermal_manager: thermal_manager Service started!, argv[1] /system/etc/.tp/thermal.bbg.lge.conf
01-13 04:43:36.849   445   445 I thermal_manager: thermal_manager dlopen
01-13 04:43:36.849   445   445 I thermal_manager: [backward-compatiable] change thermal policy
01-13 04:43:36.849   445   445 I libMtcLoader: mtcloader started!
01-13 04:43:36.849   445   445 E libMtcLoader: mtcloader open pass
01-13 04:43:36.867   326   326 E GED     : Failed to get GED Log Buf, err(0)
01-13 04:43:36.867   326   326 E GED     : Failed to get GED Log Buf, err(0)
01-13 04:43:36.867   326   326 W hwcomposer: [HWC] (0) PRE/bypass/boot=0.1
01-13 04:43:36.867   326   326 I SurfaceFlinger: [doComposition] skip swapping while booting
01-13 04:43:36.868   326   326 W hwcomposer: [JOB] (0) SET/bypass/nulljob
01-13 04:43:36.890   330   330 I 6620_launcher: for denali chipid convert
01-13 04:43:36.890   330   330 I 6620_launcher: patch name pre-fix:ROMv2_lm_patch
01-13 04:43:36.890   330   330 I 6620_launcher: fwVersion:0x8a00
01-13 04:43:36.890   330   330 I 6620_launcher: /system/etc/firmware//ROMv2_lm_patch_1_0_hdr.bin
01-13 04:43:36.891   330   330 I 6620_launcher: fw Ver in patch: 0x8a00
01-13 04:43:36.891   330   330 I 6620_launcher: read patch info:0x22,0x00,0x06,0x00
01-13 04:43:36.891   330   330 I 6620_launcher: gpatchnum = [2]
01-13 04:43:36.891   330   330 I 6620_launcher: gdwonseq = [2]
01-13 04:43:36.891   330   330 I 6620_launcher: /system/etc/firmware//ROMv2_lm_patch_1_1_hdr.bin
01-13 04:43:36.891   330   330 I 6620_launcher: fw Ver in patch: 0x8a00
01-13 04:43:36.891   330   330 I 6620_launcher: read patch info:0x21,0x00,0x0e,0xf0
01-13 04:43:36.891   330   330 I 6620_launcher: gdwonseq = [1]
01-13 04:43:36.891   330   330 I 6620_launcher: cmd(srh_patch) resp(ok)
01-13 04:43:37.112   446   446 E BootAnimationEx: [AutoBoot] file load fail!: 13 
01-13 04:43:37.112   446   446 E BootAnimationEx: persist.sys.lg.sound_enable = 2
01-13 04:43:37.112   446   446 E BootAnimationEx: newMediaPlayer() mEnable = 2
01-13 04:43:37.118   446   446 E BootAnimationEx: Can't access to any boot sound
01-13 04:43:37.118   446   446 I BootAnimationEx: Before Bootanimation Actual spn value from USIM :: , 
01-13 04:43:37.118   446   446 I BootAnimationEx: spnValue after strcat:: ro.config.spnnamelist_0 
01-13 04:43:37.118   446   446 I BootAnimationEx: After SPN based TMO mMediaFileName is :: (null)
01-13 04:43:37.118   446   446 I BootAnimationEx: getBootSoundPath mMediaFileName is :: (null)
01-13 04:43:37.118   446   446 E BootAnimationEx: Boot sound isn't played!
01-13 04:43:37.123   446   489 E BootAnimationEx: bootAni check height Mini Activity: 0(0)
01-13 04:43:37.123   446   489 E BootAnimationEx: bootAni check LCD Size: (w)1080,(h)1920 
01-13 04:43:37.138   326   326 W hwcomposer: [HWC] (0) PRE/bypass/boot=0.1
01-13 04:43:37.138   326   326 I SurfaceFlinger: [doComposition] skip swapping while booting
01-13 04:43:37.138   326   326 W hwcomposer: [JOB] (0) SET/bypass/nulljob
01-13 04:43:37.191   446   489 D libEGL  : loaded /system/lib/egl/libGLES_mali.so
01-13 04:43:37.240   446   489 E GED     : Failed to get GED Log Buf, err(0)
01-13 04:43:37.243   446   489 D mali_winsys: new_window_surface returns 0x3000
01-13 04:43:37.307   326   326 I PerfService: PerfServiceNative_notifyDisplayType:0
01-13 04:43:37.572   356   356 I stp_dump: vold.decrypt: trigger_default_encryption!
01-13 04:43:37.572   356   356 I stp_dump: Waiting for decrypt done
01-13 04:43:38.465   326   425 E hwcomposer: [SYNC] (0xb739d3f8) [PF] (0) fence 28 didn't signal in 1000 ms
01-13 04:43:38.466   326   425 I hwcomposer: [SYNC] (0xb739d3f8) timeline fd(-1) curr(0) last(0)
01-13 04:43:38.466   326   425 I hwcomposer: [SYNC] (0xb739d3f8) fence(¿…ÔÀ¾…Ô†Àle†À”HÀ …Ô) status(0)
01-13 04:43:38.466   326   425 I hwcomposer: [SYNC] (0xb739d3f8) sync point: timeline(timeline-primary-0-5) drv(sw_sync) status(0) sync_drv(1) timestamp(0.000000)
01-13 04:43:38.471   446   489 W MALI    : display_window_buffer:1367: [MALI] warning, queueBuffer takes more than 300ms here. Total elapse time: 713075
01-13 04:43:38.572   356   356 I stp_dump: vold.decrypt: trigger_reset_main!
01-13 04:43:38.572   356   356 I stp_dump: Waiting for decrypt done
01-13 04:43:39.465   446   503 D GED     : Frame didn't finished in 1000 ms (try = 1)
01-13 04:43:39.466   446   503 D GED     : Fence fd = 25
01-13 04:43:39.466   446   503 D GED     :   fence BootAnimation:1 0
01-13 04:43:39.466   446   503 D GED     :     pt timeline-primary-0-0 sw_sync status(0) sync_drv(2) 0.000000
01-13 04:43:39.475   326   425 E hwcomposer: [SYNC] (0xb739d3f8) [PF] (0) fence 32 didn't signal in 1000 ms
01-13 04:43:39.476   326   425 I hwcomposer: [SYNC] (0xb739d3f8) timeline fd(-1) curr(0) last(0)
01-13 04:43:39.476   326   425 I hwcomposer: [SYNC] (0xb739d3f8) fence(¿…ÔÀ¾…Ô†Àle†ÀÏ—Ød¢Á) status(0)
01-13 04:43:39.476   326   425 I hwcomposer: [SYNC] (0xb739d3f8) sync point: timeline(timeline-primary-0-5) drv(sw_sync) status(0) sync_drv(2) timestamp(0.000000)
01-13 04:43:39.481   446   489 W MALI    : display_window_buffer:1367: [MALI] warning, queueBuffer takes more than 300ms here. Total elapse time: 850853
01-13 04:43:39.573   356   356 I stp_dump: vold.decrypt: trigger_reset_main!
01-13 04:43:39.573   356   356 I stp_dump: Waiting for decrypt done
01-13 04:43:40.475   446   503 D GED     : Frame didn't finished in 1000 ms (try = 1)
01-13 04:43:40.476   446   503 D GED     : Fence fd = 20
01-13 04:43:40.476   446   503 D GED     :   fence BootAnimation:0 0
01-13 04:43:40.476   446   503 D GED     :     pt timeline-primary-0-0 sw_sync status(0) sync_drv(3) 0.000000
01-13 04:43:40.486   326   425 E hwcomposer: [SYNC] (0xb739d3f8) [PF] (0) fence 34 didn't signal in 1000 ms
01-13 04:43:40.486   326   425 I hwcomposer: [SYNC] (0xb739d3f8) timeline fd(-1) curr(0) last(0)
01-13 04:43:40.486   326   425 I hwcomposer: [SYNC] (0xb739d3f8) fence(¿…ÔÀ¾…Ô†Àle†À”HÀ …Ô) status(0)
01-13 04:43:40.486   326   425 I hwcomposer: [SYNC] (0xb739d3f8) sync point: timeline(timeline-primary-0-5) drv(sw_sync) status(0) sync_drv(3) timestamp(0.000000)
01-13 04:43:40.492   446   489 W MALI    : display_window_buffer:1367: [MALI] warning, queueBuffer takes more than 300ms here. Total elapse time: 851527
01-13 04:43:40.573   356   356 I stp_dump: vold.decrypt: trigger_reset_main!
01-13 04:43:40.573   356   356 I stp_dump: Waiting for decrypt done
01-13 04:43:41.485   446   503 D GED     : Frame didn't finished in 1000 ms (try = 1)
01-13 04:43:41.486   446   503 D GED     : Fence fd = 24
01-13 04:43:41.486   446   503 D GED     :   fence BootAnimation:1 0
01-13 04:43:41.486   446   503 D GED     :     pt timeline-primary-0-0 sw_sync status(0) sync_drv(4) 0.000000
01-13 04:43:41.496   326   425 E hwcomposer: [SYNC] (0xb739d3f8) [PF] (0) fence 36 didn't signal in 1000 ms
01-13 04:43:41.496   326   425 I hwcomposer: [SYNC] (0xb739d3f8) timeline fd(-1) curr(0) last(0)
01-13 04:43:41.496   326   425 I hwcomposer: [SYNC] (0xb739d3f8) fence(¿…ÔÀ¾…Ô†Àle†À”HÀ …Ô) status(0)
01-13 04:43:41.496   326   425 I hwcomposer: [SYNC] (0xb739d3f8) sync point: timeline(timeline-primary-0-5) drv(sw_sync) status(0) sync_drv(4) timestamp(0.000000)
01-13 04:43:41.503   446   489 W MALI    : display_window_buffer:1367: [MALI] warning, queueBuffer takes more than 300ms here. Total elapse time: 848589
01-13 04:43:41.546   581   581 I /system/bin/tzdatacheck: tzdata file /data/misc/zoneinfo/current/tzdata does not exist. No action required.
01-13 04:43:41.573   356   356 I stp_dump: vold.decrypt: trigger_post_fs_data!
01-13 04:43:41.574   356   356 I stp_dump: Waiting for decrypt done
01-13 04:43:41.781   638   638 I installd: installd firing up
01-13 04:43:41.791   634   634 I AEE/AED : Built Mar 21 2016 10:08:01
01-13 04:43:41.795   634   634 I AEE/AED : debuggerd chip_security_check pass! 
01-13 04:43:41.796   634   634 D AEE/AED : [main]: kernel version: 3.18
01-13 04:43:41.796   634   634 D AEE/AED : [main][normal] platform MT6735
01-13 04:43:41.796   634   634 I AEE/AED : socket server: android:debuggerd
01-13 04:43:41.797   634   634 D AEE/AED : ChangeAEEWorkMode: 4
01-13 04:43:41.797   634   634 D AEE/AED : aed_update_db_count: 4
01-13 04:43:41.797   634   634 I AEE/AED : AED config
01-13 04:43:41.797   634   634 I AEE/AED :   mode '4'
01-13 04:43:41.797   634   634 I AEE/AED :   exp level '0
01-13 04:43:41.797   634   634 I AEE/AED :   dal enable '0'
01-13 04:43:41.797   634   634 I AEE/AED :   db count '0'
01-13 04:43:41.797   634   634 I AEE/AED :   fatal db count '4'
01-13 04:43:41.797   634   634 I AEE/AED :  db storage '2'
01-13 04:43:41.797   634   634 I AEE/AED : SMP Info => 1
01-13 04:43:41.797   634   634 D AEE/RTT_LIB: aee_exception_running_64: send req to debuggerd64
01-13 04:43:41.797   634   634 E AEE/RTT_LIB: Rtt command connect 64_socket fail: Connection refused
01-13 04:43:41.797   634   634 E AEE/RTT_LIB: aee_exception_running_64: command failed
01-13 04:43:41.797   634   634 E AEE/AED : init_aed_setting: Error: Can't get running exception 
01-13 04:43:41.798   634   634 E AEE/LIBAEE: Can't remove file /sdcard/mtklog/aee_exp/temp: No such file or directory
01-13 04:43:41.798   634   634 E AEE/LIBAEE: Can't remove file /data/aee_exp/temp: No such file or directory
01-13 04:43:41.798   634   634 E AEE/LIBAEE: Can't remove file /storage/ext_sd/mtklog/aee_exp/temp: No such file or directory
01-13 04:43:41.803   641   641 I lgsecclkserver: Start lgsecclkserver
01-13 04:43:41.803   333   333 D ccci_mdinit(1): trigger_restart_framework
01-13 04:43:41.803   333   333 D ccci_mdinit(1): waiting nvram ready! 0
01-13 04:43:41.814   648   648 D wifi2agps: add no timeout event, sock=4
01-13 04:43:41.817   659   659 D SRA_CHECK: SRA CHECK START!!
01-13 04:43:41.822   651   651 D MsensorDaemon: Msensor deamon statr!!!!!!!!!!!!
01-13 04:43:41.823   651   651 D MsensorDaemon: msensor demon start process detect demon name = akmd09916
01-13 04:43:41.823   651   651 D MsensorDaemon: 
01-13 04:43:41.823   651   651 D MsensorDaemon: msensor demon start process detect demon prop = init.svc.akmd09916
01-13 04:43:41.823   651   651 D MsensorDaemon: 
01-13 04:43:41.823   651   651 D MsensorDaemon: start_msensor_demon 
01-13 04:43:41.828   651   651 D MsensorDaemon: do not USE_LIBC_SYSTEM_PROPERTIES
01-13 04:43:41.828   651   651 E MsensorDaemon: [99] ''
01-13 04:43:41.839   643   643 E         : LGPService is Created. 2
01-13 04:43:41.839   643   643 E         : [start] LGE_FacReadOneCmd
01-13 04:43:41.866   653   653 I thermal_repeater: START+++++++++ 653
01-13 04:43:41.866   653   653 I thermal_repeater: Success to write 653 to /proc/driver/thermal/clwmt_pid
01-13 04:43:41.866   653   653 I thermal_repeater: Fail to write 653 to /proc/driver/thermal/clmutt_tm_pid ffffffff
01-13 04:43:41.866   653   653 I thermal_repeater: Fail to write 653 to /proc/driver/thermal/clwmt_pid ffffffff
01-13 04:43:41.875   661   661 D IPSECSTARTER: Controller(main) :: IPSec starter is started
01-13 04:43:41.875   661   661 D IPSECSTARTER: Controller(Pipe_Create) :: local socket (4)
01-13 04:43:41.875   661   661 D IPSECSTARTER: Controller(main) :: IPSec starter is ready
01-13 04:43:41.903   654   654 I thermald: START+++++++++ 654
01-13 04:43:41.904   654   654 I thermald: Success to write 654 to /proc/driver/thermal/clsd_pid
01-13 04:43:41.904   654   654 I thermald: Enter infinite loop
01-13 04:43:41.909   667   667 I AKMD2   : AKMD 9D and DOEPlus and HDOEaG v20150131 (Library for AK9916: v9.1.5.918.314) started.
01-13 04:43:41.909   669   669 I perfprofd: starting Android Wide Profiling daemon
01-13 04:43:41.909   667   667 I AKMD2   : Debug: ON
01-13 04:43:41.913   674   674 W linker  : /sbin/rctd has text relocations. This is wasting memory and prevents security hardening. Please fix.
01-13 04:43:41.915   645   645 D Netdiag : setgid SHELL successfully!
01-13 04:43:41.915   645   645 D Netdiag : setuid SHELL successfully!
01-13 04:43:41.915   645   645 E Netdiag : network_dignose_daemon doing
01-13 04:43:41.915   645   645 E Netdiag : commandlistening sockname=netdiag
01-13 04:43:41.926   652   652 D NVRAM   : NvRAMAgent created
01-13 04:43:41.927   649   649 E MNLD    : main: MNLD started
01-13 04:43:41.927   649   649 D MNLD    : main: Normal mode
01-13 04:43:41.927   652   652 E NVRAM   : Haman, serviceManager work well
01-13 04:43:41.927   652   652 D NVRAM   : NvRAMAgent Service is now ready
01-13 04:43:41.928   645   645 E Netdiag : commandlistening::startlistening() ret:0,sock_listen_id:5
01-13 04:43:41.928   633   633 I Netd    : Netd 1.0 starting
01-13 04:43:41.928   651   651 D MsensorDaemon: do not USE_LIBC_SYSTEM_PROPERTIES
01-13 04:43:41.928   651   651 D MsensorDaemon: akmd09916 running!!!
01-13 04:43:41.929   651   651 D MsensorDaemon: Msensor deamon2 statr!!!!!!!!!!!!
01-13 04:43:41.929   651   651 D MsensorDaemon: Msensor deamon2 statr : /sys/bus/platform/drivers/msensor/daemon2 don't exist
01-13 04:43:41.936   645   685 E Netdiag : commandlistening threadStart doing
01-13 04:43:41.937   645   685 E Netdiag : commandlistening runListener doing
01-13 04:43:41.937   645   685 D Netdiag : Set net log running flag to 0 at the very beginning
01-13 04:43:41.940   642   642 I LGDrmServerMain: Start lgdrmserver
01-13 04:43:41.942   647   647 E agps    : [agps] ERR: [MAIN] mtk_agpsd is running ver=4.79.0
01-13 04:43:41.942   647   647 E agps    : [agps] ERR: [MAIN] mtk_agpsd is for Android
01-13 04:43:41.956   658   658 I GBMv2   : Start gbmonitor
01-13 04:43:41.956   658   658 I GBM_Parser: - Start XML Parsing
01-13 04:43:41.958   658   658 I GBM_Parser: List Parser SW Version : 1
01-13 04:43:41.972   645   685 D Netdiag : Add listener on socket server whose id=5
01-13 04:43:41.972   645   685 E Netdiag : commandlistening unlock exit
01-13 04:43:41.973   640   640 I keystore: Found keymaster0 module Keymaster OpenSSL HAL, version 2
01-13 04:43:41.973   640   640 I SoftKeymaster: system/keymaster/soft_keymaster_device.cpp, Line 122: Creating device
01-13 04:43:41.973   640   640 D SoftKeymaster: system/keymaster/soft_keymaster_device.cpp, Line 123: Device address: 0xb8021588
01-13 04:43:41.973   640   640 I keystore: Keymaster0 module is software-only.  Using SoftKeymasterDevice instead.
01-13 04:43:41.973   640   640 I SoftKeymaster: system/keymaster/soft_keymaster_device.cpp, Line 122: Creating device
01-13 04:43:41.973   640   640 D SoftKeymaster: system/keymaster/soft_keymaster_device.cpp, Line 123: Device address: 0xb8021780
01-13 04:43:41.973   640   640 I keystore: SELinux: Keystore SELinux is disabled.
01-13 04:43:41.977   671   671 I [epdg_wo]: WO Deamon on AP
01-13 04:43:41.977   671   671 I [epdg_wo]: *** ePDGd Build Time : May 17 2016 17:43:37 ***
01-13 04:43:41.977   671   671 I [epdg_wo]: To rm files in /data/ipsec/wo/ 
01-13 04:43:41.979   665   665 I hashstorageserver: Start hashstorage server
01-13 04:43:41.990   634   634 W AEE/AED : read_fstab: get fstab /fstab.bbg
01-13 04:43:41.996   634   634 W AEE/AED : get_expdb_path: get expdb_path /dev/block/platform/mtk-msdc.0/11230000.msdc0/by-name/expdb
01-13 04:43:41.997   634   634 I AEE/AED : ipanic_blk_open, expdb, 200 x 5000 = a00000
01-13 04:43:41.997   634   634 W AEE/AED : aed_reboot_session, no valid ipanic header, ignored
01-13 04:43:41.997   634   634 I AEE/AED : aed_wait_decrypt done!, vold.decrypt:trigger_restart_framework
01-13 04:43:41.997   634   634 V ETM     : open etb_get_nr fail! , default etb_nr is 1 , (2, No such file or directory)
01-13 04:43:41.997   634   634 V ETM     : open etb_length fail! (2, No such file or directory)
01-13 04:43:41.998   634   634 V ETM     : open etb_length fail! (2, No such file or directory)
01-13 04:43:41.998   634   634 I AEE/AED : wdt_status = 0, fiq_step=0, exception_type:0 
01-13 04:43:41.998   634   634 I AEE/AED : reboot_reason = 0
01-13 04:43:41.998   634   634 W AEE/AED : read_fstab: get fstab /fstab.bbg
01-13 04:43:41.999   634   634 W AEE/AED : get_expdb_path: get expdb_path /dev/block/platform/mtk-msdc.0/11230000.msdc0/by-name/expdb
01-13 04:43:41.999   634   634 I AEE/AED : ipanic_blk_open, expdb, 200 x 5000 = a00000
01-13 04:43:41.999   634   634 D AEE/AED : version(aabbccdd)
01-13 04:43:41.999   634   634 I AEE/AED : aed_wait_decrypt done!, vold.decrypt:trigger_restart_framework
01-13 04:43:42.001   658   658 I GBM_Parser: No files in /mpt/of_package_names.xml
01-13 04:43:42.001   658   658 I GBM_Parser: - End XML Parsing
01-13 04:43:42.001   658   658 I GBM_Parser: 152 Lists parsed
01-13 04:43:42.001   634   634 D AEE/AED : $===AEE===AEE===AEE===$
01-13 04:43:42.001   634   634 D AEE/AED : p 0 poll events 1 revents 0
01-13 04:43:42.001   634   634 D AEE/AED : not know revents:0
01-13 04:43:42.001   634   634 D AEE/AED : p 1 poll events 1 revents 0
01-13 04:43:42.001   634   634 D AEE/AED : not know revents:0
01-13 04:43:42.001   634   634 D AEE/AED : p 2 poll events 1 revents 0
01-13 04:43:42.001   634   634 D AEE/AED : not know revents:0
01-13 04:43:42.001   634   634 D AEE/AED : p 3 poll events 1 revents 0
01-13 04:43:42.001   658   658 I GBM_Parser: Generate 152 lists
01-13 04:43:42.001   634   634 D AEE/AED : not know revents:0
01-13 04:43:42.001   658   658 I GBM_Parser: Last Version is 16012201
01-13 04:43:42.001   634   634 D AEE/AED : p 4 poll events 1 revents 0
01-13 04:43:42.001   634   634 D AEE/AED : not know revents:0
01-13 04:43:42.001   634   634 D AEE/AED : p 5 poll events 1 revents 1
01-13 04:43:42.001   634   634 D AEE/AED : aed_main_fork_worker: generator 0xb8b841e8, worker 0xbebc7848, recv_fd 0
01-13 04:43:42.002   658   658 I GBMv2   : Found Panel State
01-13 04:43:42.002   658   658 I GBMv2   : Found gpu pwr clk state
01-13 04:43:42.002   658   658 I GBMv2   : Generated : 60 56 52 48 44 41 38 35 32 30 
01-13 04:43:42.004   658   705 I GBMv2   : Sys Mon Thread Started
01-13 04:43:42.004   658   658 I GBMv2   : GBM Successfully started
01-13 04:43:42.005   634   634 D AEE/AED : aee handle:-1, cpu cores:8, online:8
01-13 04:43:42.005   668   668 I gatekeeperd: Starting gatekeeperd...
01-13 04:43:42.007   658   704 I GBMv2   : PS:1
01-13 04:43:42.007   658   706 I GBMv2   : GBM state [0]
01-13 04:43:42.008   633   633 I QtiConnectivityAdapter: Failed to open libconnctrl, some features may not be present.
01-13 04:43:42.009   633   633 D TetherController: Setting IP forward enable = 0
01-13 04:43:42.009   707   707 E         : mrdump_status_get: Signature mismatched
01-13 04:43:42.009   633   633 E BandwidthController: mptcp_value(0)
01-13 04:43:42.011   634   634 D AEE/AED : $===AEE===AEE===AEE===$
01-13 04:43:42.011   634   634 D AEE/AED : p 0 poll events 1 revents 0
01-13 04:43:42.011   634   634 D AEE/AED : not know revents:0
01-13 04:43:42.011   634   634 D AEE/AED : p 1 poll events 1 revents 0
01-13 04:43:42.011   634   634 D AEE/AED : not know revents:0
01-13 04:43:42.011   634   634 D AEE/AED : p 2 poll events 1 revents 0
01-13 04:43:42.011   634   634 D AEE/AED : not know revents:0
01-13 04:43:42.011   634   634 D AEE/AED : p 3 poll events 1 revents 0
01-13 04:43:42.011   634   634 D AEE/AED : not know revents:0
01-13 04:43:42.011   634   634 D AEE/AED : p 4 poll events 1 revents 0
01-13 04:43:42.011   634   634 D AEE/AED : not know revents:0
01-13 04:43:42.011   634   634 D AEE/AED : p 5 poll events 0 revents 0
01-13 04:43:42.011   643   643 E         : [start] End ONE Command Read, 0x1
01-13 04:43:42.011   634   634 D AEE/AED : not know revents:0
01-13 04:43:42.013   643   643 E         : [LGP_INIT] Primary header_magic_code : M - M / tail_magic_code P - P
01-13 04:43:42.013   643   643 E         : [LGP_INIT] Primary header_magic_code : I - I / tail_magic_code R - R
01-13 04:43:42.013   643   643 E         : [LGP_INIT] Primary header_magic_code : S - S / tail_magic_code I - I
01-13 04:43:42.013   643   643 E         : [LGP_INIT] Primary header_magic_code : 2 - 2 / tail_magic_code M - M
01-13 04:43:42.014   643   643 E         : [LGP_INIT] Secondary header_magic_code : M - M / tail_magic_code S - S
01-13 04:43:42.014   643   643 E         : [LGP_INIT] Secondary header_magic_code : I - I / tail_magic_code E - E
01-13 04:43:42.014   643   643 E         : [LGP_INIT] Secondary header_magic_code : S - S / tail_magic_code C - C
01-13 04:43:42.014   643   643 E         : [LGP_INIT] Secondary header_magic_code : 2 - 2 / tail_magic_code O - O
01-13 04:43:42.014   643   643 E         : [LGP_INIT] Magic code of Primary & Secondary MISC2 Table are OK!!
01-13 04:43:42.016   668   668 W gatekeeperd: falling back to software GateKeeper
01-13 04:43:42.018   644   644 I MobileLogD/main: =====MOBILELOG START=======
01-13 04:43:42.018   669   669 E perfprofd: unable to open configuration file /data/data/com.google.android.gms/files/perfprofd.conf
01-13 04:43:42.019   643   643 E         : [LGP_STABILITY] 06_Primary COMPLETE FLAG : 0x1
01-13 04:43:42.019   669   669 I perfprofd: random seed set to 3638944187
01-13 04:43:42.019   643   643 E         : [LGP_STABILITY] 08_Secondary COMPLETE FLAG : 0x1
01-13 04:43:42.020   643   643 E         : [LGP_STABILITY] Primary & Secondary Tables are fine!!!
01-13 04:43:42.021   643   643 E         : [LGP_INIT] Data Version is same.
01-13 04:43:42.022   643   643 E         : [LGP_INIT] Proximity Cal read value : 5
01-13 04:43:42.022   643   643 E         : [PROX_CAL] enter ioctl
01-13 04:43:42.022   643   643 E         : [PROX_CAL] ioctl ret val : 0x0
01-13 04:43:42.023   643   643 E         : [LGP_INIT] ACCEL Cal read value : 0 0 0
01-13 04:43:42.023   643   643 E         : [ACCEL_CAL] enter ioctl
01-13 04:43:42.032   656   656 I GuiExt  : GuiExt service start...
01-13 04:43:42.033   633   633 E         : Failed to open libdatactrl, some features may not be present.
01-13 04:43:42.046   667   667 E AKMD2   : LoadPDC:119 fopen Error (No such file or directory).
01-13 04:43:42.056   656   656 I GuiExt  : [GuiExtS] GuiExtService ctor
01-13 04:43:42.056   656   656 I GuiExt  : [GuiExtI] GuiExtPool ctor
01-13 04:43:42.056   647   647 D agps    : [agps] WARNING: [MAIN] mkdir failure for [/data/agps_supl/log] reason=[File exists]
01-13 04:43:42.056   647   647 D MtkAgpsNative: SuplRawLog.bEnable:0
01-13 04:43:42.057   647   647 D MtkAgpsNative: SuplRawLog.szPath:/sdcard
01-13 04:43:42.057   647   647 D MtkAgpsNative: SuplRawLog.szFile:agps_raw.log
01-13 04:43:42.057   647   647 D MtkAgpsNative: SuplSslLog.bEnable:0
01-13 04:43:42.057   647   647 D MtkAgpsNative: SuplSslLog.szPath:/sdcard
01-13 04:43:42.057   647   647 D MtkAgpsNative: SuplSslLog.szFile:agps_ssl.log
01-13 04:43:42.057   647   647 D agps    : [agps] WARNING: [MAIN] cdma_mgr_dlopen_firmware failed
01-13 04:43:42.057   649   649 D MNLD    : setup_socket_mtklogger: socket_fd = 7
01-13 04:43:42.057   649   649 D MNLD    : main: mtklogger2mnld_fd created success
01-13 04:43:42.058   649   649 D MNLD    : mnl_write_attr: write '0' to /sys/class/gpsdrv/gps/pwrctl okay
01-13 04:43:42.059   649   649 D MNLD    : mnl_write_attr: write '0' to /sys/class/gpsdrv/gps/suspend okay
01-13 04:43:42.059   649   649 D MNLD    : mnl_write_attr: write '0' to /sys/class/gpsdrv/gps/state okay
01-13 04:43:42.059   649   649 D MNLD    : mnl_write_attr: write '1' to /sys/class/gpsdrv/gps/pwrsave okay
01-13 04:43:42.060   649   649 D mnl_linux: read_prop: read_prop: open /data/misc/gps/mnl.prop fail!
01-13 04:43:42.060   649   649 D mnl_linux: read_prop: read_prop: open /sbin/mnl.prop fail!
