01-13 04:43:42.061   649   649 E mnl_linux: mnl_utl_load_property: Config is not set yet, ignore
01-13 04:43:42.061   649   649 D mnl_linux: mnl_utl_load_property: ========================================
01-13 04:43:42.061   649   649 D mnl_linux: mnl_utl_load_property: [setting] load default value
01-13 04:43:42.061   649   649 D mnl_linux: mnl_utl_load_property: dev_dsp/dev_gps :  
01-13 04:43:42.061   649   649 D mnl_linux: mnl_utl_load_property: init_speed/link_speed: 0 0
01-13 04:43:42.061   649   649 D mnl_linux: mnl_utl_load_property: pmtk_conn/socket_port/dev_dbg : 0 0 
01-13 04:43:42.061   649   649 D mnl_linux: mnl_utl_load_property: debug_nmea/debug_mnl: 0 0x0000
01-13 04:43:42.061   649   649 D mnl_linux: mnl_utl_load_property: nmea2file/dbg2file: 0/0
01-13 04:43:42.061   649   649 D mnl_linux: mnl_utl_load_property: time-out: 15 5 3 10 0 0
01-13 04:43:42.061   649   649 D mnl_linux: mnl_utl_load_property: EPO_Enabled: 0
01-13 04:43:42.061   649   649 D mnl_linux: mnl_utl_load_property: BEE_Enabled: 0
01-13 04:43:42.061   649   649 D mnl_linux: mnl_utl_load_property: SUPL_Enabled: 0
01-13 04:43:42.061   649   649 D mnl_linux: mnl_utl_load_property: SUPLSI_Enabled: 0
01-13 04:43:42.061   649   649 D mnl_linux: mnl_utl_load_property: EPO_priority: 0
01-13 04:43:42.061   649   649 D mnl_linux: mnl_utl_load_property: BEE_priority: 0
01-13 04:43:42.061   649   649 D mnl_linux: mnl_utl_load_property: SUPL_priority: 0
01-13 04:43:42.061   649   649 D mnl_linux: mnl_utl_load_property: AVAILIABLE_AGE: 0
01-13 04:43:42.061   649   649 D mnl_linux: mnl_utl_load_property: RTC_DRIFT: 0
01-13 04:43:42.061   649   649 D mnl_linux: mnl_utl_load_property: TIME_INTERVAL: 0
01-13 04:43:42.061   649   649 D mnl_linux: mnl_utl_load_property: ========================================
01-13 04:43:42.061   649   649 D MNLD    : main: listening..
01-13 04:43:42.061   649   649 D MNLD    : chip_detector: combo_chip_id is 0x0337
01-13 04:43:42.061   649   649 D mnl_linux: mtk_gps_sys_init: Start to read nvram
01-13 04:43:42.061   649   649 D mnl_linux: mtk_gps_sys_init: nvram_init_val not Ready,sleep 500ms
01-13 04:43:42.066   671   671 I [epdg_wo]: to list file in /data/ipsec/wo/
01-13 04:43:42.067   647   722 I MtkAgpsNative: Enter mtk_agps_up_init
01-13 04:43:42.067   647   722 D MtkAgpsNative: FS_CreateDir: /data/agps_supl
01-13 04:43:42.067   647   722 W MtkAgpsNative:   -> errno(EEXIST) => dir already exists
01-13 04:43:42.067   647   722 D MtkAgpsNative: mtk_agps_debug_init()
01-13 04:43:42.067   647   722 D MtkAgpsNative: Enter supl_os_timer_init
01-13 04:43:42.067   647   722 D MtkAgpsNative: rrlp_mod_init(): Init rrlp_ptr_g
01-13 04:43:42.067   647   722 I MtkAgpsNative: [????] kal_create_mutex: name(tls_global) 
01-13 04:43:42.067   647   722 D MtkAgpsNative: [????] -> idx(0) tbl_mtx_name()  name(tls_global) 
01-13 04:43:42.067   647   722 D MtkAgpsNative: [????]   -> empty slot found (0)
01-13 04:43:42.067   647   722 D MtkAgpsNative: [????]   -> kal_create_mutex: idx(0) name(tls_global) 
01-13 04:43:42.068   671   671 I [epdg_wo]: PID in /data/misc/vpn/starter.charon.pid is not existed
01-13 04:43:42.068   671   671 I [epdg_wo]: PID in /data/misc/vpn/charon.pid is not existed
01-13 04:43:42.068   671   671 I [epdg_wo]: Stopping strongSwan: [/data/misc/vpn/starter.charon.pid]
01-13 04:43:42.068   671   671 I [epdg_wo]: Stopping strongSwan: [/data/misc/vpn/starter.charon.pid] is not exist
01-13 04:43:42.068   671   671 I [epdg_wo]: Stopping strongSwan: [/data/misc/vpn/charon.pid]
01-13 04:43:42.068   671   671 I [epdg_wo]: Stopping strongSwan: [/data/misc/vpn/charon.pid] is not exist
01-13 04:43:42.068   671   671 I [epdg_wo]: Stopped strongSwan
01-13 04:43:42.068   671   671 I [epdg_wo]: server socket wod_action(12) init successfully
01-13 04:43:42.068   671   671 I [epdg_wo]: server socket wod_sim(11) init successfully
01-13 04:43:42.069   671   671 I [epdg_wo]: server socket wod_ipsec(10) init successfully
01-13 04:43:42.069   671   671 I [epdg_wo]: apply [OP00] configuration
01-13 04:43:42.082   647   742 D agps    : [agps][n][task] lpp  is running
01-13 04:43:42.086   647   741 D agps    : [agps][n][task] is801  is running
01-13 04:43:42.086   643   643 E         : [ACCEL_CAL] ioctl ret val : 0x0
01-13 04:43:42.087   643   643 E         : [GYRO_CAL] enter ioctl
01-13 04:43:42.089   647   740 D agps    : [agps][n][task] rrlp  is running
01-13 04:43:42.089   643   643 E         : [GYRO_CAL] ioctl ret val: 0x0
01-13 04:43:42.089   643   643 E         : [LGP_INIT] COMPLETE
01-13 04:43:42.089   643   643 E         : LGPService is Destroyed. 2
01-13 04:43:42.090   643   643 E         : LGPService is Created. 1
01-13 04:43:42.090   643   643 E         : LGPService success to register
01-13 04:43:42.091   643   643 E onLGPService: ********** Starting LGPService ****************
01-13 04:43:42.097   647   742 D agps    : [agps][n][task] lpp  before poll...
01-13 04:43:42.103   647   722 D agps    : [agps] WARNING: [CP] get_ccci_uart  is not a tty
01-13 04:43:42.103   647   722 D agps    : [agps] WARNING: [CP] get_ccci_uart  [/dev/ttyC2] success
01-13 04:43:42.103   647   722 D agps    : [agps][n][CP] ccci_uart_1  open success
01-13 04:43:42.103   647   722 D agps    : [agps][n][CP] [MD_1] write  sim_info_req
01-13 04:43:42.103   647   722 E agps    : [agps] ERR: [Utility] safe_write reason=[No such device]19
01-13 04:43:42.104   647   722 E agps    : [agps] ERR: [CP] get_ccci_uart  open failed node=[/dev/ccci2_tty2] reason=[No such file or directory]
01-13 04:43:42.104   647   722 E agps    : [agps] ERR: [CP] ccci_uart_2  open failed
01-13 04:43:42.106   647   741 D agps    : [agps][n][task] is801  before poll...
01-13 04:43:42.106   647   740 D agps    : [agps][n][task] rrlp  before poll...
01-13 04:43:42.108   671   671 I [epdg_wo]: Go Main Loop: wod_handler 857 
01-13 04:43:42.115   671   759 I [epdg_wo]: Handle IPsec Cmd Loop: ipsec_handler 790 
01-13 04:43:42.125   647   722 D agps    : [agps][n][AGPS] xml file load from [/data/agps_supl/agps_profiles_conf2.xml]
01-13 04:43:42.143   644   644 I MobileLogD/bootmode: boot mode is 0
01-13 04:43:42.144   647   722 D agps    : [agps] WARNING: [Default]  =================== dump_agps_mgr_agps_config ===================
01-13 04:43:42.144   647   722 D agps    : [agps][n][Default] cur_supl_profile  name=[GOOGLE] addr=[supl.google.com] port=[7275] tls=[1] mcc=[] mcc_mnc=[] is_auto_config=[0] supl_version=[1.0.0] tls_version=[1] sha_version=[2] app_id=[] provider_id=[] default_apn=[] option_apn=[] optional_apn_2=[] addr_type=[]
01-13 04:43:42.144   647   722 D agps    : [agps][n][Default] cdma_profile  name=[CDMA1] mcp_enable=[1] mcp_addr=[10.199.22.165] mcp_port=[6066] pde_addr_valid=[0] pde_ip_type=[0] pde_addr=[11.11.11.11] pde_port=[1111] pde_url_valid=[0] pde_url_addr=[www.mediatek.com]
01-13 04:43:42.144   647   722 D agps    : [agps][n][Default] agps_setting  agps_enable=[1] agps_protocol=[0] gpevt=[0]
01-13 04:43:42.144   647   722 D agps    : [agps][n][Default] gnss_setting  sib8_16_enable=[1] gps_satellite_enable=[1] glonass_satellite_enable=[1] beidou_satellite_enable=[1] galileo_satellite_enable=[1] a_glonass_satellite_enable=[0]
01-13 04:43:42.144   647   722 D agps    : [agps][n][Default] cp_setting  molr_pos_method=[0] external_addr=[0][0123456789*#+] mlc_number=[0][0123456789*#+] cp_auto_reset=[0] epc_molr_lpp_payload_enable=[0] lpp_payload=[50]
01-13 04:43:42.144   647   722 D agps    : [agps][n][Utility] agps_dump_buf=lpp_payload  0xd2,0x00,0x00,0x10,0x23,0x7b,0x20,0x26,0x40,0x4f,0xb8,0x00,0x72,0x02,0xbf,0xff,0xff,0xff,0xf8,0x00,0x00,0x00,0x00,0x20,0xc0,0x00,0x01,0x00,0x94,0x0f,0xb9,0x00,
01-13 04:43:42.144   647   722 D agps    : [agps][n][Utility] agps_dump_buf=lpp_payload  0x12,0x02,0xb7,0xff,0xff,0xf8,0x00,0x00,0x00,0x00,0x00,0x61,0x80,0x00,0x02,0x01,0x8a,0x00,
01-13 04:43:42.144   647   722 D agps    : [agps][n][Default] up_setting  ca_enable=[1] ni_request=[1] roaming=[0] cdma_preferred=[0] pref_method=[1] supl_version=[2.0.0] tls_version=[1] sha_version=[0] supl_log=[0] msa=[1] msb=[1] ecid=[1] otdoa=[0] autonomous=[1] aflt=[0] hacc=[22] vacc=[0] loc_age=[0] delay=[0] udp_port_enable=[0] dedicated_apn_enable=[0] preferred_2g3g_cell_age=[300] lpp_enable=[0] cert_from_sdcard=[1] auto_profile_enable=[1] ut2=[11] ut3=[10] sync_to_slp=[0] imsi_enable=[1] no_sensitive_log=[0]
01-13 04:43:42.144   647   722 D agps    : [agps] WARNING: [AGPS] /nvcfg does not exist
01-13 04:43:42.145   647   722 D agps    : [agps][n][AGPS] [MNL] write  agps_reboot
01-13 04:43:42.145   647   722 D agps    : [agps][n][AGPS] [MNL] write  agps_settings_sync  sib8_16=[1], gps=[1] glonass=[1] beidou=[1] galileo=[1] aglonass=[0]
01-13 04:43:42.146   647   722 D agps    : [agps][n][C2K_MSG] c2k_msg_set_handler(0, 0xb6e3655d)
01-13 04:43:42.146   647   722 D agps    : [agps][n][C2K_MSG] c2k_msg_set_handler(1, 0xb6e36309)
01-13 04:43:42.146   647   722 D agps    : [agps][n][C2K_MSG] c2k_msg_set_handler(2, 0xb6e361ad)
01-13 04:43:42.146   647   722 D agps    : [agps][n][C2K_MSG] c2k_msg_set_handler(3, 0xb6e364a5)
01-13 04:43:42.146   647   722 D agps    : [agps][n][C2K_MSG] c2k_msg_set_handler(4, 0xb6e36411)
01-13 04:43:42.146   647   722 D agps    : [agps][n][C2K_MSG] c2k_msg_set_handler(6, 0xb6e366b5)
01-13 04:43:42.146   647   722 D agps    : [agps][n][C2K_MSG] c2k_msg_set_handler(7, 0xb6e36169)
01-13 04:43:42.146   644   644 E MobileLogD/bootmode: no start logging
01-13 04:43:42.231   646   646 D NVRAM   : length of g_NVRAM_BACKUP_DEVICE=59
01-13 04:43:42.232   646   646 D NVRAM   : nvram_layout_callback will run!!!
01-13 04:43:42.232   646   646 D NVRAM   : nvram_platform_log_block: 2
01-13 04:43:42.232   646   646 D NVRAM   : nvram_platform_resv_block: 2
01-13 04:43:42.232   646   646 D NVRAM   : nvram_platform_DM_block: 1
01-13 04:43:42.232   646   646 D NVRAM   : nvram_platform_layout_version: 0
01-13 04:43:42.232   646   646 D NVRAM   : nvram_platform_header_offset: 0
01-13 04:43:42.232   646   646 D NVRAM   : g_i4CFG_File_Count: 49
01-13 04:43:42.232   646   646 D NVRAM   : NVM_Init Max Lid: 74
01-13 04:43:42.232   646   646 D NVRAM   : [NVRAM]: info nvram_gpt_flag =1
01-13 04:43:42.232   646   646 D NVRAM   : Total nvram Lid number is 74
01-13 04:43:42.232   646   646 D NVRAM   : Check if upgrade status
01-13 04:43:42.234   646   646 D NVRAM   : Check FILE_VER in first boot
01-13 04:43:42.235   646   646 D NVRAM   : Begin excute customer callback!!!
01-13 04:43:42.235   646   646 D NVRAM   : nvram daemon callback will run!!!
01-13 04:43:42.235   646   646 D NVRAM   : Callback return 0
01-13 04:43:42.235   646   646 D NVRAM   : enter encrypted state
01-13 04:43:42.235   646   646 D NVRAM   : state: trigger_restart_framework
01-13 04:43:42.238   646   646 D NVRAM   : Set Ready property success
01-13 04:43:42.244   646   798 D NVRAM   : NVM_GetFileDesc ++
01-13 04:43:42.244   646   798 D NVRAM   : NVM_GetCfgFileTable : file_lid = 1
01-13 04:43:42.244   646   798 D NVRAM   : NVM_GetCfgFileTable done
01-13 04:43:42.244   646   798 D NVRAM   : Open /data/nvram/APCFG/APRDEB/BT_Addr,LID:1
01-13 04:43:42.244   646   798 D NVRAM   : NVM_CmpFileVerNo 1  
01-13 04:43:42.244   646   798 D NVRAM   : NVM_GetCfgFileTable : file_lid = 1
01-13 04:43:42.244   646   798 D NVRAM   : Check if FILE_VER exists before openning it!
01-13 04:43:42.244   646   798 D NVRAM   : NVM_CheckVerFile: 1
01-13 04:43:42.245   646   801 D NVRAM   : NVM_GetFileDesc ++
01-13 04:43:42.245   646   801 D NVRAM   : NVM_GetCfgFileTable : file_lid = 13
01-13 04:43:42.245   646   801 D NVRAM   : NVM_GetCfgFileTable done
01-13 04:43:42.245   646   801 D NVRAM   : Open /data/nvram/APCFG/APRDCL/HWMON_GYRO,LID:13
01-13 04:43:42.256   646   803 D NVRAM   : [NVRAM Daemon]product info lid 59 ++
01-13 04:43:42.256   646   802 D NVRAM   : NVM_GetFileDesc ++
01-13 04:43:42.256   646   803 D NVRAM   : NVM_GetFileDesc ++
01-13 04:43:42.256   646   799 D NVRAM   : [NVRAM Daemon]wifi lid 53 ++
01-13 04:43:42.256   646   799 D NVRAM   : NVM_GetFileDesc ++
01-13 04:43:42.256   646   803 D NVRAM   : NVM_GetCfgFileTable : file_lid = 59
01-13 04:43:42.256   646   802 D NVRAM   : NVM_GetCfgFileTable : file_lid = 18
01-13 04:43:42.256   646   803 D NVRAM   : NVM_GetCfgFileTable done
01-13 04:43:42.256   646   802 D NVRAM   : NVM_GetCfgFileTable done
01-13 04:43:42.256   646   803 D NVRAM   : 59 is in new nvram partition!!!
01-13 04:43:42.256   646   799 D NVRAM   : NVM_GetCfgFileTable : file_lid = 53
01-13 04:43:42.256   646   802 D NVRAM   : Open /data/nvram/APCFG/APRDCL/HWMON_PS,LID:18
01-13 04:43:42.256   646   799 D NVRAM   : NVM_GetCfgFileTable done
01-13 04:43:42.256   646   803 D NVRAM   : New NVRAM partition name is /dev/block/platform/mtk-msdc.0/11230000.msdc0/by-name/proinfo.
01-13 04:43:42.256   646   799 D NVRAM   : Open /data/nvram/APCFG/APRDEB/WIFI,LID:53
01-13 04:43:42.256   646   799 D NVRAM   : NVM_CmpFileVerNo 53  
01-13 04:43:42.256   646   803 D NVRAM   : [NVRAM Daemon] product info FID 10 rec_size 1024 rec_num 1
01-13 04:43:42.256   646   799 D NVRAM   : NVM_GetCfgFileTable : file_lid = 53
01-13 04:43:42.256   646   803 D NVRAM   : 59 is in new nvram partition!!!
01-13 04:43:42.256   646   799 D NVRAM   : Check if FILE_VER exists before openning it!
01-13 04:43:42.256   646   799 D NVRAM   : NVM_CheckVerFile: 1
01-13 04:43:42.257   646   800 D NVRAM   : NVM_GetFileDesc ++
01-13 04:43:42.257   646   800 D NVRAM   : NVM_GetCfgFileTable : file_lid = 12
01-13 04:43:42.257   646   800 D NVRAM   : NVM_GetCfgFileTable done
01-13 04:43:42.257   646   800 D NVRAM   : Open /data/nvram/APCFG/APRDCL/HWMON_ACC,LID:12
01-13 04:43:42.257   646   797 D NVRAM   : NVRAM AP_CFG_RDCL_FILE_AUXADC_LID:2 
01-13 04:43:42.257   646   797 D NVRAM   : NVM_GetFileDesc ++
01-13 04:43:42.257   646   797 D NVRAM   : NVM_GetCfgFileTable : file_lid = 2
01-13 04:43:42.257   646   797 D NVRAM   : NVM_GetCfgFileTable done
01-13 04:43:42.257   646   797 D NVRAM   : Open /data/nvram/APCFG/APRDCL/AUXADC,LID:2
01-13 04:43:42.258   646   801 D NVRAM   : NVM_CmpFileVerNo 13  
01-13 04:43:42.258   646   801 D NVRAM   : NVM_GetCfgFileTable : file_lid = 13
01-13 04:43:42.258   646   801 D NVRAM   : Check if FILE_VER exists before openning it!
01-13 04:43:42.340   333   333 D NVRAM   : NVM_SetCheckNo: CheckNo generate successfully!
01-13 04:43:42.340   333   333 D NVRAM   : NVM_ProtectUserData:Set Check Num Success
01-13 04:43:42.340   333   333 D NVRAM   : NVM_CloseFileDesc ProtectDataFile Success!!
01-13 04:43:42.340   333   333 D NVRAM   : no need to enc/dnc
01-13 04:43:42.341   333   333 D NVRAM   : deal with cfgfile =/data/nvram/media/CAMERA_LENS,8
01-13 04:43:42.341   333   333 D NVRAM   : deal with cfgfile =/data/nvram/APCFG/APRDCL/UART,9
01-13 04:43:42.341   333   333 D NVRAM   : deal with cfgfile =/data/nvram/APCFG/APRDCL/FACTORY,10
01-13 04:43:42.341   333   333 D NVRAM   : deal with cfgfile =/data/nvram/APCFG/APRDCL/HWMON_PS,18
01-13 04:43:42.356   333   333 D NVRAM   : NVM_GetCfgFileTable : file_lid = 25
01-13 04:43:42.356   333   333 D NVRAM   : NVM_CmpFileVerNo 25  
01-13 04:43:42.357   333   333 D NVRAM   : Load File Version: 001, NvRam File Version: 001
01-13 04:43:42.357   333   333 D NVRAM   : no need to enc/dnc
01-13 04:43:42.391   333   333 D NVRAM   : NVM_SetCheckNo: CheckNo generate successfully!
01-13 04:43:42.391   333   333 D NVRAM   : NVM_ProtectUserData:Set Check Num Success
01-13 04:43:42.391   333   333 D NVRAM   : NVM_CloseFileDesc ProtectDataFile Success!!
01-13 04:43:42.447   660   660 W linker  : /system/lib/liblgRmsVolComp.so has text relocations. This is wasting memory and prevents security hardening. Please fix.
01-13 04:43:42.496   446   503 D GED     : Frame didn't finished in 1000 ms (try = 1)
01-13 04:43:42.496   446   503 D GED     : Fence fd = 20
01-13 04:43:42.496   446   503 D GED     :   fence BootAnimation:0 0
01-13 04:43:42.496   446   503 D GED     :     pt timeline-primary-0-0 sw_sync status(0) sync_drv(5) 0.000000
01-13 04:43:42.516   326   425 E hwcomposer: [SYNC] (0xb739d3f8) [PF] (0) fence 38 didn't signal in 1000 ms
01-13 04:43:42.516   326   425 I hwcomposer: [SYNC] (0xb739d3f8) timeline fd(-1) curr(0) last(0)
01-13 04:43:42.516   326   425 I hwcomposer: [SYNC] (0xb739d3f8) fence(¿…ÔÀ¾…Ô†Àle†À”HÀ …Ô ) status(0)
01-13 04:43:42.516   326   425 I hwcomposer: [SYNC] (0xb739d3f8) sync point: timeline(timeline-primary-0-5) drv(sw_sync) status(0) sync_drv(5) timestamp(0.000000)
01-13 04:43:42.525   446   489 W MALI    : display_window_buffer:1367: [MALI] warning, queueBuffer takes more than 300ms here. Total elapse time: 842609
01-13 04:43:42.562   649   649 D mnl_linux: mtk_gps_sys_init: nvram_init_val Ready
01-13 04:43:42.562   649   649 D mnl_linux: mtk_gps_sys_init: Get nvram restore ready retry cc=2
01-13 04:43:42.562   649   649 D NVRAM   : NVM_GetFileDesc ++
01-13 04:43:42.563   649   649 D NVRAM   : length of g_NVRAM_BACKUP_DEVICE=59
01-13 04:43:42.563   649   649 D NVRAM   : nvram_layout_callback will run!!!
01-13 04:43:42.563   649   649 D NVRAM   : nvram_platform_log_block: 2
01-13 04:43:42.563   649   649 D NVRAM   : nvram_platform_resv_block: 2
01-13 04:43:42.563   649   649 D NVRAM   : nvram_platform_DM_block: 1
01-13 04:43:42.563   649   649 D NVRAM   : nvram_platform_layout_version: 0
01-13 04:43:42.563   649   649 D NVRAM   : nvram_platform_header_offset: 0
01-13 04:43:42.563   649   649 D NVRAM   : g_i4CFG_File_Count: 49
01-13 04:43:42.563   649   649 D NVRAM   : NVM_Init Max Lid: 74
01-13 04:43:42.563   649   649 D NVRAM   : [NVRAM]: info nvram_gpt_flag =1
01-13 04:43:42.563   649   649 D NVRAM   : NVM_GetCfgFileTable : file_lid = 50
01-13 04:43:42.563   649   649 D NVRAM   : NVM_GetCfgFileTable done
01-13 04:43:42.563   649   649 D NVRAM   : Open /data/nvram/APCFG/APRDEB/GPS,LID:50
01-13 04:43:42.564   649   649 D NVRAM   : NVM_CmpFileVerNo 50  
01-13 04:43:42.564   649   649 D NVRAM   : NVM_GetCfgFileTable : file_lid = 50
01-13 04:43:42.564   649   649 D NVRAM   : Check if FILE_VER exists before openning it!
01-13 04:43:42.564   649   649 D NVRAM   : NVM_CheckVerFile: 1
01-13 04:43:42.564   649   649 D NVRAM   : New version info file
01-13 04:43:42.564   649   649 D NVRAM   : Load File Version: 000, NvRam File Version: 000
01-13 04:43:42.564   649   649 D NVRAM   : no need to enc/dnc
01-13 04:43:42.564   649   649 D NVRAM   : NVM_CheckFileSize : 50 ++
01-13 04:43:42.564   649   649 D NVRAM   : iCustomBeginLID = 49
01-13 04:43:42.564   649   649 D NVRAM   : NVM_CheckVerFile: 1
01-13 04:43:42.564   649   649 D NVRAM   : NVM_GetCfgFileTable : file_lid = 50
01-13 04:43:42.564   649   649 D NVRAM   : NVM_CheckFileSize:stat_size:54,size in table:52
01-13 04:43:42.564   649   649 D NVRAM   : NVM_ProtectUserData
01-13 04:43:42.564   649   649 D NVRAM   : NVM_ProtectUserData:Check File
01-13 04:43:42.567   649   649 D NVRAM   : NVM_CheckFile: File is correct!
01-13 04:43:42.567   649   649 D NVRAM   : NVM_ProtectUserData:Check Success
01-13 04:43:42.567   649   649 D NVRAM   : NVM_GetFileDesc ProtectDataFile Check Success!!
01-13 04:43:42.567   649   649 D NVRAM   : NVM_GetFileDesc --
01-13 04:43:42.568   649   649 D NVRAM   : no need to enc/dnc
01-13 04:43:42.568   649   649 D NVRAM   : NVM_CloseFileDesc: Open by Readonly, no need to check when close
01-13 04:43:42.568   649   649 D mnl_linux: mtk_gps_sys_init: GPS NVRam (52 * 1) : 
01-13 04:43:42.568   649   649 D mnl_linux: mtk_gps_sys_init: dsp_dev(/dev/stpgps) : /dev/stpgps
01-13 04:43:42.568   649   649 D mnl_linux: mtk_gps_sys_init: gps_tcxo_hz : 26000000
01-13 04:43:42.568   649   649 D mnl_linux: mtk_gps_sys_init: gps_tcxo_ppb : 0
01-13 04:43:42.568   649   649 D mnl_linux: mtk_gps_sys_init: gps_tcxo_type : 255
01-13 04:43:42.568   649   649 D mnl_linux: mtk_gps_sys_init: gps_lna_mode : 0
01-13 04:43:42.568   649   649 E MNLD    : read_NVRAM: not 3332 UART port
01-13 04:43:42.568   649   649 D MNLD    : chip_detector: exit chip_detector
01-13 04:43:42.568   649   649 D MNLD    : main: main2
01-13 04:43:42.568   649   649 D MNLD    : main: main3
01-13 04:43:42.569   649   649 D MNLD    : epoll_init: Print:epoll_add success
01-13 04:43:42.569   649   649 D MNLD    : main: new connection
01-13 04:43:42.569   649   649 D MNLD    : process: epoll_wait() received 1 events
01-13 04:43:42.569   649   649 D MNLD    : process: mnl2agps_handler: ret = 0
01-13 04:43:42.569   649   649 D MNLD    : agps_reboot: agps_reboot
01-13 04:43:42.569   649   649 E MNLD    : main: process data error: 13 (Permission denied)
01-13 04:43:42.569   649   649 D MNLD    : process: epoll_wait() received 1 events
01-13 04:43:42.570   649   649 D MNLD    : process: mnl2agps_handler: ret = 0
01-13 04:43:42.570   649   649 E agps    : ERR: [MNL2AGPS] agps2mnl unknown type=252
01-13 04:43:42.570   649   649 E MNLD    : main: process data error: 13 (Permission denied)
01-13 04:43:42.574   356   356 I stp_dump: vold.decrypt: trigger_restart_framework!
01-13 04:43:42.574   356   356 I stp_dump: vold.decrypt: trigger_restart_framework!
01-13 04:43:42.574   356   356 I stp_dump: Decrypt done!
01-13 04:43:42.574   356   356 I stp_dump: addr.sun_path:stp_DIR=/data/misc/stp_dump GROUP=stp
01-13 04:43:42.575   356   356 I stp_dump: Using existing control interface directory.
01-13 04:43:42.575   356   356 E stp_dump: mkdir (/data/misc/stp_dump) succeed
01-13 04:43:42.575   356   356 I stp_dump: ctrl_interface_group=1000 (from group name 'stp')
01-13 04:43:42.575   356   356 I stp_dump: chown (/data/misc/stp_dump) succeed
01-13 04:43:42.576   356   356 I stp_dump: CTRL: chmod[/data/misc/stp_dump] succeed
01-13 04:43:42.578   356   356 I stp_dump: close file combo_t32
01-13 04:43:42.578   356   356 I stp_dump: stp_dump_ctrl_iface_trace_logger_sendto_fd succeed
01-13 04:43:42.578   356   356 E stp_dump: [STP_DBG] family id = 22
01-13 04:43:42.578   356   356 I stp_dump: sending dummy command
01-13 04:43:42.578   356   356 I stp_dump: set sock number to 5
01-13 04:43:42.578   356   356 E stp_dump: ctrl_iface bind(PF_UNIX) failed: Address already in use
01-13 04:43:42.579   356   356 E stp_dump: ctrl_iface exists, but does not allow connections - assuming it was leftover from forced program termination
01-13 04:43:42.579   356   356 D stp_dump: Successfully replaced leftover ctrl_iface socket '/data/misc/stp_dump/stpd'
01-13 04:43:42.579   356   356 I stp_dump: set sock number to 6
01-13 04:43:42.579   356   356 I stp_dump: stp_dump_ctrl_iface_init succeed.
01-13 04:43:42.579   356   356 I stp_dump: ==>main222 
01-13 04:43:42.634   333   333 D ccci_mdinit(1): deamon begin to run!
01-13 04:43:42.635   333   333 D ccci_mdinit(1): MD is release version
01-13 04:43:42.635   333   333 D ccci_mdinit(1): buff.data[0] = 0xFFFFFFFF, data[1] = 0xFAF50011, channel = F0000000, reserved = 0x00000000
01-13 04:43:42.635   333   333 D ccci_mdinit(1): CFG UPDATE: 0x0
01-13 04:43:42.635   333   333 D ccci_mdinit(1): ccci_setting_dump:Kernel ccci_cfg
01-13 04:43:42.635   333   333 D ccci_mdinit(1): SIM_mode:0x1
01-13 04:43:42.635   333   333 D ccci_mdinit(1): slot1_mode:0x0
01-13 04:43:42.635   333   333 D ccci_mdinit(1): slot2_mode:0x0
01-13 04:43:42.706   333   333 D ccci_mdinit(1): buff.data[0] = 0xFFFFFFFF, data[1] = 0xFAF50002, channel = F0000000, reserved = 0x00000000
01-13 04:43:42.706   333   333 D ccci_mdinit(1): set md status:mtk.md1.status=bootup 
01-13 04:43:42.707   333   333 D ccci_mdinit(1): modem boot up, set runtime data
01-13 04:43:42.746   302   862 D NVRAM   : NVM_GetFileDesc ++
01-13 04:43:42.746   302   862 D NVRAM   : length of g_NVRAM_BACKUP_DEVICE=59
01-13 04:43:42.746   302   862 D NVRAM   : nvram_layout_callback will run!!!
01-13 04:43:42.746   302   862 D NVRAM   : nvram_platform_log_block: 2
01-13 04:43:42.746   302   862 D NVRAM   : nvram_platform_resv_block: 2
01-13 04:43:42.747   302   862 D NVRAM   : nvram_platform_DM_block: 1
01-13 04:43:42.747   302   862 D NVRAM   : nvram_platform_layout_version: 0
01-13 04:43:42.747   302   862 D NVRAM   : nvram_platform_header_offset: 0
01-13 04:43:42.747   302   862 D NVRAM   : g_i4CFG_File_Count: 49
01-13 04:43:42.747   302   862 D NVRAM   : NVM_Init Max Lid: 74
01-13 04:43:42.747   302   862 D NVRAM   : [NVRAM]: info nvram_gpt_flag =1
01-13 04:43:42.747   302   862 D NVRAM   : NVM_GetCfgFileTable : file_lid = 14
01-13 04:43:42.747   302   862 D NVRAM   : NVM_GetCfgFileTable done
01-13 04:43:42.747   302   862 D NVRAM   : Open /data/nvram/APCFG/APRDEB/OMADM_USB,LID:14
01-13 04:43:42.747   302   862 D NVRAM   : NVM_CmpFileVerNo 14  
01-13 04:43:42.747   302   862 D NVRAM   : NVM_GetCfgFileTable : file_lid = 14
01-13 04:43:42.748   302   862 D NVRAM   : Check if FILE_VER exists before openning it!
01-13 04:43:42.748   302   862 D NVRAM   : NVM_CheckVerFile: 1
01-13 04:43:42.748   302   862 D NVRAM   : New version info file
01-13 04:43:42.748   302   862 D NVRAM   : Load File Version: 000, NvRam File Version: 000
01-13 04:43:42.748   302   862 D NVRAM   : no need to enc/dnc
01-13 04:43:42.748   302   862 D NVRAM   : NVM_CheckFileSize : 14 ++
01-13 04:43:42.748   302   862 D NVRAM   : iCustomBeginLID = 49
01-13 04:43:42.748   302   862 D NVRAM   : NVM_CheckVerFile: 1
01-13 04:43:42.748   332   332 E ccci_fsd(1): IsReadOnly: [error]fail on file: /data/nvram/md/FATC62610C9.log 
01-13 04:43:42.748   302   862 D NVRAM   : NVM_GetCfgFileTable : file_lid = 14
01-13 04:43:42.749   302   862 D NVRAM   : NVM_CheckFileSize:stat_size:18,size in table:16
01-13 04:43:42.749   302   862 D NVRAM   : NVM_ProtectUserData
01-13 04:43:42.749   302   862 D NVRAM   : NVM_ProtectUserData:Check File
01-13 04:43:42.754   302   862 D NVRAM   : NVM_CheckFile: File is correct!
01-13 04:43:42.754   302   862 D NVRAM   : NVM_ProtectUserData:Check Success
01-13 04:43:42.754   302   862 D NVRAM   : NVM_GetFileDesc ProtectDataFile Check Success!!
01-13 04:43:42.754   302   862 D NVRAM   : NVM_GetFileDesc --
01-13 04:43:42.754   302   862 D NVRAM   : no need to enc/dnc
01-13 04:43:42.755   302   862 D NVRAM   : NVM_CloseFileDesc: Open by Readonly, no need to check when close
01-13 04:43:43.042   332   332 E ccci_fsd(1): Open: [error]fail open Z:/NVRAM/NVD_DATA/MP0B_001: 2 
01-13 04:43:43.042   332   332 E ccci_fsd(1): cmpt_Read, open fail
01-13 04:43:43.071   333   333 D ccci_mdinit(1): buff.data[0] = 0xFFFFFFFF, data[1] = 0xFAF50001, channel = F0000000, reserved = 0x00000000
01-13 04:43:43.073   333   333 D ccci_mdinit(1): set md status:mtk.md1.status=ready 
01-13 04:43:43.074   333   333 D ccci_mdinit(1): modem ready
01-13 04:43:43.074   333   333 D ccci_mdinit(1): start all ccci up layer services
01-13 04:43:43.074   333   333 D ccci_mdinit(1): start mdlogger
01-13 04:43:43.074   333   333 I ccci_mdinit(1): start_service init.svc.emdlogger1, current state:stopped, returned:7
01-13 04:43:43.075   333   333 I ccci_mdinit(1): wait_for_property() name:init.svc.emdlogger1, desired_value:running, waitmsec:0, loop:1
01-13 04:43:43.075   333   333 E ccci_mdinit(1): wait_for_property() failed!name:init.svc.emdlogger1, desired_value:running, waitmsec:0, value:stopped
01-13 04:43:43.075   333   333 D ccci_mdinit(1): Current muxd: gsm0710muxd, rild:ril-daemon-mtk
01-13 04:43:43.075   333   333 I ccci_mdinit(1): start_service init.svc.gsm0710muxd, but returned 0, maybe has no this property
01-13 04:43:43.076   333   333 I ccci_mdinit(1): wait_for_property() name:init.svc.gsm0710muxd, desired_value:running, waitmsec:2000, loop:20
01-13 04:43:43.077   333   333 I ccci_mdinit(1): wait_for_property() no property of :init.svc.gsm0710muxd, loop:19
01-13 04:43:43.101   878   878 I EMDLOGGER1: previous mask value is 077
01-13 04:43:43.101   878   878 I EMDLOGGER1: Starting EMDLogger. Version=W1522.p1 (May 17 2016 17:49:55)
01-13 04:43:43.101   878   878 I EMDLOGGER1: EMDlogger init with LGE
01-13 04:43:43.101   878   878 I EMDLOGGER1: signal ignore
01-13 04:43:43.102   878   878 D EMDLOGGER1: Normal Mode 0
01-13 04:43:43.102   878   878 D EMDLOGGER1: [isBootCompleted]==> Normal mode:Ready = 0
01-13 04:43:43.103   878   878 D EMDLOGGER1: initUSBPortMappingFile
01-13 04:43:43.103   878   878 D ccci_lib: read info:[modem num]:1
01-13 04:43:43.103   878   878 D ccci_lib: [modem en]:1-0-0-0-0
01-13 04:43:43.103   878   878 D ccci_lib: [EVDO_DT_SUPPORT]:0
01-13 04:43:43.103   878   878 D ccci_lib: [MTK_LTE_DC_SUPPORT]:0
01-13 04:43:43.103   878   878 D ccci_lib: total:78
01-13 04:43:43.103   878   878 D ccci_lib: nvdata /nvdata ext4 rw,nosuid,nodev,noatime,discard,noauto_da_alloc,data=ordered 0 0
01-13 04:43:43.103   878   878 D ccci_lib: /dev/block/platform/mtk-msdc.0/11230000.msdc0/by-name/mpt /mpt ext4 rw,nosuid,nodev,noatime,discard,noauto_da_alloc,data=ordered 0 0
01-13 04:43:43.103   878   878 D ccci_lib: /dev/block/platform/mtk-msdc.0/11230000.msdc0/by-name/persist /persist ext4 rw,nosuid,nodev,noatime,discard,noauto_da_alloc,data=ordered 0 0
01-13 04:43:43.103   878   878 D ccci_lib: /dev/block/platform/mtk-msdc.0/11230000.msdc0/by-name/persist_lg /persist-lg ext4 rw,nosuid,nodev,noatime,discard,noauto_da_alloc,data=ordered 0 0
01-13 04:43:43.103   878   878 D ccci_lib: adb /dev/usb-ffs/adb functionfs rw,relatime 0 0
01-13 04:43:43.103   878   878 D ccci_lib: tmpfs /storage tmpfs rw,relatime,mode=755,gid=1000 0 0
01-13 04:43:43.103   878   878 D ccci_lib: /dev/block/dm-1 /data ext4 rw,nosuid,nodev,noatime,discard,noauto_da_alloc,resuid=1000,data=ordered 0 0
01-13 04:43:43.103   878   878 D ccci_lib: rotect1 /protect_f ext4 rw,nosuid,nodev,noatime,nodelalloc,noauto_da_alloc,commit=1,data=ordered 0 0
01-13 04:43:43.103   878   878 D ccci_lib: /dev/block/platform/mtk-msdc.0/11230000.msdc0/by-name/protect2 /protect_s ext4 rw,nosuid,nodev,noatime,nodelallo
01-13 04:43:43.103   878   878 D ccci_lib: parse_info name:modem num
01-13 04:43:43.103   878   878 D EMDLOGGER1: initUSBPortMappingFile get current port is 1
01-13 04:43:43.103   878   878 I EMDLOGGER1: debug property persist.mtklog.mdlog.path value is none
01-13 04:43:43.103   878   878 I EMDLOGGER1: Customize Prop file exist.
01-13 04:43:43.104   878   878 I EMDLOGGER1: Log Save debug.mdlogger.log2sd.path = internal_sd.
01-13 04:43:43.104   878   878 I EMDLOGGER1: Auto Run com.mediatek.log.modem.enabled = false.
01-13 04:43:43.105   878   878 D EMDLOGGER1: Get auto start mode: 0
01-13 04:43:43.105   878   878 D EMDLOGGER1: getSavedLoggingMode(): mode = 0
01-13 04:43:43.105   878   878 D EMDLOGGER1: MAL_Init
01-13 04:43:43.105   878   878 D EMDLOGGER1: mal_emmcs_mdlog_port /dev/ttyC1
01-13 04:43:43.105   878   878 D EMDLOGGER1: mal_emmcs_mdlog_ctrl_port /dev/ccci_md_log_ctrl
01-13 04:43:43.105   878   878 D EMDLOGGER1: eemcs_port_open: port /dev/ccci_md_log_ctrl
01-13 04:43:43.105   878   878 D EMDLOGGER1: MAL_OnLoggingStart: md_log_ctrl port opened
01-13 04:43:43.106   878   881 I EMDLOGGER1: mdlog_ctrl_reader_thread started
01-13 04:43:43.106   878   878 I EMDLOGGER1: Set name mdl_ctrl_reader for thread(b6cda930)
01-13 04:43:43.106   878   878 I EMDLOGGER1: MAL_OnLoggingStart: CTRL reader thread created
01-13 04:43:43.106   878   878 D EMDLOGGER1: MAL_OnLoggingStart: Send SPLM_A2M_RESET_SPLM_STATE
01-13 04:43:43.106   878   878 I EMDLOGGER1: splm_send_req: msg=5, plen=4, token=1, retry=3
01-13 04:43:43.108   878   881 D EMDLOGGER1: CTRL_reader: incoming SPLM req, msgid=6, token=0, result=0
01-13 04:43:43.108   878   881 I EMDLOGGER1: [MDLOG] [MD] Set Logging Level Success and reset SPLM state!
01-13 04:43:43.108   878   881 I EMDLOGGER1: CTRL reader: got response, msgid=5 token=1 result=1
01-13 04:43:43.108   878   878 D EMDLOGGER1: MAL_Init: Send SPLM_A2M_QUERY_MD_VERSION
01-13 04:43:43.108   878   878 I EMDLOGGER1: splm_send_req: msg=14, plen=0, token=2, retry=3
01-13 04:43:43.110   878   881 I EMDLOGGER1: CTRL reader: got response, msgid=14 token=2 result=3
01-13 04:43:43.110   878   878 I EMDLOGGER1: MAL_Init: failed to get md version, rslt=3
01-13 04:43:43.110   878   878 D EMDLOGGER1: Not set property: persist.mtklog.mdlog.mdsilrbt
01-13 04:43:43.110   878   878 E EMDLOGGER1: mSockListenId ok
01-13 04:43:43.111   878   882 D EMDLOGGER1: runListener
01-13 04:43:43.111   878   882 D EMDLOGGER1: mdlogger socket select start
01-13 04:43:43.111   878   878 I EMDLOGGER1: Set name mdl_sock_host for thread(b6bd8930)
01-13 04:43:43.111   878   878 D EMDLOGGER1: Success to setup socket local server
01-13 04:43:43.111   878   878 D EMDLOGGER1: start Mdlogger mode 0
01-13 04:43:43.111   878   878 D EMDLOGGER1: Normal boot 1
01-13 04:43:43.111   878   878 D EMDLOGGER1: Open servFifoFd FIFO -1
01-13 04:43:43.126   334   334 D ccci_rpcd: Read 32 bytes from RPC device
01-13 04:43:43.126   334   334 D ccci_rpcd: Read 32 bytes from slot 0, CCCI_H(0x0)(0x20)(0x80020)(0x0)
01-13 04:43:43.126   334   334 D ccci_rpcd: Main: RPC_CCCI_TC1_FAC_READ_IMEI(in) <0x1>
01-13 04:43:43.127   334   334 E         : ---BpLGPService
01-13 04:43:43.127   643   643 E         : TRANSACTION_LGP_IMEI_READ
01-13 04:43:43.128   643   643 E         : TRANSACTION_LGP_IMEI_READ0 0x3000503
01-13 04:43:43.128   643   643 E         : TRANSACTION_LGP_IMEI_READ1 0x6020500
01-13 04:43:43.128   643   643 E         : TRANSACTION_LGP_IMEI_READ2 0x0
01-13 04:43:43.128   643   643 E         : TRANSACTION_LGP_IMEI_READ3 0x10000
01-13 04:43:43.128   334   334 E         : ---> BpLGPService::lgp_imei_read : 0x30005036020500010000
01-13 04:43:43.128   334   334 E         : ---> Proxy write : 1
01-13 04:43:43.128   334   334 D ccci_rpcd: Main: RPC_CCCI_TC1_FAC_READ_IMEI IMEI(out): 
01-13 04:43:43.129   334   334 D ccci_rpcd: Write 52 bytes to slot 0, CCCI_H(0x0)(0x34)(0x80021)(0x0)
01-13 04:43:43.168   636   636 V MediaUtils: physMem: 2012688384
01-13 04:43:43.168   636   636 V MediaUtils: requested limit: 1308247395
01-13 04:43:43.168   636   636 V MediaUtils: actual limit: 1308247395
01-13 04:43:43.168   636   636 V MediaUtils: original limits: 4294967295/4294967295
01-13 04:43:43.168   636   636 V MediaUtils: new limits: 1308247395/4294967295
01-13 04:43:43.169   636   636 I mediaserver: ServiceManager: 0xb73cb2d0
01-13 04:43:43.170   636   636 I AudioFlinger: Using default 3000 mSec as standby time.
01-13 04:43:43.170   636   636 V MediaPlayerService: MediaPlayerService created
01-13 04:43:43.171   636   636 E         : batterystats service unavailable!
01-13 04:43:43.171   636   636 E         : batterystats service unavailable!
01-13 04:43:43.172   636   636 V MemoryDumper: Instantiate memory dumper service...
01-13 04:43:43.172   636   636 V MemoryDumper: MemoryDumper created, dump file=/sdcard/memstatus_636
01-13 04:43:43.173   636   636 I CameraService: CameraService started (pid=636)
01-13 04:43:43.175   636   636 D MediaProfiles: atts[0] : minfps / atts[1] : 24000
01-13 04:43:43.175   636   636 D MediaProfiles: atts[2] : maxfps / atts[3] : 30000
01-13 04:43:43.175   636   636 D MediaProfiles: atts[4] : usehighprofile / atts[5] : 1
01-13 04:43:43.175   636   636 D MediaProfiles: atts[6] : audiozoomenable / atts[7] : 0
01-13 04:43:43.175   636   636 D MediaProfiles: atts[8] : audiozoomX / atts[9] : 14
01-13 04:43:43.175   636   636 D MediaProfiles: atts[10] : audiozoomY / atts[11] : 4
01-13 04:43:43.175   636   636 D MediaProfiles: atts[12] : usehwaac / atts[13] : 1
01-13 04:43:43.175   636   636 D MediaProfiles: atts[14] : useOmxCodec / atts[15] : 1
01-13 04:43:43.175   636   636 D MediaProfiles: atts[16] is NULL.
01-13 04:43:43.176   636   636 D CameraService: Video fps range = (24000,30000)
01-13 04:43:43.177   636   636 I CameraService: CameraService process starting
01-13 04:43:43.177   333   333 I ccci_mdinit(1): wait_for_property() ready for name:init.svc.gsm0710muxd, loop:18
01-13 04:43:43.177   333   333 D ccci_mdinit(1): BC queue free space 7
01-13 04:43:43.177   333   333 D ccci_mdinit(1): Store sbp file start... metamode:0,md_sbp_lid:25
01-13 04:43:43.177   333   333 D ccci_mdinit(1): Store md sbp code! ret:0, needstore:0x0, sbp1:0, flag1:1, sbp2:0, flag2:1, times:0
01-13 04:43:43.177   333   333 D ccci_mdinit(1): Store sbp file End.
01-13 04:43:43.178   636   636 E         : batterystats service unavailable!
01-13 04:43:43.178   636   636 E         : batterystats service unavailable!
01-13 04:43:43.241   664   664 D AndroidRuntime: >>>>>> START com.android.internal.os.ZygoteInit uid 0 <<<<<<
01-13 04:43:43.251   664   664 D AndroidRuntime: CheckJNI is OFF
01-13 04:43:43.252   664   664 I art     : option[0]=-Xzygote
01-13 04:43:43.252   664   664 I art     : option[1]=-Xstacktracefile:/data/anr/traces.txt
01-13 04:43:43.252   664   664 I art     : option[2]=exit
01-13 04:43:43.252   664   664 I art     : option[3]=vfprintf
01-13 04:43:43.252   664   664 I art     : option[4]=sensitiveThread
01-13 04:43:43.252   664   664 I art     : option[5]=-verbose:gc
01-13 04:43:43.252   664   664 I art     : option[6]=-Xms8m
01-13 04:43:43.252   664   664 I art     : option[7]=-Xmx512m
01-13 04:43:43.252   664   664 I art     : option[8]=-XX:HeapGrowthLimit=192m
01-13 04:43:43.252   664   664 I art     : option[9]=-XX:HeapMinFree=4m
01-13 04:43:43.252   664   664 I art     : option[10]=-XX:HeapMaxFree=16m
01-13 04:43:43.252   664   664 I art     : option[11]=-XX:HeapTargetUtilization=0.75
01-13 04:43:43.253   664   664 I art     : option[12]=-agentlib:jdwp=transport=dt_android_adb,suspend=n,server=y
01-13 04:43:43.253   664   664 I art     : option[13]=-Xlockprofthreshold:500
01-13 04:43:43.253   664   664 I art     : option[14]=-Ximage-compiler-option
01-13 04:43:43.253   664   664 I art     : option[15]=--runtime-arg
01-13 04:43:43.253   664   664 I art     : option[16]=-Ximage-compiler-option
01-13 04:43:43.253   664   664 I art     : option[17]=-Xms64m
01-13 04:43:43.253   664   664 I art     : option[18]=-Ximage-compiler-option
01-13 04:43:43.253   664   664 I art     : option[19]=--runtime-arg
01-13 04:43:43.253   664   664 I art     : option[20]=-Ximage-compiler-option
01-13 04:43:43.253   664   664 I art     : option[21]=-Xmx64m
01-13 04:43:43.253   664   664 I art     : option[22]=-Ximage-compiler-option
01-13 04:43:43.253   664   664 I art     : option[23]=--image-classes=/system/etc/preloaded-classes
01-13 04:43:43.253   664   664 I art     : option[24]=-Xcompiler-option
01-13 04:43:43.253   664   664 I art     : option[25]=--runtime-arg
01-13 04:43:43.253   664   664 I art     : option[26]=-Xcompiler-option
01-13 04:43:43.253   664   664 I art     : option[27]=-Xms64m
01-13 04:43:43.253   664   664 I art     : option[28]=-Xcompiler-option
01-13 04:43:43.253   664   664 I art     : option[29]=--runtime-arg
01-13 04:43:43.253   664   664 I art     : option[30]=-Xcompiler-option
01-13 04:43:43.253   664   664 I art     : option[31]=-Xmx512m
01-13 04:43:43.253   664   664 I art     : option[32]=-Ximage-compiler-option
01-13 04:43:43.253   664   664 I art     : option[33]=--instruction-set-variant=cortex-a53
01-13 04:43:43.253   664   664 I art     : option[34]=-Xcompiler-option
01-13 04:43:43.254   664   664 I art     : option[35]=--instruction-set-variant=cortex-a53
01-13 04:43:43.254   664   664 I art     : option[36]=-Ximage-compiler-option
01-13 04:43:43.254   664   664 I art     : option[37]=--instruction-set-features=default
01-13 04:43:43.254   664   664 I art     : option[38]=-Xcompiler-option
01-13 04:43:43.254   664   664 I art     : option[39]=--instruction-set-features=default
01-13 04:43:43.254   664   664 I art     : option[40]=-Duser.locale=ko-KR
01-13 04:43:43.254   664   664 I art     : option[41]=--cpu-abilist=armeabi-v7a,armeabi
01-13 04:43:43.254   664   664 I art     : option[42]=-Xfingerprint:lge/bbg_lgu_kr/bbg:6.0.1/MXB48T/1618309556c3a:userdebug/test-keys
01-13 04:43:43.347   636   636 I Iop/P2PPWp: [HalPipeWrapper] dupidx CQ1/CQ2/CQ3 (0/0/0)
01-13 04:43:43.348   636   636 D flashlight_drv.cpp: FlashlightDrv()
01-13 04:43:43.348   636   636 D MtkCam/devicemgr: [CamDeviceManagerBase] 0xb3c980c8
01-13 04:43:43.349   636   636 D MtkCam/devicemgr: [CamDeviceManagerBase] 0xb6e2cd41:set_camera_metadata_vendor_ops(0xb3c98130) return res:Success(0) in libcamera_metadata.so
01-13 04:43:43.349   636   636 D MtkCam/module: [mtk_camera_module_methods_instantiate] module_api_version:0x204
01-13 04:43:43.349   636   636 D MtkCam/Utils/Property: [clear] pid/tid=636/636
01-13 04:43:43.349   636   636 D MtkCam/module: [mtk_camera_module_methods_instantiate] 00: getProperty
01-13 04:43:43.349   636   636 D MtkCam/module: [mtk_camera_module_methods_instantiate] 01: setProperty
01-13 04:43:43.350   636   636 I CameraService: Loaded "MediaTek Camera Module" camera module
01-13 04:43:43.350   636   636 D MtkCam/Metadata: [clear] pid:636 tid:636
01-13 04:43:43.350   636   636 D MtkCam/HalSensorList: [searchSensors] searchSensors
01-13 04:43:43.350   636   636 D SeninfDrvImp: [SeninfDrvImp][SeninfDrvImp] 
01-13 04:43:43.351   636   636 D SeninfDrvImp: [init][init]: Entry count 0 
01-13 04:43:43.351   636   636 I IspDrv  : {IspDrv} [isp_fd_open]  - E. curUser(seninf_drv).
01-13 04:43:43.351   636   636 I IspDrv  : {IspDrv} [isp_fd_open] open ion id(5).
01-13 04:43:43.352   636   636 I IspDrv  : {IspDrv} [ProfilingPrint] [Event_IspFD_Open] 1st open(ISP_DRV_DEV_NAME, O_RDWR):(0-th) ===> [start-->now: 0.906000 ms]
01-13 04:43:43.352   636   636 I IspDrv  : {IspDrv} [isp_fd_open] open isp mFd(6).
01-13 04:43:43.352   636   636 D SeninfDrvImp: [init]IspDrv mfd(6) 
01-13 04:43:43.352   636   636 D SeninfDrvImp: [init]mpCAMIODrvRegAddr 0xacd39970 = 0x0, State: init  
01-13 04:43:43.352   636   636 D SeninfDrvImp: [init]csi_value(0x99aa999a)
01-13 04:43:43.352   636   636 D SeninfDrvImp: [init][init]: Exit count 1 
01-13 04:43:43.352   636   636 D SeninfDrvImp: [setMclk1][setTg1PhaseCounter] pcEn(1) clkPol(0) CamPll(0x0) mMclk1User(1)
01-13 04:43:43.353   636   636 D SeninfDrvImp: [setMclk2][setTg2PhaseCounter] pcEn(1) clkPol(0) CamPll(0x0) mMclk2User(1)
01-13 04:43:43.353   636   636 D ImgSensorDrv: [impSearchSensor]SENSOR search start 
01-13 04:43:43.353   636   636 D ImgSensorDrv: [impSearchSensor]impSearchSensor search to sub
01-13 04:43:43.353   636   636 D ImgSensorDrv: [impSearchSensor]set sensor driver id =10000
01-13 04:43:43.393   636   636 D ImgSensorDrv: [getCurrentSensorType][getCurrentSensorType] 
01-13 04:43:43.393   636   636 D ImgSensorDrv: [getInfo][getInfo],m_fdSensor = 0x8 
01-13 04:43:43.394   636   636 D ImgSensorDrv: [getSocketPosition][getSocketPosition]:[1][1] 
01-13 04:43:43.394   636   636 D ImgSensorDrv: [impSearchSensor]found <0x258/imx258mipiraw/SENSOR_DRVNAME_IMX258_MIPI_RAW>
01-13 04:43:43.394   636   636 D ImgSensorDrv: [impSearchSensor]MAIN sensor found:[0]/[0x10000]/[0]/[1] 
01-13 04:43:43.394   636   636 D ImgSensorDrv: [impSearchSensor]impSearchSensor search to sub
01-13 04:43:43.394   636   636 D ImgSensorDrv: [impSearchSensor]set sensor driver id =20000
01-13 04:43:43.438   636   636 D ImgSensorDrv: [impSearchSensor][impSearchSensor] Err-ctrlCode (I/O error) 
01-13 04:43:43.438   636   636 D ImgSensorDrv: [getCurrentSensorType][getCurrentSensorType] 
01-13 04:43:43.438   636   636 D ImgSensorDrv: [getInfo][getInfo],m_fdSensor = 0x8 
01-13 04:43:43.439   636   636 D ImgSensorDrv: [getSocketPosition][getSocketPosition]:[2][-1] 
01-13 04:43:43.439   636   636 D ImgSensorDrv: [impSearchSensor]sensor ID mismatch
01-13 04:43:43.439   636   636 D ImgSensorDrv: [impSearchSensor]set sensor driver id =20001
01-13 04:43:43.465   636   636 D ImgSensorDrv: [getCurrentSensorType][getCurrentSensorType] 
01-13 04:43:43.465   636   636 D ImgSensorDrv: [getInfo][getInfo],m_fdSensor = 0x8 
01-13 04:43:43.465   636   636 D ImgSensorDrv: [getSocketPosition][getSocketPosition]:[2][-1] 
01-13 04:43:43.465   636   636 D ImgSensorDrv: [impSearchSensor]found <0x8858/ov8858mipiraw/SENSOR_DRVNAME_OV8858_MIPI_RAW>
01-13 04:43:43.465   636   636 D ImgSensorDrv: [impSearchSensor]SUB sensor found:[1]/[0x20001]/[0]/[-1] 
01-13 04:43:43.465   636   636 D ImgSensorDrv: [impSearchSensor]SENSOR search end: 0x3 /[0x258][0]/[0xffffff][255]/[0x8858][1]
01-13 04:43:43.465   636   636 D ImgSensorDrv: [init]Warning(  442):sizeof(MUINT16):2,sizeof(MUINT32):4, sizeof(UCHAR):1, sizeof(MUINT64):8sizeof(MUINTPTR):4, sizeof(MUINTPTR *):4, sizeof(MUINT32 *):4, sizeof(UCHAR *):4
01-13 04:43:43.465   636   636 D ImgSensorDrv: [init][init] mUsers = 0
01-13 04:43:43.466   636   636 D ImgSensorDrv: [getResolution][getResolution] ACDK_SENSOR_RESOLUTION_INFO_STRUCT
01-13 04:43:43.466   636   636 D ImgSensorDrv: [getResolution]Warning( 2406):pSensorResolution[0]:0xb3c64fd4, [1]:0xb3c65040
01-13 04:43:43.466   636   636 D ImgSensorDrv: [init][featureControl]: SENSOR_FEATURE_GET_PIXEL_CLOCK_FREQ
01-13 04:43:43.466   636   636 D ImgSensorDrv: [init][init]: m_LineTimeInus[0] = 31
01-13 04:43:43.466   636   636 D ImgSensorDrv: [getInfo2]prv w=0x820,h=0x618
01-13 04:43:43.466   636   636 D ImgSensorDrv: [getInfo2]cap w=0x1040,h=0xc30
01-13 04:43:43.466   636   636 D ImgSensorDrv: [getInfo2]vd  w=0x820,h=0x618
01-13 04:43:43.466   636   636 D ImgSensorDrv: [getInfo2]pre GrapX=0x0,GrapY=0x0
01-13 04:43:43.466   636   636 D MtkCam/HalSensorList: [getRawInfo] SensorOutputDataFormat: 3, ImageSensor Type: 0
01-13 04:43:43.466   636   636 D ImgSensorDrv: [uninit][uninit]imgsensor_drv mUsers = 1
01-13 04:43:43.466   636   636 D ImgSensorDrv: [init]Warning(  442):sizeof(MUINT16):2,sizeof(MUINT32):4, sizeof(UCHAR):1, sizeof(MUINT64):8sizeof(MUINTPTR):4, sizeof(MUINTPTR *):4, sizeof(MUINT32 *):4, sizeof(UCHAR *):4
01-13 04:43:43.466   636   636 D ImgSensorDrv: [init][init] mUsers = 0
01-13 04:43:43.466   636   636 D ImgSensorDrv: [getResolution][getResolution] ACDK_SENSOR_RESOLUTION_INFO_STRUCT
01-13 04:43:43.467   636   636 D ImgSensorDrv: [getResolution]Warning( 2406):pSensorResolution[0]:0xb3c64fd4, [1]:0xb3c65040
01-13 04:43:43.467   636   636 D ImgSensorDrv: [init][init]: m_LineTimeInus[1] = 31
01-13 04:43:43.467   636   636 D ImgSensorDrv: [getInfo2]prv w=0x660,h=0x4c8
01-13 04:43:43.467   636   636 D ImgSensorDrv: [getInfo2]cap w=0xcc0,h=0x990
01-13 04:43:43.467   636   636 D ImgSensorDrv: [getInfo2]vd  w=0xcc0,h=0x990
01-13 04:43:43.467   636   636 D ImgSensorDrv: [getInfo2]pre GrapX=0x0,GrapY=0x0
01-13 04:43:43.467   636   636 D MtkCam/HalSensorList: [getRawInfo] SensorOutputDataFormat: 0, ImageSensor Type: 0
01-13 04:43:43.467   636   636 D ImgSensorDrv: [uninit][uninit]imgsensor_drv mUsers = 1
01-13 04:43:43.467   636   636 D ImgSensorDrv: [init]Warning(  442):sizeof(MUINT16):2,sizeof(MUINT32):4, sizeof(UCHAR):1, sizeof(MUINT64):8sizeof(MUINTPTR):4, sizeof(MUINTPTR *):4, sizeof(MUINT32 *):4, sizeof(UCHAR *):4
01-13 04:43:43.467   636   636 D ImgSensorDrv: [init][init] mUsers = 0
01-13 04:43:43.468   636   636 D ImgSensorDrv: [getResolution][getResolution] ACDK_SENSOR_RESOLUTION_INFO_STRUCT
01-13 04:43:43.468   636   636 D ImgSensorDrv: [getResolution]Warning( 2406):pSensorResolution[0]:0xb3c64fd4, [1]:0xb3c65040
01-13 04:43:43.468   636   636 D ImgSensorDrv: [init][featureControl]: SENSOR_FEATURE_GET_PIXEL_CLOCK_FREQ
01-13 04:43:43.468   636   636 D ImgSensorDrv: [init][init]: m_LineTimeInus[0] = 31
01-13 04:43:43.468   636   636 D ImgSensorDrv: [uninit][uninit]imgsensor_drv mUsers = 1
01-13 04:43:43.468   636   636 D ImgSensorDrv: [init]Warning(  442):sizeof(MUINT16):2,sizeof(MUINT32):4, sizeof(UCHAR):1, sizeof(MUINT64):8sizeof(MUINTPTR):4, sizeof(MUINTPTR *):4, sizeof(MUINT32 *):4, sizeof(UCHAR *):4
01-13 04:43:43.469   636   636 D ImgSensorDrv: [init][init] mUsers = 0
01-13 04:43:43.469   636   636 D ImgSensorDrv: [getResolution][getResolution] ACDK_SENSOR_RESOLUTION_INFO_STRUCT
01-13 04:43:43.469   636   636 D ImgSensorDrv: [getResolution]Warning( 2406):pSensorResolution[0]:0xb3c64fd4, [1]:0xb3c65040
01-13 04:43:43.469   636   636 D ImgSensorDrv: [init][init]: m_LineTimeInus[1] = 31
01-13 04:43:43.469   636   636 D ImgSensorDrv: [uninit][uninit]imgsensor_drv mUsers = 1
01-13 04:43:43.469   636   636 D MtkCam/HalSensorList: [querySensorInfo] MCLK Source: Main = 0, Sub = 1, Main_2 =0
01-13 04:43:43.470   636   636 D MtkCam/HalSensorList: [querySensorInfo] MIPI pad: Main = 0, Sub = 1, Main_2 =0
01-13 04:43:43.470   636   636 D MtkCam/HalSensorList: [buildSensorMetadata] impBuildSensorInfo start!
01-13 04:43:43.470   636   636 D MtkCam/HalSensorList: [buildSensorMetadata] impBuildSensorInfo end!
01-13 04:43:43.471   636   636 W MtkCam/HalSensorList: [impConstructStaticMetadata_by_SymbolName] constructCustStaticMetadata_DEVICE_LENS_SENSOR_DRVNAME_IMX258_MIPI_RAW not found
01-13 04:43:43.472   636   636 W MtkCam/HalSensorList: [impConstructStaticMetadata_by_SymbolName] constructCustStaticMetadata_DEVICE_LENS_COMMON not found
01-13 04:43:43.473   636   636 W MtkCam/HalSensorList: [impConstructStaticMetadata_by_SymbolName] constructCustStaticMetadata_DEVICE_SENSOR_SENSOR_DRVNAME_IMX258_MIPI_RAW not found
01-13 04:43:43.474   636   636 W MtkCam/HalSensorList: [impConstructStaticMetadata_by_SymbolName] constructCustStaticMetadata_DEVICE_SENSOR_COMMON not found
01-13 04:43:43.475   636   636 W MtkCam/HalSensorList: [impConstructStaticMetadata_by_SymbolName] constructCustStaticMetadata_DEVICE_TUNING_3A_SENSOR_DRVNAME_IMX258_MIPI_RAW not found
01-13 04:43:43.476   636   636 W MtkCam/HalSensorList: [impConstructStaticMetadata_by_SymbolName] constructCustStaticMetadata_DEVICE_TUNING_3A_COMMON not found
01-13 04:43:43.477   636   636 W MtkCam/HalSensorList: [impConstructStaticMetadata_by_SymbolName] constructCustStaticMetadata_DEVICE_FLASHLIGHT_SENSOR_DRVNAME_IMX258_MIPI_RAW not found
01-13 04:43:43.478   636   636 W MtkCam/HalSensorList: [impConstructStaticMetadata_by_SymbolName] constructCustStaticMetadata_DEVICE_FLASHLIGHT_COMMON not found
01-13 04:43:43.479   636   636 W MtkCam/HalSensorList: [impConstructStaticMetadata_by_SymbolName] constructCustStaticMetadata_DEVICE_SCALER_SENSOR_DRVNAME_IMX258_MIPI_RAW not found
