01-01 20:36:37.453  4189  4189 E TimelyPrefService: Primary account is null
01-01 20:36:37.472  4148  4167 W RefreshDomainCookieTask: Search parameters fetch failed.
01-01 20:36:37.472  4148  4167 W RefreshDomainCookieTask: com.google.android.apps.gsa.shared.exception.GsaIOException: Error code: 262160
01-01 20:36:37.472  4148  4167 W RefreshDomainCookieTask: 	at com.google.android.apps.gsa.shared.io.aa.b(HttpLogEntry.java:121)
01-01 20:36:37.472  4148  4167 W RefreshDomainCookieTask: 	at com.google.android.apps.gsa.search.core.j.d$2.call(AsyncHttpEngine.java:2132)
01-01 20:36:37.472  4148  4167 W RefreshDomainCookieTask: 	at java.util.concurrent.FutureTask.run(FutureTask.java:237)
01-01 20:36:37.472  4148  4167 W RefreshDomainCookieTask: 	at com.google.android.apps.gsa.search.core.j.ae$1.run(TaskRunnerScheduledExecutor.java:40)
01-01 20:36:37.472  4148  4167 W RefreshDomainCookieTask: 	at java.util.concurrent.Executors$RunnableAdapter.call(Executors.java:423)
01-01 20:36:37.472  4148  4167 W RefreshDomainCookieTask: 	at java.util.concurrent.FutureTask.run(FutureTask.java:237)
01-01 20:36:37.472  4148  4167 W RefreshDomainCookieTask: 	at com.google.android.apps.gsa.shared.util.concurrent.a.v.run(TaskRunnerFutureTask.java:125)
01-01 20:36:37.472  4148  4167 W RefreshDomainCookieTask: 	at com.google.android.apps.gsa.shared.util.concurrent.a.ag.run(ThrottlingExecutor.java:138)
01-01 20:36:37.472  4148  4167 W RefreshDomainCookieTask: 	at java.util.concurrent.ThreadPoolExecutor.runWorker(ThreadPoolExecutor.java:1113)
01-01 20:36:37.472  4148  4167 W RefreshDomainCookieTask: 	at java.util.concurrent.ThreadPoolExecutor$Worker.run(ThreadPoolExecutor.java:588)
01-01 20:36:37.472  4148  4167 W RefreshDomainCookieTask: 	at java.lang.Thread.run(Thread.java:818)
01-01 20:36:37.472  4148  4167 W RefreshDomainCookieTask: 	at com.google.android.apps.gsa.shared.util.concurrent.a.t$1.run(GsaThreadFactory.java:117)
01-01 20:36:37.472  4148  4167 W RefreshDomainCookieTask: Search parameters fetch failed
01-01 20:36:37.668  1788  1802 D ForegroundUtils: Process died; UID 1001 PID 3864
01-01 20:36:37.668  1788  1802 D ForegroundUtils: Foreground changed, PID: 3864 UID: 1001 foreground: false
01-01 20:36:37.668  1788  1802 D ForegroundUtils: Foreground UID/PID combinations:
01-01 20:36:37.703  4189  4189 I AnalyticsLogBase: PlayLogger.onLoggerConnected
01-01 20:36:37.721  4247  4247 W System  : ClassLoader referenced unknown path: /system/app/DriveActivator/lib/arm
01-01 20:36:37.752  4247  4247 D FingerprintProtector: This is not product version.
01-01 20:36:37.930  1120  1146 I LocationManagerService: remove 13ef47f
01-01 20:36:37.930  1788  1802 D ForegroundUtils: Process died; UID 10034 PID 3842
01-01 20:36:37.930  1120  1146 D LocationManagerService: provider request: passive ProviderRequest[ON interval=0]
01-01 20:36:37.930  1788  1802 D ForegroundUtils: Foreground changed, PID: 3842 UID: 10034 foreground: false
01-01 20:36:37.931  1788  1802 D ForegroundUtils: Foreground UID/PID combinations:
01-01 20:36:37.980  4265  4265 V DrmBroadcastReceiver: Receive ACTION_BOOT_COMPLETED
01-01 20:36:38.027  4265  4265 V DrmService: Service onCreate
01-01 20:36:38.029  4265  4265 D DrmService: Received new request = 4
01-01 20:36:38.032  4265  4265 I CAPP_DB_LOG: Creating new file  : /data/user/0/com.lge.drmservice/databases/drmPushNotification.db
01-01 20:36:38.032  4265  4265 I CAPP_DB_LOG: opened database address/path : 0xb899eae8, /data/user/0/com.lge.drmservice/databases/drmPushNotification.db
01-01 20:36:38.035  4265  4265 I CAPP_DB_LOG:   database address : 0xb899eae8, pragma journal_mode = PERSIST
01-01 20:36:38.036  4265  4265 I CAPP_DB_LOG:   database address : 0xb899eae8, pragma journal_size_limit = 524288
01-01 20:36:38.036  4265  4265 I CAPP_DB_LOG:   database address : 0xb899eae8, pragma wal_autocheckpoint = 100
01-01 20:36:38.070  4265  4265 I CAPP_DB_LOG:   database address : 0xb899eae8, pragma user_version = 1
01-01 20:36:38.070  4265  4265 I CAPP_DB_LOG: Receive a request for userversion change to 1
01-01 20:36:38.070  4265  4265 I CAPP_DB_LOG:   database address : 0xb899eae8, pragma user_version = 1
01-01 20:36:38.070  4265  4265 I CAPP_DB_LOG: Receive a request for userversion change to 1
01-01 20:36:38.094  4265  4265 D DrmServiceHandler: updateDrmPushNotification() : No notification
01-01 20:36:38.094  4265  4265 I CAPP_DB_LOG: closed database address/path : 0xb899eae8, /data/user/0/com.lge.drmservice/databases/drmPushNotification.db
01-01 20:36:38.095  4265  4265 D DrmService: Completed !! request = 4
01-01 20:36:38.095  4265  4265 D DrmService: Request count = 0
01-01 20:36:38.138  4265  4265 V DrmService: Service onDestroy
01-01 20:36:38.159  4279  4279 W System  : ClassLoader referenced unknown path: /system/app/EasyRoaming/lib/arm
01-01 20:36:38.172  4279  4279 D FingerprintProtector: This is not product version.
01-01 20:36:38.187  1788  1803 D ForegroundUtils: Process died; UID 10038 PID 3965
01-01 20:36:38.187  1788  1803 D ForegroundUtils: Foreground changed, PID: 3965 UID: 10038 foreground: false
01-01 20:36:38.187  1788  1803 D ForegroundUtils: Foreground UID/PID combinations:
01-01 20:36:38.400  4293  4293 W System  : ClassLoader referenced unknown path: /system/app/Gmail2/lib/arm
01-01 20:36:38.455  4214  4214 I CalendarProvider2: Sending notification intent: Intent { act=android.intent.action.PROVIDER_CHANGED dat=content://com.android.calendar flg=0x20000000 }
01-01 20:36:38.455  4214  4214 W ContentResolver: Failed to get type for: content://com.android.calendar (Unknown URL content://com.android.calendar)
01-01 20:36:38.485  4293  4293 W EasBundling: in EasBundling.init, isBundlingEnabled=false
01-01 20:36:38.507  1788  1803 D ForegroundUtils: Process died; UID 10040 PID 3998
01-01 20:36:38.507  1788  1803 D ForegroundUtils: Foreground changed, PID: 3998 UID: 10040 foreground: false
01-01 20:36:38.507  1788  1803 D ForegroundUtils: Foreground UID/PID combinations:
01-01 20:36:38.509  4293  4309 I Gmail   : getAccountsCursor
01-01 20:36:38.523  2125  2125 I Auth    : [AuthDelegateWrapper] Service intent: Intent { cmp=com.google.android.gms/.auth.account.authenticator.DefaultAuthDelegateService }.
01-01 20:36:38.524  2125  2125 I Auth    : [AuthDelegateWrapper] Service intent: Intent { cmp=com.google.android.gms/.auth.account.authenticator.DefaultAuthDelegateService }.
01-01 20:36:38.621  4293  4293 D FingerprintProtector: This is not product version.
01-01 20:36:38.627  4293  4310 I CAPP_DB_LOG: Open existing file : /data/user/0/com.google.android.gm/databases/EmailProvider.db
01-01 20:36:38.627  4293  4310 I CAPP_DB_LOG: opened database address/path : 0xb8a8cc40, /data/user/0/com.google.android.gm/databases/EmailProvider.db
01-01 20:36:38.636  4293  4310 I CAPP_DB_LOG:   database address : 0xb8a8cc40, pragma journal_mode = PERSIST
01-01 20:36:38.637  4293  4310 I CAPP_DB_LOG:   database address : 0xb8a8cc40, pragma journal_size_limit = 524288
01-01 20:36:38.638  4293  4310 I CAPP_DB_LOG:   database address : 0xb8a8cc40, pragma wal_autocheckpoint = 100
01-01 20:36:38.646  4293  4310 I CAPP_DB_LOG: Open existing file : /data/user/0/com.google.android.gm/databases/EmailProviderBody.db
01-01 20:36:38.647  4293  4310 I CAPP_DB_LOG: opened database address/path : 0xb8abaff0, /data/user/0/com.google.android.gm/databases/EmailProviderBody.db
01-01 20:36:38.648  4293  4293 W GAV2    : Thread[main,5,main]: Need to call initialize() and be in fallback mode to start dispatch.
01-01 20:36:38.649  4293  4310 I CAPP_DB_LOG:   database address : 0xb8abaff0, pragma journal_mode = PERSIST
01-01 20:36:38.649  4293  4310 I CAPP_DB_LOG:   database address : 0xb8abaff0, pragma journal_size_limit = 524288
01-01 20:36:38.649  4293  4310 I CAPP_DB_LOG:   database address : 0xb8abaff0, pragma wal_autocheckpoint = 100
01-01 20:36:38.651  4293  4310 I CAPP_DB_LOG: Open existing file : /data/user/0/com.google.android.gm/databases/EmailProviderBody.db
01-01 20:36:38.660  4293  4310 I Gmail   : Initiated Service map for: [gPop3, gLegacyImap, gEas, gmail]
01-01 20:36:38.734  4293  4312 W art     : Long monitor contention event with owner method=dalvik.system.BlockGuard$Policy dalvik.system.BlockGuard.getThreadPolicy() from BlockGuard.java:139 waiters=0 for 110ms
01-01 20:36:38.751  4293  4318 I EasBundling: unable to resolve service for intent=Intent { act=com.google.android.gm.email.EXCHANGE_INTENT pkg=com.google.android.gm.exchange }
01-01 20:36:38.758  4293  4320 I Gmail   : No Email application installed
01-01 20:36:38.758  4293  4320 I EmailMigration: No data to migrate
01-01 20:36:38.758  4293  4312 I EasBundling: unable to resolve service for intent=Intent { act=com.google.android.gm.email.EXCHANGE_INTENT pkg=com.google.android.gm.exchange }
01-01 20:36:38.758  4293  4312 W EasBundling: WARNING: disabling EasAuthenticatorService. EAS accounts will be deleted!
01-01 20:36:38.758  4293  4319 I Gmail   : Observing account changes for notifications
01-01 20:36:38.762  4293  4320 W EmailMigration: No Exchange migration, not the right Email provider version
01-01 20:36:38.769  4293  4322 I Gmail   : getAccountsCursor
01-01 20:36:38.775  2125  2125 I Auth    : [AuthDelegateWrapper] Service intent: Intent { cmp=com.google.android.gms/.auth.account.authenticator.DefaultAuthDelegateService }.
01-01 20:36:38.786  2125  2125 I Auth    : [AuthDelegateWrapper] Service intent: Intent { cmp=com.google.android.gms/.auth.account.authenticator.DefaultAuthDelegateService }.
01-01 20:36:38.796  2125  2125 I Auth    : [AuthDelegateWrapper] Service intent: Intent { cmp=com.google.android.gms/.auth.account.authenticator.DefaultAuthDelegateService }.
01-01 20:36:38.805  4293  4327 I Gmail   : getAccountsCursor
01-01 20:36:38.846  4293  4325 I Gmail   : Onetime initialization: 1
01-01 20:36:38.851  4293  4325 I Gmail   : Onetime initialization: 2
01-01 20:36:38.863  4293  4325 I Gmail   : Onetime initialization: completed.
01-01 20:36:38.864  4293  4343 I Gmail   : getAccountsCursor
01-01 20:36:38.887  4293  4325 I EasBundling: unable to resolve service for intent=Intent { act=com.google.android.gm.email.EXCHANGE_INTENT pkg=com.google.android.gm.exchange }
01-01 20:36:38.887  4293  4325 W EasBundling: WARNING: disabling EasAuthenticatorService. EAS accounts will be deleted!
01-01 20:36:38.888  2125  2125 I Auth    : [AuthDelegateWrapper] Service intent: Intent { cmp=com.google.android.gms/.auth.account.authenticator.DefaultAuthDelegateService }.
01-01 20:36:38.900  4328  4328 W System  : ClassLoader referenced unknown path: /system/app/GoogleContactsSyncAdapter/lib/arm
01-01 20:36:38.933  1788  1803 D ForegroundUtils: Process died; UID 10046 PID 4014
01-01 20:36:38.933  1788  1803 D ForegroundUtils: Foreground changed, PID: 4014 UID: 10046 foreground: false
01-01 20:36:38.933  1788  1803 D ForegroundUtils: Foreground UID/PID combinations:
01-01 20:36:38.939  4328  4328 D FingerprintProtector: This is not product version.
01-01 20:36:38.986  2664  3814 I Icing   : Indexing done EF8F739A72E285F1D4AB9A4C35C12A8A2BF44510
01-01 20:36:39.036  1714  2078 D LGContactsProvider3: lg queryLocal isSecretMode: false , include secret param = null
01-01 20:36:39.036  1714  2078 D LGContactsProvider3: callingPackage: com.google.android.syncadapters.contacts, lg queryLocal query: content://com.android.contacts/groups
01-01 20:36:39.036  1714  2078 D LGContactsProvider3: lg queryLocal match: 10000
01-01 20:36:39.037  1714  2078 D LGContactsProvider3: appendWhereRestricted table name: view_groups
01-01 20:36:39.037  1714  2078 D LGContactsProvider3: SELECT system_id, title, account_name, auto_add, favorites, _id, sourceid, group_is_read_only FROM view_groups WHERE (1) AND (account_type=? AND data_set IS NULL) ORDER BY _id
01-01 20:36:39.039  1788  1803 D ForegroundUtils: Process died; UID 10044 PID 4028
01-01 20:36:39.039  1788  1803 D ForegroundUtils: Foreground changed, PID: 4028 UID: 10044 foreground: false
01-01 20:36:39.039  1788  1803 D ForegroundUtils: Foreground UID/PID combinations:
01-01 20:36:39.060  4346  4346 W System  : ClassLoader referenced unknown path: /system/app/HiddenMenu/lib/arm
01-01 20:36:39.080  1788  1803 D ForegroundUtils: Process died; UID 1000 PID 4043
01-01 20:36:39.080  1788  1803 D ForegroundUtils: Foreground changed, PID: 4043 UID: 1000 foreground: false
01-01 20:36:39.080  1788  1803 D ForegroundUtils: Foreground UID/PID combinations:
01-01 20:36:39.094  4346  4346 D DeviceFakeMode: onReceive
01-01 20:36:39.095  4346  4346 D DeviceFakeMode: Not supported Fake Device. This device doesn't suppot Medusa!!
01-01 20:36:39.190  1788  1803 D ForegroundUtils: Process died; UID 10048 PID 4074
01-01 20:36:39.190  1788  1803 D ForegroundUtils: Foreground changed, PID: 4074 UID: 10048 foreground: false
01-01 20:36:39.190  1788  1803 D ForegroundUtils: Foreground UID/PID combinations:
01-01 20:36:39.207  4362  4362 W System  : ClassLoader referenced unknown path: /system/app/LGFOTA/lib/arm
01-01 20:36:39.212  4362  4362 D TARGETVALIDLATION_RECEIVER: TargetValidationReceiver_ACTION_BOOT_COMPLETETED Received
01-01 20:36:39.212  4362  4362 D TARGETVALIDLATION_RECEIVER: updateFlag = new File(TARGET_FLAG_PATH)
01-01 20:36:39.213  4362  4362 D TARGETVALIDLATION_RECEIVER: Do Not display result dialog. it is not used Update Tool!!
01-01 20:36:39.315  1788  1803 D ForegroundUtils: Process died; UID 10010 PID 2664
01-01 20:36:39.316  1788  1803 D ForegroundUtils: Foreground changed, PID: 2664 UID: 10010 foreground: false
01-01 20:36:39.316  1788  1803 D ForegroundUtils: Foreground UID/PID combinations:
01-01 20:36:39.336  4376  4376 W System  : ClassLoader referenced unknown path: /system/app/Hangouts/lib/arm
01-01 20:36:40.126  4376  4376 I Babel_telephony: TeleModule.onApplicationCreate
01-01 20:36:40.241  4376  4376 D BabelGcmRegistration: requestGcmRegistrationId
01-01 20:36:40.328  4376  4403 I Babel_SMS: MmsConfig: mnc/mcc: 0/0
01-01 20:36:40.328  4376  4403 I Babel_SMS: MmsConfig.loadMmsSettings
01-01 20:36:40.352  4376  4376 I Babel_Crash: Startup - clean
01-01 20:36:40.359  4376  4403 I Babel_SMS: MmsConfig.loadDeviceMmsSettings from API: mUserAgent=MMSClient/1.2 Android/4.0 LG-F820L, mUaProfUrl=http://gsm.lge.com/html/gsm/LG-F820L.xml
01-01 20:36:40.359  4376  4403 I Babel_SMS: MmsConfig.loadFromDatabase
01-01 20:36:40.377  4376  4403 I CAPP_DB_LOG: Creating new file  : /data/user/0/com.google.android.talk/databases/apn.db
01-01 20:36:40.378  4376  4403 I CAPP_DB_LOG: opened database address/path : 0xb8aa5c38, /data/user/0/com.google.android.talk/databases/apn.db
01-01 20:36:40.386  4376  4403 I CAPP_DB_LOG:   database address : 0xb8aa5c38, pragma journal_mode = PERSIST
01-01 20:36:40.386  4376  4403 I CAPP_DB_LOG:   database address : 0xb8aa5c38, pragma journal_size_limit = 524288
01-01 20:36:40.386  4376  4403 I CAPP_DB_LOG:   database address : 0xb8aa5c38, pragma wal_autocheckpoint = 100
01-01 20:36:40.417  4404  4404 W System  : ClassLoader referenced unknown path: /system/priv-app/GmsCore/lib/arm
01-01 20:36:40.435  4404  4404 I MultiDex: VM with version 2.1.0 has multidex support
01-01 20:36:40.436  4404  4404 I MultiDex: install
01-01 20:36:40.436  4404  4404 I MultiDex: VM has multidex support, MultiDex support library is disabled.
01-01 20:36:40.465  4404  4404 D FingerprintProtector: This is not product version.
01-01 20:36:40.512  4404  4404 W linker  : /system/priv-app/GmsCore/GmsCore.apk: unused DT entry: type 0x7ffffffd arg 0x4ed
01-01 20:36:40.532  4404  4404 W linker  : /system/priv-app/GmsCore/GmsCore.apk: unused DT entry: type 0x1d arg 0xef
01-01 20:36:40.532  4404  4404 W linker  : /system/priv-app/GmsCore/GmsCore.apk: unused DT entry: type 0x7ffffffd arg 0x1da
01-01 20:36:40.541  4404  4404 V JNIHelp : Registering com/google/android/gms/org/conscrypt/NativeCrypto's 254 native methods...
01-01 20:36:40.573  4404  4404 I ProviderInstaller: Installed default security provider GmsCore_OpenSSL
01-01 20:36:40.600  4404  4404 D ChimeraCfgMgr: Reading stored module config
01-01 20:36:40.626  4404  4420 D NativeLibraryUtils: Install completed successfully. count=12 extracted=0
01-01 20:36:40.643  4404  4404 D GCM     : COMPAT: Enabling multi user even though supportsMultipleUsers=false
01-01 20:36:40.645  4404  4404 D GCM     : COMPAT: Multi user ser=0 current=0
01-01 20:36:40.655  2125  4424 D GCM     : GcmService start Intent { act=com.google.android.c2dm.intent.REGISTER pkg=com.google.android.gms cmp=com.google.android.gms/.gcm.GcmService (has extras) } com.google.android.c2dm.intent.REGISTER
01-01 20:36:40.666  2125  4424 E GCM     : Missing checkin config file
01-01 20:36:40.666  2125  4424 W GCM     : GCM FAILED TO INITIALIZE - missing checkin
01-01 20:36:40.828  4376  4403 I CAPP_DB_LOG:   database address : 0xb8aa5c38, pragma user_version = 2
01-01 20:36:40.828  4376  4403 I CAPP_DB_LOG: Receive a request for userversion change to 2
01-01 20:36:40.828  4376  4403 I CAPP_DB_LOG:   database address : 0xb8aa5c38, pragma user_version = 2
01-01 20:36:40.828  4376  4403 I CAPP_DB_LOG: Receive a request for userversion change to 2
01-01 20:36:40.853  4376  4376 W art     : Long monitor contention event with owner method=java.lang.Object ilh.d(java.lang.Class) from SourceFile:399 waiters=0 for 484ms
01-01 20:36:40.856  4376  4403 E Babel_SMS: canonicalizeMccMnc: invalid mccmnc 
01-01 20:36:40.856  4376  4403 I Babel_SMS: MmsConfig.loadFromResources
01-01 20:36:40.857  4376  4403 E Babel_SMS: canonicalizeMccMnc: invalid mccmnc nullnull
01-01 20:36:40.858  4376  4403 I Babel_SMS: MmsConfig.loadMmsSettings: mUserAgent=MMSClient/1.2 Android/4.0 LG-F820L, mUaProfUrl=http://gsm.lge.com/html/gsm/LG-F820L.xml
01-01 20:36:40.934  4376  4376 D FingerprintProtector: This is not product version.
01-01 20:36:40.950  4376  4376 W Babel   : On boot, found 0 ready accounts
01-01 20:36:41.050  1788  1803 D ForegroundUtils: Process died; UID 10018 PID 3668
01-01 20:36:41.050  1788  1803 D ForegroundUtils: Foreground changed, PID: 3668 UID: 10018 foreground: false
01-01 20:36:41.050  1788  1803 D ForegroundUtils: Foreground UID/PID combinations:
01-01 20:36:41.052  4376  4401 W BabelGcmRegistration: Error registering for GCM
01-01 20:36:41.060  4376  4376 D Babel   : onCreate: Shutdown runnable posted in onCreate with a delay of 5000 ms.
01-01 20:36:41.087  4429  4429 W System  : ClassLoader referenced unknown path: /system/app/LGLockScreenSettings_2/lib/arm
01-01 20:36:41.090  4376  4401 W BabelGcmRegistration: java.io.IOException: AUTHENTICATION_FAILED
01-01 20:36:41.090  4376  4401 W BabelGcmRegistration: 	at fyp.a(Unknown Source)
01-01 20:36:41.090  4376  4401 W BabelGcmRegistration: 	at gzn.a(SourceFile:38)
01-01 20:36:41.090  4376  4401 W BabelGcmRegistration: 	at dwu.a(SourceFile:353)
01-01 20:36:41.090  4376  4401 W BabelGcmRegistration: 	at dwu.doInBackground(SourceFile:348)
01-01 20:36:41.090  4376  4401 W BabelGcmRegistration: 	at android.os.AsyncTask$2.call(AsyncTask.java:295)
01-01 20:36:41.090  4376  4401 W BabelGcmRegistration: 	at java.util.concurrent.FutureTask.run(FutureTask.java:237)
01-01 20:36:41.090  4376  4401 W BabelGcmRegistration: 	at android.os.AsyncTask$SerialExecutor$1.run(AsyncTask.java:234)
01-01 20:36:41.090  4376  4401 W BabelGcmRegistration: 	at java.util.concurrent.ThreadPoolExecutor.runWorker(ThreadPoolExecutor.java:1113)
01-01 20:36:41.090  4376  4401 W BabelGcmRegistration: 	at java.util.concurrent.ThreadPoolExecutor$Worker.run(ThreadPoolExecutor.java:588)
01-01 20:36:41.090  4376  4401 W BabelGcmRegistration: 	at java.lang.Thread.run(Thread.java:818)
01-01 20:36:41.118  4376  4376 W System  : ClassLoader referenced unknown path: /system/priv-app/GmsCore/lib/arm
01-01 20:36:41.142  4429  4429 I LockScreenSettings: Received Broadcast : android.intent.action.BOOT_COMPLETED
01-01 20:36:41.145  4429  4429 I LockScreenSettings: Wallpaper base directory = /data/user/0/com.lge.lockscreensettings/files/
01-01 20:36:41.188  4376  4376 W linker  : /system/priv-app/GmsCore/GmsCore.apk: unused DT entry: type 0x7ffffffd arg 0x4ed
01-01 20:36:41.202  4376  4446 I Babel   : BAM created 0
01-01 20:36:41.228  4376  4376 W linker  : /system/priv-app/GmsCore/GmsCore.apk: unused DT entry: type 0x1d arg 0xef
01-01 20:36:41.228  4376  4376 W linker  : /system/priv-app/GmsCore/GmsCore.apk: unused DT entry: type 0x7ffffffd arg 0x1da
01-01 20:36:41.241  4376  4376 V JNIHelp : Registering com/google/android/gms/org/conscrypt/NativeCrypto's 254 native methods...
01-01 20:36:41.243  1788  1803 D ForegroundUtils: Process died; UID 1000 PID 4092
01-01 20:36:41.243  1788  1803 D ForegroundUtils: Foreground changed, PID: 4092 UID: 1000 foreground: false
01-01 20:36:41.243  1788  1803 D ForegroundUtils: Foreground UID/PID combinations:
01-01 20:36:41.246  1853  1853 W System  : ClassLoader referenced unknown path: /system/app/LGStk/lib/arm
01-01 20:36:41.277  4376  4446 I Babel   : BAM#account updated: 0
01-01 20:36:41.277  4376  4446 I Babel_StickerModule: Account change update: 0
01-01 20:36:41.277  4376  4446 W Babel_StickerModule: Null account update.
01-01 20:36:41.278  4376  4376 I ProviderInstaller: Installed default security provider GmsCore_OpenSSL
01-01 20:36:41.325  4376  4446 D BabelGcmRegistration: requestGcmRegistrationId
01-01 20:36:41.357  4376  4449 I CAPP_DB_LOG: Creating new file  : /data/user/0/com.google.android.talk/databases/message_store.db
01-01 20:36:41.358  4376  4449 I CAPP_DB_LOG: opened database address/path : 0xb8b33838, /data/user/0/com.google.android.talk/databases/message_store.db
01-01 20:36:41.363  4376  4449 I CAPP_DB_LOG:   database address : 0xb8b33838, pragma journal_mode = PERSIST
01-01 20:36:41.363  4376  4449 I CAPP_DB_LOG:   database address : 0xb8b33838, pragma journal_size_limit = 524288
01-01 20:36:41.364  4376  4449 I CAPP_DB_LOG:   database address : 0xb8b33838, pragma wal_autocheckpoint = 100
01-01 20:36:41.368  2125  4467 D GCM     : GcmService start Intent { act=com.google.android.c2dm.intent.REGISTER pkg=com.google.android.gms cmp=com.google.android.gms/.gcm.GcmService (has extras) } com.google.android.c2dm.intent.REGISTER
01-01 20:36:41.380  2125  4467 E GCM     : Missing checkin config file
01-01 20:36:41.380  2125  4467 W GCM     : GCM FAILED TO INITIALIZE - missing checkin
01-01 20:36:41.382  4376  4455 W BabelGcmRegistration: Error registering for GCM
01-01 20:36:41.382  4376  4455 W BabelGcmRegistration: java.io.IOException: AUTHENTICATION_FAILED
01-01 20:36:41.382  4376  4455 W BabelGcmRegistration: 	at fyp.a(Unknown Source)
01-01 20:36:41.382  4376  4455 W BabelGcmRegistration: 	at gzn.a(SourceFile:38)
01-01 20:36:41.382  4376  4455 W BabelGcmRegistration: 	at dwu.a(SourceFile:353)
01-01 20:36:41.382  4376  4455 W BabelGcmRegistration: 	at dwu.doInBackground(SourceFile:348)
01-01 20:36:41.382  4376  4455 W BabelGcmRegistration: 	at android.os.AsyncTask$2.call(AsyncTask.java:295)
01-01 20:36:41.382  4376  4455 W BabelGcmRegistration: 	at java.util.concurrent.FutureTask.run(FutureTask.java:237)
01-01 20:36:41.382  4376  4455 W BabelGcmRegistration: 	at android.os.AsyncTask$SerialExecutor$1.run(AsyncTask.java:234)
01-01 20:36:41.382  4376  4455 W BabelGcmRegistration: 	at java.util.concurrent.ThreadPoolExecutor.runWorker(ThreadPoolExecutor.java:1113)
01-01 20:36:41.382  4376  4455 W BabelGcmRegistration: 	at java.util.concurrent.ThreadPoolExecutor$Worker.run(ThreadPoolExecutor.java:588)
01-01 20:36:41.382  4376  4455 W BabelGcmRegistration: 	at java.lang.Thread.run(Thread.java:818)
01-01 20:36:41.396  4376  4449 I CAPP_DB_LOG:   database address : 0xb8b33838, pragma user_version = 60
01-01 20:36:41.397  4376  4449 I CAPP_DB_LOG: Receive a request for userversion change to 60
01-01 20:36:41.397  4376  4449 I CAPP_DB_LOG:   database address : 0xb8b33838, pragma user_version = 60
01-01 20:36:41.397  4376  4449 I CAPP_DB_LOG: Receive a request for userversion change to 60
01-01 20:36:41.397  4450  4450 D FingerprintProtector: This is not product version.
01-01 20:36:41.402  4450  4450 D ArmLog  : com.lgt.arm.receiver.ArmReciever@c1ee9e6 onReceive : ACTION [android.intent.action.BOOT_COMPLETED]
01-01 20:36:41.543  1788  1802 D ForegroundUtils: Process died; UID 10060 PID 4108
01-01 20:36:41.543  1788  1802 D ForegroundUtils: Foreground changed, PID: 4108 UID: 10060 foreground: false
01-01 20:36:41.543  1788  1802 D ForegroundUtils: Foreground UID/PID combinations:
01-01 20:36:41.551  4376  4376 D Babel   : Idle: Shutdown runnable posted in release with a delay of 5000 ms.
01-01 20:36:41.561  4469  4469 D FingerprintProtector: This is not product version.
01-01 20:36:41.564  4483  4483 W System  : ClassLoader referenced unknown path: /system/app/MTKThermalManager/lib/arm
01-01 20:36:41.569  4483  4483 D @M_thermalmanager.ServiceStarter: onReceiver()
01-01 20:36:41.569  4483  4483 D @M_thermalmanager.ServiceStarter: onReceiver() android.intent.action.BOOT_COMPLETED
01-01 20:36:41.653  1788  1803 D ForegroundUtils: Process died; UID 1000 PID 4133
01-01 20:36:41.653  1788  1803 D ForegroundUtils: Foreground changed, PID: 4133 UID: 1000 foreground: false
01-01 20:36:41.653  1788  1803 D ForegroundUtils: Foreground UID/PID combinations:
01-01 20:36:41.662   584   584 W MTK_FG  : fd < 0, init first!
01-01 20:36:41.662   584   584 E MTK_FG  : open fd failed, error = Permission denied
01-01 20:36:41.662   584   584 E MTK_FG  : init failed, return!
01-01 20:36:41.662   584   584 W MTK_FG  : fd < 0, init first!
01-01 20:36:41.662   584   584 E MTK_FG  : open fd failed, error = Permission denied
01-01 20:36:41.662   584   584 E MTK_FG  : init failed, return!
01-01 20:36:41.663   584   584 W MTK_FG  : fd < 0, init first!
01-01 20:36:41.663   584   584 E MTK_FG  : open fd failed, error = Permission denied
01-01 20:36:41.663   584   584 E MTK_FG  : init failed, return!
01-01 20:36:41.663   584   584 W MTK_FG  : fd < 0, init first!
01-01 20:36:41.663   584   584 E MTK_FG  : open fd failed, error = Permission denied
01-01 20:36:41.663   584   584 E MTK_FG  : init failed, return!
01-01 20:36:41.663   584   584 W MTK_FG  : fd < 0, init first!
01-01 20:36:41.663   584   584 E MTK_FG  : open fd failed, error = Permission denied
01-01 20:36:41.663   584   584 E MTK_FG  : init failed, return!
01-01 20:36:41.663   584   584 W MTK_FG  : fd < 0, init first!
01-01 20:36:41.663   584   584 E MTK_FG  : open fd failed, error = Permission denied
01-01 20:36:41.663   584   584 E MTK_FG  : init failed, return!
01-01 20:36:41.663   584   584 W MTK_FG  : fd < 0, init first!
01-01 20:36:41.664   584   584 E MTK_FG  : open fd failed, error = Permission denied
01-01 20:36:41.664   584   584 E MTK_FG  : init failed, return!
01-01 20:36:41.664   584   584 W MTK_FG  : fd < 0, init first!
01-01 20:36:41.664   584   584 E MTK_FG  : open fd failed, error = Permission denied
01-01 20:36:41.664   584   584 E MTK_FG  : init failed, return!
01-01 20:36:41.664   584   584 W MTK_FG  : fd < 0, init first!
01-01 20:36:41.664   584   584 E MTK_FG  : open fd failed, error = Permission denied
01-01 20:36:41.664   584   584 E MTK_FG  : init failed, return!
01-01 20:36:41.664   584   584 W MTK_FG  : fd < 0, init first!
01-01 20:36:41.664   584   584 E MTK_FG  : open fd failed, error = Permission denied
01-01 20:36:41.664   584   584 E MTK_FG  : init failed, return!
01-01 20:36:41.665   584   584 W MTK_FG  : fd < 0, init first!
01-01 20:36:41.665   584   584 E MTK_FG  : open fd failed, error = Permission denied
01-01 20:36:41.665   584   584 E MTK_FG  : init failed, return!
01-01 20:36:41.669   584   584 W MTK_FG  : fd < 0, init first!
01-01 20:36:41.669   584   584 E MTK_FG  : open fd failed, error = Permission denied
01-01 20:36:41.669   584   584 E MTK_FG  : init failed, return!
01-01 20:36:41.670   584   584 W MTK_FG  : fd < 0, init first!
01-01 20:36:41.670   584   584 E MTK_FG  : open fd failed, error = Permission denied
01-01 20:36:41.670   584   584 E MTK_FG  : init failed, return!
01-01 20:36:41.670   584   584 W MTK_FG  : fd < 0, init first!
01-01 20:36:41.670   584   584 E MTK_FG  : open fd failed, error = Permission denied
01-01 20:36:41.670   584   584 E MTK_FG  : init failed, return!
01-01 20:36:41.670   584   584 W MTK_FG  : fd < 0, init first!
01-01 20:36:41.670   584   584 E MTK_FG  : open fd failed, error = Permission denied
01-01 20:36:41.670   584   584 E MTK_FG  : init failed, return!
01-01 20:36:41.670   584   584 W MTK_FG  : fd < 0, init first!
01-01 20:36:41.671   584   584 E MTK_FG  : open fd failed, error = Permission denied
01-01 20:36:41.671   584   584 E MTK_FG  : init failed, return!
01-01 20:36:41.671   584   584 W MTK_FG  : fd < 0, init first!
01-01 20:36:41.671   584   584 E MTK_FG  : open fd failed, error = Permission denied
01-01 20:36:41.671   584   584 E MTK_FG  : init failed, return!
01-01 20:36:41.672   584   584 W MTK_FG  : fd < 0, init first!
01-01 20:36:41.672   584   584 E MTK_FG  : open fd failed, error = Permission denied
01-01 20:36:41.672   584   584 E MTK_FG  : init failed, return!
01-01 20:36:41.672   584   584 W MTK_FG  : fd < 0, init first!
01-01 20:36:41.672   584   584 E MTK_FG  : open fd failed, error = Permission denied
01-01 20:36:41.672   584   584 E MTK_FG  : init failed, return!
01-01 20:36:41.672   584   584 W MTK_FG  : fd < 0, init first!
01-01 20:36:41.672   584   584 E MTK_FG  : open fd failed, error = Permission denied
01-01 20:36:41.672   584   584 E MTK_FG  : init failed, return!
01-01 20:36:41.672   584   584 W MTK_FG  : fd < 0, init first!
01-01 20:36:41.672   584   584 E MTK_FG  : open fd failed, error = Permission denied
01-01 20:36:41.672   584   584 E MTK_FG  : init failed, return!
01-01 20:36:41.672   584   584 W MTK_FG  : fd < 0, init first!
01-01 20:36:41.672   584   584 E MTK_FG  : open fd failed, error = Permission denied
01-01 20:36:41.672   584   584 E MTK_FG  : init failed, return!
01-01 20:36:41.672   584   584 W MTK_FG  : fd < 0, init first!
01-01 20:36:41.672   584   584 E MTK_FG  : open fd failed, error = Permission denied
01-01 20:36:41.672   584   584 E MTK_FG  : init failed, return!
01-01 20:36:41.673   584   584 W MTK_FG  : fd < 0, init first!
01-01 20:36:41.673   584   584 E MTK_FG  : open fd failed, error = Permission denied
01-01 20:36:41.673   584   584 E MTK_FG  : init failed, return!
01-01 20:36:41.673   584   584 W MTK_FG  : fd < 0, init first!
01-01 20:36:41.673   584   584 E MTK_FG  : open fd failed, error = Permission denied
01-01 20:36:41.673   584   584 E MTK_FG  : init failed, return!
01-01 20:36:41.673   584   584 W MTK_FG  : fd < 0, init first!
01-01 20:36:41.673   584   584 E MTK_FG  : open fd failed, error = Permission denied
01-01 20:36:41.673   584   584 E MTK_FG  : init failed, return!
01-01 20:36:41.673   584   584 W MTK_FG  : fd < 0, init first!
01-01 20:36:41.673   584   584 E MTK_FG  : open fd failed, error = Permission denied
01-01 20:36:41.673   584   584 E MTK_FG  : init failed, return!
01-01 20:36:41.673   584   584 W MTK_FG  : fd < 0, init first!
01-01 20:36:41.673   584   584 E MTK_FG  : open fd failed, error = Permission denied
01-01 20:36:41.673   584   584 E MTK_FG  : init failed, return!
01-01 20:36:41.674   584   584 W MTK_FG  : fd < 0, init first!
01-01 20:36:41.674   584   584 E MTK_FG  : open fd failed, error = Permission denied
01-01 20:36:41.674   584   584 E MTK_FG  : init failed, return!
01-01 20:36:41.674   584   584 W MTK_FG  : fd < 0, init first!
01-01 20:36:41.674   584   584 E MTK_FG  : open fd failed, error = Permission denied
01-01 20:36:41.674   584   584 E MTK_FG  : init failed, return!
01-01 20:36:41.674   584   584 W MTK_FG  : fd < 0, init first!
01-01 20:36:41.674   584   584 E MTK_FG  : open fd failed, error = Permission denied
01-01 20:36:41.674   584   584 E MTK_FG  : init failed, return!
01-01 20:36:41.674   584   584 W MTK_FG  : fd < 0, init first!
01-01 20:36:41.674   584   584 E MTK_FG  : open fd failed, error = Permission denied
01-01 20:36:41.674   584   584 E MTK_FG  : init failed, return!
01-01 20:36:41.674   584   584 W MTK_FG  : fd < 0, init first!
01-01 20:36:41.674   584   584 E MTK_FG  : open fd failed, error = Permission denied
01-01 20:36:41.674   584   584 E MTK_FG  : init failed, return!
01-01 20:36:41.674   584   584 W MTK_FG  : fd < 0, init first!
01-01 20:36:41.674   584   584 E MTK_FG  : open fd failed, error = Permission denied
01-01 20:36:41.675   584   584 E MTK_FG  : init failed, return!
01-01 20:36:41.675   584   584 W MTK_FG  : fd < 0, init first!
01-01 20:36:41.675   584   584 E MTK_FG  : open fd failed, error = Permission denied
01-01 20:36:41.675   584   584 E MTK_FG  : init failed, return!
01-01 20:36:41.675   584   584 W MTK_FG  : fd < 0, init first!
01-01 20:36:41.675   584   584 E MTK_FG  : open fd failed, error = Permission denied
01-01 20:36:41.675   584   584 E MTK_FG  : init failed, return!
01-01 20:36:41.675   584   584 W MTK_FG  : fd < 0, init first!
01-01 20:36:41.675   584   584 E MTK_FG  : open fd failed, error = Permission denied
01-01 20:36:41.675   584   584 E MTK_FG  : init failed, return!
01-01 20:36:41.675   584   584 W MTK_FG  : fd < 0, init first!
01-01 20:36:41.675   584   584 E MTK_FG  : open fd failed, error = Permission denied
01-01 20:36:41.675   584   584 E MTK_FG  : init failed, return!
01-01 20:36:41.675   584   584 W MTK_FG  : fd < 0, init first!
01-01 20:36:41.675   584   584 E MTK_FG  : open fd failed, error = Permission denied
01-01 20:36:41.675   584   584 E MTK_FG  : init failed, return!
01-01 20:36:41.675   584   584 W MTK_FG  : fd < 0, init first!
01-01 20:36:41.675   584   584 E MTK_FG  : open fd failed, error = Permission denied
01-01 20:36:41.676   584   584 E MTK_FG  : init failed, return!
01-01 20:36:41.676   584   584 W MTK_FG  : fd < 0, init first!
01-01 20:36:41.676   584   584 E MTK_FG  : open fd failed, error = Permission denied
01-01 20:36:41.676   584   584 E MTK_FG  : init failed, return!
01-01 20:36:41.676   584   584 W MTK_FG  : fd < 0, init first!
01-01 20:36:41.676   584   584 E MTK_FG  : open fd failed, error = Permission denied
01-01 20:36:41.676   584   584 E MTK_FG  : init failed, return!
01-01 20:36:41.676   584   584 W MTK_FG  : fd < 0, init first!
01-01 20:36:41.676   584   584 E MTK_FG  : open fd failed, error = Permission denied
01-01 20:36:41.676   584   584 E MTK_FG  : init failed, return!
01-01 20:36:41.676   584   584 W MTK_FG  : fd < 0, init first!
01-01 20:36:41.676   584   584 E MTK_FG  : open fd failed, error = Permission denied
01-01 20:36:41.676   584   584 E MTK_FG  : init failed, return!
01-01 20:36:41.676   584   584 W MTK_FG  : fd < 0, init first!
01-01 20:36:41.676   584   584 E MTK_FG  : open fd failed, error = Permission denied
01-01 20:36:41.676   584   584 E MTK_FG  : init failed, return!
01-01 20:36:41.676   584   584 W MTK_FG  : fd < 0, init first!
01-01 20:36:41.676   584   584 E MTK_FG  : open fd failed, error = Permission denied
01-01 20:36:41.676   584   584 E MTK_FG  : init failed, return!
01-01 20:36:41.676   584   584 W MTK_FG  : fd < 0, init first!
01-01 20:36:41.676   584   584 E MTK_FG  : open fd failed, error = Permission denied
01-01 20:36:41.677   584   584 E MTK_FG  : init failed, return!
01-01 20:36:41.677   584   584 W MTK_FG  : fd < 0, init first!
01-01 20:36:41.677   584   584 E MTK_FG  : open fd failed, error = Permission denied
01-01 20:36:41.677   584   584 E MTK_FG  : init failed, return!
01-01 20:36:41.677   584   584 W MTK_FG  : fd < 0, init first!
01-01 20:36:41.677   584   584 E MTK_FG  : open fd failed, error = Permission denied
01-01 20:36:41.677   584   584 E MTK_FG  : init failed, return!
01-01 20:36:41.677   584   584 W MTK_FG  : fd < 0, init first!
01-01 20:36:41.677   584   584 E MTK_FG  : open fd failed, error = Permission denied
01-01 20:36:41.677   584   584 E MTK_FG  : init failed, return!
01-01 20:36:41.677   584   584 W MTK_FG  : fd < 0, init first!
01-01 20:36:41.677   584   584 E MTK_FG  : open fd failed, error = Permission denied
01-01 20:36:41.677   584   584 E MTK_FG  : init failed, return!
01-01 20:36:41.677   584   584 W MTK_FG  : fd < 0, init first!
01-01 20:36:41.677   584   584 E MTK_FG  : open fd failed, error = Permission denied
01-01 20:36:41.677   584   584 E MTK_FG  : init failed, return!
01-01 20:36:41.677   584   584 W MTK_FG  : fd < 0, init first!
01-01 20:36:41.677   584   584 E MTK_FG  : open fd failed, error = Permission denied
01-01 20:36:41.677   584   584 E MTK_FG  : init failed, return!
01-01 20:36:41.677   584   584 W MTK_FG  : fd < 0, init first!
01-01 20:36:41.677   584   584 E MTK_FG  : open fd failed, error = Permission denied
01-01 20:36:41.678   584   584 E MTK_FG  : init failed, return!
01-01 20:36:41.678   584   584 W MTK_FG  : fd < 0, init first!
01-01 20:36:41.678   584   584 E MTK_FG  : open fd failed, error = Permission denied
01-01 20:36:41.678   584   584 E MTK_FG  : init failed, return!
01-01 20:36:41.678   584   584 W MTK_FG  : fd < 0, init first!
01-01 20:36:41.678   584   584 E MTK_FG  : open fd failed, error = Permission denied
01-01 20:36:41.678   584   584 E MTK_FG  : init failed, return!
01-01 20:36:41.678   584   584 W MTK_FG  : fd < 0, init first!
01-01 20:36:41.678   584   584 E MTK_FG  : open fd failed, error = Permission denied
01-01 20:36:41.678   584   584 E MTK_FG  : init failed, return!
01-01 20:36:41.678   584   584 W MTK_FG  : fd < 0, init first!
01-01 20:36:41.678   584   584 E MTK_FG  : open fd failed, error = Permission denied
01-01 20:36:41.678   584   584 E MTK_FG  : init failed, return!
01-01 20:36:41.679   584   584 W MTK_FG  : fd < 0, init first!
01-01 20:36:41.679   584   584 E MTK_FG  : open fd failed, error = Permission denied
01-01 20:36:41.679   584   584 E MTK_FG  : init failed, return!
01-01 20:36:41.679   584   584 W MTK_FG  : fd < 0, init first!
01-01 20:36:41.679   584   584 E MTK_FG  : open fd failed, error = Permission denied
01-01 20:36:41.679   584   584 E MTK_FG  : init failed, return!
01-01 20:36:41.679   584   584 W MTK_FG  : fd < 0, init first!
01-01 20:36:41.679   584   584 E MTK_FG  : open fd failed, error = Permission denied
01-01 20:36:41.679   584   584 E MTK_FG  : init failed, return!
01-01 20:36:41.679   584   584 W MTK_FG  : fd < 0, init first!
01-01 20:36:41.679   584   584 E MTK_FG  : open fd failed, error = Permission denied
01-01 20:36:41.680   584   584 E MTK_FG  : init failed, return!
01-01 20:36:41.680   584   584 W MTK_FG  : fd < 0, init first!
01-01 20:36:41.680   584   584 E MTK_FG  : open fd failed, error = Permission denied
01-01 20:36:41.680   584   584 E MTK_FG  : init failed, return!
01-01 20:36:41.680   584   584 W MTK_FG  : fd < 0, init first!
01-01 20:36:41.680   584   584 E MTK_FG  : open fd failed, error = Permission denied
01-01 20:36:41.680   584   584 E MTK_FG  : init failed, return!
01-01 20:36:41.680   584   584 W MTK_FG  : fd < 0, init first!
01-01 20:36:41.680   584   584 E MTK_FG  : open fd failed, error = Permission denied
01-01 20:36:41.680   584   584 E MTK_FG  : init failed, return!
01-01 20:36:41.680   584   584 W MTK_FG  : fd < 0, init first!
01-01 20:36:41.680   584   584 E MTK_FG  : open fd failed, error = Permission denied
01-01 20:36:41.680   584   584 E MTK_FG  : init failed, return!
01-01 20:36:41.680   584   584 W MTK_FG  : fd < 0, init first!
01-01 20:36:41.680   584   584 E MTK_FG  : open fd failed, error = Permission denied
01-01 20:36:41.680   584   584 E MTK_FG  : init failed, return!
01-01 20:36:41.680   584   584 W MTK_FG  : fd < 0, init first!
01-01 20:36:41.680   584   584 E MTK_FG  : open fd failed, error = Permission denied
01-01 20:36:41.680   584   584 E MTK_FG  : init failed, return!
01-01 20:36:41.680   584   584 W MTK_FG  : fd < 0, init first!
01-01 20:36:41.680   584   584 E MTK_FG  : open fd failed, error = Permission denied
01-01 20:36:41.681   584   584 E MTK_FG  : init failed, return!
01-01 20:36:41.681   584   584 W MTK_FG  : fd < 0, init first!
01-01 20:36:41.681   584   584 E MTK_FG  : open fd failed, error = Permission denied
01-01 20:36:41.681   584   584 E MTK_FG  : init failed, return!
01-01 20:36:41.681   584   584 W MTK_FG  : fd < 0, init first!
01-01 20:36:41.681   584   584 E MTK_FG  : open fd failed, error = Permission denied
01-01 20:36:41.681   584   584 E MTK_FG  : init failed, return!
01-01 20:36:41.681   584   584 W MTK_FG  : fd < 0, init first!
01-01 20:36:41.681   584   584 E MTK_FG  : open fd failed, error = Permission denied
01-01 20:36:41.681   584   584 E MTK_FG  : init failed, return!
01-01 20:36:41.682   584   584 W MTK_FG  : fd < 0, init first!
01-01 20:36:41.682   584   584 E MTK_FG  : open fd failed, error = Permission denied
01-01 20:36:41.682   584   584 E MTK_FG  : init failed, return!
01-01 20:36:41.682   584   584 W MTK_FG  : fd < 0, init first!
01-01 20:36:41.682   584   584 E MTK_FG  : open fd failed, error = Permission denied
01-01 20:36:41.682   584   584 E MTK_FG  : init failed, return!
01-01 20:36:41.682   584   584 W MTK_FG  : fd < 0, init first!
01-01 20:36:41.682   584   584 E MTK_FG  : open fd failed, error = Permission denied
01-01 20:36:41.682   584   584 E MTK_FG  : init failed, return!
01-01 20:36:41.682   584   584 W MTK_FG  : fd < 0, init first!
01-01 20:36:41.682   584   584 E MTK_FG  : open fd failed, error = Permission denied
01-01 20:36:41.682   584   584 E MTK_FG  : init failed, return!
01-01 20:36:41.682   584   584 W MTK_FG  : fd < 0, init first!
01-01 20:36:41.682   584   584 E MTK_FG  : open fd failed, error = Permission denied
01-01 20:36:41.682   584   584 E MTK_FG  : init failed, return!
01-01 20:36:41.683   584   584 W MTK_FG  : fd < 0, init first!
01-01 20:36:41.683   584   584 E MTK_FG  : open fd failed, error = Permission denied
01-01 20:36:41.683   584   584 E MTK_FG  : init failed, return!
01-01 20:36:41.683   584   584 W MTK_FG  : fd < 0, init first!
01-01 20:36:41.683   584   584 E MTK_FG  : open fd failed, error = Permission denied
01-01 20:36:41.683   584   584 E MTK_FG  : init failed, return!
01-01 20:36:41.683   584   584 W MTK_FG  : fd < 0, init first!
01-01 20:36:41.683   584   584 E MTK_FG  : open fd failed, error = Permission denied
01-01 20:36:41.683   584   584 E MTK_FG  : init failed, return!
01-01 20:36:41.684   584   584 W MTK_FG  : fd < 0, init first!
01-01 20:36:41.684   584   584 E MTK_FG  : open fd failed, error = Permission denied
01-01 20:36:41.684   584   584 E MTK_FG  : init failed, return!
01-01 20:36:41.684   584   584 W MTK_FG  : fd < 0, init first!
01-01 20:36:41.684   584   584 E MTK_FG  : open fd failed, error = Permission denied
01-01 20:36:41.684   584   584 E MTK_FG  : init failed, return!
01-01 20:36:41.684   584   584 W MTK_FG  : fd < 0, init first!
01-01 20:36:41.684   584   584 E MTK_FG  : open fd failed, error = Permission denied
01-01 20:36:41.684   584   584 E MTK_FG  : init failed, return!
01-01 20:36:41.684   584   584 W MTK_FG  : fd < 0, init first!
01-01 20:36:41.684   584   584 E MTK_FG  : open fd failed, error = Permission denied
01-01 20:36:41.685   584   584 E MTK_FG  : init failed, return!
01-01 20:36:41.685   584   584 W MTK_FG  : fd < 0, init first!
01-01 20:36:41.685   584   584 E MTK_FG  : open fd failed, error = Permission denied
01-01 20:36:41.685   584   584 E MTK_FG  : init failed, return!
01-01 20:36:41.685   584   584 W MTK_FG  : fd < 0, init first!
01-01 20:36:41.685  4497  4497 W System  : ClassLoader referenced unknown path: /system/app/UAppMarket/lib/arm
01-01 20:36:41.685   584   584 E MTK_FG  : open fd failed, error = Permission denied
01-01 20:36:41.685   584   584 E MTK_FG  : init failed, return!
01-01 20:36:41.691  1337  1337 D KeyguardUpdateMonitor: Intent.ACTION_BATTERYEX_CHANGED EXTRA_CHARGING_CURRENT : 0 / EXTRA_HVDCP_TYPE : false
01-01 20:36:41.691  1337  1337 I [SystemUI]LGPowerUI: onReceive = com.lge.android.intent.action.BATTERYEX
01-01 20:36:41.691  1337  1337 I [SystemUI]LGPowerUI: levelEx = 95, plugTypeEx = 2, chargingCurrent = 0
01-01 20:36:41.692  1337  1337 D KeyguardUpdateMonitor: Intent.ACTION_BATTERYEX_CHANGED EXTRA_CHARGING_CURRENT : 0 / EXTRA_HVDCP_TYPE : false
01-01 20:36:41.693  1337  1337 I [SystemUI]LGPowerUI: onReceive = com.lge.android.intent.action.BATTERYEX
01-01 20:36:41.693  1337  1337 I [SystemUI]LGPowerUI: levelEx = 95, plugTypeEx = 2, chargingCurrent = 0
01-01 20:36:41.695  1337  1337 D KeyguardUpdateMonitor: Intent.ACTION_BATTERYEX_CHANGED EXTRA_CHARGING_CURRENT : 0 / EXTRA_HVDCP_TYPE : false
01-01 20:36:41.695  1337  1337 I [SystemUI]LGPowerUI: onReceive = com.lge.android.intent.action.BATTERYEX
01-01 20:36:41.695  1337  1337 I [SystemUI]LGPowerUI: levelEx = 95, plugTypeEx = 2, chargingCurrent = 0
01-01 20:36:41.703  4497  4497 I MultiDex: VM with version 2.1.0 has multidex support
01-01 20:36:41.703  4497  4497 I MultiDex: install
01-01 20:36:41.703  4497  4497 I MultiDex: VM has multidex support, MultiDex support library is disabled.
01-01 20:36:41.703  4497  4497 I MultiDex: install
01-01 20:36:41.703  4497  4497 I MultiDex: VM has multidex support, MultiDex support library is disabled.
01-01 20:36:41.710  4497  4497 D FingerprintProtector: This is not product version.
01-01 20:36:41.975  4544  4544 D FingerprintProtector: This is not product version.
01-01 20:36:41.995  4544  4544 D AutoBackup: [StartReceiver] onReceive()[-1] >> ACTION_BOOT_COMPLETED...
01-01 20:36:42.042  4544  4544 D ONEID   : [StartReceiver] onReceive()[-1] >>    Agent  
01-01 20:36:42.076  4544  4544 D UBox    : [UBPermission] isAcceptedAllPermission()[-1] >> android.permission.READ_PHONE_STATE denied, this :class android.app.ReceiverRestrictedContext
01-01 20:36:42.097  4544  4544 D UBox    : [UBPermission] isAcceptedAllPermission()[-1] >> android.permission.READ_PHONE_STATE denied, this :class android.app.ReceiverRestrictedContext
01-01 20:36:42.097  4544  4544 E UBox    : [UBUtils] getCTNNumber()[-1] >> getCTNNumber sdk_int:23
01-01 20:36:42.137  4544  4544 I ksh     : [ServerUtil] checkPlayServices()[-1] >> resultCode = 0
01-01 20:36:42.144  4544  4544 D ONEID   : [AgentService] onCreate()[-1] >> [AgentService] onCreate()
01-01 20:36:42.151  4544  4544 D ONEID   : [AgentService] onCreate()[-1] >> [AgentService] onCreate() - mAutoUploader : null
01-01 20:36:42.164  4544  4544 D AutoBackup: [AutoUploadMgr] destroy()[-1] >> call uploadStop()
01-01 20:36:42.168  4544  4544 D AutoBackup: [AutoUploadMgr] uploadStop()[-1] >>      
01-01 20:36:42.321  4544  4544 D UBox    : [UBPermission] isAcceptedAllPermission()[-1] >> android.permission.READ_PHONE_STATE denied, this :class lg.uplusbox.agent.service.AgentService
01-01 20:36:42.322  4544  4544 E UBox    : [UBUtils] getCTNNumber()[-1] >> getCTNNumber sdk_int:23
01-01 20:36:42.323  4544  4544 D ksh     : [AlarmNoti] getTriggerTimeByCtn()[-1] >> ctn=010000000000, 0, 0
01-01 20:36:42.331  4544  4544 E ksh     : [AlarmNoti] registerCommonNoti()[-1] >>    : 2016-01-02 07:08:00
01-01 20:36:42.333  4544  4544 D ONEID   : [AgentService] onStart()[-1] >> [AgentService] onStart()
01-01 20:36:42.334  4544  4544 D ONEID   : [AgentService] onStart()[-1] >> [AgentService] onStart() - Action : null
01-01 20:36:42.336  4544  4544 E ONEID   : [AutoUploadMgr] tryLoginCheck()[-1] >> [AutoUploadMgr] : tryLoginCheck()
01-01 20:36:42.353  4544  4544 D ONEID   : [LoginMgr] login()[-1] >> Agent  
01-01 20:36:42.354  4544  4544 D ONEID   : [LoginMgr] login()[-1] >>  ID Agent  
01-01 20:36:42.354  4189  4228 W GAV2    : Thread[GAThread,5,main]: Service unavailable (code=1), will retry.
01-01 20:36:42.357  4544  4544 I CAPP_DB_LOG: Creating new file  : /data/user/0/lg.uplusbox/databases/lg_imory.db
01-01 20:36:42.358  4544  4544 I CAPP_DB_LOG: opened database address/path : 0xb8a5f480, /data/user/0/lg.uplusbox/databases/lg_imory.db
01-01 20:36:42.361  4544  4544 I CAPP_DB_LOG:   database address : 0xb8a5f480, pragma journal_mode = PERSIST
01-01 20:36:42.362  4544  4544 I CAPP_DB_LOG:   database address : 0xb8a5f480, pragma journal_size_limit = 524288
01-01 20:36:42.362  4544  4544 I CAPP_DB_LOG:   database address : 0xb8a5f480, pragma wal_autocheckpoint = 100
01-01 20:36:42.363  4189  4228 I GAV2    : Thread[GAThread,5,main]: No campaign data found.
01-01 20:36:42.387  4544  4544 I CAPP_DB_LOG:   database address : 0xb8a5f480, pragma user_version = 22
01-01 20:36:42.387  4544  4544 I CAPP_DB_LOG: Receive a request for userversion change to 22
01-01 20:36:42.387  4544  4544 I CAPP_DB_LOG:   database address : 0xb8a5f480, pragma user_version = 22
01-01 20:36:42.387  4544  4544 I CAPP_DB_LOG: Receive a request for userversion change to 22
01-01 20:36:42.442  4544  4544 D ONEID   : [AgentService] onStart()[-1] >> [AgentService] onStart() - tryLoginCheck result : 1
01-01 20:36:42.465  4544  4544 D UBox    : [UBPermission] isAcceptedAllPermission()[-1] >> android.permission.READ_PHONE_STATE denied, this :class lg.uplusbox.agent.service.AgentService
01-01 20:36:42.465  4544  4544 E UBox    : [UBBroadcastReceiver] onReceive()[-1] >> BroadcastReceiver permission is denied context:class lg.uplusbox.agent.service.AgentService, this :class lg.uplusbox.agent.service.BackupReceiver
01-01 20:36:42.466  4544  4544 E UBox    : [BackupReceiver] onReceive()[-1] >> permission is denied, just return
01-01 20:36:42.466  4544  4544 E AutoBackup: [BackupReceiver] onReceive()[-1] >>      
01-01 20:36:42.466  4544  4544 D AutoBackup: [AutoUploadMgr] uploadStop()[-1] >>      
01-01 20:36:42.467  4544  4544 D UBox    : [UBPermission] isAcceptedAllPermission()[-1] >> android.permission.READ_PHONE_STATE denied, this :class lg.uplusbox.agent.service.AgentService
01-01 20:36:42.468  4544  4544 E UBox    : [UBBroadcastReceiver] onReceive()[-1] >> BroadcastReceiver permission is denied context:class lg.uplusbox.agent.service.AgentService, this :class lg.uplusbox.agent.service.AutoUploadMgr$3
01-01 20:36:42.470  4544  4544 E AutoBackup: [AutoUploadMgr$3] onReceive()[-1] >> getUploadStatus = false.   
