01-01 20:36:34.314  3668  3706 V LGMediaProvider: [MediaScanner] insertFile: values=protected_type=0 burst_id=null bucket_display_name=ui is_ringtone=false duration=1031 format=47362 album_artist=null mime_type=application/ogg album_id=4 is_podcast=false is_music=true folder_id=4 is_lock=0 is_drm=false voicerecorder_info=null storage_type=65537 _display_name=voicesound_whisky.ogg composer=null is_hifi=0 bucket_id=78638153 artist_id=2 longitude=null is_notification=false date_modified=1466749349 parent=57 index_key=v storage_id=0 media_type=2 title=voicesound_whisky track=0 _size=19899 _data=/system/media/audio/ui/voicesound_whisky.ogg date_added=1451680594 latitude=null is_alarm=false title_key=
01-01 20:36:34.314  3668  3706 V LGMediaProvider:  returned: 180
01-01 20:36:34.314  3668  3706 V LGMediaProvider: [MediaScanner] insertInternal: content://media/internal/audio/media, initValues=album=ui protected_type=0 is_ringtone=false duration=200 album_artist=null mime_type=application/ogg genre=null is_podcast=false is_music=true is_drm=false is_lock=0 voicerecorder_info=null composer=null is_hifi=0 compilation=0 longitude=null is_notification=false date_modified=1466749349 artist=<unknown> _data=/system/media/audio/ui/volume_key.ogg title=volume_key _size=6883 track=0 latitude=null is_alarm=false
01-01 20:36:34.315  3668  3706 V LGMediaProvider: [MediaScanner] path : /system/media/audio/ui, folder : ui
01-01 20:36:34.316  3668  3706 V LGMediaProvider: Returning cached entry for /system/media/audio/ui
01-01 20:36:34.317  3668  3706 V LGMediaProvider: [MediaScanner] insertFile: values=protected_type=0 burst_id=null bucket_display_name=ui is_ringtone=false duration=200 format=47362 album_artist=null mime_type=application/ogg album_id=4 is_podcast=false is_music=true folder_id=4 is_lock=0 is_drm=false voicerecorder_info=null storage_type=65537 _display_name=volume_key.ogg composer=null is_hifi=0 bucket_id=78638153 artist_id=2 longitude=null is_notification=false date_modified=1466749349 parent=57 index_key=v storage_id=0 media_type=2 title=volume_key track=0 _size=6883 _data=/system/media/audio/ui/volume_key.ogg date_added=1451680594 latitude=null is_alarm=false title_key=
01-01 20:36:34.317  3668  3706 V LGMediaProvider:  returned: 181
01-01 20:36:34.317  3668  3706 V LGMediaProvider: [MediaScanner] insertInternal: content://media/internal/audio/media, initValues=album=gallery protected_type=0 is_ringtone=false duration=24219 album_artist=null mime_type=audio/mp4 genre=null is_podcast=false is_music=true is_drm=false is_lock=0 voicerecorder_info=null composer=null is_hifi=0 compilation=0 longitude=null is_notification=false date_modified=1466749386 artist=<unknown> _data=/system/media/gallery/Eexciting.m4a title=Eexciting _size=567045 track=0 latitude=null is_alarm=false
01-01 20:36:34.320  3668  3706 V LGMediaProvider: [MediaScanner] path : /system/media/gallery, folder : gallery
01-01 20:36:34.322  3668  3706 V LGMediaProvider: Returning cached entry for /system/media/gallery
01-01 20:36:34.322  3668  3706 V LGMediaProvider: [MediaScanner] insertFile: values=protected_type=0 burst_id=null bucket_display_name=gallery is_ringtone=false duration=24219 format=12299 album_artist=null mime_type=audio/mp4 album_id=5 is_podcast=false is_music=true folder_id=5 is_lock=0 is_drm=false voicerecorder_info=null storage_type=65537 _display_name=Eexciting.m4a composer=null is_hifi=0 bucket_id=1298762486 artist_id=2 longitude=null is_notification=false date_modified=1466749386 parent=58 index_key=e storage_id=0 media_type=2 title=Eexciting track=0 _size=567045 _data=/system/media/gallery/Eexciting.m4a date_added=1451680594 latitude=null is_alarm=false title_key= returned: 182
01-01 20:36:34.323  3668  3706 V LGMediaProvider: [MediaScanner] insertInternal: content://media/internal/audio/media, initValues=album=gallery protected_type=0 is_ringtone=false duration=24219 album_artist=null mime_type=audio/mp4 genre=null is_podcast=false is_music=true is_drm=false is_lock=0 voicerecorder_info=null composer=null is_hifi=0 compilation=0 longitude=null is_notification=false date_modified=1466749386 artist=<unknown> _data=/system/media/gallery/Memories_trip.m4a title=Memories_trip _size=593360 track=0 latitude=null is_alarm=false
01-01 20:36:34.323  3668  3706 V LGMediaProvider: [MediaScanner] path : /system/media/gallery, folder : gallery
01-01 20:36:34.325  3668  3706 V LGMediaProvider: Returning cached entry for /system/media/gallery
01-01 20:36:34.325  3668  3706 V LGMediaProvider: [MediaScanner] insertFile: values=protected_type=0 burst_id=null bucket_display_name=gallery is_ringtone=false duration=24219 format=12299 album_artist=null mime_type=audio/mp4 album_id=5 is_podcast=false is_music=true folder_id=5 is_lock=0 is_drm=false voicerecorder_info=null storage_type=65537 _display_name=Memories_trip.m4a composer=null is_hifi=0 bucket_id=1298762486 artist_id=2 longitude=null is_notification=false date_modified=1466749386 parent=58 index_key=m storage_id=0 media_type=2 title=Memories_trip track=0 _size=593360 _data=/system/media/gallery/Memories_trip.m4a date_added=1451680594 latitude=null is_alarm=false title_key=
01-01 20:36:34.325  3668  3706 V LGMediaProvider:  returned: 183
01-01 20:36:34.326  3668  3680 V LGMediaProvider: hasColumnInTable table: files, column: storage_type
01-01 20:36:34.326  3668  3706 V LGMediaProvider: [MediaScanner] insertInternal: content://media/internal/audio/media, initValues=album=gallery protected_type=0 is_ringtone=false duration=23987 album_artist=null mime_type=audio/mp4 genre=null is_podcast=false is_music=true is_drm=false is_lock=0 voicerecorder_info=null composer=null is_hifi=0 compilation=0 longitude=null is_notification=false date_modified=1466749386 artist=<unknown> _data=/system/media/gallery/Picnic.m4a title=Picnic _size=537681 track=0 latitude=null is_alarm=false
01-01 20:36:34.326  3668  3680 I CAPP_DB_LOG:   database address : 0xb8bc04e0, pragma table_info = files
01-01 20:36:34.326   565   565 V MediaPlayerService: Create new media retriever from pid 3668
01-01 20:36:34.326  3668  3680 I CAPP_DB_LOG:   database address : 0xb8bc04e0, pragma table_info = files
01-01 20:36:34.327  3668  3706 V LGMediaProvider: [MediaScanner] path : /system/media/gallery, folder : gallery
01-01 20:36:34.327   565  1298 D MediaPlayerFactory: Before sniff local sdp
01-01 20:36:34.327  3668  3680 V LGMediaProvider: hasColumnInTable result: false
01-01 20:36:34.327   565  1298 D MediaPlayerFactory: After sniff local sdp
01-01 20:36:34.327   565  1298 D StagefrightMetadataRetriever: StagefrightMetadataRetriever()
01-01 20:36:34.328  3668  3706 V LGMediaProvider: Returning cached entry for /system/media/gallery
01-01 20:36:34.328   565  1298 D StagefrightMetadataRetriever: setDataSource(19, 0, 567045)
01-01 20:36:34.328   565  1298 D StagefrightMetadataRetriever: fd=19,path=/system/media/gallery/Eexciting.m4a
01-01 20:36:34.328   565  1298 I DMBParserOSAL: SniffDMBParser
01-01 20:36:34.328   565  1298 I DMBParserOSAL: DMBExtractor : SniffDMB ident1=0x1c000000, ident2=0xdfdbaf4e
01-01 20:36:34.329  3668  3706 V LGMediaProvider: [MediaScanner] insertFile: values=protected_type=0 burst_id=null bucket_display_name=gallery is_ringtone=false duration=23987 format=12299 album_artist=null mime_type=audio/mp4 album_id=5 is_podcast=false is_music=true folder_id=5 is_lock=0 is_drm=false voicerecorder_info=null storage_type=65537 _display_name=Picnic.m4a composer=null is_hifi=0 bucket_id=1298762486 artist_id=2 longitude=null is_notification=false date_modified=1466749386 parent=58 index_key=p storage_id=0 media_type=2 title=Picnic track=0 _size=537681 _data=/system/media/gallery/Picnic.m4a date_added=1451680594 latitude=null is_alarm=false title_key= returned: 184
01-01 20:36:34.329   565  1298 I DMBParserOSAL: DMBExtractor : SniffDMB after decrypt ident1=0x1c000000, ident2=0xdfdbaf4e
01-01 20:36:34.329   565  1298 V DMBParserOSAL: DMBExtractor : SniffDMB - ts sync error 0x1c000000, 0xdfdbaf4e
01-01 20:36:34.329   565  1298 V LGParserOSAL: SniffLGParser start
01-01 20:36:34.329   565  1298 V LGParserOSAL: MainType:3, SubType=2
01-01 20:36:34.329   565  1298 V LGParserOSAL: #### check Mime : video/mp4
01-01 20:36:34.329  3668  3706 V LGMediaProvider: [MediaScanner] insertInternal: content://media/internal/audio/media, initValues=album=gallery protected_type=0 is_ringtone=false duration=23499 album_artist=null mime_type=audio/mp4 genre=null is_podcast=false is_music=true is_drm=false is_lock=0 voicerecorder_info=null composer=null is_hifi=0 compilation=0 longitude=null is_notification=false date_modified=1466749386 artist=<unknown> _data=/system/media/gallery/Relax.m4a title=Relax _size=558341 track=0 latitude=null is_alarm=false
01-01 20:36:34.329   565  1298 V LGParserOSAL: Detector mimeType:video/mp4, Confidence=1.000000
01-01 20:36:34.329   565  1298 E MediaExtractor: Use LGExtractor :video/mp4 
01-01 20:36:34.329   565  1298 W MediaExtractorHelper: LG-CodeParser Version: LG_CodecParser_R3.0.0.35
01-01 20:36:34.329   565  1298 V LGParserOSAL: supported mime: video/mp4
01-01 20:36:34.330  3668  3680 V LGMediaProvider: hasColumnInTable table: files, column: protected_type
01-01 20:36:34.330  3668  3680 I CAPP_DB_LOG:   database address : 0xb8bc04e0, pragma table_info = files
01-01 20:36:34.330   565  1298 D StagefrightMetadataRetriever: setdatasource time 1 ms
01-01 20:36:34.330  3668  3706 V LGMediaProvider: [MediaScanner] path : /system/media/gallery, folder : gallery
01-01 20:36:34.330  3668  3680 I CAPP_DB_LOG:   database address : 0xb8bc04e0, pragma table_info = files
01-01 20:36:34.330   565  1299 D StagefrightMetadataRetriever: extractAlbumArt (extractor: YES)
01-01 20:36:34.331   565  1299 D StagefrightMetadataRetriever: [MediaScanner]CharacterEncodingDetector
01-01 20:36:34.331   565  1299 D StagefrightMetadataRetriever: maxDuration changed: check need
01-01 20:36:34.331   565  1299 E MetadataRetrieverClient: failed to extract an album art
01-01 20:36:34.331  3668  3680 V LGMediaProvider: hasColumnInTable result: false
01-01 20:36:34.331  3668  3706 V LGMediaProvider: Returning cached entry for /system/media/gallery
01-01 20:36:34.332  3668  3706 V LGMediaProvider: [MediaScanner] insertFile: values=protected_type=0 burst_id=null bucket_display_name=gallery is_ringtone=false duration=23499 format=12299 album_artist=null mime_type=audio/mp4 album_id=5 is_podcast=false is_music=true folder_id=5 is_lock=0 is_drm=false voicerecorder_info=null storage_type=65537 _display_name=Relax.m4a composer=null is_hifi=0 bucket_id=1298762486 artist_id=2 longitude=null is_notification=false date_modified=1466749386 parent=58 index_key=r storage_id=0 media_type=2 title=Relax track=0 _size=558341 _data=/system/media/gallery/Relax.m4a date_added=1451680594 latitude=null is_alarm=false title_key= returned: 185
01-01 20:36:34.332   565   912 D StagefrightMetadataRetriever: ~StagefrightMetadataRetriever()
01-01 20:36:34.332  3668  3706 V LGMediaProvider: [MediaScanner] insertInternal: content://media/internal/audio/media, initValues=album=gallery protected_type=0 is_ringtone=false duration=23453 album_artist=null mime_type=audio/mp4 genre=null is_podcast=false is_music=true is_drm=false is_lock=0 voicerecorder_info=null composer=null is_hifi=0 compilation=0 longitude=null is_notification=false date_modified=1466749386 artist=<unknown> _data=/system/media/gallery/Rhythmical.m4a title=Rhythmical _size=544169 track=0 latitude=null is_alarm=false
01-01 20:36:34.333  3668  3706 V LGMediaProvider: [MediaScanner] path : /system/media/gallery, folder : gallery
01-01 20:36:34.333  3668  3680 V LGMediaProvider: hasColumnInTable table: files, column: is_lock
01-01 20:36:34.333  3668  3680 I CAPP_DB_LOG:   database address : 0xb8bc04e0, pragma table_info = files
01-01 20:36:34.333  3668  3680 I CAPP_DB_LOG:   database address : 0xb8bc04e0, pragma table_info = files
01-01 20:36:34.334  3668  3680 V LGMediaProvider: hasColumnInTable result: false
01-01 20:36:34.334  3668  3706 V LGMediaProvider: Returning cached entry for /system/media/gallery
01-01 20:36:34.336  3668  3706 V LGMediaProvider: [MediaScanner] insertFile: values=protected_type=0 burst_id=null bucket_display_name=gallery is_ringtone=false duration=23453 format=12299 album_artist=null mime_type=audio/mp4 album_id=5 is_podcast=false is_music=true folder_id=5 is_lock=0 is_drm=false voicerecorder_info=null storage_type=65537 _display_name=Rhythmical.m4a composer=null is_hifi=0 bucket_id=1298762486 artist_id=2 longitude=null is_notification=false date_modified=1466749386 parent=58 index_key=r storage_id=0 media_type=2 title=Rhythmical track=0 _size=544169 _data=/system/media/gallery/Rhythmical.m4a date_added=1451680594 latitude=null is_alarm=false title_key= returned: 186
01-01 20:36:34.336  3668  3706 V LGMediaProvider: [MediaScanner] insertInternal: content://media/internal/audio/media, initValues=album=gallery protected_type=0 is_ringtone=false duration=24080 album_artist=null mime_type=audio/mp4 genre=null is_podcast=false is_music=true is_drm=false is_lock=0 voicerecorder_info=null composer=null is_hifi=0 compilation=0 longitude=null is_notification=false date_modified=1466749386 artist=<unknown> year=2013 _data=/system/media/gallery/Waltz.m4a title=Waltz _size=560478 track=0 latitude=null is_alarm=false
01-01 20:36:34.337  3668  3680 V LGMediaProvider: hasColumnInTable table: files, column: burst_id
01-01 20:36:34.337  3668  3680 I CAPP_DB_LOG:   database address : 0xb8bc04e0, pragma table_info = files
01-01 20:36:34.337  3668  3706 V LGMediaProvider: [MediaScanner] path : /system/media/gallery, folder : gallery
01-01 20:36:34.337  3668  3680 I CAPP_DB_LOG:   database address : 0xb8bc04e0, pragma table_info = files
01-01 20:36:34.338  3668  3680 V LGMediaProvider: hasColumnInTable result: false
01-01 20:36:34.338  3668  3706 V LGMediaProvider: Returning cached entry for /system/media/gallery
01-01 20:36:34.340  3668  3706 V LGMediaProvider: [MediaScanner] insertFile: values=protected_type=0 burst_id=null bucket_display_name=gallery is_ringtone=false duration=24080 format=12299 album_artist=null mime_type=audio/mp4 album_id=5 is_podcast=false is_music=true folder_id=5 is_lock=0 is_drm=false voicerecorder_info=null storage_type=65537 _display_name=Waltz.m4a composer=null is_hifi=0 bucket_id=1298762486 artist_id=2 longitude=null is_notification=false date_modified=1466749386 parent=58 index_key=w year=2013 storage_id=0 media_type=2 title=Waltz track=0 _size=560478 _data=/system/media/gallery/Waltz.m4a date_added=1451680594 latitude=null is_alarm=false title_key= returned: 187
01-01 20:36:34.340  3668  3680 V LGMediaProvider: hasColumnInTable table: files, column: video_filetype
01-01 20:36:34.340  3668  3680 I CAPP_DB_LOG:   database address : 0xb8bc04e0, pragma table_info = files
01-01 20:36:34.341  3668  3680 I CAPP_DB_LOG:   database address : 0xb8bc04e0, pragma table_info = files
01-01 20:36:34.342  3668  3680 V LGMediaProvider: hasColumnInTable result: false
01-01 20:36:34.343  3668  3680 V LGMediaProvider: hasColumnInTable table: files, column: video_iswatched
01-01 20:36:34.344  3668  3680 I CAPP_DB_LOG:   database address : 0xb8bc04e0, pragma table_info = files
01-01 20:36:34.344  3668  3680 I CAPP_DB_LOG:   database address : 0xb8bc04e0, pragma table_info = files
01-01 20:36:34.345  3668  3680 V LGMediaProvider: hasColumnInTable result: false
01-01 20:36:34.346  3668  3680 V LGMediaProvider: hasColumnInTable table: files, column: folder_id
01-01 20:36:34.347  3668  3680 I CAPP_DB_LOG:   database address : 0xb8bc04e0, pragma table_info = files
01-01 20:36:34.347  3668  3680 I CAPP_DB_LOG:   database address : 0xb8bc04e0, pragma table_info = files
01-01 20:36:34.348  3668  3680 V LGMediaProvider: hasColumnInTable result: false
01-01 20:36:34.350  3668  3680 V LGMediaProvider: hasColumnInTable table: files, column: date_played
01-01 20:36:34.350  3668  3680 I CAPP_DB_LOG:   database address : 0xb8bc04e0, pragma table_info = files
01-01 20:36:34.351  3668  3680 I CAPP_DB_LOG:   database address : 0xb8bc04e0, pragma table_info = files
01-01 20:36:34.351  3668  3680 V LGMediaProvider: hasColumnInTable result: false
01-01 20:36:34.353  3668  3680 V LGMediaProvider: hasColumnInTable table: files, column: count_played
01-01 20:36:34.353  3668  3680 I CAPP_DB_LOG:   database address : 0xb8bc04e0, pragma table_info = files
01-01 20:36:34.354  3668  3680 I CAPP_DB_LOG:   database address : 0xb8bc04e0, pragma table_info = files
01-01 20:36:34.354  3668  3680 V LGMediaProvider: hasColumnInTable result: false
01-01 20:36:34.356  3668  3680 V LGMediaProvider: hasColumnInTable table: files, column: is_favorite
01-01 20:36:34.357  3668  3680 I CAPP_DB_LOG:   database address : 0xb8bc04e0, pragma table_info = files
01-01 20:36:34.357  3668  3680 I CAPP_DB_LOG:   database address : 0xb8bc04e0, pragma table_info = files
01-01 20:36:34.358  3668  3680 V LGMediaProvider: hasColumnInTable result: false
01-01 20:36:34.360  3668  3680 V LGMediaProvider: hasColumnInTable table: files, column: index_key
01-01 20:36:34.360  3668  3680 I CAPP_DB_LOG:   database address : 0xb8bc04e0, pragma table_info = files
01-01 20:36:34.360  3668  3680 I CAPP_DB_LOG:   database address : 0xb8bc04e0, pragma table_info = files
01-01 20:36:34.361  3668  3680 V LGMediaProvider: hasColumnInTable result: false
01-01 20:36:34.363  3668  3680 V LGMediaProvider: hasColumnInTable table: files, column: is_hifi
01-01 20:36:34.363  3668  3680 I CAPP_DB_LOG:   database address : 0xb8bc04e0, pragma table_info = files
01-01 20:36:34.364  3668  3680 I CAPP_DB_LOG:   database address : 0xb8bc04e0, pragma table_info = files
01-01 20:36:34.364  3668  3680 V LGMediaProvider: hasColumnInTable result: false
01-01 20:36:34.366  3668  3680 V LGMediaProvider: hasColumnInTable table: files, column: video_datetaken
01-01 20:36:34.367  3668  3680 I CAPP_DB_LOG:   database address : 0xb8bc04e0, pragma table_info = files
01-01 20:36:34.367  3668  3680 I CAPP_DB_LOG:   database address : 0xb8bc04e0, pragma table_info = files
01-01 20:36:34.368  3668  3680 V LGMediaProvider: hasColumnInTable result: false
01-01 20:36:34.370  3668  3680 V LGMediaProvider: hasColumnInTable table: thumbnails, column: storage_id
01-01 20:36:34.370  3668  3680 I CAPP_DB_LOG:   database address : 0xb8bc04e0, pragma table_info = thumbnails
01-01 20:36:34.370  3668  3706 D LGMediaProvider: [MediaScanner] delete() uri = content://media/internal/file, userWhere = _data is null, callingPackage name = com.android.providers.media
01-01 20:36:34.371  3668  3680 I CAPP_DB_LOG:   database address : 0xb8bc04e0, pragma table_info = thumbnails
01-01 20:36:34.371  3668  3680 V LGMediaProvider: hasColumnInTable result: false
01-01 20:36:34.372  3668  3680 V LGMediaProvider: hasColumnInTable table: videothumbnails, column: storage_id
01-01 20:36:34.372  3668  3680 I CAPP_DB_LOG:   database address : 0xb8bc04e0, pragma table_info = videothumbnails
01-01 20:36:34.372  3668  3706 D LGMediaProvider: [MediaScanner] delete() completed notifyChange, uri = content://media/internal
01-01 20:36:34.372  3668  3680 I CAPP_DB_LOG:   database address : 0xb8bc04e0, pragma table_info = videothumbnails
01-01 20:36:34.373  3668  3680 V LGMediaProvider: hasColumnInTable result: false
01-01 20:36:34.374  3668  3680 V LGMediaProvider: hasColumnInTable table: files, column: voicerecorder_info
01-01 20:36:34.374  3668  3680 I CAPP_DB_LOG:   database address : 0xb8bc04e0, pragma table_info = files
01-01 20:36:34.374  3668  3680 I CAPP_DB_LOG:   database address : 0xb8bc04e0, pragma table_info = files
01-01 20:36:34.375  3668  3680 V LGMediaProvider: hasColumnInTable result: false
01-01 20:36:34.377  3668  3680 V LGMediaProvider: hasColumnInTable table: files, column: camera_mode
01-01 20:36:34.377  3668  3680 I CAPP_DB_LOG:   database address : 0xb8bc04e0, pragma table_info = files
01-01 20:36:34.378  3668  3680 I CAPP_DB_LOG:   database address : 0xb8bc04e0, pragma table_info = files
01-01 20:36:34.379  3668  3680 V LGMediaProvider: hasColumnInTable result: false
01-01 20:36:34.381  3668  3680 V LGMediaProvider: hasColumnInTable table: files, column: folder_count
01-01 20:36:34.381  3668  3680 I CAPP_DB_LOG:   database address : 0xb8bc04e0, pragma table_info = files
01-01 20:36:34.381  3668  3680 I CAPP_DB_LOG:   database address : 0xb8bc04e0, pragma table_info = files
01-01 20:36:34.382  3668  3680 V LGMediaProvider: hasColumnInTable result: false
01-01 20:36:34.384  3668  3680 V LGMediaProvider: hasColumnInTable table: thumbnails, column: storage_type
01-01 20:36:34.384  3668  3680 I CAPP_DB_LOG:   database address : 0xb8bc04e0, pragma table_info = thumbnails
01-01 20:36:34.384  3668  3680 I CAPP_DB_LOG:   database address : 0xb8bc04e0, pragma table_info = thumbnails
01-01 20:36:34.385  3668  3680 V LGMediaProvider: hasColumnInTable result: false
01-01 20:36:34.385  3668  3680 V LGMediaProvider: hasColumnInTable table: videothumbnails, column: storage_type
01-01 20:36:34.386  3668  3680 I CAPP_DB_LOG:   database address : 0xb8bc04e0, pragma table_info = videothumbnails
01-01 20:36:34.386  3668  3680 I CAPP_DB_LOG:   database address : 0xb8bc04e0, pragma table_info = videothumbnails
01-01 20:36:34.386  3668  3680 V LGMediaProvider: hasColumnInTable result: false
01-01 20:36:34.387  3668  3680 V LGMediaProvider: hasColumnInTable table: artists, column: artist_index
01-01 20:36:34.387  3668  3680 I CAPP_DB_LOG:   database address : 0xb8bc04e0, pragma table_info = artists
01-01 20:36:34.388  3668  3680 I CAPP_DB_LOG:   database address : 0xb8bc04e0, pragma table_info = artists
01-01 20:36:34.388  3668  3680 V LGMediaProvider: hasColumnInTable result: false
01-01 20:36:34.392  3668  3680 V LGMediaProvider: hasColumnInTable table: albums, column: album_index
01-01 20:36:34.392  3668  3680 I CAPP_DB_LOG:   database address : 0xb8bc04e0, pragma table_info = albums
01-01 20:36:34.392  3668  3680 I CAPP_DB_LOG:   database address : 0xb8bc04e0, pragma table_info = albums
01-01 20:36:34.392  3668  3680 V LGMediaProvider: hasColumnInTable result: false
01-01 20:36:34.397  3668  3680 V LGMediaProvider: hasColumnInTable table: storages, column: status
01-01 20:36:34.397  3668  3680 I CAPP_DB_LOG:   database address : 0xb8bc04e0, pragma table_info = storages
01-01 20:36:34.398  3668  3680 I CAPP_DB_LOG:   database address : 0xb8bc04e0, pragma table_info = storages
01-01 20:36:34.398  3668  3680 V LGMediaProvider: hasColumnInTable result: false
01-01 20:36:34.403  1120  1852 V LGSettingsProvider: call_put(system:ringtone_default=content://media/internal/audio/media/56)  calling package = com.android.providers.media  callingUserId : 0
01-01 20:36:34.404  3668  3706 V MediaScannerEx: [MediaScanner] Set ringtone_default : 56
01-01 20:36:34.410  1120  1852 V LGSettingsProvider: call_put(system:ringtone_videocall=content://media/internal/audio/media/56)  calling package = com.android.providers.media  callingUserId : 0
01-01 20:36:34.413  3668  3706 V MediaScannerEx: [MediaScanner] Set ringtone_videocall : 56
01-01 20:36:34.420  1120  1805 V LGSettingsProvider: call_put(system:ringtone_sim2=content://media/internal/audio/media/56)  calling package = com.android.providers.media  callingUserId : 0
01-01 20:36:34.426  3668  3706 V MediaScannerEx: [MediaScanner] Set ringtone_sim2 : 56
01-01 20:36:34.431  1120  1789 V LGSettingsProvider: call_put(system:ringtone_sim3=content://media/internal/audio/media/56)  calling package = com.android.providers.media  callingUserId : 0
01-01 20:36:34.432  3668  3706 V MediaScannerEx: [MediaScanner] Set ringtone_sim3 : 56
01-01 20:36:34.433  3668  3706 D MediaScannerEx: [MediaScanner] setDefaultSound Ringtone
01-01 20:36:34.438  1120  1134 V LGSettingsProvider: call_put(system:notification_sound_sim2=content://media/internal/audio/media/37)  calling package = com.android.providers.media  callingUserId : 0
01-01 20:36:34.439  3668  3706 V MediaScannerEx: [MediaScanner] Set notification_sound_sim2 : 37
01-01 20:36:34.444  1120  1873 V LGSettingsProvider: call_put(system:notification_sound_sim3=content://media/internal/audio/media/37)  calling package = com.android.providers.media  callingUserId : 0
01-01 20:36:34.446  3668  3706 V MediaScannerEx: [MediaScanner] Set notification_sound_sim3 : 37
01-01 20:36:34.450  3668  3680 I CAPP_DB_LOG:   database address : 0xb8bc04e0, pragma user_version = 800
01-01 20:36:34.451  3668  3680 I CAPP_DB_LOG: Receive a request for userversion change to 800
01-01 20:36:34.451  3668  3680 I CAPP_DB_LOG:   database address : 0xb8bc04e0, pragma user_version = 800
01-01 20:36:34.451  3668  3680 I CAPP_DB_LOG: Receive a request for userversion change to 800
01-01 20:36:34.503  1120  1852 V LGSettingsProvider: call_put(system:notification_default=content://media/internal/audio/media/37)  calling package = com.android.providers.media  callingUserId : 0
01-01 20:36:34.506  3668  3706 V MediaScannerEx: [MediaScanner] Set notification_default : 37
01-01 20:36:34.507  3668  3706 D MediaScannerEx: [MediaScanner] setDefaultSound Notificaion
01-01 20:36:34.508  3668  3680 E SQLiteLog: (1) no such table: audio_playlists
01-01 20:36:34.516  1120  1754 V LGSettingsProvider: call_put(system:timer_alert=content://media/internal/audio/media/29)  calling package = com.android.providers.media  callingUserId : 0
01-01 20:36:34.519  3668  3706 V MediaScannerEx: [MediaScanner] Set timer_alert : 29
01-01 20:36:34.526  1120  1822 V LGSettingsProvider: call_put(system:alarm_default=content://media/internal/audio/media/18)  calling package = com.android.providers.media  callingUserId : 0
01-01 20:36:34.528  3668  3706 V MediaScannerEx: [MediaScanner] Set alarm_default : 18
01-01 20:36:34.530  3668  3706 D MediaScannerEx: [MediaScanner] setDefaultSound Alarm
01-01 20:36:34.530  3668  3706 D MediaScanner:  prescan time: 604ms
01-01 20:36:34.530  3668  3706 D MediaScanner:     scan time: 8880ms
01-01 20:36:34.530  3668  3706 D MediaScanner: postscan time: 160ms
01-01 20:36:34.530  3668  3706 D MediaScanner:    total time: 9644ms
01-01 20:36:34.531  3668  3706 D LGMediaProvider: [MediaScanner] delete() uri = content://media/none/media_scanner, userWhere = null, callingPackage name = com.android.providers.media
01-01 20:36:34.535  1853  1865 E Telephony: PhoneInterfaceManager: [PhoneIntfMgr] getIccId: ICC ID is null or empty.
01-01 20:36:34.556  3668  3706 D MediaScannerService: [MediaScanner] scan() Send Intent ACTION_MEDIA_SCANNER_FINISHED uri : file:///system/media
01-01 20:36:34.609  3668  3668 D LGMediaProvider: [MediaScanner] mUnmountReceiver ACTION_MEDIA_SCANNER_FINISHED : uri = file:///system/media, path = /system/media
01-01 20:36:34.612  3668  3706 D MediaScannerService: [MediaScanner] done scanning volume internal
01-01 20:36:34.630  3668  3706 V MediaScannerService: [MediaScanner] mExternalStoragePaths[0] = /storage/emulated/0
01-01 20:36:34.630  3668  3706 D MediaScannerService: [MediaScanner] start scanning volume external: [/storage/emulated/0]
01-01 20:36:34.632  3668  3706 V LGMediaProvider: [MediaScanner] insertInternal: content://media/none/media_scanner, initValues=volume=external
01-01 20:36:34.633  3668  3706 D MediaScannerService: [MediaScanner] scan() ACTION_MEDIA_SCANNER_STARTED uri : file:///storage/emulated/0
01-01 20:36:34.634  3668  3706 V LGMediaProvider: [MediaScanner] insertInternal: content://media/, initValues=name=external
01-01 20:36:34.635  4074  4074 W System  : ClassLoader referenced unknown path: /system/priv-app/ManagedProvisioning/lib/arm
01-01 20:36:34.636  4074  4074 D FingerprintProtector: This is not product version.
01-01 20:36:34.640  4074  4074 D ManagedProvisioning: BOOT_COMPLETED broadcast received
01-01 20:36:34.643  4014  4014 W VRBookmarkProvider: [BookmarkProvider.java:546:onChange()-[Thread:Other] Data Change!! false url : content://media/
01-01 20:36:34.656  3668  3706 D MediaScannerEx: [MediaScanner] scanDirectories()[0] = /storage/emulated/0
01-01 20:36:34.664  2664  4090 I CAPP_DB_LOG: Creating new file  : /data/user/0/com.google.android.gms/databases/iu.upload.db
01-01 20:36:34.665  2664  4090 I CAPP_DB_LOG: opened database address/path : 0xb8c4f2e0, /data/user/0/com.google.android.gms/databases/iu.upload.db
01-01 20:36:34.666  2664  4090 I CAPP_DB_LOG:   database address : 0xb8c4f2e0, pragma journal_mode = PERSIST
01-01 20:36:34.666  2664  4090 I CAPP_DB_LOG:   database address : 0xb8c4f2e0, pragma journal_size_limit = 524288
01-01 20:36:34.666  2664  4090 I CAPP_DB_LOG:   database address : 0xb8c4f2e0, pragma wal_autocheckpoint = 100
01-01 20:36:34.686  2664  4090 I UploadsDatabaseHelper: Creating database tables at version 33
01-01 20:36:34.695  2664  4090 I CAPP_DB_LOG:   database address : 0xb8c4f2e0, pragma user_version = 33
01-01 20:36:34.695  2664  4090 I CAPP_DB_LOG: Receive a request for userversion change to 33
01-01 20:36:34.695  2664  4090 I CAPP_DB_LOG:   database address : 0xb8c4f2e0, pragma user_version = 33
01-01 20:36:34.695  2664  4090 I CAPP_DB_LOG: Receive a request for userversion change to 33
01-01 20:36:34.739  1788  1802 D ForegroundUtils: Process died; UID 10017 PID 3572
01-01 20:36:34.739  1788  1802 D ForegroundUtils: Foreground changed, PID: 3572 UID: 10017 foreground: false
01-01 20:36:34.739  1788  1802 D ForegroundUtils: Foreground UID/PID combinations:
01-01 20:36:34.739  3668  3706 V MediaScannerClient: [MediaScanner]setLocale: = ko_KR
01-01 20:36:34.761  4092  4092 W System  : ClassLoader referenced unknown path: /system/priv-app/NfcSettings/lib/arm
01-01 20:36:34.768  4092  4092 D NFCSettings: [NfcSearchIndexablesProvider.java:78:onCreate()] oooooo [NfcSearchIndexablesProvider] Constructor....
01-01 20:36:34.785  3668  3706 D LGMediaProvider: [MediaScanner] notifyMtpUpdated, table = files
01-01 20:36:34.809  3668  3706 V LGMediaProvider: [MediaScanner] insertInternal: content://media/external/file, initValues=is_hifi=0 longitude=null protected_type=0 date_modified=1451680572 format=12289 mime_type=null _data=/storage/emulated/0/Android/data/com.lge.hiddenmenu title=com.lge _size=0 is_drm=false is_lock=0 latitude=null voicerecorder_info=null
01-01 20:36:34.811  3668  3706 V LGMediaProvider: Queried /storage/emulated/0/Android/data
01-01 20:36:34.812  3668  3706 V LGMediaProvider: [MediaScanner] insertFile: values=is_hifi=0 bucket_id=392347940 longitude=null protected_type=0 burst_id=null date_modified=1451680572 bucket_display_name=data parent=12 format=12289 storage_id=65537 media_type=0 mime_type=null _size=0 title=com.lge _data=/storage/emulated/0/Android/data/com.lge.hiddenmenu is_lock=0 is_drm=false date_added=1451680594 voicerecorder_info=null latitude=null storage_type=65537 returned: 23
01-01 20:36:34.813  3668  3706 V LGMediaProvider: [MediaScanner] insertInternal: content://media/external/file, initValues=is_hifi=0 longitude=null protected_type=0 date_modified=1451680572 format=12289 mime_type=null _data=/storage/emulated/0/Android/data/com.lge.hiddenmenu/files title=files _size=0 is_drm=false is_lock=0 latitude=null voicerecorder_info=null
01-01 20:36:34.813  3668  3706 V LGMediaProvider: Returning cached entry for /storage/emulated/0/Android/data/com.lge.hiddenmenu
01-01 20:36:34.814  3668  3706 V LGMediaProvider: [MediaScanner] insertFile: values=is_hifi=0 bucket_id=679334661 longitude=null protected_type=0 burst_id=null date_modified=1451680572 bucket_display_name=com.lge.hiddenmenu parent=23 format=12289 storage_id=65537 media_type=0 mime_type=null _size=0 title=files _data=/storage/emulated/0/Android/data/com.lge.hiddenmenu/files is_lock=0 is_drm=false date_added=1451680594 voicerecorder_info=null latitude=null storage_type=65537 returned: 24
01-01 20:36:34.815  3668  3706 V LGMediaProvider: [MediaScanner] insertInternal: content://media/external/file, initValues=is_hifi=0 longitude=null protected_type=0 date_modified=1451680573 format=12289 mime_type=null _data=/storage/emulated/0/Android/data/com.google.android.music title=com.google.android _size=0 is_drm=false is_lock=0 latitude=null voicerecorder_info=null
01-01 20:36:34.815  3668  3706 V LGMediaProvider: Returning cached entry for /storage/emulated/0/Android/data
01-01 20:36:34.816  3668  3706 V LGMediaProvider: [MediaScanner] insertFile: values=is_hifi=0 bucket_id=392347940 longitude=null protected_type=0 burst_id=null date_modified=1451680573 bucket_display_name=data parent=12 format=12289 storage_id=65537 media_type=0 mime_type=null _size=0 title=com.google.android _data=/storage/emulated/0/Android/data/com.google.android.music is_lock=0 is_drm=false date_added=1451680594 voicerecorder_info=null latitude=null storage_type=65537 returned: 25
01-01 20:36:34.816  3668  3706 V LGMediaProvider: [MediaScanner] insertInternal: content://media/external/file, initValues=is_hifi=0 longitude=null protected_type=0 date_modified=1451680573 format=12289 mime_type=null _data=/storage/emulated/0/Android/data/com.google.android.music/cache title=cache _size=0 is_drm=false is_lock=0 latitude=null voicerecorder_info=null
01-01 20:36:34.817  3668  3706 V LGMediaProvider: Returning cached entry for /storage/emulated/0/Android/data/com.google.android.music
01-01 20:36:34.817  3668  3706 V LGMediaProvider: [MediaScanner] insertFile: values=is_hifi=0 bucket_id=-373589047 longitude=null protected_type=0 burst_id=null date_modified=1451680573 bucket_display_name=com.google.android.music parent=25 format=12289 storage_id=65537 media_type=0 mime_type=null _size=0 title=cache _data=/storage/emulated/0/Android/data/com.google.android.music/cache is_lock=0 is_drm=false date_added=1451680594 voicerecorder_info=null latitude=null storage_type=65537 returned: 26
01-01 20:36:34.818  3668  3706 V LGMediaProvider: [MediaScanner] insertInternal: content://media/external/file, initValues=is_hifi=0 longitude=null protected_type=0 date_modified=1451680573 format=12289 mime_type=null _data=/storage/emulated/0/Android/data/com.google.android.music/files title=files _size=0 is_drm=false is_lock=0 latitude=null voicerecorder_info=null
01-01 20:36:34.819  3668  3706 V LGMediaProvider: Returning cached entry for /storage/emulated/0/Android/data/com.google.android.music
01-01 20:36:34.819  3668  3706 V LGMediaProvider: [MediaScanner] insertFile: values=is_hifi=0 bucket_id=-373589047 longitude=null protected_type=0 burst_id=null date_modified=1451680573 bucket_display_name=com.google.android.music parent=25 format=12289 storage_id=65537 media_type=0 mime_type=null _size=0 title=files _data=/storage/emulated/0/Android/data/com.google.android.music/files is_lock=0 is_drm=false date_added=1451680594 voicerecorder_info=null latitude=null storage_type=65537 returned: 27
01-01 20:36:34.820  3668  3706 V LGMediaProvider: [MediaScanner] insertInternal: content://media/external/file, initValues=is_hifi=0 longitude=null protected_type=0 date_modified=1451680583 format=12289 mime_type=null _data=/storage/emulated/0/LGBackup title=LGBackup _size=0 is_drm=false is_lock=0 latitude=null voicerecorder_info=null
01-01 20:36:34.821  3668  3706 V LGMediaProvider: [MediaScanner] insertFile: values=is_hifi=0 bucket_id=1389444597 longitude=null protected_type=0 burst_id=null date_modified=1451680583 bucket_display_name=0 parent=0 format=12289 storage_id=65537 media_type=0 mime_type=null _size=0 title=LGBackup _data=/storage/emulated/0/LGBackup is_lock=0 is_drm=false date_added=1451680594 voicerecorder_info=null latitude=null storage_type=65537 returned: 28
01-01 20:36:34.828  4092  4092 I NFCSettings: [NfcProvisiningReceiverForOperator.java:34:onReceive()] oooooo received intentandroid.intent.action.BOOT_COMPLETED
01-01 20:36:34.830  4092  4092 D NFCSettings: [NfcSettingsUtils.java:241:isSupportedTapPay()] oooooo [isSupportedTapPay] result = true
01-01 20:36:34.846  2664  4090 I iu.UploadsManager: #reloadSettings(); account: -1; IU: disabled; IS: disabled; IS account: -1; photoWiFi: true; videoWiFi: true; roam: false; battery: true; size: STANDARD; maxMobile: 157286400
01-01 20:36:34.852  4092  4092 D NFCSettings: [NfcSettingsUtils.java:130:hasOperator()] oooooo  current operator : LGU , compared operator : DCM
01-01 20:36:34.859  3668  3706 V LGMediaProvider: [MediaScanner] insertInternal: content://media/external/file, initValues=is_hifi=0 longitude=null protected_type=0 date_modified=1451680573 format=12288 mime_type=null _data=/storage/emulated/0/Android/data/com.google.android.music/files/._playmusicid title=._playmusicid _size=36 is_drm=false is_lock=0 latitude=null voicerecorder_info=null
01-01 20:36:34.860  3668  3706 V LGMediaProvider: Returning cached entry for /storage/emulated/0/Android/data/com.google.android.music/files
01-01 20:36:34.860  3668  3706 V LGMediaProvider: [MediaScanner] insertFile: values=is_hifi=0 bucket_id=-289783631 longitude=null protected_type=0 burst_id=null date_modified=1451680573 bucket_display_name=files parent=27 format=12288 storage_id=65537 media_type=0 mime_type=null _size=36 title=._playmusicid _data=/storage/emulated/0/Android/data/com.google.android.music/files/._playmusicid is_lock=0 is_drm=false date_added=1451680594 voicerecorder_info=null latitude=null storage_type=65537 returned: 29
01-01 20:36:34.872  3668  3706 D LGMediaProvider: [MediaScanner] delete() uri = content://media/external/file, userWhere = _data is null, callingPackage name = com.android.providers.media
01-01 20:36:34.875  3668  3706 D LGMediaProvider: [MediaScanner] delete() completed notifyChange, uri = content://media/external
01-01 20:36:34.876  3668  3706 D LGMediaProvider: [MediaScanner] UPDATE CALL for DATE_ADDED
01-01 20:36:34.876  4014  4014 W VRBookmarkProvider: [BookmarkProvider.java:546:onChange()-[Thread:Other] Data Change!! false url : content://media/external
01-01 20:36:34.876  4014  4014 W VRBookmarkProvider: [BookmarkProvider.java:562:onChange()-[Thread:Other] EXTERNAL Change!!
01-01 20:36:34.882  3668  3706 V MediaScanner: pruneDeadThumbnailFiles... android.database.sqlite.SQLiteCursor@a43197a
01-01 20:36:34.882  3668  3706 V MediaScanner: /pruneDeadThumbnailFiles... android.database.sqlite.SQLiteCursor@a43197a
01-01 20:36:34.884  3668  3706 D MediaScanner:  prescan time: 83ms
01-01 20:36:34.884  3668  3706 D MediaScanner:     scan time: 132ms
01-01 20:36:34.884  3668  3706 D MediaScanner: postscan time: 12ms
01-01 20:36:34.884  3668  3706 D MediaScanner:    total time: 227ms
01-01 20:36:34.884  3668  3706 D LGMediaProvider: [MediaScanner] delete() uri = content://media/none/media_scanner, userWhere = null, callingPackage name = com.android.providers.media
01-01 20:36:34.895  3668  3706 D MediaScannerService: [MediaScanner] scan() Send Intent ACTION_MEDIA_SCANNER_FINISHED uri : file:///storage/emulated/0
01-01 20:36:34.957  3668  3668 D LGMediaProvider: [MediaScanner] mUnmountReceiver ACTION_MEDIA_SCANNER_FINISHED : uri = file:///storage/emulated/0, path = /storage/emulated/0
01-01 20:36:34.958  1788  1802 D ForegroundUtils: Process died; UID 1000 PID 3592
01-01 20:36:34.958  1788  1802 D ForegroundUtils: Foreground changed, PID: 3592 UID: 1000 foreground: false
01-01 20:36:34.958  1788  1802 D ForegroundUtils: Foreground UID/PID combinations:
01-01 20:36:34.959  3668  3706 D MediaScannerService: [MediaScanner] done scanning volume external
01-01 20:36:34.959  3668  3706 D MediaScannerService: [MediaScanner] [dbcrc]All MediaScanning succeeded! Delete dummy file
01-01 20:36:34.983  4108  4108 W System  : ClassLoader referenced unknown path: /system/priv-app/Photos/lib/arm
01-01 20:36:35.016  1788  1802 D ForegroundUtils: Process died; UID 10021 PID 3633
01-01 20:36:35.016  1788  1802 D ForegroundUtils: Foreground changed, PID: 3633 UID: 10021 foreground: false
01-01 20:36:35.016  1788  1802 D ForegroundUtils: Foreground UID/PID combinations:
01-01 20:36:35.079  4014  4014 I VRBookmarkProvider: [BookmarkProvider.java:530:handleMessage()-[Thread:Other] -- syncTable() START --
01-01 20:36:35.082  4014  4014 I CAPP_DB_LOG: Creating new file  : /data/user/0/com.lge.voicerecorder/databases/bookmark.db
01-01 20:36:35.083  4014  4014 I CAPP_DB_LOG: opened database address/path : 0xb899eae8, /data/user/0/com.lge.voicerecorder/databases/bookmark.db
01-01 20:36:35.086  4014  4014 I CAPP_DB_LOG:   database address : 0xb899eae8, pragma journal_mode = PERSIST
01-01 20:36:35.087  4014  4014 I CAPP_DB_LOG:   database address : 0xb899eae8, pragma journal_size_limit = 524288
01-01 20:36:35.087  4014  4014 I CAPP_DB_LOG:   database address : 0xb899eae8, pragma wal_autocheckpoint = 100
01-01 20:36:35.100  2664  4090 I iu.UploadsManager: End new media; added: 0, uploading: 0, time: 254 ms
01-01 20:36:35.126  4014  4014 I CAPP_DB_LOG:   database address : 0xb899eae8, pragma user_version = 2
01-01 20:36:35.126  4014  4014 I CAPP_DB_LOG: Receive a request for userversion change to 2
01-01 20:36:35.126  4014  4014 I CAPP_DB_LOG:   database address : 0xb899eae8, pragma user_version = 2
01-01 20:36:35.126  4014  4014 I CAPP_DB_LOG: Receive a request for userversion change to 2
01-01 20:36:35.173  4014  4014 I VRBookmarkProvider: [BookmarkProvider.java:532:handleMessage()-[Thread:Other] -- syncTable() END --
01-01 20:36:35.542  1853  2598 E Telephony: PhoneInterfaceManager: [PhoneIntfMgr] getIccId: ICC ID is null or empty.
01-01 20:36:35.632  1853  2597 E Telephony: PhoneInterfaceManager: [PhoneIntfMgr] getIccId: ICC ID is null or empty.
01-01 20:36:35.655  4059  4059 I CAPP_DB_LOG: Creating new file  : /data/user/0/com.lguplus.pushagent/databases/pushagent.db
01-01 20:36:35.656  4059  4059 I CAPP_DB_LOG: opened database address/path : 0xb8a596c8, /data/user/0/com.lguplus.pushagent/databases/pushagent.db
01-01 20:36:35.657   565   903 V AudioFlinger_Threads: releaseWakeLock_l() AudioOut_2
01-01 20:36:35.657   565   903 D AudioFlinger_Threads: thread 0xac4f3008 type 0 TID 903 going to sleep
01-01 20:36:35.660  4059  4059 I CAPP_DB_LOG:   database address : 0xb8a596c8, pragma journal_mode = PERSIST
01-01 20:36:35.660  4059  4059 I CAPP_DB_LOG:   database address : 0xb8a596c8, pragma journal_size_limit = 524288
01-01 20:36:35.660  4059  4059 I CAPP_DB_LOG:   database address : 0xb8a596c8, pragma wal_autocheckpoint = 100
01-01 20:36:35.703  4059  4059 I CAPP_DB_LOG:   database address : 0xb8a596c8, pragma user_version = 1
01-01 20:36:35.703  4059  4059 I CAPP_DB_LOG: Receive a request for userversion change to 1
01-01 20:36:35.703  4059  4059 I CAPP_DB_LOG:   database address : 0xb8a596c8, pragma user_version = 1
01-01 20:36:35.703  4059  4059 I CAPP_DB_LOG: Receive a request for userversion change to 1
01-01 20:36:35.725  4059  4059 I CAPP_DB_LOG: closed database address/path : 0xb8a596c8, /data/user/0/com.lguplus.pushagent/databases/pushagent.db
01-01 20:36:35.763  4108  4108 D FingerprintProtector: This is not product version.
01-01 20:36:35.857  4108  4108 W Primes  : Memory instrumentations are turned off.
01-01 20:36:35.861  4108  4108 W Primes  : Timer instrumentations are turned off.
01-01 20:36:35.865  4108  4108 W Primes  : Crash monitoring is turned off.
01-01 20:36:35.869  4108  4108 W Primes  : Network monitoring is turned off.
01-01 20:36:35.869  4108  4108 W Primes  : Package metrics are turned off by default
01-01 20:36:35.959  4108  4108 W TrustedPartners: no provider found for com.motorola.camera.provider.bestshotprovider.BestShotProvider; do not trust
01-01 20:36:35.960  4108  4108 W TrustedPartners: no provider found for com.google.android.apps.photos.api.SpecialTypesProvider; do not trust
01-01 20:36:36.161  1788  1803 D ForegroundUtils: Process died; UID 1000 PID 3652
01-01 20:36:36.161  1788  1803 D ForegroundUtils: Foreground changed, PID: 3652 UID: 1000 foreground: false
01-01 20:36:36.161  1788  1803 D ForegroundUtils: Foreground UID/PID combinations:
01-01 20:36:36.179  4133  4133 W System  : ClassLoader referenced unknown path: /system/priv-app/SmartConfig/lib/arm
01-01 20:36:36.199  4133  4133 V SmartConfig:SmartConfigReceiver: onReceive from Intent { act=android.intent.action.BOOT_COMPLETED flg=0x8000010 cmp=com.lge.smartconfig/.SmartConfigReceiver (has extras) }
01-01 20:36:36.216  4133  4133 I SmartConfig:SDKReflector: +isLinkedUser : false
01-01 20:36:36.219  4133  4133 V SmartConfig:SmartConfigReceiver: No alarm time preference, start service after 3 hours
01-01 20:36:36.231  4133  4133 V SmartConfig:Utils: startService will start at 01/01 23:36:36
01-01 20:36:36.243  2664  3814 I Icing   : Indexing EBFC78C9851BAFE0D915D50B09F1B8B6404F53BD from com.google.android.gms
01-01 20:36:36.250  2664  3814 I Icing   : Indexing done EBFC78C9851BAFE0D915D50B09F1B8B6404F53BD
01-01 20:36:36.251  2664  3814 I Icing   : Indexing CCE052EFA3F837FD762261971790401A3F540A60 from com.google.android.gms
01-01 20:36:36.257  2664  3814 I Icing   : Indexing done CCE052EFA3F837FD762261971790401A3F540A60
01-01 20:36:36.258  2664  3814 I Icing   : Indexing 1D84FD7D981DB7F4EA1D01455DB9065A2AC1CBBD from com.google.android.gms
01-01 20:36:36.264  2664  3814 I Icing   : Indexing done 1D84FD7D981DB7F4EA1D01455DB9065A2AC1CBBD
01-01 20:36:36.265  2664  3814 I Icing   : Indexing EE50E314FB02F66E09FA0461B741F47813980B87 from com.google.android.gms
01-01 20:36:36.271  2664  3814 I Icing   : Indexing done EE50E314FB02F66E09FA0461B741F47813980B87
01-01 20:36:36.327  1788  1803 D ForegroundUtils: Process died; UID 10029 PID 3691
01-01 20:36:36.327  1788  1803 D ForegroundUtils: Foreground changed, PID: 3691 UID: 10029 foreground: false
01-01 20:36:36.327  1788  1803 D ForegroundUtils: Foreground UID/PID combinations:
01-01 20:36:36.365  4148  4148 W System  : ClassLoader referenced unknown path: /system/priv-app/Velvet/lib/arm
01-01 20:36:36.399  4148  4148 D FingerprintProtector: This is not product version.
01-01 20:36:36.601  4148  4162 I SharedPreferencesProto: load shared preferences: file not found
01-01 20:36:36.628  4148  4165 I SharedPreferencesProto: load shared preferences: file not found
01-01 20:36:36.703  4148  4148 E LocationManager: [LGNSS] Disable_PrivacyLocation_Information [tOperator : LGU ] , [tOperator_ext :  ],  [privacy_check : NA]
01-01 20:36:36.709  1120  1772 D LocationManagerService: getProviders()=[passive, gps]
01-01 20:36:36.823  4148  4169 W System  : ClassLoader referenced unknown path: /system/priv-app/Velvet/lib/arm
01-01 20:36:36.877  4148  4167 I WebViewFactory: Loading com.google.android.webview version 49.0.2623.105 (code 262310500)
01-01 20:36:36.912  2664  3814 W ResourceType: ResTable_typeSpec entry count inconsistent: given 1, previously 574
01-01 20:36:36.972  4148  4167 W System  : ClassLoader referenced unknown path: /system/app/WebViewGoogle/lib/arm
01-01 20:36:36.999  4148  4167 I cr_LibraryLoader: Time to load native libraries: 4 ms (timestamps 40-44)
01-01 20:36:36.999  4148  4167 I cr_LibraryLoader: Expected native library version number "49.0.2623.105", actual native library version number "49.0.2623.105"
01-01 20:36:37.021  4175  4175 W System  : ClassLoader referenced unknown path: /system/priv-app/GooglePartnerSetup/lib/arm
01-01 20:36:37.029  4175  4175 D FingerprintProtector: This is not product version.
01-01 20:36:37.032  4189  4189 W System  : ClassLoader referenced unknown path: /system/app/CalendarGoogle/lib/arm
01-01 20:36:37.052  4189  4189 I CAPP_DB_LOG: Open existing file : /data/user/0/com.google.android.calendar/databases/timelydata.db
01-01 20:36:37.053  4189  4189 I CAPP_DB_LOG: opened database address/path : 0xb89726a0, /data/user/0/com.google.android.calendar/databases/timelydata.db
01-01 20:36:37.059  4189  4189 I CAPP_DB_LOG:   database address : 0xb89726a0, pragma journal_size_limit = 524288
01-01 20:36:37.059  4189  4189 I CAPP_DB_LOG:   database address : 0xb89726a0, pragma wal_autocheckpoint = 100
01-01 20:36:37.060  4189  4189 I CAPP_DB_LOG: Open existing file : /data/user/0/com.google.android.calendar/databases/timelydata.db
01-01 20:36:37.061  4189  4189 I CAPP_DB_LOG: opened database address/path : 0xb8a73b00, /data/user/0/com.google.android.calendar/databases/timelydata.db
01-01 20:36:37.062  4189  4189 I CAPP_DB_LOG:   database address : 0xb8a73b00, pragma journal_size_limit = 524288
01-01 20:36:37.063  4189  4189 I CAPP_DB_LOG:   database address : 0xb8a73b00, pragma wal_autocheckpoint = 100
01-01 20:36:37.113  4189  4189 D FingerprintProtector: This is not product version.
01-01 20:36:37.185  4148  4167 W Search.SearchUrlHelper: Auth token not ready, no auth header set.
01-01 20:36:37.255  1788  1802 D ForegroundUtils: Process died; UID 10014 PID 3458
01-01 20:36:37.256  1788  1802 D ForegroundUtils: Foreground changed, PID: 3458 UID: 10014 foreground: false
01-01 20:36:37.256  1788  1802 D ForegroundUtils: Foreground UID/PID combinations:
01-01 20:36:37.351  4214  4214 W System  : ClassLoader referenced unknown path: /system/priv-app/CalendarProvider/lib/arm
01-01 20:36:37.365  4214  4214 I CAPP_DB_LOG: Open existing file : /data/user/0/com.android.providers.calendar/databases/calendar.db
01-01 20:36:37.365  4214  4214 I CAPP_DB_LOG: opened database address/path : 0xb899eae8, /data/user/0/com.android.providers.calendar/databases/calendar.db
01-01 20:36:37.371  4148  4167 I UrlRequestFactory: Using network stack: Cronet/50.0.2661.37@4cf5e769
01-01 20:36:37.376  4214  4214 I CAPP_DB_LOG:   database address : 0xb899eae8, pragma journal_mode = PERSIST
01-01 20:36:37.377  4214  4214 I CAPP_DB_LOG:   database address : 0xb899eae8, pragma journal_size_limit = 524288
01-01 20:36:37.377  4214  4214 I CAPP_DB_LOG:   database address : 0xb899eae8, pragma wal_autocheckpoint = 100
01-01 20:36:37.429  4214  4214 I CalendarProvider2: Created com.android.providers.calendar.CalendarAlarmManager@9dfbe72(com.android.providers.calendar.CalendarProvider2@e7702c3)
01-01 20:36:37.435  4214  4214 D FingerprintProtector: This is not product version.
