01-01 20:36:34.015  3668  3706 V LGMediaProvider: [MediaScanner] insertFile: values=is_hifi=0 bucket_id=-1431082561 longitude=null protected_type=0 burst_id=null date_modified=1466750044 bucket_display_name=image parent=62 format=12288 storage_id=0 media_type=0 mime_type=null _size=4448 title=pause_img_cif_p _data=/system/media/ims/image/pause_img_cif_p.dat is_lock=0 is_drm=false date_added=1451680594 voicerecorder_info=null latitude=null storage_type=65537 returned: 81
01-01 20:36:34.015  3668  3706 V LGMediaProvider: [MediaScanner] insertInternal: content://media/internal/file, initValues=is_hifi=0 longitude=null protected_type=0 date_modified=1466750044 format=12288 mime_type=null _data=/system/media/ims/image/pause_img_qcif.dat title=pause_img_qcif _size=871 is_drm=false is_lock=0 latitude=null voicerecorder_info=null
01-01 20:36:34.015  3668  3706 V LGMediaProvider: Returning cached entry for /system/media/ims/image
01-01 20:36:34.016  3668  3706 V LGMediaProvider: [MediaScanner] insertFile: values=is_hifi=0 bucket_id=-1431082561 longitude=null protected_type=0 burst_id=null date_modified=1466750044 bucket_display_name=image parent=62 format=12288 storage_id=0 media_type=0 mime_type=null _size=871 title=pause_img_qcif _data=/system/media/ims/image/pause_img_qcif.dat is_lock=0 is_drm=false date_added=1451680594 voicerecorder_info=null latitude=null storage_type=65537 returned: 82
01-01 20:36:34.016  3668  3706 V LGMediaProvider: [MediaScanner] insertInternal: content://media/internal/file, initValues=is_hifi=0 longitude=null protected_type=0 date_modified=1466750044 format=12288 mime_type=null _data=/system/media/ims/image/pause_img_qvga.dat title=pause_img_qvga _size=2624 is_drm=false is_lock=0 latitude=null voicerecorder_info=null
01-01 20:36:34.016  3668  3706 V LGMediaProvider: Returning cached entry for /system/media/ims/image
01-01 20:36:34.017  3668  3706 V LGMediaProvider: [MediaScanner] insertFile: values=is_hifi=0 bucket_id=-1431082561 longitude=null protected_type=0 burst_id=null date_modified=1466750044 bucket_display_name=image parent=62 format=12288 storage_id=0 media_type=0 mime_type=null _size=2624 title=pause_img_qvga _data=/system/media/ims/image/pause_img_qvga.dat is_lock=0 is_drm=false date_added=1451680594 voicerecorder_info=null latitude=null storage_type=65537 returned: 83
01-01 20:36:34.017  3668  3706 V LGMediaProvider: [MediaScanner] insertInternal: content://media/internal/file, initValues=is_hifi=0 longitude=null protected_type=0 date_modified=1466750044 format=12288 mime_type=null _data=/system/media/ims/image/pause_img_qvga_p.dat title=pause_img_qvga_p _size=3738 is_drm=false is_lock=0 latitude=null voicerecorder_info=null
01-01 20:36:34.017  3668  3706 V LGMediaProvider: Returning cached entry for /system/media/ims/image
01-01 20:36:34.018  3668  3706 V LGMediaProvider: [MediaScanner] insertFile: values=is_hifi=0 bucket_id=-1431082561 longitude=null protected_type=0 burst_id=null date_modified=1466750044 bucket_display_name=image parent=62 format=12288 storage_id=0 media_type=0 mime_type=null _size=3738 title=pause_img_qvga_p _data=/system/media/ims/image/pause_img_qvga_p.dat is_lock=0 is_drm=false date_added=1451680594 voicerecorder_info=null latitude=null storage_type=65537 returned: 84
01-01 20:36:34.018  3668  3706 V LGMediaProvider: [MediaScanner] insertInternal: content://media/internal/file, initValues=is_hifi=0 longitude=null protected_type=0 date_modified=1466750044 format=12288 mime_type=null _data=/system/media/ims/image/pause_img_sif_l.dat title=pause_img_sif_l _size=2665 is_drm=false is_lock=0 latitude=null voicerecorder_info=null
01-01 20:36:34.018  3668  3706 V LGMediaProvider: Returning cached entry for /system/media/ims/image
01-01 20:36:34.019  3668  3706 V LGMediaProvider: [MediaScanner] insertFile: values=is_hifi=0 bucket_id=-1431082561 longitude=null protected_type=0 burst_id=null date_modified=1466750044 bucket_display_name=image parent=62 format=12288 storage_id=0 media_type=0 mime_type=null _size=2665 title=pause_img_sif_l _data=/system/media/ims/image/pause_img_sif_l.dat is_lock=0 is_drm=false date_added=1451680594 voicerecorder_info=null latitude=null storage_type=65537 returned: 85
01-01 20:36:34.020  3668  3706 V LGMediaProvider: [MediaScanner] insertInternal: content://media/internal/file, initValues=is_hifi=0 longitude=null protected_type=0 date_modified=1466750044 format=12288 mime_type=null _data=/system/media/ims/image/pause_img_sif_p.dat title=pause_img_sif_p _size=3839 is_drm=false is_lock=0 latitude=null voicerecorder_info=null
01-01 20:36:34.020  3668  3706 V LGMediaProvider: Returning cached entry for /system/media/ims/image
01-01 20:36:34.020  1120  1256 D Accel   : ACCEL: -0.103000, 0.126000, 10.028000
01-01 20:36:34.020  3668  3706 V LGMediaProvider: [MediaScanner] insertFile: values=is_hifi=0 bucket_id=-1431082561 longitude=null protected_type=0 burst_id=null date_modified=1466750044 bucket_display_name=image parent=62 format=12288 storage_id=0 media_type=0 mime_type=null _size=3839 title=pause_img_sif_p _data=/system/media/ims/image/pause_img_sif_p.dat is_lock=0 is_drm=false date_added=1451680594 voicerecorder_info=null latitude=null storage_type=65537 returned: 86
01-01 20:36:34.021  3668  3706 V LGMediaProvider: [MediaScanner] insertInternal: content://media/internal/file, initValues=is_hifi=0 longitude=null protected_type=0 date_modified=1466750044 format=12288 mime_type=null _data=/system/media/ims/image/pause_img_sqcif.dat title=pause_img_sqcif _size=750 is_drm=false is_lock=0 latitude=null voicerecorder_info=null
01-01 20:36:34.021  3668  3706 V LGMediaProvider: Returning cached entry for /system/media/ims/image
01-01 20:36:34.021  3668  3680 I CAPP_DB_LOG: Creating new file  : /data/user/0/com.android.providers.media/databases/lgtvas.db
01-01 20:36:34.022  3668  3706 V LGMediaProvider: [MediaScanner] insertFile: values=is_hifi=0 bucket_id=-1431082561 longitude=null protected_type=0 burst_id=null date_modified=1466750044 bucket_display_name=image parent=62 format=12288 storage_id=0 media_type=0 mime_type=null _size=750 title=pause_img_sqcif _data=/system/media/ims/image/pause_img_sqcif.dat is_lock=0 is_drm=false date_added=1451680594 voicerecorder_info=null latitude=null storage_type=65537 returned: 87
01-01 20:36:34.022  3668  3706 V LGMediaProvider: [MediaScanner] insertInternal: content://media/internal/file, initValues=is_hifi=0 longitude=null protected_type=0 date_modified=1466750044 format=12288 mime_type=null _data=/system/media/ims/image/pause_img_vga_l.dat title=pause_img_vga_l _size=5987 is_drm=false is_lock=0 latitude=null voicerecorder_info=null
01-01 20:36:34.022  3668  3680 I CAPP_DB_LOG: opened database address/path : 0xb8bc04e0, /data/user/0/com.android.providers.media/databases/lgtvas.db
01-01 20:36:34.022  3668  3706 V LGMediaProvider: Returning cached entry for /system/media/ims/image
01-01 20:36:34.023  3668  3706 V LGMediaProvider: [MediaScanner] insertFile: values=is_hifi=0 bucket_id=-1431082561 longitude=null protected_type=0 burst_id=null date_modified=1466750044 bucket_display_name=image parent=62 format=12288 storage_id=0 media_type=0 mime_type=null _size=5987 title=pause_img_vga_l _data=/system/media/ims/image/pause_img_vga_l.dat is_lock=0 is_drm=false date_added=1451680594 voicerecorder_info=null latitude=null storage_type=65537 returned: 88
01-01 20:36:34.023  3668  3706 V LGMediaProvider: [MediaScanner] insertInternal: content://media/internal/file, initValues=is_hifi=0 longitude=null protected_type=0 date_modified=1466750044 format=12288 mime_type=null _data=/system/media/ims/image/pause_img_vga_p.dat title=pause_img_vga_p _size=6309 is_drm=false is_lock=0 latitude=null voicerecorder_info=null
01-01 20:36:34.023  3668  3680 I CAPP_DB_LOG:   database address : 0xb8bc04e0, pragma journal_mode = WAL
01-01 20:36:34.023  3668  3706 V LGMediaProvider: Returning cached entry for /system/media/ims/image
01-01 20:36:34.024  3668  3706 V LGMediaProvider: [MediaScanner] insertFile: values=is_hifi=0 bucket_id=-1431082561 longitude=null protected_type=0 burst_id=null date_modified=1466750044 bucket_display_name=image parent=62 format=12288 storage_id=0 media_type=0 mime_type=null _size=6309 title=pause_img_vga_p _data=/system/media/ims/image/pause_img_vga_p.dat is_lock=0 is_drm=false date_added=1451680594 voicerecorder_info=null latitude=null storage_type=65537 returned: 89
01-01 20:36:34.024  3668  3706 V LGMediaProvider: [MediaScanner] insertInternal: content://media/internal/file, initValues=is_hifi=0 longitude=null protected_type=0 date_modified=1466750044 format=12288 mime_type=application/zip _data=/system/media/shutdownanimation.zip title=shutdownanimation _size=948978 is_drm=false is_lock=0 latitude=null voicerecorder_info=null
01-01 20:36:34.025  3668  3706 V LGMediaProvider: Returning cached entry for /system/media
01-01 20:36:34.025  3668  3706 V LGMediaProvider: [MediaScanner] insertFile: values=is_hifi=0 bucket_id=1664432563 longitude=null protected_type=0 burst_id=null date_modified=1466750044 bucket_display_name=media parent=2 format=12288 storage_id=0 media_type=0 mime_type=application/zip _size=948978 title=shutdownanimation _data=/system/media/shutdownanimation.zip is_lock=0 is_drm=false date_added=1451680594 voicerecorder_info=null latitude=null storage_type=65537 returned: 90
01-01 20:36:34.035  3668  3706 V LGMediaProvider: [MediaScanner] insertInternal: content://media/internal/audio/media, initValues=album=LG Mobile protected_type=0 is_ringtone=true duration=40448 album_artist=null mime_type=application/ogg genre=null is_podcast=false is_music=false is_drm=false is_lock=0 voicerecorder_info=null composer=null is_hifi=0 compilation=0 longitude=null is_notification=false date_modified=1466749349 artist=LG Electronics _data=/system/media/audio/ringtones/02_Anticipation.ogg title= _size=721030 track=0 latitude=null is_alarm=false
01-01 20:36:34.035  3668  3706 V LGMediaProvider: [MediaScanner] path : /system/media/audio/ringtones, folder : ringtones
01-01 20:36:34.036  3668  3706 V LGMediaProvider: Returning cached entry for /system/media/audio/ringtones
01-01 20:36:34.037  3668  3706 V LGMediaProvider: [MediaScanner] insertFile: values=protected_type=0 burst_id=null bucket_display_name=ringtones is_ringtone=true duration=40448 format=47362 album_artist=null mime_type=application/ogg album_id=3 is_podcast=false is_music=false folder_id=3 is_lock=0 is_drm=false voicerecorder_info=null storage_type=65537 _display_name=02_Anticipation.ogg composer=null is_hifi=0 bucket_id=293500348 artist_id=1 longitude=null is_notification=false date_modified=1466749349 parent=38 index_key= storage_id=0 media_type=2 title= track=0 _size=721030 _data=/system/media/audio/ringtones/02_Anticipation.ogg date_added=1451680594 latitude=null is_alarm=false title_key=&X&2 returned: 91
01-01 20:36:34.037  3668  3706 V LGMediaProvider: [MediaScanner] insertInternal: content://media/internal/audio/media, initValues=album=LG Mobile protected_type=0 is_ringtone=true duration=45444 album_artist=null mime_type=application/ogg genre=null is_podcast=false is_music=false is_drm=false is_lock=0 voicerecorder_info=null composer=null is_hifi=0 compilation=0 longitude=null is_notification=false date_modified=1466749349 artist=LG Electronics _data=/system/media/audio/ringtones/03_Maple.ogg title= _size=943328 track=0 latitude=null is_alarm=false
01-01 20:36:34.038  3668  3706 V LGMediaProvider: [MediaScanner] path : /system/media/audio/ringtones, folder : ringtones
01-01 20:36:34.039  3668  3706 V LGMediaProvider: Returning cached entry for /system/media/audio/ringtones
01-01 20:36:34.040  3668  3706 V LGMediaProvider: [MediaScanner] insertFile: values=protected_type=0 burst_id=null bucket_display_name=ringtones is_ringtone=true duration=45444 format=47362 album_artist=null mime_type=application/ogg album_id=3 is_podcast=false is_music=false folder_id=3 is_lock=0 is_drm=false voicerecorder_info=null storage_type=65537 _display_name=03_Maple.ogg composer=null is_hifi=0 bucket_id=293500348 artist_id=1 longitude=null is_notification=false date_modified=1466749349 parent=38 index_key= storage_id=0 media_type=2 title= track=0 _size=943328 _data=/system/media/audio/ringtones/03_Maple.ogg date_added=1451680594 latitude=null is_alarm=false title_key=&0c&(J&
01-01 20:36:34.040  3668  3706 V LGMediaProvider: 0&J returned: 92
01-01 20:36:34.040  3668  3706 V LGMediaProvider: [MediaScanner] insertInternal: content://media/internal/audio/media, initValues=album=LG Mobile protected_type=0 is_ringtone=true duration=26070 album_artist=null mime_type=application/ogg genre=null is_podcast=false is_music=false is_drm=false is_lock=0 voicerecorder_info=null composer=null is_hifi=0 compilation=0 longitude=null is_notification=false date_modified=1466749349 artist=LG Electronics _data=/system/media/audio/ringtones/04_Music_Box.ogg title= _size=547672 track=0 latitude=null is_alarm=false
01-01 20:36:34.040  3668  3706 V LGMediaProvider: [MediaScanner] path : /system/media/audio/ringtones, folder : ringtones
01-01 20:36:34.042  3668  3706 V LGMediaProvider: Returning cached entry for /system/media/audio/ringtones
01-01 20:36:34.043  3668  3706 V LGMediaProvider: [MediaScanner] insertFile: values=protected_type=0 burst_id=null bucket_display_name=ringtones is_ringtone=true duration=26070 format=47362 album_artist=null mime_type=application/ogg album_id=3 is_podcast=false is_music=false folder_id=3 is_lock=0 is_drm=false voicerecorder_info=null storage_type=65537 _display_name=04_Music_Box.ogg composer=null is_hifi=0 bucket_id=293500348 artist_id=1 longitude=null is_notification=false date_modified=1466749349 parent=38 index_key= storage_id=0 media_type=2 title= track=0 _size=547672 _data=/system/media/audio/ringtones/04_Music_Box.ogg date_added=1451680594 latitude=null is_alarm=false title_key=&R&X]&0]&T returned: 93
01-01 20:36:34.043  3668  3706 V LGMediaProvider: [MediaScanner] insertInternal: content://media/internal/audio/media, initValues=album=LG Mobile protected_type=0 is_ringtone=true duration=26470 album_artist=null mime_type=application/ogg genre=null is_podcast=false is_music=false is_drm=false is_lock=0 voicerecorder_info=null composer=null is_hifi=0 compilation=0 longitude=null is_notification=false date_modified=1466749349 artist=LG Electronics _data=/system/media/audio/ringtones/05_Timeless.ogg title=  _size=369773 track=0 latitude=null is_alarm=false
01-01 20:36:34.043  3668  3706 V LGMediaProvider: [MediaScanner] path : /system/media/audio/ringtones, folder : ringtones
01-01 20:36:34.044  3668  3706 V LGMediaProvider: Returning cached entry for /system/media/audio/ringtones
01-01 20:36:34.045  3668  3680 I CAPP_DB_LOG:   database address : 0xb8bc04e0, pragma journal_size_limit = 524288
01-01 20:36:34.045  3668  3680 I CAPP_DB_LOG:   database address : 0xb8bc04e0, pragma wal_autocheckpoint = 100
01-01 20:36:34.045  3668  3706 V LGMediaProvider: [MediaScanner] insertFile: values=protected_type=0 burst_id=null bucket_display_name=ringtones is_ringtone=true duration=26470 format=47362 album_artist=null mime_type=application/ogg album_id=3 is_podcast=false is_music=false folder_id=3 is_lock=0 is_drm=false voicerecorder_info=null storage_type=65537 _display_name=05_Timeless.ogg composer=null is_hifi=0 bucket_id=293500348 artist_id=1 longitude=null is_notification=false date_modified=1466749349 parent=38 index_key= storage_id=0 media_type=2 title=  track=0 _size=369773 _data=/system/media/audio/ringtones/05_Timeless.ogg date_added=1451680594 latitude=null is_alarm=false title_key=&X&0c&Tc&*T&T&@ returned: 94
01-01 20:36:34.045  3668  3706 V LGMediaProvider: [MediaScanner] insertInternal: content://media/internal/audio/media, initValues=album=LG Mobile protected_type=0 is_ringtone=true duration=28257 album_artist=null mime_type=application/ogg genre=null is_podcast=false is_music=false is_drm=false is_lock=0 voicerecorder_info=null composer=null is_hifi=0 compilation=0 longitude=null is_notification=false date_modified=1466749349 artist=LG Electronics _data=/system/media/audio/ringtones/06_Simple_Bell.ogg title= _size=328037 track=0 latitude=null is_alarm=false
01-01 20:36:34.045  3668  3706 V LGMediaProvider: [MediaScanner] path : /system/media/audio/ringtones, folder : ringtones
01-01 20:36:34.047  3668  3706 V LGMediaProvider: Returning cached entry for /system/media/audio/ringtones
01-01 20:36:34.047  3668  3706 V LGMediaProvider: [MediaScanner] insertFile: values=protected_type=0 burst_id=null bucket_display_name=ringtones is_ringtone=true duration=28257 format=47362 album_artist=null mime_type=application/ogg album_id=3 is_podcast=false is_music=false folder_id=3 is_lock=0 is_drm=false voicerecorder_info=null storage_type=65537 _display_name=06_Simple_Bell.ogg composer=null is_hifi=0 bucket_id=293500348 artist_id=1 longitude=null is_notification=false date_modified=1466749349 parent=38 index_key= storage_id=0 media_type=2 title= track=0 _size=328037 _data=/system/media/audio/ringtones/06_Simple_Bell.ogg date_added=1451680594 latitude=null is_alarm=false title_key=&X{&(Tk&:k returned: 95
01-01 20:36:34.048  3668  3706 V LGMediaProvider: [MediaScanner] insertInternal: content://media/internal/audio/media, initValues=album=LG Mobile protected_type=0 is_ringtone=true duration=46828 album_artist=null mime_type=application/ogg genre=null is_podcast=false is_music=false is_drm=false is_lock=0 voicerecorder_info=null composer=null is_hifi=0 compilation=0 longitude=null is_notification=false date_modified=1466749349 artist=LG Electronics _data=/system/media/audio/ringtones/07_Evening_Glow.ogg title=  _size=865815 track=0 latitude=null is_alarm=false
01-01 20:36:34.048  3668  3706 V LGMediaProvider: [MediaScanner] path : /system/media/audio/ringtones, folder : ringtones
01-01 20:36:34.049  3668  3706 V LGMediaProvider: Returning cached entry for /system/media/audio/ringtones
01-01 20:36:34.050  3668  3706 V LGMediaProvider: [MediaScanner] insertFile: values=protected_type=0 burst_id=null bucket_display_name=ringtones is_ringtone=true duration=46828 format=47362 album_artist=null mime_type=application/ogg album_id=3 is_podcast=false is_music=false folder_id=3 is_lock=0 is_drm=false voicerecorder_info=null storage_type=65537 _display_name=07_Evening_Glow.ogg composer=null is_hifi=0 bucket_id=293500348 artist_id=1 longitude=null is_notification=false date_modified=1466749349 parent=38 index_key= storage_id=0 media_type=2 title=  track=0 _size=865815 _data=/system/media/audio/ringtones/07_Evening_Glow.ogg date_added=1451680594 latitude=null is_alarm=false title_key=&8&
01-01 20:36:34.050  3668  3706 V LGMediaProvider: <]&
01-01 20:36:34.050  3668  3706 V LGMediaProvider: @&Tk returned: 96
01-01 20:36:34.051  3668  3706 V LGMediaProvider: [MediaScanner] insertInternal: content://media/internal/audio/media, initValues=album=LG Mobile protected_type=0 is_ringtone=true duration=29697 album_artist=null mime_type=application/ogg genre=null is_podcast=false is_music=false is_drm=false is_lock=0 voicerecorder_info=null composer=null is_hifi=0 compilation=0 longitude=null is_notification=false date_modified=1466749349 artist=LG Electronics _data=/system/media/audio/ringtones/08_Crescent_Moon.ogg title= _size=536286 track=0 latitude=null is_alarm=false
01-01 20:36:34.051  3668  3706 V LGMediaProvider: [MediaScanner] path : /system/media/audio/ringtones, folder : ringtones
01-01 20:36:34.052  3668  3706 V LGMediaProvider: Returning cached entry for /system/media/audio/ringtones
01-01 20:36:34.053  3668  3706 V LGMediaProvider: [MediaScanner] insertFile: values=protected_type=0 burst_id=null bucket_display_name=ringtones is_ringtone=true duration=29697 format=47362 album_artist=null mime_type=application/ogg album_id=3 is_podcast=false is_music=false folder_id=3 is_lock=0 is_drm=false voicerecorder_info=null storage_type=65537 _display_name=08_Crescent_Moon.ogg composer=null is_hifi=0 bucket_id=293500348 artist_id=1 longitude=null is_notification=false date_modified=1466749349 parent=38 index_key= storage_id=0 media_type=2 title= track=0 _size=536286 _data=/system/media/audio/ringtones/08_Crescent_Moon.ogg date_added=1451680594 latitude=null is_alarm=false title_key=&"@&T&0k returned: 97
01-01 20:36:34.053  3668  3706 V LGMediaProvider: [MediaScanner] insertInternal: content://media/internal/audio/media, initValues=album=LG Mobile protected_type=0 is_ringtone=true duration=36106 album_artist=null mime_type=application/ogg genre=null is_podcast=false is_music=false is_drm=false is_lock=0 voicerecorder_info=null composer=null is_hifi=0 compilation=0 longitude=null is_notification=false date_modified=1466749349 artist=LG Electronics _data=/system/media/audio/ringtones/09_Chocolate.ogg title=  _size=980467 track=0 latitude=null is_alarm=false
01-01 20:36:34.053  3668  3706 V LGMediaProvider: [MediaScanner] path : /system/media/audio/ringtones, folder : ringtones
01-01 20:36:34.054  3668  3706 V LGMediaProvider: Returning cached entry for /system/media/audio/ringtones
01-01 20:36:34.055  3668  3706 V LGMediaProvider: [MediaScanner] insertFile: values=protected_type=0 burst_id=null bucket_display_name=ringtones is_ringtone=true duration=36106 format=47362 album_artist=null mime_type=application/ogg album_id=3 is_podcast=false is_music=false folder_id=3 is_lock=0 is_drm=false voicerecorder_info=null storage_type=65537 _display_name=09_Chocolate.ogg composer=null is_hifi=0 bucket_id=293500348 artist_id=1 longitude=null is_notification=false date_modified=1466749349 parent=38 index_key= storage_id=0 media_type=2 title= track=0 _size=980467 _data=/system/media/audio/ringtones/09_Chocolate.ogg date_added=1451680594 latitude=null is_alarm=false title_key=&"@&$@k&X returned: 98
01-01 20:36:34.055  3668  3706 V LGMediaProvider: [MediaScanner] insertInternal: content://media/internal/audio/media, initValues=album=LG Mobile protected_type=0 is_ringtone=true duration=43389 album_artist=null mime_type=application/ogg genre=null is_podcast=false is_music=false is_drm=false is_lock=0 voicerecorder_info=null composer=null is_hifi=0 compilation=0 longitude=null is_notification=false date_modified=1466749349 artist=LG Electronics _data=/system/media/audio/ringtones/10_New_Beginning.ogg title= _size=968098 track=0 latitude=null is_alarm=false
01-01 20:36:34.056  3668  3706 V LGMediaProvider: [MediaScanner] path : /system/media/audio/ringtones, folder : ringtones
01-01 20:36:34.057  3668  3706 V LGMediaProvider: Returning cached entry for /system/media/audio/ringtones
01-01 20:36:34.057  3668  3706 V LGMediaProvider: [MediaScanner] insertFile: values=protected_type=0 burst_id=null bucket_display_name=ringtones is_ringtone=true duration=43389 format=47362 album_artist=null mime_type=application/ogg album_id=3 is_podcast=false is_music=false folder_id=3 is_lock=0 is_drm=false voicerecorder_info=null storage_type=65537 _display_name=10_New_Beginning.ogg composer=null is_hifi=0 bucket_id=293500348 artist_id=1 longitude=null is_notification=false date_modified=1466749349 parent=38 index_key= storage_id=0 media_type=2 title= track=0 _size=968098 _data=/system/media/audio/ringtones/10_New_Beginning.ogg date_added=1451680594 latitude=null is_alarm=false title_key=&"Jk&0k returned: 99
01-01 20:36:34.058  3668  3706 V LGMediaProvider: [MediaScanner] insertInternal: content://media/internal/audio/media, initValues=album=LG Mobile protected_type=0 is_ringtone=true duration=30000 album_artist=null mime_type=application/ogg genre=null is_podcast=false is_music=false is_drm=false is_lock=0 voicerecorder_info=null composer=null is_hifi=0 compilation=0 longitude=null is_notification=false date_modified=1466749349 artist=LG Electronics _data=/system/media/audio/ringtones/11_Sunshine.ogg title=  _size=666623 track=0 latitude=null is_alarm=false
01-01 20:36:34.058  3668  3706 V LGMediaProvider: [MediaScanner] path : /system/media/audio/ringtones, folder : ringtones
01-01 20:36:34.059  3668  3706 V LGMediaProvider: Returning cached entry for /system/media/audio/ringtones
01-01 20:36:34.060  3668  3706 V LGMediaProvider: [MediaScanner] insertFile: values=protected_type=0 burst_id=null bucket_display_name=ringtones is_ringtone=true duration=30000 format=47362 album_artist=null mime_type=application/ogg album_id=3 is_podcast=false is_music=false folder_id=3 is_lock=0 is_drm=false voicerecorder_info=null storage_type=65537 _display_name=11_Sunshine.ogg composer=null is_hifi=0 bucket_id=293500348 artist_id=1 longitude=null is_notification=false date_modified=1466749349 parent=38 index_key= storage_id=0 media_type=2 title=  track=0 _size=666623 _data=/system/media/audio/ringtones/11_Sunshine.ogg date_added=1451680594 latitude=null is_alarm=false title_key=&*2&0k&0&2 returned: 100
01-01 20:36:34.060  3668  3706 V LGMediaProvider: [MediaScanner] insertInternal: content://media/internal/audio/media, initValues=album=LG Mobile protected_type=0 is_ringtone=true duration=27873 album_artist=null mime_type=application/ogg genre=null is_podcast=false is_music=false is_drm=false is_lock=0 voicerecorder_info=null composer=null is_hifi=0 compilation=0 longitude=null is_notification=false date_modified=1466749349 artist=LG Electronics _data=/system/media/audio/ringtones/12_Bloom.ogg title=  _size=460233 track=0 latitude=null is_alarm=false
01-01 20:36:34.060  3668  3706 V LGMediaProvider: [MediaScanner] path : /system/media/audio/ringtones, folder : ringtones
01-01 20:36:34.062  3668  3706 V LGMediaProvider: Returning cached entry for /system/media/audio/ringtones
01-01 20:36:34.063  3668  3706 V LGMediaProvider: [MediaScanner] insertFile: values=protected_type=0 burst_id=null bucket_display_name=ringtones is_ringtone=true duration=27873 format=47362 album_artist=null mime_type=application/ogg album_id=3 is_podcast=false is_music=false folder_id=3 is_lock=0 is_drm=false voicerecorder_info=null storage_type=65537 _display_name=12_Bloom.ogg composer=null is_hifi=0 bucket_id=293500348 artist_id=1 longitude=null is_notification=false date_modified=1466749349 parent=38 index_key= storage_id=0 media_type=2 title=  track=0 _size=460233 _data=/system/media/audio/ringtones/12_Bloom.ogg date_added=1451680594 latitude=null is_alarm=false title_key=&@&X&(X&0 returned: 101
01-01 20:36:34.063  3668  3706 V LGMediaProvider: [MediaScanner] insertInternal: content://media/internal/audio/media, initValues=album=LG Mobile protected_type=0 is_ringtone=true duration=26367 album_artist=null mime_type=application/ogg genre=null is_podcast=false is_music=false is_drm=false is_lock=0 voicerecorder_info=null composer=null is_hifi=0 compilation=0 longitude=null is_notification=false date_modified=1466749349 artist=LG Electronics _data=/system/media/audio/ringtones/13_Snowflakes.ogg title= _size=503231 track=0 latitude=null is_alarm=false
01-01 20:36:34.063  3668  3706 V LGMediaProvider: [MediaScanner] path : /system/media/audio/ringtones, folder : ringtones
01-01 20:36:34.064  3668  3706 V LGMediaProvider: Returning cached entry for /system/media/audio/ringtones
01-01 20:36:34.065  3668  3706 V LGMediaProvider: [MediaScanner] insertFile: values=protected_type=0 burst_id=null bucket_display_name=ringtones is_ringtone=true duration=26367 format=47362 album_artist=null mime_type=application/ogg album_id=3 is_podcast=false is_music=false folder_id=3 is_lock=0 is_drm=false voicerecorder_info=null storage_type=65537 _display_name=13_Snowflakes.ogg composer=null is_hifi=0 bucket_id=293500348 artist_id=1 longitude=null is_notification=false date_modified=1466749349 parent=38 index_key= storage_id=0 media_type=2 title= track=0 _size=503231 _data=/system/media/audio/ringtones/13_Snowflakes.ogg date_added=1451680594 latitude=null is_alarm=false title_key=&
01-01 20:36:34.065  3668  3706 V LGMediaProvider: Jc&@ returned: 102
01-01 20:36:34.065  3668  3706 V LGMediaProvider: [MediaScanner] insertInternal: content://media/internal/audio/media, initValues=album=LG Mobile protected_type=0 is_ringtone=true duration=41111 album_artist=null mime_type=application/ogg genre=null is_podcast=false is_music=false is_drm=false is_lock=0 voicerecorder_info=null composer=null is_hifi=0 compilation=0 longitude=null is_notification=false date_modified=1466749349 artist=LG Electronics _data=/system/media/audio/ringtones/14_Let_It_Snow.ogg title=  _size=719243 track=0 latitude=null is_alarm=false
01-01 20:36:34.065  3668  3706 V LGMediaProvider: [MediaScanner] path : /system/media/audio/ringtones, folder : ringtones
01-01 20:36:34.067  3668  3706 V LGMediaProvider: Returning cached entry for /system/media/audio/ringtones
01-01 20:36:34.068  3668  3706 V LGMediaProvider: [MediaScanner] insertFile: values=protected_type=0 burst_id=null bucket_display_name=ringtones is_ringtone=true duration=41111 format=47362 album_artist=null mime_type=application/ogg album_id=3 is_podcast=false is_music=false folder_id=3 is_lock=0 is_drm=false voicerecorder_info=null storage_type=65537 _display_name=14_Let_It_Snow.ogg composer=null is_hifi=0 bucket_id=293500348 artist_id=1 longitude=null is_notification=false date_modified=1466749349 parent=38 index_key= storage_id=0 media_type=2 title=  track=0 _size=719243 _data=/system/media/audio/ringtones/14_Let_It_Snow.ogg date_added=1451680594 latitude=null is_alarm=false title_key=&
01-01 20:36:34.068  3668  3706 V LGMediaProvider: Jc&@&
01-01 20:36:34.068  3668  3706 V LGMediaProvider: Tc&
01-01 20:36:34.068  3668  3706 V LGMediaProvider: 0k returned: 103
01-01 20:36:34.068  3668  3706 V LGMediaProvider: [MediaScanner] insertInternal: content://media/internal/audio/media, initValues=album=LG Mobile protected_type=0 is_ringtone=true duration=32667 album_artist=null mime_type=application/ogg genre=null is_podcast=false is_music=false is_drm=false is_lock=0 voicerecorder_info=null composer=null is_hifi=0 compilation=0 longitude=null is_notification=false date_modified=1466749349 artist=LG Electronics _data=/system/media/audio/ringtones/15_Bamboo_Garden.ogg title= _size=814117 track=0 latitude=null is_alarm=false
01-01 20:36:34.068  3668  3706 V LGMediaProvider: [MediaScanner] path : /system/media/audio/ringtones, folder : ringtones
01-01 20:36:34.069  3668  3706 V LGMediaProvider: Returning cached entry for /system/media/audio/ringtones
01-01 20:36:34.070  3668  3706 V LGMediaProvider: [MediaScanner] insertFile: values=protected_type=0 burst_id=null bucket_display_name=ringtones is_ringtone=true duration=32667 format=47362 album_artist=null mime_type=application/ogg album_id=3 is_podcast=false is_music=false folder_id=3 is_lock=0 is_drm=false voicerecorder_info=null storage_type=65537 _display_name=15_Bamboo_Garden.ogg composer=null is_hifi=0 bucket_id=293500348 artist_id=1 longitude=null is_notification=false date_modified=1466749349 parent=38 index_key= storage_id=0 media_type=2 title= track=0 _size=814117 _data=/system/media/audio/ringtones/15_Bamboo_Garden.ogg date_added=1451680594 latitude=null is_alarm=false title_key=&2&
01-01 20:36:34.070  3668  3706 V LGMediaProvider: 0&J&J returned: 104
01-01 20:36:34.070  3668  3706 V LGMediaProvider: [MediaScanner] insertInternal: content://media/internal/audio/media, initValues=album=LG Mobile protected_type=0 is_ringtone=true duration=32366 album_artist=null mime_type=application/ogg genre=null is_podcast=false is_music=false is_drm=false is_lock=0 voicerecorder_info=null composer=null is_hifi=0 compilation=0 longitude=null is_notification=false date_modified=1466749349 artist=LG Electronics _data=/system/media/audio/ringtones/16_Peanut.ogg title= _size=548504 track=0 latitude=null is_alarm=false
01-01 20:36:34.071  3668  3706 V LGMediaProvider: [MediaScanner] path : /system/media/audio/ringtones, folder : ringtones
01-01 20:36:34.072  3668  3706 V LGMediaProvider: Returning cached entry for /system/media/audio/ringtones
01-01 20:36:34.073  3668  3706 V LGMediaProvider: [MediaScanner] insertFile: values=protected_type=0 burst_id=null bucket_display_name=ringtones is_ringtone=true duration=32366 format=47362 album_artist=null mime_type=application/ogg album_id=3 is_podcast=false is_music=false folder_id=3 is_lock=0 is_drm=false voicerecorder_info=null storage_type=65537 _display_name=16_Peanut.ogg composer=null is_hifi=0 bucket_id=293500348 artist_id=1 longitude=null is_notification=false date_modified=1466749349 parent=38 index_key= storage_id=0 media_type=2 title= track=0 _size=548504 _data=/system/media/audio/ringtones/16_Peanut.ogg date_added=1451680594 latitude=null is_alarm=false title_key=&0&$@ returned: 105
01-01 20:36:34.073  3668  3680 I CAPP_DB_LOG: Open existing file : /data/user/0/com.android.providers.media/databases/lgtvas.db
01-01 20:36:34.073  3668  3706 V LGMediaProvider: [MediaScanner] insertInternal: content://media/internal/audio/media, initValues=album=LG Mobile protected_type=0 is_ringtone=true duration=27725 album_artist=null mime_type=application/ogg genre=null is_podcast=false is_music=false is_drm=false is_lock=0 voicerecorder_info=null composer=null is_hifi=0 compilation=0 longitude=null is_notification=false date_modified=1466749349 artist=LG Electronics _data=/system/media/audio/ringtones/17_Kaleidoscope.ogg title= _size=619320 track=0 latitude=null is_alarm=false
01-01 20:36:34.073  3668  3706 V LGMediaProvider: [MediaScanner] path : /system/media/audio/ringtones, folder : ringtones
01-01 20:36:34.073  3668  3680 I CAPP_DB_LOG: opened database address/path : 0xb8b72b18, /data/user/0/com.android.providers.media/databases/lgtvas.db
01-01 20:36:34.074  3668  3706 V LGMediaProvider: Returning cached entry for /system/media/audio/ringtones
01-01 20:36:34.075  3668  3680 I CAPP_DB_LOG:   database address : 0xb8b72b18, pragma journal_size_limit = 524288
01-01 20:36:34.075  3668  3706 V LGMediaProvider: [MediaScanner] insertFile: values=protected_type=0 burst_id=null bucket_display_name=ringtones is_ringtone=true duration=27725 format=47362 album_artist=null mime_type=application/ogg album_id=3 is_podcast=false is_music=false folder_id=3 is_lock=0 is_drm=false voicerecorder_info=null storage_type=65537 _display_name=17_Kaleidoscope.ogg composer=null is_hifi=0 bucket_id=293500348 artist_id=1 longitude=null is_notification=false date_modified=1466749349 parent=38 index_key= storage_id=0 media_type=2 title= track=0 _size=619320 _data=/system/media/audio/ringtones/17_Kaleidoscope.ogg date_added=1451680594 latitude=null is_alarm=false title_key=&0c&*B&< returned: 106
01-01 20:36:34.075  3668  3680 I CAPP_DB_LOG:   database address : 0xb8b72b18, pragma wal_autocheckpoint = 100
01-01 20:36:34.075  3668  3706 V LGMediaProvider: [MediaScanner] insertInternal: content://media/internal/audio/media, initValues=album=LG Mobile protected_type=0 is_ringtone=true duration=36976 album_artist=null mime_type=application/ogg genre=null is_podcast=false is_music=false is_drm=false is_lock=0 voicerecorder_info=null composer=null is_hifi=0 compilation=0 longitude=null is_notification=false date_modified=1466749349 artist=LG Electronics _data=/system/media/audio/ringtones/18_Kitchen_Ensemble.ogg title=  _size=1015348 track=0 latitude=null is_alarm=false
01-01 20:36:34.075  3668  3706 V LGMediaProvider: [MediaScanner] path : /system/media/audio/ringtones, folder : ringtones
01-01 20:36:34.076  3668  3706 V LGMediaProvider: Returning cached entry for /system/media/audio/ringtones
01-01 20:36:34.077  3668  3706 V LGMediaProvider: [MediaScanner] insertFile: values=protected_type=0 burst_id=null bucket_display_name=ringtones is_ringtone=true duration=36976 format=47362 album_artist=null mime_type=application/ogg album_id=3 is_podcast=false is_music=false folder_id=3 is_lock=0 is_drm=false voicerecorder_info=null storage_type=65537 _display_name=18_Kitchen_Ensemble.ogg composer=null is_hifi=0 bucket_id=293500348 artist_id=1 longitude=null is_notification=false date_modified=1466749349 parent=38 index_key= storage_id=0 media_type=2 title=  track=0 _size=1015348 _data=/system/media/audio/ringtones/18_Kitchen_Ensemble.ogg date_added=1451680594 latitude=null is_alarm=false title_key=&0&X&
01-01 20:36:34.077  3668  3706 V LGMediaProvider: Tc&@&X returned: 107
01-01 20:36:34.077  3668  3706 V LGMediaProvider: [MediaScanner] insertInternal: content://media/internal/audio/media, initValues=album=LG Mobile protected_type=0 is_ringtone=true duration=25290 album_artist=null mime_type=application/ogg genre=null is_podcast=false is_music=false is_drm=false is_lock=0 voicerecorder_info=null composer=null is_hifi=0 compilation=0 longitude=null is_notification=false date_modified=1466749349 artist=LG Electronics _data=/system/media/audio/ringtones/19_Space_Signal.ogg title=  _size=451422 track=0 latitude=null is_alarm=false
01-01 20:36:34.077  3668  3706 V LGMediaProvider: [MediaScanner] path : /system/media/audio/ringtones, folder : ringtones
01-01 20:36:34.079  3668  3706 V LGMediaProvider: Returning cached entry for /system/media/audio/ringtones
01-01 20:36:34.079  3668  3706 V LGMediaProvider: [MediaScanner] insertFile: values=protected_type=0 burst_id=null bucket_display_name=ringtones is_ringtone=true duration=25290 format=47362 album_artist=null mime_type=application/ogg album_id=3 is_podcast=false is_music=false folder_id=3 is_lock=0 is_drm=false voicerecorder_info=null storage_type=65537 _display_name=19_Space_Signal.ogg composer=null is_hifi=0 bucket_id=293500348 artist_id=1 longitude=null is_notification=false date_modified=1466749349 parent=38 index_key= storage_id=0 media_type=2 title=  track=0 _size=451422 _data=/system/media/audio/ringtones/19_Space_Signal.ogg date_added=1451680594 latitude=null is_alarm=false title_key=&J&J&Xc&*@ returned: 108
01-01 20:36:34.080  3668  3706 V LGMediaProvider: [MediaScanner] insertInternal: content://media/internal/audio/media, initValues=album=LG Mobile protected_type=0 is_ringtone=true duration=31470 album_artist=null mime_type=application/ogg genre=null is_podcast=false is_music=false is_drm=false is_lock=0 voicerecorder_info=null composer=null is_hifi=0 compilation=0 longitude=null is_notification=false date_modified=1466749349 artist=LG Electronics _data=/system/media/audio/ringtones/20_Ukulele.ogg title= _size=705765 track=0 latitude=null is_alarm=false
01-01 20:36:34.080  3668  3706 V LGMediaProvider: [MediaScanner] path : /system/media/audio/ringtones, folder : ringtones
01-01 20:36:34.081  3668  3706 V LGMediaProvider: Returning cached entry for /system/media/audio/ringtones
01-01 20:36:34.081  3668  3706 V LGMediaProvider: [MediaScanner] insertFile: values=protected_type=0 burst_id=null bucket_display_name=ringtones is_ringtone=true duration=31470 format=47362 album_artist=null mime_type=application/ogg album_id=3 is_podcast=false is_music=false folder_id=3 is_lock=0 is_drm=false voicerecorder_info=null storage_type=65537 _display_name=20_Ukulele.ogg composer=null is_hifi=0 bucket_id=293500348 artist_id=1 longitude=null is_notification=false date_modified=1466749349 parent=38 index_key= storage_id=0 media_type=2 title= track=0 _size=705765 _data=/system/media/audio/ringtones/20_Ukulele.ogg date_added=1451680594 latitude=null is_alarm=false title_key=&J&$Jk&:k&: returned: 109
01-01 20:36:34.082  3668  3706 V LGMediaProvider: [MediaScanner] insertInternal: content://media/internal/audio/media, initValues=album=LG Mobile protected_type=0 is_ringtone=true duration=27428 album_artist=null mime_type=application/ogg genre=null is_podcast=false is_music=false is_drm=false is_lock=0 voicerecorder_info=null composer=null is_hifi=0 compilation=0 longitude=null is_notification=false date_modified=1466749349 artist=LG Electronics _data=/system/media/audio/ringtones/21_Jungle_Gym.ogg title= _size=382463 track=0 latitude=null is_alarm=false
01-01 20:36:34.082  3668  3706 V LGMediaProvider: [MediaScanner] path : /system/media/audio/ringtones, folder : ringtones
01-01 20:36:34.083  3668  3706 V LGMediaProvider: Returning cached entry for /system/media/audio/ringtones
01-01 20:36:34.084  3668  3706 V LGMediaProvider: [MediaScanner] insertFile: values=protected_type=0 burst_id=null bucket_display_name=ringtones is_ringtone=true duration=27428 format=47362 album_artist=null mime_type=application/ogg album_id=3 is_podcast=false is_music=false folder_id=3 is_lock=0 is_drm=false voicerecorder_info=null storage_type=65537 _display_name=21_Jungle_Gym.ogg composer=null is_hifi=0 bucket_id=293500348 artist_id=1 longitude=null is_notification=false date_modified=1466749349 parent=38 index_key= storage_id=0 media_type=2 title= track=0 _size=382463 _data=/system/media/audio/ringtones/21_Jungle_Gym.ogg date_added=1451680594 latitude=null is_alarm=false title_key=&8&Tk&X{ returned: 110
01-01 20:36:34.084  3668  3706 V LGMediaProvider: [MediaScanner] insertInternal: content://media/internal/audio/media, initValues=album=LG Mobile protected_type=0 is_ringtone=true duration=48906 album_artist=null mime_type=application/ogg genre=null is_podcast=false is_music=false is_drm=false is_lock=0 voicerecorder_info=null composer=null is_hifi=0 compilation=0 longitude=null is_notification=false date_modified=1466749349 artist=LG Electronics _data=/system/media/audio/ringtones/22_Popcorn.ogg title= _size=1254788 track=0 latitude=null is_alarm=false
01-01 20:36:34.084  3668  3706 V LGMediaProvider: [MediaScanner] path : /system/media/audio/ringtones, folder : ringtones
01-01 20:36:34.085  3668  3706 V LGMediaProvider: Returning cached entry for /system/media/audio/ringtones
01-01 20:36:34.086  3668  3706 V LGMediaProvider: [MediaScanner] insertFile: values=protected_type=0 burst_id=null bucket_display_name=ringtones is_ringtone=true duration=48906 format=47362 album_artist=null mime_type=application/ogg album_id=3 is_podcast=false is_music=false folder_id=3 is_lock=0 is_drm=false voicerecorder_info=null storage_type=65537 _display_name=22_Popcorn.ogg composer=null is_hifi=0 bucket_id=293500348 artist_id=1 longitude=null is_notification=false date_modified=1466749349 parent=38 index_key= storage_id=0 media_type=2 title= track=0 _size=1254788 _data=/system/media/audio/ringtones/22_Popcorn.ogg date_added=1451680594 latitude=null is_alarm=false title_key=&(0}&$@c returned: 111
01-01 20:36:34.086  3668  3706 V LGMediaProvider: [MediaScanner] insertInternal: content://media/internal/audio/media, initValues=album=LG Mobile protected_type=0 is_ringtone=true duration=30545 album_artist=null mime_type=application/ogg genre=null is_podcast=false is_music=false is_drm=false is_lock=0 voicerecorder_info=null composer=null is_hifi=0 compilation=0 longitude=null is_notification=false date_modified=1466749349 artist=LG Electronics _data=/system/media/audio/ringtones/23_Peppermint.ogg title= _size=572760 track=0 latitude=null is_alarm=false
01-01 20:36:34.086  3668  3706 V LGMediaProvider: [MediaScanner] path : /system/media/audio/ringtones, folder : ringtones
01-01 20:36:34.087  3668  3706 V LGMediaProvider: Returning cached entry for /system/media/audio/ringtones
01-01 20:36:34.088  3668  3706 V LGMediaProvider: [MediaScanner] insertFile: values=protected_type=0 burst_id=null bucket_display_name=ringtones is_ringtone=true duration=30545 format=47362 album_artist=null mime_type=application/ogg album_id=3 is_podcast=false is_music=false folder_id=3 is_lock=0 is_drm=false voicerecorder_info=null storage_type=65537 _display_name=23_Peppermint.ogg composer=null is_hifi=0 bucket_id=293500348 artist_id=1 longitude=null is_notification=false date_modified=1466749349 parent=38 index_key= storage_id=0 media_type=2 title= track=0 _size=572760 _data=/system/media/audio/ringtones/23_Peppermint.ogg date_added=1451680594 latitude=null is_alarm=false title_key=&(:&(8&Xc&&T returned: 112
01-01 20:36:34.088  3668  3706 V LGMediaProvider: [MediaScanner] insertInternal: content://media/internal/audio/media, initValues=album=LG Mobile protected_type=0 is_ringtone=true duration=40450 album_artist=null mime_type=application/ogg genre=null is_podcast=false is_music=false is_drm=false is_lock=0 voicerecorder_info=null composer=null is_hifi=0 compilation=0 longitude=null is_notification=false date_modified=1466749349 artist=LG Electronics _data=/system/media/audio/ringtones/24_Rhythmic_Piano.ogg title=  _size=973306 track=0 latitude=null is_alarm=false
01-01 20:36:34.089  3668  3706 V LGMediaProvider: [MediaScanner] path : /system/media/audio/ringtones, folder : ringtones
01-01 20:36:34.090  3668  3706 V LGMediaProvider: Returning cached entry for /system/media/audio/ringtones
01-01 20:36:34.091  3668  3706 V LGMediaProvider: [MediaScanner] insertFile: values=protected_type=0 burst_id=null bucket_display_name=ringtones is_ringtone=true duration=40450 format=47362 album_artist=null mime_type=application/ogg album_id=3 is_podcast=false is_music=false folder_id=3 is_lock=0 is_drm=false voicerecorder_info=null storage_type=65537 _display_name=24_Rhythmic_Piano.ogg composer=null is_hifi=0 bucket_id=293500348 artist_id=1 longitude=null is_notification=false date_modified=1466749349 parent=38 index_key= storage_id=0 media_type=2 title=  track=0 _size=973306 _data=/system/media/audio/ringtones/24_Rhythmic_Piano.ogg date_added=1451680594 latitude=null is_alarm=false title_key=&(X&0&
01-01 20:36:34.091  3668  3706 V LGMediaProvider: @&X&T{ returned: 113
01-01 20:36:34.091  3668  3706 V LGMediaProvider: [MediaScanner] insertInternal: content://media/internal/audio/media, initValues=album=LG Mobile protected_type=0 is_ringtone=true duration=36312 album_artist=null mime_type=application/ogg genre=null is_podcast=false is_music=false is_drm=false is_lock=0 voicerecorder_info=null composer=null is_hifi=0 compilation=0 longitude=null is_notification=false date_modified=1466749349 artist=LG Electronics _data=/system/media/audio/ringtones/25_Pizzicato.ogg title= _size=789504 track=0 latitude=null is_alarm=false
01-01 20:36:34.091  3668  3706 V LGMediaProvider: [MediaScanner] path : /system/media/audio/ringtones, folder : ringtones
01-01 20:36:34.092  3668  3706 V LGMediaProvider: Returning cached entry for /system/media/audio/ringtones
01-01 20:36:34.093  3668  3706 V LGMediaProvider: [MediaScanner] insertFile: values=protected_type=0 burst_id=null bucket_display_name=ringtones is_ringtone=true duration=36312 format=47362 album_artist=null mime_type=application/ogg album_id=3 is_podcast=false is_music=false folder_id=3 is_lock=0 is_drm=false voicerecorder_info=null storage_type=65537 _display_name=25_Pizzicato.ogg composer=null is_hifi=0 bucket_id=293500348 artist_id=1 longitude=null is_notification=false date_modified=1466749349 parent=38 index_key= storage_id=0 media_type=2 title= track=0 _size=789504 _data=/system/media/audio/ringtones/25_Pizzicato.ogg date_added=1451680594 latitude=null is_alarm=false title_key=&(X&"X&$0&&@ returned: 114
01-01 20:36:34.093  3668  3706 V LGMediaProvider: [MediaScanner] insertInternal: content://media/internal/audio/media, initValues=album=LG Mobile protected_type=0 is_ringtone=true duration=29352 album_artist=null mime_type=application/ogg genre=null is_podcast=false is_music=false is_drm=false is_lock=0 voicerecorder_info=null composer=null is_hifi=0 compilation=0 longitude=null is_notification=false date_modified=1466749349 artist=LG Electronics _data=/system/media/audio/ringtones/26_Coast_Scenery.ogg title= _size=713164 track=0 latitude=null is_alarm=false
01-01 20:36:34.093  3668  3706 V LGMediaProvider: [MediaScanner] path : /system/media/audio/ringtones, folder : ringtones
01-01 20:36:34.094  3668  3706 V LGMediaProvider: Returning cached entry for /system/media/audio/ringtones
01-01 20:36:34.095  3668  3706 V LGMediaProvider: [MediaScanner] insertFile: values=protected_type=0 burst_id=null bucket_display_name=ringtones is_ringtone=true duration=29352 format=47362 album_artist=null mime_type=application/ogg album_id=3 is_podcast=false is_music=false folder_id=3 is_lock=0 is_drm=false voicerecorder_info=null storage_type=65537 _display_name=26_Coast_Scenery.ogg composer=null is_hifi=0 bucket_id=293500348 artist_id=1 longitude=null is_notification=false date_modified=1466749349 parent=38 index_key= storage_id=0 media_type=2 title= track=0 _size=713164 _data=/system/media/audio/ringtones/26_Coast_Scenery.ogg date_added=1451680594 latitude=null is_alarm=false title_key=&*2&0c&@&@ returned: 115
01-01 20:36:34.095  3668  3706 V LGMediaProvider: [MediaScanner] insertInternal: content://media/internal/audio/media, initValues=album=ui protected_type=0 is_ringtone=false duration=777 album_artist=null mime_type=application/ogg genre=null is_podcast=false is_music=true is_drm=false is_lock=0 voicerecorder_info=null composer=null is_hifi=0 compilation=0 longitude=null is_notification=false date_modified=1466749349 artist=<unknown> _data=/system/media/audio/ui/Bluetooth_alert.ogg title=Bluetooth_alert _size=17019 track=0 latitude=null is_alarm=false
01-01 20:36:34.099  3668  3706 V LGMediaProvider: [MediaScanner] path : /system/media/audio/ui, folder : ui
01-01 20:36:34.102  3668  3706 V LGMediaProvider: Returning cached entry for /system/media/audio/ui
