01-01 20:36:33.681  3668  3706 I StagefrightMediaScanner: BitsPerSample = 0, dur = 1244, mime = application/ogg
01-01 20:36:33.681  3668  3706 I StagefrightMediaScanner: Not Hi-Fi contents
01-01 20:36:33.691   565   565 D StagefrightMetadataRetriever: ~StagefrightMetadataRetriever()
01-01 20:36:33.692  3668  3706 D MediaScannerEx: [MediaScanner] beginFile() path = /system/media/audio/ui/voicesound_smile.ogg
01-01 20:36:33.693  3668  3706 V MediaScannerClient: [MediaScanner]setLocale: = ko_KR
01-01 20:36:33.694   565  1298 V MediaPlayerService: Create new media retriever from pid 3668
01-01 20:36:33.696   565   912 D MediaPlayerFactory: Before sniff local sdp
01-01 20:36:33.696   565   912 D MediaPlayerFactory: After sniff local sdp
01-01 20:36:33.697   565   912 D StagefrightMetadataRetriever: StagefrightMetadataRetriever()
01-01 20:36:33.697   565   912 D StagefrightMetadataRetriever: setDataSource(19, 0, 23401)
01-01 20:36:33.697   565   912 D StagefrightMetadataRetriever: fd=19,path=/system/media/audio/ui/voicesound_smile.ogg
01-01 20:36:33.698   565   912 I DMBParserOSAL: SniffDMBParser
01-01 20:36:33.698   565   912 I DMBParserOSAL: DMBExtractor : SniffDMB ident1=0x5367674f, ident2=0x6f702e77
01-01 20:36:33.698   565   912 I DMBParserOSAL: DMBExtractor : SniffDMB after decrypt ident1=0x5367674f, ident2=0x6f702e77
01-01 20:36:33.698   565   912 V DMBParserOSAL: DMBExtractor : SniffDMB - ts sync error 0x5367674f, 0x6f702e77
01-01 20:36:33.698   565   912 V LGParserOSAL: SniffLGParser start
01-01 20:36:33.698   565   912 V LGParserOSAL: MainType:5, SubType=0
01-01 20:36:33.698   565   912 V LGParserOSAL: #### check Mime : application/ogg
01-01 20:36:33.698   565   912 V LGParserOSAL: Detector mimeType:application/ogg, Confidence=1.000000
01-01 20:36:33.698   565   912 E MediaExtractor: Use LGExtractor :application/ogg 
01-01 20:36:33.711   565   912 V LGParserOSAL: supported mime: application/ogg
01-01 20:36:33.711   565   912 D StagefrightMetadataRetriever: setdatasource time 13 ms
01-01 20:36:33.711   565   565 D StagefrightMetadataRetriever: [MediaScanner]CharacterEncodingDetector
01-01 20:36:33.714  3668  3706 I StagefrightMediaScanner: BitsPerSample = 0, dur = 1109, mime = application/ogg
01-01 20:36:33.714  3668  3706 I StagefrightMediaScanner: Not Hi-Fi contents
01-01 20:36:33.729   565   565 D StagefrightMetadataRetriever: ~StagefrightMetadataRetriever()
01-01 20:36:33.730  3668  3706 D MediaScannerEx: [MediaScanner] beginFile() path = /system/media/audio/ui/voicesound_whisky.ogg
01-01 20:36:33.731  3668  3706 V MediaScannerClient: [MediaScanner]setLocale: = ko_KR
01-01 20:36:33.731   565   912 V MediaPlayerService: Create new media retriever from pid 3668
01-01 20:36:33.733   565  1298 D MediaPlayerFactory: Before sniff local sdp
01-01 20:36:33.733   565  1298 D MediaPlayerFactory: After sniff local sdp
01-01 20:36:33.734   565  1298 D StagefrightMetadataRetriever: StagefrightMetadataRetriever()
01-01 20:36:33.735   565  1298 D StagefrightMetadataRetriever: setDataSource(19, 0, 19899)
01-01 20:36:33.735   565  1298 D StagefrightMetadataRetriever: fd=19,path=/system/media/audio/ui/voicesound_whisky.ogg
01-01 20:36:33.736   565  1298 I DMBParserOSAL: SniffDMBParser
01-01 20:36:33.736   565  1298 I DMBParserOSAL: DMBExtractor : SniffDMB ident1=0x5367674f, ident2=0x6f702e77
01-01 20:36:33.736   565  1298 I DMBParserOSAL: DMBExtractor : SniffDMB after decrypt ident1=0x5367674f, ident2=0x6f702e77
01-01 20:36:33.736   565  1298 V DMBParserOSAL: DMBExtractor : SniffDMB - ts sync error 0x5367674f, 0x6f702e77
01-01 20:36:33.736   565  1298 V LGParserOSAL: SniffLGParser start
01-01 20:36:33.736   565  1298 V LGParserOSAL: MainType:5, SubType=0
01-01 20:36:33.736   565  1298 V LGParserOSAL: #### check Mime : application/ogg
01-01 20:36:33.736   565  1298 V LGParserOSAL: Detector mimeType:application/ogg, Confidence=1.000000
01-01 20:36:33.736   565  1298 E MediaExtractor: Use LGExtractor :application/ogg 
01-01 20:36:33.745   565  1298 V LGParserOSAL: supported mime: application/ogg
01-01 20:36:33.745   565  1298 D StagefrightMetadataRetriever: setdatasource time 10 ms
01-01 20:36:33.746   565   565 D StagefrightMetadataRetriever: [MediaScanner]CharacterEncodingDetector
01-01 20:36:33.749  3668  3706 I StagefrightMediaScanner: BitsPerSample = 0, dur = 1031, mime = application/ogg
01-01 20:36:33.749  3668  3706 I StagefrightMediaScanner: Not Hi-Fi contents
01-01 20:36:33.761   565  1298 D StagefrightMetadataRetriever: ~StagefrightMetadataRetriever()
01-01 20:36:33.762  3668  3706 D MediaScannerEx: [MediaScanner] beginFile() path = /system/media/audio/ui/volume_key.ogg
01-01 20:36:33.763  3668  3706 V MediaScannerClient: [MediaScanner]setLocale: = ko_KR
01-01 20:36:33.763   565  1299 V MediaPlayerService: Create new media retriever from pid 3668
01-01 20:36:33.764   565   912 D MediaPlayerFactory: Before sniff local sdp
01-01 20:36:33.764   565   912 D MediaPlayerFactory: After sniff local sdp
01-01 20:36:33.764   565   912 D StagefrightMetadataRetriever: StagefrightMetadataRetriever()
01-01 20:36:33.765   565   912 D StagefrightMetadataRetriever: setDataSource(19, 0, 6883)
01-01 20:36:33.765   565   912 D StagefrightMetadataRetriever: fd=19,path=/system/media/audio/ui/volume_key.ogg
01-01 20:36:33.765   565   912 I DMBParserOSAL: SniffDMBParser
01-01 20:36:33.765   565   912 I DMBParserOSAL: DMBExtractor : SniffDMB ident1=0x5367674f, ident2=0x6f702e77
01-01 20:36:33.765   565   912 I DMBParserOSAL: DMBExtractor : SniffDMB after decrypt ident1=0x5367674f, ident2=0x6f702e77
01-01 20:36:33.765   565   912 V DMBParserOSAL: DMBExtractor : SniffDMB - ts sync error 0x5367674f, 0x6f702e77
01-01 20:36:33.765   565   912 V LGParserOSAL: SniffLGParser start
01-01 20:36:33.765   565   912 V LGParserOSAL: MainType:5, SubType=0
01-01 20:36:33.765   565   912 V LGParserOSAL: #### check Mime : application/ogg
01-01 20:36:33.765   565   912 V LGParserOSAL: Detector mimeType:application/ogg, Confidence=1.000000
01-01 20:36:33.766   565   912 E MediaExtractor: Use LGExtractor :application/ogg 
01-01 20:36:33.775   565   912 V LGParserOSAL: supported mime: application/ogg
01-01 20:36:33.775   565   912 D StagefrightMetadataRetriever: setdatasource time 10 ms
01-01 20:36:33.776   565  1298 D StagefrightMetadataRetriever: [MediaScanner]CharacterEncodingDetector
01-01 20:36:33.778  3668  3706 I StagefrightMediaScanner: BitsPerSample = 0, dur = 200, mime = application/ogg
01-01 20:36:33.778  3668  3706 I StagefrightMediaScanner: Not Hi-Fi contents
01-01 20:36:33.793   565   912 D StagefrightMetadataRetriever: ~StagefrightMetadataRetriever()
01-01 20:36:33.794  3668  3706 D MediaScannerEx: [MediaScanner] beginFile() path = /system/media/bootanimation.zip
01-01 20:36:33.796  3668  3706 D MediaScannerEx: [MediaScanner] beginFile() path = /system/media/gallery/Eexciting.m4a
01-01 20:36:33.797  3668  3706 V MediaScannerClient: [MediaScanner]setLocale: = ko_KR
01-01 20:36:33.798   565   565 V MediaPlayerService: Create new media retriever from pid 3668
01-01 20:36:33.799   565  1299 D MediaPlayerFactory: Before sniff local sdp
01-01 20:36:33.799   565  1299 D MediaPlayerFactory: After sniff local sdp
01-01 20:36:33.802   565  1299 D StagefrightMetadataRetriever: StagefrightMetadataRetriever()
01-01 20:36:33.802   565  1299 D StagefrightMetadataRetriever: setDataSource(19, 0, 567045)
01-01 20:36:33.802   565  1299 D StagefrightMetadataRetriever: fd=19,path=/system/media/gallery/Eexciting.m4a
01-01 20:36:33.802   565  1299 I DMBParserOSAL: SniffDMBParser
01-01 20:36:33.802   565  1299 I DMBParserOSAL: DMBExtractor : SniffDMB ident1=0x1c000000, ident2=0xdfdbaf4e
01-01 20:36:33.802   565  1299 I DMBParserOSAL: DMBExtractor : SniffDMB after decrypt ident1=0x1c000000, ident2=0xdfdbaf4e
01-01 20:36:33.802   565  1299 V DMBParserOSAL: DMBExtractor : SniffDMB - ts sync error 0x1c000000, 0xdfdbaf4e
01-01 20:36:33.802   565  1299 V LGParserOSAL: SniffLGParser start
01-01 20:36:33.802   565  1299 V LGParserOSAL: MainType:3, SubType=2
01-01 20:36:33.802   565  1299 V LGParserOSAL: #### check Mime : video/mp4
01-01 20:36:33.802   565  1299 V LGParserOSAL: Detector mimeType:video/mp4, Confidence=1.000000
01-01 20:36:33.802   565  1299 E MediaExtractor: Use LGExtractor :video/mp4 
01-01 20:36:33.803   565  1299 W MediaExtractorHelper: LG-CodeParser Version: LG_CodecParser_R3.0.0.35
01-01 20:36:33.803   565  1299 V LGParserOSAL: supported mime: video/mp4
01-01 20:36:33.805   565  1299 D StagefrightMetadataRetriever: setdatasource time 3 ms
01-01 20:36:33.806   565   912 D StagefrightMetadataRetriever: [MediaScanner]CharacterEncodingDetector
01-01 20:36:33.806   565   912 D StagefrightMetadataRetriever: maxDuration changed: check need
01-01 20:36:33.809  3668  3706 I StagefrightMediaScanner: BitsPerSample = 0, dur = 24219, mime = audio/mp4
01-01 20:36:33.810  3668  3706 I StagefrightMediaScanner: Not Hi-Fi contents
01-01 20:36:33.821   565  1299 D StagefrightMetadataRetriever: ~StagefrightMetadataRetriever()
01-01 20:36:33.822  3668  3706 D MediaScannerEx: [MediaScanner] beginFile() path = /system/media/gallery/Memories_trip.m4a
01-01 20:36:33.823  3668  3706 V MediaScannerClient: [MediaScanner]setLocale: = ko_KR
01-01 20:36:33.824   565  1298 V MediaPlayerService: Create new media retriever from pid 3668
01-01 20:36:33.825   565   565 D MediaPlayerFactory: Before sniff local sdp
01-01 20:36:33.825   565   565 D MediaPlayerFactory: After sniff local sdp
01-01 20:36:33.828   565   565 D StagefrightMetadataRetriever: StagefrightMetadataRetriever()
01-01 20:36:33.828   565   565 D StagefrightMetadataRetriever: setDataSource(19, 0, 593360)
01-01 20:36:33.828   565   565 D StagefrightMetadataRetriever: fd=19,path=/system/media/gallery/Memories_trip.m4a
01-01 20:36:33.829   565   565 I DMBParserOSAL: SniffDMBParser
01-01 20:36:33.829   565   565 I DMBParserOSAL: DMBExtractor : SniffDMB ident1=0x1c000000, ident2=0xa723c5ec
01-01 20:36:33.829   565   565 I DMBParserOSAL: DMBExtractor : SniffDMB after decrypt ident1=0x1c000000, ident2=0xa723c5ec
01-01 20:36:33.831   565   565 V DMBParserOSAL: DMBExtractor : SniffDMB - ts sync error 0x1c000000, 0xa723c5ec
01-01 20:36:33.831   565   565 V LGParserOSAL: SniffLGParser start
01-01 20:36:33.831   565   565 V LGParserOSAL: MainType:3, SubType=2
01-01 20:36:33.831   565   565 V LGParserOSAL: #### check Mime : video/mp4
01-01 20:36:33.831   565   565 V LGParserOSAL: Detector mimeType:video/mp4, Confidence=1.000000
01-01 20:36:33.831   565   565 E MediaExtractor: Use LGExtractor :video/mp4 
01-01 20:36:33.831   565   565 W MediaExtractorHelper: LG-CodeParser Version: LG_CodecParser_R3.0.0.35
01-01 20:36:33.831   565   565 V LGParserOSAL: supported mime: video/mp4
01-01 20:36:33.832  1788  1803 D ForegroundUtils: Process died; UID 2901 PID 3552
01-01 20:36:33.832  1788  1803 D ForegroundUtils: Foreground changed, PID: 3552 UID: 2901 foreground: false
01-01 20:36:33.832  1788  1803 D ForegroundUtils: Foreground UID/PID combinations:
01-01 20:36:33.834   565   565 D StagefrightMetadataRetriever: setdatasource time 6 ms
01-01 20:36:33.835   565  1299 D StagefrightMetadataRetriever: [MediaScanner]CharacterEncodingDetector
01-01 20:36:33.835   565  1299 D StagefrightMetadataRetriever: maxDuration changed: check need
01-01 20:36:33.838  3668  3706 I StagefrightMediaScanner: BitsPerSample = 0, dur = 24219, mime = audio/mp4
01-01 20:36:33.838  3668  3706 I StagefrightMediaScanner: Not Hi-Fi contents
01-01 20:36:33.852   565  1298 D StagefrightMetadataRetriever: ~StagefrightMetadataRetriever()
01-01 20:36:33.852  4059  4059 W System  : ClassLoader referenced unknown path: /system/priv-app/LG_PushAgent/lib/arm
01-01 20:36:33.853  3668  3706 D MediaScannerEx: [MediaScanner] beginFile() path = /system/media/gallery/Picnic.m4a
01-01 20:36:33.855  3668  3706 V MediaScannerClient: [MediaScanner]setLocale: = ko_KR
01-01 20:36:33.855   565   912 V MediaPlayerService: Create new media retriever from pid 3668
01-01 20:36:33.857   565   565 D MediaPlayerFactory: Before sniff local sdp
01-01 20:36:33.857   565   565 D MediaPlayerFactory: After sniff local sdp
01-01 20:36:33.859   565   565 D StagefrightMetadataRetriever: StagefrightMetadataRetriever()
01-01 20:36:33.860   565   565 D StagefrightMetadataRetriever: setDataSource(19, 0, 537681)
01-01 20:36:33.860   565   565 D StagefrightMetadataRetriever: fd=19,path=/system/media/gallery/Picnic.m4a
01-01 20:36:33.860   565   565 I DMBParserOSAL: SniffDMBParser
01-01 20:36:33.860   565   565 I DMBParserOSAL: DMBExtractor : SniffDMB ident1=0x1c000000, ident2=0xbb3578ca
01-01 20:36:33.860   565   565 I DMBParserOSAL: DMBExtractor : SniffDMB after decrypt ident1=0x1c000000, ident2=0xbb3578ca
01-01 20:36:33.860   565   565 V DMBParserOSAL: DMBExtractor : SniffDMB - ts sync error 0x1c000000, 0xbb3578ca
01-01 20:36:33.860   565   565 V LGParserOSAL: SniffLGParser start
01-01 20:36:33.860   565   565 V LGParserOSAL: MainType:3, SubType=2
01-01 20:36:33.860   565   565 V LGParserOSAL: #### check Mime : video/mp4
01-01 20:36:33.860   565   565 V LGParserOSAL: Detector mimeType:video/mp4, Confidence=1.000000
01-01 20:36:33.860   565   565 E MediaExtractor: Use LGExtractor :video/mp4 
01-01 20:36:33.860   565   565 W MediaExtractorHelper: LG-CodeParser Version: LG_CodecParser_R3.0.0.35
01-01 20:36:33.860   565   565 V LGParserOSAL: supported mime: video/mp4
01-01 20:36:33.862   565   565 D StagefrightMetadataRetriever: setdatasource time 2 ms
01-01 20:36:33.863   565  1298 D StagefrightMetadataRetriever: [MediaScanner]CharacterEncodingDetector
01-01 20:36:33.863   565  1298 D StagefrightMetadataRetriever: maxDuration changed: check need
01-01 20:36:33.865  3668  3706 I StagefrightMediaScanner: BitsPerSample = 0, dur = 23987, mime = audio/mp4
01-01 20:36:33.865  3668  3706 I StagefrightMediaScanner: Not Hi-Fi contents
01-01 20:36:33.878   565   565 D StagefrightMetadataRetriever: ~StagefrightMetadataRetriever()
01-01 20:36:33.878  4059  4059 D FingerprintProtector: This is not product version.
01-01 20:36:33.878  1788  3997 D LGsmaAPIService: Permission PackageList : com.google.android.youtube
01-01 20:36:33.878  1788  3997 D LGsmaAPIService: Permission PackageList : com.uplus.onphone
01-01 20:36:33.878  1788  3997 D LGsmaAPIService: Permission PackageList : com.mediatek.engineermode
01-01 20:36:33.878  1788  3997 D LGsmaAPIService: Permission PackageList : com.lge.eltest
01-01 20:36:33.878  1788  3997 D LGsmaAPIService: Permission PackageList : com.android.vending
01-01 20:36:33.878  1788  3997 D LGsmaAPIService: Permission PackageList : com.android.contacts
01-01 20:36:33.878  1788  3997 D LGsmaAPIService: Permission PackageList : com.android.nfc
01-01 20:36:33.878  1788  3997 D LGsmaAPIService: Permission PackageList : com.lguplus.paynow
01-01 20:36:33.878  1788  3997 D LGsmaAPIService: Permission PackageList : com.google.android.gm
01-01 20:36:33.878  1788  3997 D LGsmaAPIService: Permission PackageList : com.lgt.tmoney
01-01 20:36:33.878  1788  3997 D LGsmaAPIService: Permission PackageList : com.android.incallui
01-01 20:36:33.878  1788  3997 D LGsmaAPIService: Permission PackageList : com.lge.gnsspostest
01-01 20:36:33.878  1788  3997 D LGsmaAPIService: Permission PackageList : com.google.android.apps.maps
01-01 20:36:33.878  1788  3997 D LGsmaAPIService: Permission PackageList : com.android.chrome
01-01 20:36:33.878  1788  3997 D LGsmaAPIService: Permission PackageList : com.android.gallery3d
01-01 20:36:33.878  1788  3997 D LGsmaAPIService: Permission PackageList : com.google.android.gms
01-01 20:36:33.878  1788  3997 D LGsmaAPIService: Permission PackageList : com.android.settings
01-01 20:36:33.878  1788  3997 D LGsmaAPIService: Permission PackageList : com.google.android.apps.photos
01-01 20:36:33.878  1788  3997 D LGsmaAPIService: Permission PackageList : com.android.managedprovisioning
01-01 20:36:33.878  1788  3997 D LGsmaAPIService: Permission PackageList : com.android.apps.tag
01-01 20:36:33.879  1788  3997 D LGsmaAPIService: Permission PackageList : com.android.settings
01-01 20:36:33.879  3668  3706 D MediaScannerEx: [MediaScanner] beginFile() path = /system/media/gallery/Relax.m4a
01-01 20:36:33.879  1788  3997 D LGsmaAPIService: Permission PackageList : com.lge.NfcSettings
01-01 20:36:33.879  1788  3997 D LGsmaAPIService: Permission PackageList : com.lge.bnr
01-01 20:36:33.879  1788  3997 D LGsmaAPIService: Permission PackageList : com.lge.videoplayer
01-01 20:36:33.879  1788  3997 D LGsmaAPIService: Permission PackageList : com.google.android.talk
01-01 20:36:33.879  1788  3997 D LGsmaAPIService: Permission PackageList : com.lge.servicemenu
01-01 20:36:33.879  1788  3997 D LGsmaAPIService: Permission PackageList : com.lguplus.usimsvcm
01-01 20:36:33.879  1788  3997 D LNfcService: UpdatePackageCacheTask - finish
01-01 20:36:33.880  3668  3706 V MediaScannerClient: [MediaScanner]setLocale: = ko_KR
01-01 20:36:33.880   565  1299 V MediaPlayerService: Create new media retriever from pid 3668
01-01 20:36:33.882   565   912 D MediaPlayerFactory: Before sniff local sdp
01-01 20:36:33.882   565   912 D MediaPlayerFactory: After sniff local sdp
01-01 20:36:33.884   565   912 D StagefrightMetadataRetriever: StagefrightMetadataRetriever()
01-01 20:36:33.884   565   912 D StagefrightMetadataRetriever: setDataSource(19, 0, 558341)
01-01 20:36:33.885   565   912 D StagefrightMetadataRetriever: fd=19,path=/system/media/gallery/Relax.m4a
01-01 20:36:33.885   565   912 I DMBParserOSAL: SniffDMBParser
01-01 20:36:33.885   565   912 I DMBParserOSAL: DMBExtractor : SniffDMB ident1=0x1c000000, ident2=0xbde0c258
01-01 20:36:33.885   565   912 I DMBParserOSAL: DMBExtractor : SniffDMB after decrypt ident1=0x1c000000, ident2=0xbde0c258
01-01 20:36:33.885   565   912 V DMBParserOSAL: DMBExtractor : SniffDMB - ts sync error 0x1c000000, 0xbde0c258
01-01 20:36:33.885   565   912 V LGParserOSAL: SniffLGParser start
01-01 20:36:33.885   565   912 V LGParserOSAL: MainType:3, SubType=2
01-01 20:36:33.885   565   912 V LGParserOSAL: #### check Mime : video/mp4
01-01 20:36:33.885   565   912 V LGParserOSAL: Detector mimeType:video/mp4, Confidence=1.000000
01-01 20:36:33.885   565   912 E MediaExtractor: Use LGExtractor :video/mp4 
01-01 20:36:33.885   565   912 W MediaExtractorHelper: LG-CodeParser Version: LG_CodecParser_R3.0.0.35
01-01 20:36:33.885   565   912 V LGParserOSAL: supported mime: video/mp4
01-01 20:36:33.887   565   912 D StagefrightMetadataRetriever: setdatasource time 2 ms
01-01 20:36:33.888  1120  1256 D Accel   : ACCEL: -0.103000, 0.117000, 10.018000
01-01 20:36:33.888   565   565 D StagefrightMetadataRetriever: [MediaScanner]CharacterEncodingDetector
01-01 20:36:33.888   565   565 D StagefrightMetadataRetriever: maxDuration changed: check need
01-01 20:36:33.891  3668  3706 I StagefrightMediaScanner: BitsPerSample = 0, dur = 23499, mime = audio/mp4
01-01 20:36:33.891  3668  3706 I StagefrightMediaScanner: Not Hi-Fi contents
01-01 20:36:33.904   565   912 D StagefrightMetadataRetriever: ~StagefrightMetadataRetriever()
01-01 20:36:33.905  3668  3706 D MediaScannerEx: [MediaScanner] beginFile() path = /system/media/gallery/Rhythmical.m4a
01-01 20:36:33.906  3668  3706 V MediaScannerClient: [MediaScanner]setLocale: = ko_KR
01-01 20:36:33.906   565  1298 V MediaPlayerService: Create new media retriever from pid 3668
01-01 20:36:33.914   565  1299 D MediaPlayerFactory: Before sniff local sdp
01-01 20:36:33.914   565  1299 D MediaPlayerFactory: After sniff local sdp
01-01 20:36:33.914   565  1299 D StagefrightMetadataRetriever: StagefrightMetadataRetriever()
01-01 20:36:33.915   565  1299 D StagefrightMetadataRetriever: setDataSource(19, 0, 544169)
01-01 20:36:33.915   565  1299 D StagefrightMetadataRetriever: fd=19,path=/system/media/gallery/Rhythmical.m4a
01-01 20:36:33.915   565  1299 I DMBParserOSAL: SniffDMBParser
01-01 20:36:33.915   565  1299 I DMBParserOSAL: DMBExtractor : SniffDMB ident1=0x1c000000, ident2=0x988e6d34
01-01 20:36:33.915   565  1299 I DMBParserOSAL: DMBExtractor : SniffDMB after decrypt ident1=0x1c000000, ident2=0x988e6d34
01-01 20:36:33.915   565  1299 V DMBParserOSAL: DMBExtractor : SniffDMB - ts sync error 0x1c000000, 0x988e6d34
01-01 20:36:33.915   565  1299 V LGParserOSAL: SniffLGParser start
01-01 20:36:33.916   565  1299 V LGParserOSAL: MainType:3, SubType=2
01-01 20:36:33.916   565  1299 V LGParserOSAL: #### check Mime : video/mp4
01-01 20:36:33.916   565  1299 V LGParserOSAL: Detector mimeType:video/mp4, Confidence=1.000000
01-01 20:36:33.916   565  1299 E MediaExtractor: Use LGExtractor :video/mp4 
01-01 20:36:33.916   565  1299 W MediaExtractorHelper: LG-CodeParser Version: LG_CodecParser_R3.0.0.35
01-01 20:36:33.916   565  1299 V LGParserOSAL: supported mime: video/mp4
01-01 20:36:33.918   565  1299 D StagefrightMetadataRetriever: setdatasource time 2 ms
01-01 20:36:33.918   565   912 D StagefrightMetadataRetriever: [MediaScanner]CharacterEncodingDetector
01-01 20:36:33.918   565   912 D StagefrightMetadataRetriever: maxDuration changed: check need
01-01 20:36:33.921  3668  3706 I StagefrightMediaScanner: BitsPerSample = 0, dur = 23453, mime = audio/mp4
01-01 20:36:33.921  3668  3706 I StagefrightMediaScanner: Not Hi-Fi contents
01-01 20:36:33.931   565  1299 D StagefrightMetadataRetriever: ~StagefrightMetadataRetriever()
01-01 20:36:33.932  3668  3706 D MediaScannerEx: [MediaScanner] beginFile() path = /system/media/gallery/Waltz.m4a
01-01 20:36:33.933  3668  3706 V MediaScannerClient: [MediaScanner]setLocale: = ko_KR
01-01 20:36:33.934   565   565 V MediaPlayerService: Create new media retriever from pid 3668
01-01 20:36:33.937   565  1298 D MediaPlayerFactory: Before sniff local sdp
01-01 20:36:33.937   565  1298 D MediaPlayerFactory: After sniff local sdp
01-01 20:36:33.939   565  1298 D StagefrightMetadataRetriever: StagefrightMetadataRetriever()
01-01 20:36:33.939   565  1298 D StagefrightMetadataRetriever: setDataSource(19, 0, 560478)
01-01 20:36:33.940   565  1298 D StagefrightMetadataRetriever: fd=19,path=/system/media/gallery/Waltz.m4a
01-01 20:36:33.940   565  1298 I DMBParserOSAL: SniffDMBParser
01-01 20:36:33.940   565  1298 I DMBParserOSAL: DMBExtractor : SniffDMB ident1=0x1c000000, ident2=0xbdeac8b6
01-01 20:36:33.940   565  1298 I DMBParserOSAL: DMBExtractor : SniffDMB after decrypt ident1=0x1c000000, ident2=0xbdeac8b6
01-01 20:36:33.940   565  1298 V DMBParserOSAL: DMBExtractor : SniffDMB - ts sync error 0x1c000000, 0xbdeac8b6
01-01 20:36:33.940   565  1298 V LGParserOSAL: SniffLGParser start
01-01 20:36:33.940   565  1298 V LGParserOSAL: MainType:3, SubType=2
01-01 20:36:33.940   565  1298 V LGParserOSAL: #### check Mime : video/mp4
01-01 20:36:33.940   565  1298 V LGParserOSAL: Detector mimeType:video/mp4, Confidence=1.000000
01-01 20:36:33.941   565  1298 E MediaExtractor: Use LGExtractor :video/mp4 
01-01 20:36:33.941   565  1298 W MediaExtractorHelper: LG-CodeParser Version: LG_CodecParser_R3.0.0.35
01-01 20:36:33.941   565  1298 V LGParserOSAL: supported mime: video/mp4
01-01 20:36:33.942   565  1298 D StagefrightMetadataRetriever: setdatasource time 3 ms
01-01 20:36:33.943   565   912 D StagefrightMetadataRetriever: [MediaScanner]CharacterEncodingDetector
01-01 20:36:33.943   565   912 D StagefrightMetadataRetriever: maxDuration changed: check need
01-01 20:36:33.946  3668  3706 I StagefrightMediaScanner: BitsPerSample = 0, dur = 24080, mime = audio/mp4
01-01 20:36:33.946  3668  3706 I StagefrightMediaScanner: Not Hi-Fi contents
01-01 20:36:33.954  1120  1256 D Accel   : ACCEL: -0.093000, 0.117000, 10.018000
01-01 20:36:33.956   565  1298 D StagefrightMetadataRetriever: ~StagefrightMetadataRetriever()
01-01 20:36:33.962  3668  3706 D MediaScannerEx: [MediaScanner] beginFile() path = /system/media/ims/audio/dtmf/dtmf0.pcm
01-01 20:36:33.962  4059  4059 I LG_FUSH : **- State Info - onCreate : 1.01.05.CM_160219
01-01 20:36:33.962  3668  3706 D MediaScannerEx: [MediaScanner] beginFile() path = /system/media/ims/audio/dtmf/dtmf1.pcm
01-01 20:36:33.962  3668  3706 D MediaScannerEx: [MediaScanner] beginFile() path = /system/media/ims/audio/dtmf/dtmf10.pcm
01-01 20:36:33.963  3668  3706 D MediaScannerEx: [MediaScanner] beginFile() path = /system/media/ims/audio/dtmf/dtmf11.pcm
01-01 20:36:33.963  3668  3706 D MediaScannerEx: [MediaScanner] beginFile() path = /system/media/ims/audio/dtmf/dtmf12.pcm
01-01 20:36:33.963  3668  3706 D MediaScannerEx: [MediaScanner] beginFile() path = /system/media/ims/audio/dtmf/dtmf13.pcm
01-01 20:36:33.964  3668  3706 D MediaScannerEx: [MediaScanner] beginFile() path = /system/media/ims/audio/dtmf/dtmf14.pcm
01-01 20:36:33.964  3668  3706 D MediaScannerEx: [MediaScanner] beginFile() path = /system/media/ims/audio/dtmf/dtmf15.pcm
01-01 20:36:33.965  3668  3706 D MediaScannerEx: [MediaScanner] beginFile() path = /system/media/ims/audio/dtmf/dtmf2.pcm
01-01 20:36:33.965  3668  3706 D MediaScannerEx: [MediaScanner] beginFile() path = /system/media/ims/audio/dtmf/dtmf3.pcm
01-01 20:36:33.965  3668  3706 D MediaScannerEx: [MediaScanner] beginFile() path = /system/media/ims/audio/dtmf/dtmf4.pcm
01-01 20:36:33.966  3668  3706 D MediaScannerEx: [MediaScanner] beginFile() path = /system/media/ims/audio/dtmf/dtmf5.pcm
01-01 20:36:33.966  3668  3706 D MediaScannerEx: [MediaScanner] beginFile() path = /system/media/ims/audio/dtmf/dtmf6.pcm
01-01 20:36:33.966  3668  3706 D MediaScannerEx: [MediaScanner] beginFile() path = /system/media/ims/audio/dtmf/dtmf7.pcm
01-01 20:36:33.967  3668  3706 D MediaScannerEx: [MediaScanner] beginFile() path = /system/media/ims/audio/dtmf/dtmf8.pcm
01-01 20:36:33.967  3668  3706 D MediaScannerEx: [MediaScanner] beginFile() path = /system/media/ims/audio/dtmf/dtmf9.pcm
01-01 20:36:33.969  3668  3706 D MediaScannerEx: [MediaScanner] beginFile() path = /system/media/ims/image/pause_img_cif_l.dat
01-01 20:36:33.969  3668  3706 D MediaScannerEx: [MediaScanner] beginFile() path = /system/media/ims/image/pause_img_cif_p.dat
01-01 20:36:33.970  3668  3706 D MediaScannerEx: [MediaScanner] beginFile() path = /system/media/ims/image/pause_img_qcif.dat
01-01 20:36:33.970  3668  3706 D MediaScannerEx: [MediaScanner] beginFile() path = /system/media/ims/image/pause_img_qvga.dat
01-01 20:36:33.971  3668  3706 D MediaScannerEx: [MediaScanner] beginFile() path = /system/media/ims/image/pause_img_qvga_p.dat
01-01 20:36:33.971  3668  3706 D MediaScannerEx: [MediaScanner] beginFile() path = /system/media/ims/image/pause_img_sif_l.dat
01-01 20:36:33.971  3668  3706 D MediaScannerEx: [MediaScanner] beginFile() path = /system/media/ims/image/pause_img_sif_p.dat
01-01 20:36:33.972  3668  3706 D MediaScannerEx: [MediaScanner] beginFile() path = /system/media/ims/image/pause_img_sqcif.dat
01-01 20:36:33.972  3668  3706 D MediaScannerEx: [MediaScanner] beginFile() path = /system/media/ims/image/pause_img_vga_l.dat
01-01 20:36:33.973  3668  3706 D MediaScannerEx: [MediaScanner] beginFile() path = /system/media/ims/image/pause_img_vga_p.dat
01-01 20:36:33.973  3668  3706 D MediaScannerEx: [MediaScanner] beginFile() path = /system/media/shutdownanimation.zip
01-01 20:36:33.973  3668  3706 V MediaScannerClient: [MediaScanner]setLocale: = ko_KR
01-01 20:36:33.974  3668  3706 W MediaScanner: Error opening directory '/oem/media/', skipping: No such file or directory.
01-01 20:36:33.974  3668  3706 V MediaScannerClient: [MediaScanner]setLocale: = ko_KR
01-01 20:36:33.974  3668  3706 W MediaScanner: Error opening directory '/cust/media/', skipping: No such file or directory.
01-01 20:36:33.975  3668  3706 V LGMediaProvider: [MediaScanner] insertInternal: content://media/internal/file, initValues=is_hifi=0 longitude=null protected_type=0 date_modified=1466749349 format=12289 mime_type=null _data=/system/media/audio/ui title=ui _size=0 is_drm=false is_lock=0 latitude=null voicerecorder_info=null
01-01 20:36:33.975  3668  3706 V LGMediaProvider: Returning cached entry for /system/media/audio
01-01 20:36:33.976  3668  3706 V LGMediaProvider: [MediaScanner] insertFile: values=is_hifi=0 bucket_id=-43825030 longitude=null protected_type=0 burst_id=null date_modified=1466749349 bucket_display_name=audio parent=3 format=12289 storage_id=0 media_type=0 mime_type=null _size=0 title=ui _data=/system/media/audio/ui is_lock=0 is_drm=false date_added=1451680593 voicerecorder_info=null latitude=null storage_type=65537 returned: 57
01-01 20:36:33.976  3668  3706 V LGMediaProvider: [MediaScanner] insertInternal: content://media/internal/file, initValues=is_hifi=0 longitude=null protected_type=0 date_modified=1466749386 format=12289 mime_type=null _data=/system/media/gallery title=gallery _size=0 is_drm=false is_lock=0 latitude=null voicerecorder_info=null
01-01 20:36:33.976  3668  3706 V LGMediaProvider: Returning cached entry for /system/media
01-01 20:36:33.977  3668  3706 V LGMediaProvider: [MediaScanner] insertFile: values=is_hifi=0 bucket_id=1664432563 longitude=null protected_type=0 burst_id=null date_modified=1466749386 bucket_display_name=media parent=2 format=12289 storage_id=0 media_type=0 mime_type=null _size=0 title=gallery _data=/system/media/gallery is_lock=0 is_drm=false date_added=1451680593 voicerecorder_info=null latitude=null storage_type=65537 returned: 58
01-01 20:36:33.977  3668  3706 V LGMediaProvider: [MediaScanner] insertInternal: content://media/internal/file, initValues=is_hifi=0 longitude=null protected_type=0 date_modified=1466750044 format=12289 mime_type=null _data=/system/media/ims title=ims _size=0 is_drm=false is_lock=0 latitude=null voicerecorder_info=null
01-01 20:36:33.977  3668  3706 V LGMediaProvider: Returning cached entry for /system/media
01-01 20:36:33.978  3668  3706 V LGMediaProvider: [MediaScanner] insertFile: values=is_hifi=0 bucket_id=1664432563 longitude=null protected_type=0 burst_id=null date_modified=1466750044 bucket_display_name=media parent=2 format=12289 storage_id=0 media_type=0 mime_type=null _size=0 title=ims _data=/system/media/ims is_lock=0 is_drm=false date_added=1451680593 voicerecorder_info=null latitude=null storage_type=65537 returned: 59
01-01 20:36:33.978  3668  3706 V LGMediaProvider: [MediaScanner] insertInternal: content://media/internal/file, initValues=is_hifi=0 longitude=null protected_type=0 date_modified=1466750043 format=12289 mime_type=null _data=/system/media/ims/audio title=audio _size=0 is_drm=false is_lock=0 latitude=null voicerecorder_info=null
01-01 20:36:33.978  3668  3706 V LGMediaProvider: Returning cached entry for /system/media/ims
01-01 20:36:33.979  3668  3706 V LGMediaProvider: [MediaScanner] insertFile: values=is_hifi=0 bucket_id=-303948429 longitude=null protected_type=0 burst_id=null date_modified=1466750043 bucket_display_name=ims parent=59 format=12289 storage_id=0 media_type=0 mime_type=null _size=0 title=audio _data=/system/media/ims/audio is_lock=0 is_drm=false date_added=1451680593 voicerecorder_info=null latitude=null storage_type=65537 returned: 60
01-01 20:36:33.979  3668  3706 V LGMediaProvider: [MediaScanner] insertInternal: content://media/internal/file, initValues=is_hifi=0 longitude=null protected_type=0 date_modified=1466750044 format=12289 mime_type=null _data=/system/media/ims/audio/dtmf title=dtmf _size=0 is_drm=false is_lock=0 latitude=null voicerecorder_info=null
01-01 20:36:33.980  3668  3706 V LGMediaProvider: Returning cached entry for /system/media/ims/audio
01-01 20:36:33.980  1853  1865 E Telephony: PhoneInterfaceManager: [PhoneIntfMgr] getIccId: ICC ID is null or empty.
01-01 20:36:33.980  3668  3706 V LGMediaProvider: [MediaScanner] insertFile: values=is_hifi=0 bucket_id=-1438229446 longitude=null protected_type=0 burst_id=null date_modified=1466750044 bucket_display_name=audio parent=60 format=12289 storage_id=0 media_type=0 mime_type=null _size=0 title=dtmf _data=/system/media/ims/audio/dtmf is_lock=0 is_drm=false date_added=1451680593 voicerecorder_info=null latitude=null storage_type=65537 returned: 61
01-01 20:36:33.980  3668  3706 V LGMediaProvider: [MediaScanner] insertInternal: content://media/internal/file, initValues=is_hifi=0 longitude=null protected_type=0 date_modified=1466750044 format=12289 mime_type=null _data=/system/media/ims/image title=image _size=0 is_drm=false is_lock=0 latitude=null voicerecorder_info=null
01-01 20:36:33.981  3668  3706 V LGMediaProvider: Returning cached entry for /system/media/ims
01-01 20:36:33.981  3668  3706 V LGMediaProvider: [MediaScanner] insertFile: values=is_hifi=0 bucket_id=-303948429 longitude=null protected_type=0 burst_id=null date_modified=1466750044 bucket_display_name=ims parent=59 format=12289 storage_id=0 media_type=0 mime_type=null _size=0 title=image _data=/system/media/ims/image is_lock=0 is_drm=false date_added=1451680593 voicerecorder_info=null latitude=null storage_type=65537 returned: 62
01-01 20:36:33.990  3668  3706 V LGMediaProvider: [MediaScanner] insertInternal: content://media/internal/file, initValues=is_hifi=0 longitude=null protected_type=0 date_modified=1466750044 format=12288 mime_type=application/zip _data=/system/media/bootanimation.zip title=bootanimation _size=6086937 is_drm=false is_lock=0 latitude=null voicerecorder_info=null
01-01 20:36:33.991  3668  3706 V LGMediaProvider: Returning cached entry for /system/media
01-01 20:36:33.992  3668  3706 V LGMediaProvider: [MediaScanner] insertFile: values=is_hifi=0 bucket_id=1664432563 longitude=null protected_type=0 burst_id=null date_modified=1466750044 bucket_display_name=media parent=2 format=12288 storage_id=0 media_type=0 mime_type=application/zip _size=6086937 title=bootanimation _data=/system/media/bootanimation.zip is_lock=0 is_drm=false date_added=1451680593 voicerecorder_info=null latitude=null storage_type=65537 returned: 63
01-01 20:36:33.992  3668  3706 V LGMediaProvider: [MediaScanner] insertInternal: content://media/internal/file, initValues=is_hifi=0 longitude=null protected_type=0 date_modified=1466750043 format=12288 mime_type=null _data=/system/media/ims/audio/dtmf/dtmf0.pcm title=dtmf0 _size=2560 is_drm=false is_lock=0 latitude=null voicerecorder_info=null
01-01 20:36:33.993  3668  3706 V LGMediaProvider: Returning cached entry for /system/media/ims/audio/dtmf
01-01 20:36:33.993  3668  3706 V LGMediaProvider: [MediaScanner] insertFile: values=is_hifi=0 bucket_id=890355422 longitude=null protected_type=0 burst_id=null date_modified=1466750043 bucket_display_name=dtmf parent=61 format=12288 storage_id=0 media_type=0 mime_type=null _size=2560 title=dtmf0 _data=/system/media/ims/audio/dtmf/dtmf0.pcm is_lock=0 is_drm=false date_added=1451680593 voicerecorder_info=null latitude=null storage_type=65537 returned: 64
01-01 20:36:33.993  3668  3706 V LGMediaProvider: [MediaScanner] insertInternal: content://media/internal/file, initValues=is_hifi=0 longitude=null protected_type=0 date_modified=1466750043 format=12288 mime_type=null _data=/system/media/ims/audio/dtmf/dtmf1.pcm title=dtmf1 _size=2560 is_drm=false is_lock=0 latitude=null voicerecorder_info=null
01-01 20:36:33.994  3668  3706 V LGMediaProvider: Returning cached entry for /system/media/ims/audio/dtmf
01-01 20:36:33.994  3668  3706 V LGMediaProvider: [MediaScanner] insertFile: values=is_hifi=0 bucket_id=890355422 longitude=null protected_type=0 burst_id=null date_modified=1466750043 bucket_display_name=dtmf parent=61 format=12288 storage_id=0 media_type=0 mime_type=null _size=2560 title=dtmf1 _data=/system/media/ims/audio/dtmf/dtmf1.pcm is_lock=0 is_drm=false date_added=1451680593 voicerecorder_info=null latitude=null storage_type=65537 returned: 65
01-01 20:36:33.994  3668  3706 V LGMediaProvider: [MediaScanner] insertInternal: content://media/internal/file, initValues=is_hifi=0 longitude=null protected_type=0 date_modified=1466750044 format=12288 mime_type=null _data=/system/media/ims/audio/dtmf/dtmf10.pcm title=dtmf10 _size=2560 is_drm=false is_lock=0 latitude=null voicerecorder_info=null
01-01 20:36:33.995  3668  3706 V LGMediaProvider: Returning cached entry for /system/media/ims/audio/dtmf
01-01 20:36:33.995  3668  3706 V LGMediaProvider: [MediaScanner] insertFile: values=is_hifi=0 bucket_id=890355422 longitude=null protected_type=0 burst_id=null date_modified=1466750044 bucket_display_name=dtmf parent=61 format=12288 storage_id=0 media_type=0 mime_type=null _size=2560 title=dtmf10 _data=/system/media/ims/audio/dtmf/dtmf10.pcm is_lock=0 is_drm=false date_added=1451680593 voicerecorder_info=null latitude=null storage_type=65537 returned: 66
01-01 20:36:33.996  3668  3706 V LGMediaProvider: [MediaScanner] insertInternal: content://media/internal/file, initValues=is_hifi=0 longitude=null protected_type=0 date_modified=1466750044 format=12288 mime_type=null _data=/system/media/ims/audio/dtmf/dtmf11.pcm title=dtmf11 _size=2560 is_drm=false is_lock=0 latitude=null voicerecorder_info=null
01-01 20:36:33.996  3668  3706 V LGMediaProvider: Returning cached entry for /system/media/ims/audio/dtmf
01-01 20:36:33.997  3668  3706 V LGMediaProvider: [MediaScanner] insertFile: values=is_hifi=0 bucket_id=890355422 longitude=null protected_type=0 burst_id=null date_modified=1466750044 bucket_display_name=dtmf parent=61 format=12288 storage_id=0 media_type=0 mime_type=null _size=2560 title=dtmf11 _data=/system/media/ims/audio/dtmf/dtmf11.pcm is_lock=0 is_drm=false date_added=1451680593 voicerecorder_info=null latitude=null storage_type=65537 returned: 67
01-01 20:36:33.997  3668  3706 V LGMediaProvider: [MediaScanner] insertInternal: content://media/internal/file, initValues=is_hifi=0 longitude=null protected_type=0 date_modified=1466750044 format=12288 mime_type=null _data=/system/media/ims/audio/dtmf/dtmf12.pcm title=dtmf12 _size=2560 is_drm=false is_lock=0 latitude=null voicerecorder_info=null
01-01 20:36:33.997  3668  3706 V LGMediaProvider: Returning cached entry for /system/media/ims/audio/dtmf
01-01 20:36:33.998  3668  3706 V LGMediaProvider: [MediaScanner] insertFile: values=is_hifi=0 bucket_id=890355422 longitude=null protected_type=0 burst_id=null date_modified=1466750044 bucket_display_name=dtmf parent=61 format=12288 storage_id=0 media_type=0 mime_type=null _size=2560 title=dtmf12 _data=/system/media/ims/audio/dtmf/dtmf12.pcm is_lock=0 is_drm=false date_added=1451680593 voicerecorder_info=null latitude=null storage_type=65537 returned: 68
01-01 20:36:33.998  3668  3706 V LGMediaProvider: [MediaScanner] insertInternal: content://media/internal/file, initValues=is_hifi=0 longitude=null protected_type=0 date_modified=1466750044 format=12288 mime_type=null _data=/system/media/ims/audio/dtmf/dtmf13.pcm title=dtmf13 _size=2560 is_drm=false is_lock=0 latitude=null voicerecorder_info=null
01-01 20:36:33.999  3668  3706 V LGMediaProvider: Returning cached entry for /system/media/ims/audio/dtmf
01-01 20:36:33.999  3668  3706 V LGMediaProvider: [MediaScanner] insertFile: values=is_hifi=0 bucket_id=890355422 longitude=null protected_type=0 burst_id=null date_modified=1466750044 bucket_display_name=dtmf parent=61 format=12288 storage_id=0 media_type=0 mime_type=null _size=2560 title=dtmf13 _data=/system/media/ims/audio/dtmf/dtmf13.pcm is_lock=0 is_drm=false date_added=1451680593 voicerecorder_info=null latitude=null storage_type=65537 returned: 69
01-01 20:36:34.000  3668  3706 V LGMediaProvider: [MediaScanner] insertInternal: content://media/internal/file, initValues=is_hifi=0 longitude=null protected_type=0 date_modified=1466750044 format=12288 mime_type=null _data=/system/media/ims/audio/dtmf/dtmf14.pcm title=dtmf14 _size=2560 is_drm=false is_lock=0 latitude=null voicerecorder_info=null
01-01 20:36:34.000  3668  3706 V LGMediaProvider: Returning cached entry for /system/media/ims/audio/dtmf
01-01 20:36:34.001  3668  3706 V LGMediaProvider: [MediaScanner] insertFile: values=is_hifi=0 bucket_id=890355422 longitude=null protected_type=0 burst_id=null date_modified=1466750044 bucket_display_name=dtmf parent=61 format=12288 storage_id=0 media_type=0 mime_type=null _size=2560 title=dtmf14 _data=/system/media/ims/audio/dtmf/dtmf14.pcm is_lock=0 is_drm=false date_added=1451680594 voicerecorder_info=null latitude=null storage_type=65537 returned: 70
01-01 20:36:34.001  3668  3706 V LGMediaProvider: [MediaScanner] insertInternal: content://media/internal/file, initValues=is_hifi=0 longitude=null protected_type=0 date_modified=1466750044 format=12288 mime_type=null _data=/system/media/ims/audio/dtmf/dtmf15.pcm title=dtmf15 _size=2560 is_drm=false is_lock=0 latitude=null voicerecorder_info=null
01-01 20:36:34.001  3668  3706 V LGMediaProvider: Returning cached entry for /system/media/ims/audio/dtmf
01-01 20:36:34.002  3668  3706 V LGMediaProvider: [MediaScanner] insertFile: values=is_hifi=0 bucket_id=890355422 longitude=null protected_type=0 burst_id=null date_modified=1466750044 bucket_display_name=dtmf parent=61 format=12288 storage_id=0 media_type=0 mime_type=null _size=2560 title=dtmf15 _data=/system/media/ims/audio/dtmf/dtmf15.pcm is_lock=0 is_drm=false date_added=1451680594 voicerecorder_info=null latitude=null storage_type=65537 returned: 71
01-01 20:36:34.002  3668  3706 V LGMediaProvider: [MediaScanner] insertInternal: content://media/internal/file, initValues=is_hifi=0 longitude=null protected_type=0 date_modified=1466750044 format=12288 mime_type=null _data=/system/media/ims/audio/dtmf/dtmf2.pcm title=dtmf2 _size=2560 is_drm=false is_lock=0 latitude=null voicerecorder_info=null
01-01 20:36:34.003  3668  3706 V LGMediaProvider: Returning cached entry for /system/media/ims/audio/dtmf
01-01 20:36:34.003  3668  3706 V LGMediaProvider: [MediaScanner] insertFile: values=is_hifi=0 bucket_id=890355422 longitude=null protected_type=0 burst_id=null date_modified=1466750044 bucket_display_name=dtmf parent=61 format=12288 storage_id=0 media_type=0 mime_type=null _size=2560 title=dtmf2 _data=/system/media/ims/audio/dtmf/dtmf2.pcm is_lock=0 is_drm=false date_added=1451680594 voicerecorder_info=null latitude=null storage_type=65537 returned: 72
01-01 20:36:34.004  3668  3706 V LGMediaProvider: [MediaScanner] insertInternal: content://media/internal/file, initValues=is_hifi=0 longitude=null protected_type=0 date_modified=1466750044 format=12288 mime_type=null _data=/system/media/ims/audio/dtmf/dtmf3.pcm title=dtmf3 _size=2560 is_drm=false is_lock=0 latitude=null voicerecorder_info=null
01-01 20:36:34.004  3668  3706 V LGMediaProvider: Returning cached entry for /system/media/ims/audio/dtmf
01-01 20:36:34.004  3668  3706 V LGMediaProvider: [MediaScanner] insertFile: values=is_hifi=0 bucket_id=890355422 longitude=null protected_type=0 burst_id=null date_modified=1466750044 bucket_display_name=dtmf parent=61 format=12288 storage_id=0 media_type=0 mime_type=null _size=2560 title=dtmf3 _data=/system/media/ims/audio/dtmf/dtmf3.pcm is_lock=0 is_drm=false date_added=1451680594 voicerecorder_info=null latitude=null storage_type=65537 returned: 73
01-01 20:36:34.005  3668  3706 V LGMediaProvider: [MediaScanner] insertInternal: content://media/internal/file, initValues=is_hifi=0 longitude=null protected_type=0 date_modified=1466750044 format=12288 mime_type=null _data=/system/media/ims/audio/dtmf/dtmf4.pcm title=dtmf4 _size=2560 is_drm=false is_lock=0 latitude=null voicerecorder_info=null
01-01 20:36:34.005  3668  3706 V LGMediaProvider: Returning cached entry for /system/media/ims/audio/dtmf
01-01 20:36:34.006  3668  3706 V LGMediaProvider: [MediaScanner] insertFile: values=is_hifi=0 bucket_id=890355422 longitude=null protected_type=0 burst_id=null date_modified=1466750044 bucket_display_name=dtmf parent=61 format=12288 storage_id=0 media_type=0 mime_type=null _size=2560 title=dtmf4 _data=/system/media/ims/audio/dtmf/dtmf4.pcm is_lock=0 is_drm=false date_added=1451680594 voicerecorder_info=null latitude=null storage_type=65537 returned: 74
01-01 20:36:34.006  3668  3706 V LGMediaProvider: [MediaScanner] insertInternal: content://media/internal/file, initValues=is_hifi=0 longitude=null protected_type=0 date_modified=1466750044 format=12288 mime_type=null _data=/system/media/ims/audio/dtmf/dtmf5.pcm title=dtmf5 _size=2560 is_drm=false is_lock=0 latitude=null voicerecorder_info=null
01-01 20:36:34.006  3668  3706 V LGMediaProvider: Returning cached entry for /system/media/ims/audio/dtmf
01-01 20:36:34.007  3668  3706 V LGMediaProvider: [MediaScanner] insertFile: values=is_hifi=0 bucket_id=890355422 longitude=null protected_type=0 burst_id=null date_modified=1466750044 bucket_display_name=dtmf parent=61 format=12288 storage_id=0 media_type=0 mime_type=null _size=2560 title=dtmf5 _data=/system/media/ims/audio/dtmf/dtmf5.pcm is_lock=0 is_drm=false date_added=1451680594 voicerecorder_info=null latitude=null storage_type=65537 returned: 75
01-01 20:36:34.007  3668  3706 V LGMediaProvider: [MediaScanner] insertInternal: content://media/internal/file, initValues=is_hifi=0 longitude=null protected_type=0 date_modified=1466750044 format=12288 mime_type=null _data=/system/media/ims/audio/dtmf/dtmf6.pcm title=dtmf6 _size=2560 is_drm=false is_lock=0 latitude=null voicerecorder_info=null
01-01 20:36:34.007  3668  3706 V LGMediaProvider: Returning cached entry for /system/media/ims/audio/dtmf
01-01 20:36:34.008  3668  3706 V LGMediaProvider: [MediaScanner] insertFile: values=is_hifi=0 bucket_id=890355422 longitude=null protected_type=0 burst_id=null date_modified=1466750044 bucket_display_name=dtmf parent=61 format=12288 storage_id=0 media_type=0 mime_type=null _size=2560 title=dtmf6 _data=/system/media/ims/audio/dtmf/dtmf6.pcm is_lock=0 is_drm=false date_added=1451680594 voicerecorder_info=null latitude=null storage_type=65537 returned: 76
01-01 20:36:34.009  3668  3706 V LGMediaProvider: [MediaScanner] insertInternal: content://media/internal/file, initValues=is_hifi=0 longitude=null protected_type=0 date_modified=1466750044 format=12288 mime_type=null _data=/system/media/ims/audio/dtmf/dtmf7.pcm title=dtmf7 _size=2560 is_drm=false is_lock=0 latitude=null voicerecorder_info=null
01-01 20:36:34.009  3668  3706 V LGMediaProvider: Returning cached entry for /system/media/ims/audio/dtmf
01-01 20:36:34.010  3668  3706 V LGMediaProvider: [MediaScanner] insertFile: values=is_hifi=0 bucket_id=890355422 longitude=null protected_type=0 burst_id=null date_modified=1466750044 bucket_display_name=dtmf parent=61 format=12288 storage_id=0 media_type=0 mime_type=null _size=2560 title=dtmf7 _data=/system/media/ims/audio/dtmf/dtmf7.pcm is_lock=0 is_drm=false date_added=1451680594 voicerecorder_info=null latitude=null storage_type=65537 returned: 77
01-01 20:36:34.010  3668  3706 V LGMediaProvider: [MediaScanner] insertInternal: content://media/internal/file, initValues=is_hifi=0 longitude=null protected_type=0 date_modified=1466750044 format=12288 mime_type=null _data=/system/media/ims/audio/dtmf/dtmf8.pcm title=dtmf8 _size=2560 is_drm=false is_lock=0 latitude=null voicerecorder_info=null
01-01 20:36:34.010  3668  3706 V LGMediaProvider: Returning cached entry for /system/media/ims/audio/dtmf
01-01 20:36:34.011  3668  3706 V LGMediaProvider: [MediaScanner] insertFile: values=is_hifi=0 bucket_id=890355422 longitude=null protected_type=0 burst_id=null date_modified=1466750044 bucket_display_name=dtmf parent=61 format=12288 storage_id=0 media_type=0 mime_type=null _size=2560 title=dtmf8 _data=/system/media/ims/audio/dtmf/dtmf8.pcm is_lock=0 is_drm=false date_added=1451680594 voicerecorder_info=null latitude=null storage_type=65537 returned: 78
01-01 20:36:34.011  3668  3706 V LGMediaProvider: [MediaScanner] insertInternal: content://media/internal/file, initValues=is_hifi=0 longitude=null protected_type=0 date_modified=1466750044 format=12288 mime_type=null _data=/system/media/ims/audio/dtmf/dtmf9.pcm title=dtmf9 _size=2560 is_drm=false is_lock=0 latitude=null voicerecorder_info=null
01-01 20:36:34.011  3668  3706 V LGMediaProvider: Returning cached entry for /system/media/ims/audio/dtmf
01-01 20:36:34.012  3668  3706 V LGMediaProvider: [MediaScanner] insertFile: values=is_hifi=0 bucket_id=890355422 longitude=null protected_type=0 burst_id=null date_modified=1466750044 bucket_display_name=dtmf parent=61 format=12288 storage_id=0 media_type=0 mime_type=null _size=2560 title=dtmf9 _data=/system/media/ims/audio/dtmf/dtmf9.pcm is_lock=0 is_drm=false date_added=1451680594 voicerecorder_info=null latitude=null storage_type=65537 returned: 79
01-01 20:36:34.012  3668  3706 V LGMediaProvider: [MediaScanner] insertInternal: content://media/internal/file, initValues=is_hifi=0 longitude=null protected_type=0 date_modified=1466750044 format=12288 mime_type=null _data=/system/media/ims/image/pause_img_cif_l.dat title=pause_img_cif_l _size=3168 is_drm=false is_lock=0 latitude=null voicerecorder_info=null
01-01 20:36:34.012  3668  3706 V LGMediaProvider: Returning cached entry for /system/media/ims/image
01-01 20:36:34.013  3668  3706 V LGMediaProvider: [MediaScanner] insertFile: values=is_hifi=0 bucket_id=-1431082561 longitude=null protected_type=0 burst_id=null date_modified=1466750044 bucket_display_name=image parent=62 format=12288 storage_id=0 media_type=0 mime_type=null _size=3168 title=pause_img_cif_l _data=/system/media/ims/image/pause_img_cif_l.dat is_lock=0 is_drm=false date_added=1451680594 voicerecorder_info=null latitude=null storage_type=65537 returned: 80
01-01 20:36:34.013  3668  3706 V LGMediaProvider: [MediaScanner] insertInternal: content://media/internal/file, initValues=is_hifi=0 longitude=null protected_type=0 date_modified=1466750044 format=12288 mime_type=null _data=/system/media/ims/image/pause_img_cif_p.dat title=pause_img_cif_p _size=4448 is_drm=false is_lock=0 latitude=null voicerecorder_info=null
01-01 20:36:34.014  3668  3706 V LGMediaProvider: Returning cached entry for /system/media/ims/image
