01-13 04:43:50.116  1122  1233 W PackageParser: No actions in intent filter at /system/priv-app/LGSettings/LGSettings.apk Binary XML file line #3980
01-13 04:43:50.123  1122  1233 W PackageParser: Problem in package /system/priv-app/LGSettings/LGSettings.apk:
01-13 04:43:50.123  1122  1233 W PackageParser: Unknown element under <activity>: uses-permission at /system/priv-app/LGSettings/LGSettings.apk Binary XML file line #4662
01-13 04:43:50.123  1122  1233 W PackageParser: Problem in package /system/priv-app/LGSettings/LGSettings.apk:
01-13 04:43:50.124  1122  1233 W PackageParser: Unknown element under <activity>: uses-permission at /system/priv-app/LGSettings/LGSettings.apk Binary XML file line #4687
01-13 04:43:50.145  1122  1232 I PackageManager: SELinux relabeling of com.lge.roamingsettings issued.
01-13 04:43:50.146  1122  1231 I PackageManager: SELinux relabeling of com.android.settingsaccessibility issued.
01-13 04:43:50.187  1122  1233 I PackageManager: SELinux relabeling of com.android.settings issued.
01-13 04:43:50.188  1122  1230 I PackageManager: SELinux relabeling of com.android.providers.settings issued.
01-13 04:43:50.238  1122  1234 I PackageManager: SELinux relabeling of com.lge.LGSetupView issued.
01-13 04:43:50.239  1122  1232 I PackageManager: SELinux relabeling of com.lge.smartsharepush issued.
01-13 04:43:50.482  1122  1231 I PackageManager: SELinux relabeling of com.lge.snappage issued.
01-13 04:43:50.488  1122  1233 W PackageParser: No actions in intent filter at /system/priv-app/LGSystemServer/LGSystemServer.apk Binary XML file line #101
01-13 04:43:50.534  1122  1232 W PackageParser: Ignoring duplicate uses-permissions/uses-permissions-sdk-m: android.permission.READ_CALL_LOG in package: com.android.systemui at: Binary XML file line #209
01-13 04:43:50.563  1122  1234 E PackageManager: Failed to generate idmap for /system/priv-app/LGSetupView/LGSetupView.apk and /vendor/overlay/com.lge.LGSetupView/com.lge.LGSetupView.apk
01-13 04:43:50.564  1122  1233 I PackageManager: SELinux relabeling of com.lge.systemservice issued.
01-13 04:43:50.564  1122  1230 I PackageManager: SELinux relabeling of com.android.LGSetupWizard issued.
01-13 04:43:50.564  1122  1232 I PackageManager: SELinux relabeling of com.android.systemui issued.
01-13 04:43:50.579  1122  1234 I PackageManager: SELinux relabeling of com.android.systemui.debug issued.
01-13 04:43:50.586  1122  1231 I PackageManager: SELinux relabeling of com.lge.provider.systemui issued.
01-13 04:43:50.611  1122  1233 W PackageParser: No actions in intent filter at /system/priv-app/LGTeleService/LGTeleService.apk Binary XML file line #1145
01-13 04:43:50.612  1122  1233 W PackageParser: No actions in intent filter at /system/priv-app/LGTeleService/LGTeleService.apk Binary XML file line #1223
01-13 04:43:50.612  1122  1233 W PackageParser: No actions in intent filter at /system/priv-app/LGTeleService/LGTeleService.apk Binary XML file line #1232
01-13 04:43:50.632  1122  1233 I PackageManager: SELinux relabeling of com.android.phone issued.
01-13 04:43:50.649  1122  1230 W PackageParser: No actions in intent filter at /system/priv-app/LGTelecom/LGTelecom.apk Binary XML file line #453
01-13 04:43:50.651  1122  1230 I PackageManager: SELinux relabeling of com.android.server.telecom issued.
01-13 04:43:50.652  1122  1234 I PackageManager: SELinux relabeling of com.android.providers.telephony issued.
01-13 04:43:50.652  1122  1231 I PackageManager: SELinux relabeling of com.lguplus.downloader issued.
01-13 04:43:50.716  1122  1232 I PackageManager: SELinux relabeling of com.lguplus.installer issued.
01-13 04:43:50.720  1122  1233 I PackageManager: SELinux relabeling of com.lguplus.common_api_impl issued.
01-13 04:43:50.776  1122  1234 I PackageManager: SELinux relabeling of com.lge.vrplayer issued.
01-13 04:43:50.776  1122  1231 I PackageManager: SELinux relabeling of com.lge.updatecenter issued.
01-13 04:43:50.802  1122  1230 I PackageManager: SELinux relabeling of com.lge.videotool issued.
01-13 04:43:50.806  1122  1232 I PackageManager: SELinux relabeling of com.lge.videoplayer issued.
01-13 04:43:50.808  1122  1233 W PackageParser: No actions in intent filter at /system/priv-app/LGVoiceRecorder/LGVoiceRecorder.apk Binary XML file line #139
01-13 04:43:50.846  1122  1233 I PackageManager: SELinux relabeling of com.lge.voicerecorder issued.
01-13 04:43:50.848  1122  1234 I PackageManager: SELinux relabeling of com.lge.sizechangable.weather.platform issued.
01-13 04:43:50.897  1122  1230 W PackageParser: No actions in intent filter at /system/priv-app/LGWifiSettings/LGWifiSettings.apk Binary XML file line #517
01-13 04:43:50.933  1122  1231 I PackageManager: SELinux relabeling of com.lge.wfds.service.v3 issued.
01-13 04:43:50.939  1122  1230 I PackageManager: SELinux relabeling of com.lge.wifisettings issued.
01-13 04:43:51.025  1122  1232 I PackageManager: SELinux relabeling of com.lguplus.pushagent issued.
01-13 04:43:51.030  1122  1233 I PackageManager: SELinux relabeling of com.lge.leccp issued.
01-13 04:43:51.091  1122  1234 I PackageManager: SELinux relabeling of com.lge.eulaprovider issued.
01-13 04:43:51.095  1122  1231 I PackageManager: SELinux relabeling of com.android.managedprovisioning issued.
01-13 04:43:51.099  1122  1230 I PackageManager: SELinux relabeling of com.android.mms.service issued.
01-13 04:43:51.111  1122  1232 W PackageParser: No actions in intent filter at /system/priv-app/NfcSettings/NfcSettings.apk Binary XML file line #113
01-13 04:43:51.120  1122  1232 I PackageManager: SELinux relabeling of com.lge.NfcSettings issued.
01-13 04:43:51.125  1122  1231 I PackageManager: SELinux relabeling of com.android.proxyhandler issued.
01-13 04:43:51.146  1122  1234 W PackageParser: Problem in package /system/priv-app/Photos/Photos.apk:
01-13 04:43:51.146  1122  1234 W PackageParser: Unknown element under <activity>: category at /system/priv-app/Photos/Photos.apk Binary XML file line #1004
01-13 04:43:51.186  1122  1234 I PackageManager: SELinux relabeling of com.google.android.apps.photos issued.
01-13 04:43:51.190  1122  1230 I PackageManager: SELinux relabeling of com.lge.ims.rcsprovider issued.
01-13 04:43:51.195  1122  1232 W PackageParser: No actions in intent filter at /system/priv-app/SetupWizard/SetupWizard.apk Binary XML file line #184
01-13 04:43:51.199  1122  1233 I PackageManager: SELinux relabeling of com.android.vending issued.
01-13 04:43:51.202  1122  1231 I PackageManager: SELinux relabeling of com.android.sharedstoragebackup issued.
01-13 04:43:51.211  1122  1232 I PackageManager: SELinux relabeling of com.google.android.setupwizard issued.
01-13 04:43:51.220  1122  1230 W PackageParser: Ignoring duplicate uses-permissions/uses-permissions-sdk-m: android.permission.INSTALL_GRANT_RUNTIME_PERMISSIONS in package: com.android.shell at: Binary XML file line #101
01-13 04:43:51.225  1122  1230 I PackageManager: SELinux relabeling of com.android.shell issued.
01-13 04:43:51.244  1122  1231 I PackageManager: SELinux relabeling of com.android.statementservice issued.
01-13 04:43:51.246  1122  1233 W PackageManager: Permission com.android.vending.CHECK_LICENSE from package com.android.vending in an unknown group android.permission-group.NETWORK
01-13 04:43:51.247  1122  1233 W PackageManager: Permission com.android.vending.BILLING from package com.android.vending in an unknown group android.permission-group.NETWORK
01-13 04:43:51.254  1122  1232 I PackageManager: SELinux relabeling of com.android.apps.tag issued.
01-13 04:43:51.258  1122  1234 I PackageManager: SELinux relabeling of com.lge.smartconfig issued.
01-13 04:43:51.265  1122  1230 I PackageManager: SELinux relabeling of com.lge.eula issued.
01-13 04:43:51.286  1122  1234 I PackageManager: SELinux relabeling of com.android.wallpapercropper issued.
01-13 04:43:51.289  1122  1231 I PackageManager: SELinux relabeling of com.android.vpndialogs issued.
01-13 04:43:51.331  1122  1232 I PackageManager: SELinux relabeling of com.lge.app.floating.res issued.
01-13 04:43:51.340  1122  1233 I PackageManager: SELinux relabeling of com.google.android.googlequicksearchbox issued.
01-13 04:43:51.372  1122  1233 W PackageManager: Permission com.google.android.launcher.permission.READ_SETTINGS from package com.google.android.googlequicksearchbox in an unknown group android.permission-group.SYSTEM_TOOLS
01-13 04:43:51.373  1122  1233 W PackageManager: Permission com.google.android.launcher.permission.WRITE_SETTINGS from package com.google.android.googlequicksearchbox in an unknown group android.permission-group.SYSTEM_TOOLS
01-13 04:43:51.373  1122  1233 W PackageManager: Permission com.android.launcher.permission.INSTALL_SHORTCUT from package com.google.android.googlequicksearchbox in an unknown group android.permission-group.SYSTEM_TOOLS
01-13 04:43:51.373  1122  1122 E PackageManager: mccmnc is not valid
01-13 04:43:51.374  1122  1122 I PackageManager: Enter pararrel scanning/system/appthread count : 5
01-13 04:43:51.394  1122  1296 I PackageManager: SELinux relabeling of com.android.bluetoothmidiservice issued.
01-13 04:43:51.397  1122  1297 I PackageManager: SELinux relabeling of com.android.bookmarkprovider issued.
01-13 04:43:51.401  1122  1298 I PackageManager: SELinux relabeling of com.lge.ckerrorreporterui issued.
01-13 04:43:51.405  1122  1299 I PackageManager: SELinux relabeling of com.google.android.calculator issued.
01-13 04:43:51.428  1122  1296 I PackageManager: SELinux relabeling of com.android.captiveportallogin issued.
01-13 04:43:51.434  1122  1297 I PackageManager: SELinux relabeling of com.android.certinstaller issued.
01-13 04:43:51.459  1122  1296 W PackageParser: Ignoring duplicate uses-permissions/uses-permissions-sdk-m: android.permission.ACCESS_COARSE_LOCATION in package: com.lguplus.common at: Binary XML file line #22
01-13 04:43:51.470  1122  1296 I PackageManager: SELinux relabeling of com.lguplus.common issued.
01-13 04:43:51.475  1122  1297 I PackageManager: SELinux relabeling of com.lge.datarestore.calendar issued.
01-13 04:43:51.480  1122  1298 I PackageManager: SELinux relabeling of com.android.chrome issued.
01-13 04:43:51.484  1122  1299 I PackageManager: SELinux relabeling of com.google.android.apps.cloudprint issued.
01-13 04:43:51.496  1122  1300 I PackageManager: SELinux relabeling of com.google.android.calendar issued.
01-13 04:43:51.515  1122  1298 W PackageManager: Permission com.android.chrome.permission.DEBUG from package com.android.chrome in an unknown group android.permission-group.DEVELOPMENT_TOOLS
01-13 04:43:51.520  1122  1297 I PackageManager: SELinux relabeling of com.android.documentsui issued.
01-13 04:43:51.529  1122  1298 I PackageManager: SELinux relabeling of com.lge.drive.activator issued.
01-13 04:43:51.539  1122  1299 I PackageManager: SELinux relabeling of com.lge.drmservice issued.
01-13 04:43:51.559  1122  1300 I PackageManager: SELinux relabeling of com.lguplus.easyRoamingServiceClosed issued.
01-13 04:43:51.564  1122  1297 W PackageManager: System package com.lguplus.easyroamingservice.servicemodule signature changed; retaining data.
01-13 04:43:51.577  1122  1297 I PackageManager: SELinux relabeling of com.lguplus.easyroamingservice.servicemodule issued.
01-13 04:43:51.617  1122  1298 I PackageManager: SELinux relabeling of com.google.android.apps.docs.editors.docs issued.
01-13 04:43:51.635  1122  1296 I PackageManager: SELinux relabeling of com.google.android.apps.docs issued.
01-13 04:43:51.640  1122  1297 W PackageParser: Ignoring duplicate uses-permissions/uses-permissions-sdk-m: android.permission.INTERNET in package: com.mediatek.engineermode at: Binary XML file line #23
01-13 04:43:51.640  1122  1297 W PackageParser: Ignoring duplicate uses-permissions/uses-permissions-sdk-m: android.permission.WRITE_SETTINGS in package: com.mediatek.engineermode at: Binary XML file line #29
01-13 04:43:51.641  1122  1297 W PackageParser: Ignoring duplicate uses-permissions/uses-permissions-sdk-m: android.permission.BLUETOOTH in package: com.mediatek.engineermode at: Binary XML file line #35
01-13 04:43:51.641  1122  1297 W PackageParser: Ignoring duplicate uses-permissions/uses-permissions-sdk-m: android.permission.BLUETOOTH_ADMIN in package: com.mediatek.engineermode at: Binary XML file line #36
01-13 04:43:51.643  1122  1297 W PackageParser: Ignoring duplicate uses-permissions/uses-permissions-sdk-m: android.permission.HARDWARE_TEST in package: com.mediatek.engineermode at: Binary XML file line #39
01-13 04:43:51.643  1122  1297 W PackageParser: Ignoring duplicate uses-permissions/uses-permissions-sdk-m: android.permission.CALL_PHONE in package: com.mediatek.engineermode at: Binary XML file line #40
01-13 04:43:51.644  1122  1297 W PackageParser: Ignoring duplicate uses-permissions/uses-permissions-sdk-m: android.permission.ACCESS_WIFI_STATE in package: com.mediatek.engineermode at: Binary XML file line #48
01-13 04:43:51.644  1122  1297 W PackageParser: Ignoring duplicate uses-permissions/uses-permissions-sdk-m: android.permission.CHANGE_WIFI_STATE in package: com.mediatek.engineermode at: Binary XML file line #49
01-13 04:43:51.644  1122  1297 W PackageParser: Ignoring duplicate uses-permissions/uses-permissions-sdk-m: android.permission.INTERNET in package: com.mediatek.engineermode at: Binary XML file line #50
01-13 04:43:51.646  1122  1297 W PackageParser: Ignoring duplicate uses-permissions/uses-permissions-sdk-m: android.permission.READ_PHONE_STATE in package: com.mediatek.engineermode at: Binary XML file line #70
01-13 04:43:51.656  1122  1299 I PackageManager: SELinux relabeling of com.google.android.apps.docs.editors.sheets issued.
01-13 04:43:51.677  1122  1298 W PackageManager: Permission com.google.android.apps.docs.editors.kix.permission.READ_MY_DATA from package com.google.android.apps.docs.editors.docs in an unknown group android.permission-group.PERSONAL_INFO
01-13 04:43:51.677  1122  1298 W PackageManager: Permission com.google.android.apps.docs.editors.kix.permission.SYNC_STATUS from package com.google.android.apps.docs.editors.docs in an unknown group android.permission-group.PERSONAL_INFO
01-13 04:43:51.686  1122  1296 W PackageManager: Permission com.google.android.apps.docs.permission.READ_MY_DATA from package com.google.android.apps.docs in an unknown group android.permission-group.PERSONAL_INFO
01-13 04:43:51.687  1122  1296 W PackageManager: Permission com.google.android.apps.docs.permission.SYNC_STATUS from package com.google.android.apps.docs in an unknown group android.permission-group.PERSONAL_INFO
01-13 04:43:51.700  1122  1300 I PackageManager: SELinux relabeling of com.google.android.apps.docs.editors.slides issued.
01-13 04:43:51.701  1122  1296 W PackageParser: Unknown element under <manifest>: uses-library at /system/app/GPSOn_ServiceApp/GPSOn_ServiceApp.apk Binary XML file line #7
01-13 04:43:51.708  1122  1298 I PackageManager: SELinux relabeling of com.android.facelock issued.
01-13 04:43:51.716  1122  1297 I PackageManager: SELinux relabeling of com.mediatek.engineermode issued.
01-13 04:43:51.718  1122  1299 W PackageManager: Permission com.google.android.apps.docs.editors.trix.permission.READ_MY_DATA from package com.google.android.apps.docs.editors.sheets in an unknown group android.permission-group.PERSONAL_INFO
01-13 04:43:51.719  1122  1299 W PackageManager: Permission com.google.android.apps.docs.editors.trix.permission.SYNC_STATUS from package com.google.android.apps.docs.editors.sheets in an unknown group android.permission-group.PERSONAL_INFO
01-13 04:43:51.731  1122  1296 I PackageManager: SELinux relabeling of com.lguplus.common.gpsonservice issued.
01-13 04:43:51.750  1122  1300 W PackageManager: Permission com.google.android.apps.docs.editors.punch.permission.READ_MY_DATA from package com.google.android.apps.docs.editors.slides in an unknown group android.permission-group.PERSONAL_INFO
01-13 04:43:51.750  1122  1300 W PackageManager: Permission com.google.android.apps.docs.editors.punch.permission.SYNC_STATUS from package com.google.android.apps.docs.editors.slides in an unknown group android.permission-group.PERSONAL_INFO
01-13 04:43:51.773  1122  1300 I PackageManager: SELinux relabeling of com.android.gnssairtest issued.
01-13 04:43:51.776  1122  1297 I PackageManager: SELinux relabeling of com.lge.gnsspostest issued.
01-13 04:43:51.780  1122  1296 I PackageManager: SELinux relabeling of com.lge.gnsstest issued.
01-13 04:43:51.783  1122  1299 W PackageParser: No actions in intent filter at /system/app/Gmail2/Gmail2.apk Binary XML file line #259
01-13 04:43:51.785  1122  1298 I PackageManager: SELinux relabeling of com.google.android.syncadapters.calendar issued.
01-13 04:43:51.810  1122  1299 I PackageManager: SELinux relabeling of com.google.android.gm issued.
01-13 04:43:51.816  1122  1300 I PackageManager: SELinux relabeling of com.google.android.syncadapters.contacts issued.
01-13 04:43:51.821  1122  1297 I PackageManager: SELinux relabeling of com.android.htmlviewer issued.
01-13 04:43:51.834  1122  1296 I PackageManager: SELinux relabeling of com.google.android.tts issued.
01-13 04:43:51.850  1122  1299 W PackageManager: Permission com.google.android.gm.email.permission.READ_ATTACHMENT from package com.google.android.gm in an unknown group android.permission-group.MESSAGES
01-13 04:43:51.850  1122  1299 W PackageManager: Permission com.google.android.gm.permission.READ_GMAIL from package com.google.android.gm in an unknown group android.permission-group.MESSAGES
01-13 04:43:51.850  1122  1299 W PackageManager: Permission com.google.android.gm.permission.WRITE_GMAIL from package com.google.android.gm in an unknown group android.permission-group.MESSAGES
01-13 04:43:51.850  1122  1299 W PackageManager: Permission com.google.android.gm.permission.AUTO_SEND from package com.google.android.gm in an unknown group android.permission-group.MESSAGES
01-13 04:43:51.850  1122  1299 W PackageManager: Permission com.google.android.gm.permission.READ_CONTENT_PROVIDER from package com.google.android.gm in an unknown group android.permission-group.MESSAGES
01-13 04:43:51.867  1122  1300 W PackageParser: Ignoring duplicate uses-permissions/uses-permissions-sdk-m: android.permission.WRITE_SECURE_SETTINGS in package: com.lge.hiddenmenu at: Binary XML file line #49
01-13 04:43:51.869  1122  1299 W PackageParser: Ignoring duplicate uses-permissions/uses-permissions-sdk-m: android.permission.DEVICE_POWER in package: com.lge.hiddenmenuko at: Binary XML file line #25
01-13 04:43:51.873  1122  1297 I PackageManager: SELinux relabeling of com.android.keychain issued.
01-13 04:43:51.873  1122  1296 W PackageParser: Ignoring duplicate uses-permissions/uses-permissions-sdk-m: android.permission.DEVICE_POWER in package: com.lge.android.atservice at: Binary XML file line #48
01-13 04:43:51.874  1122  1296 W PackageParser: Ignoring duplicate uses-permissions/uses-permissions-sdk-m: android.permission.WRITE_SECURE_SETTINGS in package: com.lge.android.atservice at: Binary XML file line #52
01-13 04:43:51.875  1122  1296 W PackageParser: Unknown element under <manifest>: uses-library at /system/app/LGATCMDService/LGATCMDService.apk Binary XML file line #79
01-13 04:43:51.881  1122  1298 I PackageManager: SELinux relabeling of com.google.android.talk issued.
01-13 04:43:51.889  1122  1296 I PackageManager: SELinux relabeling of com.lge.android.atservice issued.
01-13 04:43:51.903  1122  1299 I PackageManager: SELinux relabeling of com.lge.hiddenmenuko issued.
01-13 04:43:51.921  1122  1300 I PackageManager: SELinux relabeling of com.lge.hiddenmenu issued.
01-13 04:43:51.926  1122  1297 I PackageManager: SELinux relabeling of com.lge.lgaccount issued.
01-13 04:43:51.941  1122  1296 I PackageManager: SELinux relabeling of com.lge.remote.lgairdrive issued.
01-13 04:43:51.945  1122  1298 I PackageManager: SELinux relabeling of com.lge.bnr.launcher issued.
01-13 04:43:51.951  1122  1299 W PackageParser: Ignoring duplicate uses-permissions/uses-permissions-sdk-m: android.permission.READ_CONTACTS in package: com.android.bluetooth at: Binary XML file line #74
01-13 04:43:51.955  1122  1299 W PackageParser: No actions in intent filter at /system/app/LGBluetooth4/LGBluetooth4.apk Binary XML file line #552
01-13 04:43:51.955  1122  1299 W PackageParser: No actions in intent filter at /system/app/LGBluetooth4/LGBluetooth4.apk Binary XML file line #576
01-13 04:43:51.957  1122  1299 W PackageParser: No actions in intent filter at /system/app/LGBluetooth4/LGBluetooth4.apk Binary XML file line #752
01-13 04:43:51.964  1122  1297 I PackageManager: SELinux relabeling of com.lge.lgdrm.permission issued.
01-13 04:43:51.968  1122  1299 I PackageManager: SELinux relabeling of com.android.bluetooth issued.
01-13 04:43:51.979  1122  1300 I PackageManager: SELinux relabeling of com.lge.lgfota.permission issued.
01-13 04:43:51.985  1122  1296 W PackageParser: No actions in intent filter at /system/app/LGLockScreenSettings_2/LGLockScreenSettings_2.apk Binary XML file line #167
01-13 04:43:51.987  1122  1296 W PackageParser: No actions in intent filter at /system/app/LGLockScreenSettings_2/LGLockScreenSettings_2.apk Binary XML file line #262
01-13 04:43:51.989  1122  1296 W PackageParser: No actions in intent filter at /system/app/LGLockScreenSettings_2/LGLockScreenSettings_2.apk Binary XML file line #311
01-13 04:43:51.990  1122  1298 I PackageManager: SELinux relabeling of com.lge.provider.lockscreensettings issued.
01-13 04:43:52.000  1122  1297 I PackageManager: SELinux relabeling of com.android.stk issued.
01-13 04:43:52.008  1122  1296 I PackageManager: SELinux relabeling of com.lge.lockscreensettings issued.
01-13 04:43:52.021  1122  1299 I PackageManager: SELinux relabeling of com.lge.touchcontrol issued.
01-13 04:43:52.024  1122  1298 W PackageParser: Ignoring duplicate uses-permissions/uses-permissions-sdk-m: android.permission.CHANGE_NETWORK_STATE in package: com.lguplus.common.lgugpson at: Binary XML file line #36
01-13 04:43:52.030  1122  1300 I PackageManager: SELinux relabeling of com.lge.LGUGPSHMenu issued.
01-13 04:43:52.082  1122  1298 I PackageManager: SELinux relabeling of com.lguplus.common.lgugpson issued.
01-13 04:43:52.086  1122  1297 I PackageManager: SELinux relabeling of com.lgt.arm issued.
01-13 04:43:52.089  1122  1296 W PackageParser: Ignoring duplicate uses-permissions/uses-permissions-sdk-m: android.permission.CHANGE_WIFI_STATE in package: com.android.nfc at: Binary XML file line #49
01-13 04:43:52.090  1122  1296 W PackageParser: Ignoring duplicate uses-permissions/uses-permissions-sdk-m: android.permission.ACCESS_WIFI_STATE in package: com.android.nfc at: Binary XML file line #50
01-13 04:43:52.090  1122  1296 W PackageParser: Ignoring duplicate uses-permissions/uses-permissions-sdk-m: android.permission.ACCESS_WIFI_STATE in package: com.android.nfc at: Binary XML file line #60
01-13 04:43:52.098  1122  1296 I PackageManager: SELinux relabeling of com.android.nfc issued.
01-13 04:43:52.106  1122  1300 I PackageManager: SELinux relabeling of com.mediatek.lbs.em2.ui issued.
01-13 04:43:52.112  1122  1299 I PackageManager: SELinux relabeling of com.lge.loggage issued.
01-13 04:43:52.119  1122  1298 W PackageParser: Ignoring duplicate uses-permissions/uses-permissions-sdk-m: android.permission.GET_TASKS in package: com.mediatek.mtklogger at: Binary XML file line #21
01-13 04:43:52.119  1122  1298 W PackageParser: Ignoring duplicate uses-permissions/uses-permissions-sdk-m: android.permission.RECEIVE_BOOT_COMPLETED in package: com.mediatek.mtklogger at: Binary XML file line #23
01-13 04:43:52.130  1122  1298 I PackageManager: SELinux relabeling of com.mediatek.mtklogger issued.
01-13 04:43:52.140  1122  1297 I PackageManager: SELinux relabeling of com.mediatek.thermalmanager issued.
01-13 04:43:52.166  1122  1299 I PackageManager: SELinux relabeling of com.android.pacprocessor issued.
01-13 04:43:52.171  1122  1298 I PackageManager: SELinux relabeling of com.android.printspooler issued.
01-13 04:43:52.180  1122  1296 W PackageParser: Ignoring duplicate uses-permissions/uses-permissions-sdk-m: android.permission.WAKE_LOCK in package: com.google.android.apps.maps at: Binary XML file line #103
01-13 04:43:52.207  1122  1297 W PackageManager: System package com.lguplus.rms signature changed; retaining data.
01-13 04:43:52.209  1122  1297 I PackageManager: SELinux relabeling of com.lguplus.rms issued.
01-13 04:43:52.217  1122  1299 I PackageManager: SELinux relabeling of com.lge.smartshare issued.
01-13 04:43:52.224  1122  1298 I PackageManager: SELinux relabeling of com.lge.smartshare.provider issued.
01-13 04:43:52.260  1122  1300 I PackageManager: SELinux relabeling of com.google.android.music issued.
01-13 04:43:52.273  1122  1298 I PackageManager: SELinux relabeling of com.lguplus.tsmproxy issued.
01-13 04:43:52.296  1122  1297 I PackageManager: SELinux relabeling of com.lguplus.appstore issued.
01-13 04:43:52.309  1122  1299 I PackageManager: SELinux relabeling of lg.uplusbox issued.
01-13 04:43:52.321  1122  1296 I PackageManager: SELinux relabeling of com.google.android.apps.maps issued.
01-13 04:43:52.338  1122  1298 I PackageManager: SELinux relabeling of com.lguplus.common.uvs issued.
01-13 04:43:52.354  1122  1300 W PackageParser: No actions in intent filter at /system/app/UplusTVonPhone/UplusTVonPhone.apk Binary XML file line #255
01-13 04:43:52.355  1122  1300 W PackageParser: No actions in intent filter at /system/app/UplusTVonPhone/UplusTVonPhone.apk Binary XML file line #267
01-13 04:43:52.359  1122  1297 I PackageManager: SELinux relabeling of com.android.providers.userdictionary issued.
01-13 04:43:52.376  1122  1300 I PackageManager: SELinux relabeling of com.uplus.onphone issued.
01-13 04:43:52.388  1122  1298 I PackageManager: SELinux relabeling of com.lge.ota issued.
01-13 04:43:52.412  1122  1297 I PackageManager: SELinux relabeling of com.mediatek.ygps issued.
01-13 04:43:52.421  1122  1299 I PackageManager: SELinux relabeling of com.google.android.videos issued.
01-13 04:43:52.430  1122  1296 I PackageManager: SELinux relabeling of com.google.android.webview issued.
01-13 04:43:52.448  1122  1298 I PackageManager: SELinux relabeling of com.google.android.youtube issued.
01-13 04:43:52.451  1122  1300 I PackageManager: SELinux relabeling of com.lge.shutdownmonitor issued.
01-13 04:43:52.460  1122  1297 I PackageManager: SELinux relabeling of com.lge.eltest issued.
01-13 04:43:52.465  1122  1296 I PackageManager: SELinux relabeling of com.lge.uplus.permission issued.
01-13 04:43:52.468  1122  1299 W PackageParser: No actions in intent filter at /system/app/lguplusp_mcc/lguplusp_mcc.apk Binary XML file line #28
01-13 04:43:52.468  1122  1299 W PackageParser: No actions in intent filter at /system/app/lguplusp_mcc/lguplusp_mcc.apk Binary XML file line #61
01-13 04:43:52.475  1122  1299 I PackageManager: SELinux relabeling of com.lguplus.mobile.cs issued.
01-13 04:43:52.481  1122  1300 I PackageManager: SELinux relabeling of com.lge.servicemenu issued.
01-13 04:43:52.502  1122  1298 I PackageManager: SELinux relabeling of com.google.android.marvin.talkback issued.
01-13 04:43:52.517  1122  1122 I PackageManager: Enter pararrel scanning/data/appthread count : 5
01-13 04:43:52.518  1122  1302 W PackageManager: Failed to parse /data/app/mcRegistry: Missing base APK in /data/app/mcRegistry
01-13 04:43:52.533  1122  1303 W PackageParser: No actions in intent filter at /data/app/com.lge.boottimeanalyzer-1/base.apk Binary XML file line #36
01-13 04:43:52.533  1122  1303 W PackageParser: No actions in intent filter at /data/app/com.lge.boottimeanalyzer-1/base.apk Binary XML file line #43
01-13 04:43:52.533  1122  1303 W PackageParser: No actions in intent filter at /data/app/com.lge.boottimeanalyzer-1/base.apk Binary XML file line #51
01-13 04:43:52.533  1122  1303 W PackageParser: No actions in intent filter at /data/app/com.lge.boottimeanalyzer-1/base.apk Binary XML file line #58
01-13 04:43:52.533  1122  1303 W PackageParser: No actions in intent filter at /data/app/com.lge.boottimeanalyzer-1/base.apk Binary XML file line #65
01-13 04:43:52.538  1122  1303 I PackageManager: SELinux relabeling of com.lge.boottimeanalyzer issued.
01-13 04:43:52.548  1122  1122 I PackageManager: Enter pararrel scanning/data/preloadthread count : 5
01-13 04:43:52.614  1122  1305 I PackageManager: SELinux relabeling of lgt.call issued.
01-13 04:43:52.619  1122  1308 I PackageManager: SELinux relabeling of com.instagram.android issued.
01-13 04:43:52.649  1122  1304 W PackageParser: Ignoring duplicate uses-permissions/uses-permissions-sdk-m: android.permission.INTERNET in package: com.lgu.app.appbundle at: Binary XML file line #351
01-13 04:43:52.654  1122  1304 I PackageManager: SELinux relabeling of com.lgu.app.appbundle issued.
01-13 04:43:52.660  1122  1306 W PackageManager: Package net.daum.android.map desires unavailable shared library com.sec.android.app.multiwindow; ignoring!
01-13 04:43:52.661  1122  1306 I PackageManager: SELinux relabeling of net.daum.android.map issued.
01-13 04:43:52.734  1122  1307 W PackageParser: Unknown element under <manifest>: meta-data at /data/preload/Evernote/Evernote.apk Binary XML file line #97
01-13 04:43:52.734  1122  1307 W PackageParser: Unknown element under <manifest>: meta-data at /data/preload/Evernote/Evernote.apk Binary XML file line #102
01-13 04:43:52.734  1122  1307 W PackageParser: Unknown element under <manifest>: meta-data at /data/preload/Evernote/Evernote.apk Binary XML file line #107
01-13 04:43:52.741  1122  1307 W PackageParser: Unknown element under <application>: enable-feature at /data/preload/Evernote/Evernote.apk Binary XML file line #123
01-13 04:43:52.748  1122  1308 I PackageManager: SELinux relabeling of com.facebook.katana issued.
01-13 04:43:52.752  1122  1306 W PackageManager: Permission com.android.launcher.permission.INSTALL_SHORTCUT from package net.daum.android.map in an unknown group android.permission-group.SYSTEM_TOOLS
01-13 04:43:52.752  1122  1306 W PackageManager: Permission com.android.launcher.permission.UNINSTALL_SHORTCUT from package net.daum.android.map in an unknown group android.permission-group.SYSTEM_TOOLS
01-13 04:43:52.772  1122  1305 I PackageManager: SELinux relabeling of com.lguplus.homeiot issued.
01-13 04:43:52.775  1122  1306 I PackageManager: SELinux relabeling of com.lg.apps.centerapp issued.
01-13 04:43:52.800  1122  1307 W PackageManager: Package com.evernote desires unavailable shared library com.sonymobile.camera.addon.api; ignoring!
01-13 04:43:52.801  1122  1307 I PackageManager: SELinux relabeling of com.evernote issued.
01-13 04:43:52.816  1122  1304 I PackageManager: SELinux relabeling of com.uplus.ipagent issued.
01-13 04:43:52.848  1122  1306 I PackageManager: SELinux relabeling of com.rsupport.rs.activity.lge.allinone issued.
01-13 04:43:52.855  1122  1308 W PackageManager: Package com.lge.qmemoplus desires unavailable shared library com.lge.app.floating; ignoring!
01-13 04:43:52.855  1122  1308 I PackageManager: SELinux relabeling of com.lge.qmemoplus issued.
01-13 04:43:52.863  1122  1305 I PackageManager: SELinux relabeling of com.lge.lgworld issued.
01-13 04:43:52.882  1122  1304 W PackageManager: Package com.lge.tdmb desires unavailable shared library com.lge.app.floating; ignoring!
01-13 04:43:52.882  1122  1304 W PackageManager: Package com.lge.tdmb desires unavailable shared library com.lge.zdi.splitwindow; ignoring!
01-13 04:43:52.883  1122  1304 I PackageManager: SELinux relabeling of com.lge.tdmb issued.
01-13 04:43:52.893  1122  1306 I PackageManager: SELinux relabeling of com.lge.sizechangable.weather.theme.optimus issued.
01-13 04:43:52.899  1122  1307 W PackageParser: No actions in intent filter at /data/preload/LGWeather/LGWeather.apk Binary XML file line #70
01-13 04:43:52.968  1122  1307 I PackageManager: SELinux relabeling of com.lge.sizechangable.weather issued.
01-13 04:43:52.999  1122  1305 W PackageParser: Ignoring duplicate uses-permissions/uses-permissions-sdk-m: android.permission.GET_ACCOUNTS in package: com.lguplus.paynow at: Binary XML file line #51
01-13 04:43:53.043  1122  1306 E PackageManager: Failed to generate idmap for /data/preload/LGWeatherTheme/LGWeatherTheme.apk and /vendor/overlay/com.lge.sizechangable.weather.theme.optimus/com.lge.sizechangable.weather.theme.optimus.apk
01-13 04:43:53.080  1122  1305 I PackageManager: SELinux relabeling of com.lguplus.paynow issued.
01-13 04:43:53.090  1122  1304 W PackageParser: No actions in intent filter at /data/preload/PublicAlYac/PublicAlYac.apk Binary XML file line #449
01-13 04:43:53.094  1122  1306 W PackageParser: Ignoring duplicate uses-permissions/uses-permissions-sdk-m: android.permission.KILL_BACKGROUND_PROCESSES in package: com.lguplus.usimsvcm at: Binary XML file line #61
01-13 04:43:53.165  1122  1304 I PackageManager: SELinux relabeling of com.estsoft.alyac issued.
01-13 04:43:53.171  1122  1306 I PackageManager: SELinux relabeling of com.lguplus.usimsvcm issued.
01-13 04:43:53.246  1122  1307 I PackageManager: SELinux relabeling of com.lgt.tmoney issued.
01-13 04:43:53.261  1122  1308 I PackageManager: SELinux relabeling of com.lgu issued.
01-13 04:43:53.267  1122  1305 W PackageParser: Ignoring duplicate uses-permissions/uses-permissions-sdk-m: android.permission.INTERNET in package: com.uplus.movielte at: Binary XML file line #40
01-13 04:43:53.283  1122  1305 I PackageManager: SELinux relabeling of com.uplus.movielte issued.
01-13 04:43:53.298  1122  1306 I PackageManager: SELinux relabeling of com.uplus.baseballhdtv issued.
01-13 04:43:53.302  1122  1304 I PackageManager: SELinux relabeling of com.mnet.app issued.
01-13 04:43:53.308  1122  1308 I PackageManager: SELinux relabeling of com.lguplus.ltealive issued.
01-13 04:43:53.313  1122  1307 I PackageManager: SELinux relabeling of com.lguplus.smartotp issued.
01-13 04:43:53.369  1122  1305 W PackageParser: Ignoring duplicate uses-permissions/uses-permissions-sdk-m: android.permission.WRITE_EXTERNAL_STORAGE in package: com.lguplus.navi at: Binary XML file line #679
01-13 04:43:53.369  1122  1305 W PackageParser: Ignoring duplicate uses-permissions/uses-permissions-sdk-m: android.permission.GET_TASKS in package: com.lguplus.navi at: Binary XML file line #697
01-13 04:43:53.369  1122  1305 W PackageParser: Ignoring duplicate uses-permissions/uses-permissions-sdk-m: android.permission.READ_CALL_LOG in package: com.lguplus.navi at: Binary XML file line #705
01-13 04:43:53.377  1122  1305 I PackageManager: SELinux relabeling of com.lguplus.navi issued.
01-13 04:43:53.398  1122  1122 W PackageManager: Package com.lge.systemservice desires unavailable shared library com.broadcom.fm; ignoring!
01-13 04:43:53.399  1122  1122 W PackageManager: Package com.lge.systemservice desires unavailable shared library com.qualcomm.qcrilhook; ignoring!
01-13 04:43:53.399  1122  1122 W PackageManager: Package com.lge.systemservice desires unavailable shared library com.android.lge.lgsvcitems; ignoring!
01-13 04:43:53.399  1122  1122 W PackageManager: Package com.android.providers.downloads desires unavailable shared library com.lge.lgdrm; ignoring!
01-13 04:43:53.399  1122  1122 W PackageManager: Package com.lge.camera desires unavailable shared library com.lge.systemservice.core; ignoring!
01-13 04:43:53.399  1122  1122 W PackageManager: Package com.android.providers.downloads.ui desires unavailable shared library com.lge.lgdrm; ignoring!
01-13 04:43:53.399  1122  1122 W PackageManager: Package net.daum.android.map desires unavailable shared library com.sec.android.app.multiwindow; ignoring!
01-13 04:43:53.399  1122  1122 W PackageManager: Package com.android.contacts desires unavailable shared library com.qualcomm.qcrilhook; ignoring!
01-13 04:43:53.399  1122  1122 W PackageManager: Package com.android.contacts desires unavailable shared library com.android.lge.lgsvcitems; ignoring!
01-13 04:43:53.399  1122  1122 W PackageManager: Package com.android.mms desires unavailable shared library com.lge.zdi.splitwindow; ignoring!
01-13 04:43:53.399  1122  1122 W PackageManager: Package com.android.nfc desires unavailable shared library org.simalliance.openmobileapi; ignoring!
01-13 04:43:53.400  1122  1122 W PackageManager: Package com.android.nfc desires unavailable shared library com.felicanetworks.felica; ignoring!
01-13 04:43:53.400  1122  1122 W PackageManager: Package com.android.incallui desires unavailable shared library com.lge.jansky; ignoring!
01-13 04:43:53.400  1122  1122 W PackageManager: Package com.lge.tdmb desires unavailable shared library com.lge.app.floating; ignoring!
01-13 04:43:53.400  1122  1122 W PackageManager: Package com.lge.tdmb desires unavailable shared library com.lge.zdi.splitwindow; ignoring!
01-13 04:43:53.400  1122  1122 W PackageManager: Package com.android.server.telecom desires unavailable shared library com.android.lge.lgsvcitems; ignoring!
01-13 04:43:53.400  1122  1122 W PackageManager: Package com.android.server.telecom desires unavailable shared library com.qualcomm.qcrilhook; ignoring!
01-13 04:43:53.400  1122  1122 W PackageManager: Package com.android.server.telecom desires unavailable shared library com.lge.vragent.core; ignoring!
01-13 04:43:53.400  1122  1122 W PackageManager: Package com.android.server.telecom desires unavailable shared library com.lge.jansky; ignoring!
01-13 04:43:53.400  1122  1122 W PackageManager: Package com.android.gallery3d desires unavailable shared library com.lge.zdi.splitwindow; ignoring!
01-13 04:43:53.400  1122  1122 W PackageManager: Package com.google.android.gms desires unavailable shared library com.google.android.ble; ignoring!
01-13 04:43:53.401  1122  1122 W PackageManager: Package com.lge.bluetoothsetting desires unavailable shared library com.broadcom.bt; ignoring!
01-13 04:43:53.401  1122  1122 W PackageManager: Package com.lge.smartsharepush desires unavailable shared library com.lge.frameworks; ignoring!
01-13 04:43:53.401  1122  1122 W PackageManager: Package com.lge.smartsharepush desires unavailable shared library com.lge.zdi.splitwindow; ignoring!
01-13 04:43:53.401  1122  1122 W PackageManager: Package com.lge.filemanager desires unavailable shared library com.lge.lgdrm; ignoring!
01-13 04:43:53.401  1122  1122 W PackageManager: Package com.lge.filemanager desires unavailable shared library com.lge.app.floating; ignoring!
01-13 04:43:53.401  1122  1122 W PackageManager: Package com.lge.filemanager desires unavailable shared library com.lge.systemservice.core; ignoring!
01-13 04:43:53.401  1122  1122 W PackageManager: Package com.lge.filemanager desires unavailable shared library com.lge.zdi.splitwindow; ignoring!
01-13 04:43:53.401  1122  1122 W PackageManager: Package com.lge.hiddenmenu desires unavailable shared library com.lge.wifi; ignoring!
01-13 04:43:53.401  1122  1122 W PackageManager: Package com.lge.hiddenmenu desires unavailable shared library com.lge.fota; ignoring!
01-13 04:43:53.401  1122  1122 W PackageManager: Package com.lge.hiddenmenu desires unavailable shared library com.lge.broadcast.jfullseg; ignoring!
01-13 04:43:53.401  1122  1122 W PackageManager: Package com.lge.hiddenmenu desires unavailable shared library com.android.lge.lgsvcitems; ignoring!
01-13 04:43:53.402  1122  1122 W PackageManager: Package com.lge.hiddenmenu desires unavailable shared library com.qualcomm.qcrilhook; ignoring!
01-13 04:43:53.402  1122  1122 E PackageManager: updateAllSharedLibrariesLPw failed: Package com.lge.hiddenmenuko requires unavailable shared library com.quicinc.cneapiclient; failing!
01-13 04:43:53.402  1122  1122 W PackageManager: Package com.lge.networksettings desires unavailable shared library com.qti.dpmapi; ignoring!
01-13 04:43:53.402  1122  1122 W PackageManager: Package com.lge.networksettings desires unavailable shared library com.quicinc.cneapiclient; ignoring!
01-13 04:43:53.402  1122  1122 W PackageManager: Package com.evernote desires unavailable shared library com.sonymobile.camera.addon.api; ignoring!
01-13 04:43:53.402  1122  1122 W PackageManager: Package com.android.settings desires unavailable shared library com.broadcom.bt; ignoring!
01-13 04:43:53.402  1122  1122 W PackageManager: Package com.android.settings desires unavailable shared library com.lge.broadcast.mmbi; ignoring!
01-13 04:43:53.403  1122  1122 W PackageManager: Package com.android.settings desires unavailable shared library com.quicinc.cneapiclient; ignoring!
01-13 04:43:53.403  1122  1122 W PackageManager: Package com.android.settings desires unavailable shared library com.qualcomm.qcrilhook; ignoring!
01-13 04:43:53.403  1122  1122 W PackageManager: Package com.android.settings desires unavailable shared library com.android.lge.lgsvcitems; ignoring!
01-13 04:43:53.403  1122  1122 W PackageManager: Package com.wsandroid.suite.lge desires unavailable shared library com.intel.asf; ignoring!
01-13 04:43:53.403  1122  1122 W PackageManager: Package com.lge.ime desires unavailable shared library com.lge.zdi.splitwindow; ignoring!
01-13 04:43:53.403  1122  1122 W PackageManager: Package com.lge.ims desires unavailable shared library com.qualcomm.qcrilhook; ignoring!
01-13 04:43:53.403  1122  1122 W PackageManager: Package com.lge.ims desires unavailable shared library com.android.lge.lgsvcitems; ignoring!
01-13 04:43:53.403  1122  1122 W PackageManager: Package com.lge.videoplayer desires unavailable shared library com.lge.divx; ignoring!
01-13 04:43:53.403  1122  1122 W PackageManager: Package com.lge.videoplayer desires unavailable shared library com.lge.zdi.splitwindow; ignoring!
01-13 04:43:53.403  1122  1122 W PackageManager: Package com.android.phone desires unavailable shared library com.qualcomm.qcrilhook; ignoring!
01-13 04:43:53.404  1122  1122 W PackageManager: Package com.android.phone desires unavailable shared library com.android.lge.lgsvcitems; ignoring!
01-13 04:43:53.404  1122  1122 W PackageManager: Package com.android.phone desires unavailable shared library com.lge.jansky; ignoring!
01-13 04:43:53.404  1122  1122 W PackageManager: Package com.lge.cic.eden.service desires unavailable shared library com.lge.frameworks; ignoring!
01-13 04:43:53.404  1122  1122 W PackageManager: Package com.android.systemui desires unavailable shared library com.lge.zdi.splitwindow; ignoring!
01-13 04:43:53.404  1122  1122 W PackageManager: Package com.lge.lghms desires unavailable shared library com.lge.systemservice.core; ignoring!
01-13 04:43:53.404  1122  1122 W PackageManager: Package com.lge.lghms desires unavailable shared library telephony-common; ignoring!
01-13 04:43:53.404  1122  1122 W PackageManager: Package com.android.bluetooth desires unavailable shared library com.qcom.bluetooth; ignoring!
01-13 04:43:53.404  1122  1122 W PackageManager: Package com.android.bluetooth desires unavailable shared library com.broadcom.bt; ignoring!
01-13 04:43:53.404  1122  1122 W PackageManager: Package com.android.bluetooth desires unavailable shared library com.broadcom.fm; ignoring!
01-13 04:43:53.404  1122  1122 W PackageManager: Package com.lge.qmemoplus desires unavailable shared library com.lge.app.floating; ignoring!
01-13 04:43:53.405  1122  1122 I PackageManager: Adjusting ABI for : com.google.android.backuptransport to armeabi-v7a
01-13 04:43:53.406  1122  1122 I PackageManager: Adjusting ABI for : com.google.android.gsf.login to armeabi-v7a
01-13 04:43:53.407  1122  1122 I PackageManager: Adjusting ABI for : com.google.android.gsf to armeabi-v7a
01-13 04:43:53.408  1122  1122 W PackageManager: Skip entering adjustCpuAbi for uid : 1000
01-13 04:43:53.408  1122  1122 W PackageManager: Skip entering adjustCpuAbi for uid : 1001
01-13 04:43:53.408  1122  1122 I PackageManager: Adjusting ABI for : com.android.providers.calendar to armeabi
01-13 04:43:53.412  1122  1122 I PackageManager: Time to scan packages: 5.548 seconds
01-13 04:43:53.413  1122  1122 W PackageManager: Unknown permission com.vcast.mediamanager.CLOUD_PERMISSION in package com.android.LGSetupWizard
01-13 04:43:53.414  1122  1122 W PackageManager: Unknown permission com.android.launcher.permission.READ_SETTINGS in package com.android.LGSetupWizard
01-13 04:43:53.414  1122  1122 W PackageManager: Unknown permission com.verizon.ACCESS_VZW_ACCOUNT in package com.android.LGSetupWizard
01-13 04:43:53.414  1122  1122 W PackageManager: Unknown permission com.lge.permission.SET_FACTORY_VALUE in package com.android.LGSetupWizard
01-13 04:43:53.414  1122  1122 W PackageManager: Unknown permission com.android.managedprovisioning.permission.READ_STATE in package com.android.LGSetupWizard
01-13 04:43:53.415  1122  1122 W PackageManager: Unknown permission lge.permission.activation.OTA_TRIGGER_ACCESS in package com.android.LGSetupWizard
01-13 04:43:53.415  1122  1122 W PackageManager: Unknown permission com.sprint.permission.RECEIVE_SW_START in package com.android.LGSetupWizard
01-13 04:43:53.415  1122  1122 W PackageManager: Unknown permission android.Manifest.permission.WRITE_SETTINGS in package com.android.LGSetupWizard
01-13 04:43:53.416  1122  1122 W PackageManager: Not granting permission android.permission.MANAGE_DOCUMENTS to package com.google.android.youtube (protectionLevel=2 flags=0x38583e45)
01-13 04:43:53.416  1122  1122 W PackageManager: Unknown permission com.sec.android.provider.logsprovider.permission.READ_LOGS in package com.lguplus.easyRoamingServiceClosed
01-13 04:43:53.416  1122  1122 W PackageManager: Not granting permission android.permission.CHANGE_CONFIGURATION to package com.lguplus.easyRoamingServiceClosed (protectionLevel=50 flags=0x3808be45)
01-13 04:43:53.417  1122  1122 W PackageManager: Unknown permission com.google.android.voicesearch.SHORTCUTS_ACCESS in package com.google.android.googlequicksearchbox
01-13 04:43:53.417  1122  1122 W PackageManager: Unknown permission com.google.android.voicesearch.ACCESS_SETTINGS in package com.google.android.googlequicksearchbox
01-13 04:43:53.417  1122  1122 W PackageManager: Unknown permission com.android.browser.permission.PRELOAD in package com.google.android.googlequicksearchbox
01-13 04:43:53.417  1122  1122 W PackageManager: Unknown permission com.google.android.ears.permission.WRITE in package com.google.android.googlequicksearchbox
01-13 04:43:53.418  1122  1122 W PackageManager: Unknown permission com.google.android.apps.googlevoice.permission.AUTO_SEND in package com.google.android.googlequicksearchbox
01-13 04:43:53.418  1122  1122 W PackageManager: Unknown permission com.android.chrome.PRERENDER_URL in package com.google.android.googlequicksearchbox
01-13 04:43:53.418  1122  1122 W PackageManager: Unknown permission com.google.android.launcher.permission.CONTENT_REDIRECT in package com.google.android.googlequicksearchbox
01-13 04:43:53.419  1122  1122 W PackageManager: Not granting permission com.google.android.googleapps.permission.GOOGLE_AUTH to package com.android.providers.calendar (protectionLevel=2 flags=0x30083e45)
01-13 04:43:53.419  1122  1122 W PackageManager: Not granting permission com.google.android.googleapps.permission.GOOGLE_AUTH.cl to package com.android.providers.calendar (protectionLevel=2 flags=0x30083e45)
01-13 04:43:53.420  1122  1122 W PackageManager: Unknown permission android.permission.WRITE_SYNC_STATS in package com.google.android.apps.docs.editors.docs
01-13 04:43:53.420  1122  1122 W PackageManager: Not granting permission com.google.android.gm.permission.READ_GMAIL to package com.google.android.apps.docs.editors.docs (protectionLevel=2 flags=0x38183e45)
01-13 04:43:53.420  1122  1122 W PackageManager: Not granting permission com.google.android.googleapps.permission.GOOGLE_AUTH to package com.google.android.apps.docs.editors.docs (protectionLevel=2 flags=0x38183e45)
01-13 04:43:53.420  1122  1122 W PackageManager: Not granting permission com.google.android.googleapps.permission.GOOGLE_AUTH.OTHER_SERVICES to package com.google.android.apps.docs.editors.docs (protectionLevel=2 flags=0x38183e45)
01-13 04:43:53.420  1122  1122 W PackageManager: Not granting permission com.google.android.googleapps.permission.GOOGLE_AUTH.ALL_SERVICES to package com.google.android.apps.docs.editors.docs (protectionLevel=2 flags=0x38183e45)
01-13 04:43:53.420  1122  1122 W PackageManager: Not granting permission com.google.android.googleapps.permission.GOOGLE_AUTH.writely to package com.google.android.apps.docs.editors.docs (protectionLevel=2 flags=0x38183e45)
01-13 04:43:53.420  1122  1122 W PackageManager: Not granting permission com.google.android.googleapps.permission.GOOGLE_AUTH.wise to package com.google.android.apps.docs.editors.docs (protectionLevel=2 flags=0x38183e45)
01-13 04:43:53.421  1122  1122 W PackageManager: Not granting permission android.permission.CLEAR_APP_CACHE to package com.estsoft.alyac (protectionLevel=18 flags=0x3808be44)
01-13 04:43:53.421  1122  1122 W PackageManager: Not granting permission android.permission.READ_CONTACTS to package com.estsoft.alyac because it was previously installed without
01-13 04:43:53.422  1122  1122 W PackageManager: Not granting permission android.permission.READ_PHONE_STATE to package com.estsoft.alyac because it was previously installed without
01-13 04:43:53.422  1122  1122 W PackageManager: Not granting permission android.permission.RECEIVE_SMS to package com.estsoft.alyac because it was previously installed without
01-13 04:43:53.422  1122  1122 W PackageManager: Not granting permission android.permission.RECEIVE_MMS to package com.estsoft.alyac because it was previously installed without
01-13 04:43:53.422  1122  1122 W PackageManager: Not granting permission android.permission.WRITE_EXTERNAL_STORAGE to package com.estsoft.alyac because it was previously installed without
