01-13 04:43:54.720  1122  1329 W PackageManager: Unknown permission com.lge.smartshare.iface.permission in package com.lge.videoplayer
01-13 04:43:54.720  1122  1329 W PackageManager: Unknown permission com.lge.email.permission.ACCESS_PROVIDER in package com.lge.videoplayer
01-13 04:43:54.720  1122  1329 W PackageManager: Unknown permission com.lge.smartshare.iface.permission in package com.lge.wifisettings
01-13 04:43:54.721  1122  1329 W PackageManager: Unknown permission com.lge.smartshare.provider.permission.read in package com.lge.wifisettings
01-13 04:43:54.721  1122  1329 W PackageManager: Unknown permission com.lge.permission.ACCESS_CC_AUDIT in package com.lge.wifisettings
01-13 04:43:54.721  1122  1329 W PackageManager: Unknown permission com.smithmicro.netwise.director.comcast.oem.NWD_SDK in package com.lge.wifisettings
01-13 04:43:54.722  1122  1329 W PackageManager: Not granting permission android.permission.REGISTER_CONNECTION_MANAGER to package com.google.android.talk (protectionLevel=18 flags=0x38c9be45)
01-13 04:43:54.723  1122  1329 W PackageManager: Unknown permission com.android.smspush.WAPPUSH_MANAGER_BIND in package com.android.phone
01-13 04:43:54.724  1122  1329 W PackageManager: Unknown permission com.lt.dra.permission.IPC in package com.android.phone
01-13 04:43:54.724  1122  1329 W PackageManager: Unknown permission com.android.permission.INJECT_OMADM_SETTINGS in package com.android.phone
01-13 04:43:54.724  1122  1329 W PackageManager: Unknown permission com.lge.concentrate.permission.ACCESS_PROVIDER in package com.android.phone
01-13 04:43:54.724  1122  1329 W PackageManager: Unknown permission lge.permission.activation.OTA_TRIGGER_ACCESS in package com.android.phone
01-13 04:43:54.724  1122  1329 W PackageManager: Unknown permission com.verizon.vzwavs.permission.READ in package com.android.phone
01-13 04:43:54.726  1122  1329 W PackageManager: Unknown permission com.lge.myplace.permission.API in package com.lge.cic.eden.service
01-13 04:43:54.728  1122  1329 W PackageManager: Unknown permission com.lge.softphone.permission.SUBSCRIPTION in package com.android.systemui
01-13 04:43:54.729  1122  1329 W PackageManager: Unknown permission com.lge.lockscreensettings.permission.LOCK_SETTINGS_DATA in package com.android.systemui
01-13 04:43:54.729  1122  1329 W PackageManager: Unknown permission jp.co.disney.apps.dm.dmd008charactersettings.permission.READ_APP_SETTING in package com.android.systemui
01-13 04:43:54.729  1122  1329 W PackageManager: Unknown permission com.qualcomm.permission.USE_QCRIL_MSG_TUNNEL in package com.android.systemui
01-13 04:43:54.729  1122  1329 W PackageManager: Unknown permission com.lge.permission.ACCESS_CC_AUDIT in package com.android.systemui
01-13 04:43:54.729  1122  1329 W PackageManager: Unknown permission com.lge.vzwpoa.permission.API_ACCESS in package com.android.systemui
01-13 04:43:54.730  1122  1329 W PackageManager: Unknown permission com.nttdocomo.android.screenlockservice.DCM_SCREEN in package com.android.systemui
01-13 04:43:54.730  1122  1329 W PackageManager: Not granting permission android.permission.GET_ACCOUNTS to package com.uplus.movielte because it was previously installed without
01-13 04:43:54.731  1122  1329 W PackageManager: Not granting permission android.permission.MODIFY_PHONE_STATE to package com.uplus.movielte (protectionLevel=18 flags=0x3818be44)
01-13 04:43:54.731  1122  1329 W PackageManager: Not granting permission android.permission.WRITE_SECURE_SETTINGS to package com.uplus.movielte (protectionLevel=50 flags=0x3818be44)
01-13 04:43:54.731  1122  1329 W PackageManager: Not granting permission android.permission.BATTERY_STATS to package com.uplus.movielte (protectionLevel=50 flags=0x3818be44)
01-13 04:43:54.731  1122  1329 W PackageManager: Not granting permission android.permission.READ_PHONE_STATE to package com.uplus.movielte because it was previously installed without
01-13 04:43:54.731  1122  1329 W PackageManager: Not granting permission android.permission.READ_EXTERNAL_STORAGE to package com.uplus.movielte because it was previously installed without
01-13 04:43:54.731  1122  1329 W PackageManager: Unknown permission android.permission.ACCESS_DRM in package com.uplus.movielte
01-13 04:43:54.731  1122  1329 W PackageManager: Not granting permission android.permission.WRITE_EXTERNAL_STORAGE to package com.uplus.movielte because it was previously installed without
01-13 04:43:54.732  1122  1329 W PackageManager: Not granting permission android.permission.CALL_PHONE to package com.uplus.movielte because it was previously installed without
01-13 04:43:54.732  1122  1329 W PackageManager: Not granting permission android.permission.ACCESS_COARSE_LOCATION to package com.uplus.movielte because it was previously installed without
01-13 04:43:54.732  1122  1329 W PackageManager: Not granting permission android.permission.RECORD_AUDIO to package com.uplus.movielte because it was previously installed without
01-13 04:43:54.733  1122  1329 W PackageManager: Not granting permission android.permission.READ_PHONE_STATE to package com.uplus.ipagent because it was previously installed without
01-13 04:43:54.733  1122  1329 W PackageManager: Not granting permission android.permission.PROCESS_OUTGOING_CALLS to package com.uplus.ipagent because it was previously installed without
01-13 04:43:54.734  1122  1329 W PackageManager: Not granting permission android.permission.CALL_PHONE to package com.uplus.ipagent because it was previously installed without
01-13 04:43:54.734  1122  1329 W PackageManager: Not granting permission android.permission.READ_CALL_LOG to package com.uplus.ipagent because it was previously installed without
01-13 04:43:54.734  1122  1329 W PackageManager: Not granting permission android.permission.MODIFY_PHONE_STATE to package com.uplus.ipagent (protectionLevel=18 flags=0x3888be44)
01-13 04:43:54.734  1122  1329 W PackageManager: Not granting permission android.permission.CALL_PRIVILEGED to package com.uplus.ipagent (protectionLevel=18 flags=0x3888be44)
01-13 04:43:54.734  1122  1329 W PackageManager: Not granting permission android.permission.ACCESS_FINE_LOCATION to package com.uplus.ipagent because it was previously installed without
01-13 04:43:54.734  1122  1329 W PackageManager: Not granting permission android.permission.ACCESS_COARSE_LOCATION to package com.uplus.ipagent because it was previously installed without
01-13 04:43:54.734  1122  1329 W PackageManager: Not granting permission android.permission.ACCESS_MOCK_LOCATION to package com.uplus.ipagent (protectionLevel=2 flags=0x3888be44)
01-13 04:43:54.735  1122  1329 W PackageManager: Not granting permission android.permission.READ_EXTERNAL_STORAGE to package com.uplus.ipagent because it was previously installed without
01-13 04:43:54.735  1122  1329 W PackageManager: Not granting permission android.permission.WRITE_EXTERNAL_STORAGE to package com.uplus.ipagent because it was previously installed without
01-13 04:43:54.735  1122  1329 W PackageManager: Not granting permission android.permission.CHANGE_CONFIGURATION to package com.uplus.ipagent (protectionLevel=50 flags=0x3888be44)
01-13 04:43:54.735  1122  1329 W PackageManager: Not granting permission android.permission.REAL_GET_TASKS to package com.uplus.ipagent (protectionLevel=18 flags=0x3888be44)
01-13 04:43:54.735  1122  1329 W PackageManager: Not granting permission android.permission.READ_CONTACTS to package com.uplus.ipagent because it was previously installed without
01-13 04:43:54.736  1122  1329 W PackageManager: Not granting permission android.permission.WRITE_CONTACTS to package com.uplus.ipagent because it was previously installed without
01-13 04:43:54.736  1122  1329 W PackageManager: Not granting permission android.permission.GET_ACCOUNTS to package com.uplus.ipagent because it was previously installed without
01-13 04:43:54.736  1122  1329 W PackageManager: Not granting permission android.permission.WRITE_SECURE_SETTINGS to package com.uplus.ipagent (protectionLevel=50 flags=0x3888be44)
01-13 04:43:54.736  1122  1329 W PackageManager: Not granting permission android.permission.SEND_SMS to package com.uplus.ipagent because it was previously installed without
01-13 04:43:54.736  1122  1329 W PackageManager: Not granting permission android.permission.READ_SMS to package com.uplus.ipagent because it was previously installed without
01-13 04:43:54.736  1122  1329 W PackageManager: Not granting permission android.permission.RECEIVE_SMS to package com.uplus.ipagent because it was previously installed without
01-13 04:43:54.738  1122  1329 W PackageManager: Unknown permission com.lge.bluetooth.permission.ACCESS_HIDDEN_MENU in package com.android.bluetooth
01-13 04:43:54.739  1122  1329 W PackageManager: Unknown permission com.google.android.gallery3d.permission.GALLERY_PROVIDER in package com.android.bluetooth
01-13 04:43:54.739  1122  1329 W PackageManager: Unknown permission com.android.gallery3d.permission.GALLERY_PROVIDER in package com.android.bluetooth
01-13 04:43:54.739  1122  1329 W PackageManager: Unknown permission com.android.email.permission.ACCESS_PROVIDER in package com.android.bluetooth
01-13 04:43:54.739  1122  1329 W PackageManager: Unknown permission com.android.email.permission.READ_ATTACHMENT in package com.android.bluetooth
01-13 04:43:54.740  1122  1329 W PackageManager: Unknown permission com.lge.permission.ACCESS_YELLOWPAGE in package com.android.providers.contacts
01-13 04:43:54.740  1122  1329 W PackageManager: Not granting permission android.permission.CLEAR_APP_USER_DATA to package com.android.providers.contacts (protectionLevel=258 flags=0x38883e45)
01-13 04:43:54.741  1122  1329 W PackageManager: Unknown permission android.permission.ACCESS_GPS in package com.lguplus.usimsvcm
01-13 04:43:54.741  1122  1329 W PackageManager: Unknown permission android.permission.ACCESS_LOCATION in package com.lguplus.usimsvcm
01-13 04:43:54.741  1122  1329 W PackageManager: Not granting permission android.permission.ACCESS_FINE_LOCATION to package com.lguplus.usimsvcm because it was previously installed without
01-13 04:43:54.741  1122  1329 W PackageManager: Not granting permission android.permission.ACCESS_COARSE_LOCATION to package com.lguplus.usimsvcm because it was previously installed without
01-13 04:43:54.741  1122  1329 W PackageManager: Not granting permission android.permission.READ_PHONE_STATE to package com.lguplus.usimsvcm because it was previously installed without
01-13 04:43:54.742  1122  1329 W PackageManager: Not granting permission android.permission.CALL_PHONE to package com.lguplus.usimsvcm because it was previously installed without
01-13 04:43:54.742  1122  1329 W PackageManager: Not granting permission android.permission.RECEIVE_SMS to package com.lguplus.usimsvcm because it was previously installed without
01-13 04:43:54.742  1122  1329 W PackageManager: Unknown permission com.lge.wman.permission.USE_WMAN_SERVICE in package com.lguplus.usimsvcm
01-13 04:43:54.742  1122  1329 W PackageManager: Unknown permission com.lge.wman.permission.PROVIDE_WMAN_SERVICE in package com.lguplus.usimsvcm
01-13 04:43:54.742  1122  1329 W PackageManager: Not granting permission android.permission.GET_ACCOUNTS to package com.lguplus.usimsvcm because it was previously installed without
01-13 04:43:54.743  1122  1329 W PackageManager: Not granting permission android.permission.WRITE_EXTERNAL_STORAGE to package com.lguplus.usimsvcm because it was previously installed without
01-13 04:43:54.743  1122  1329 W PackageManager: Not granting permission android.permission.READ_EXTERNAL_STORAGE to package com.lguplus.usimsvcm because it was previously installed without
01-13 04:43:54.743  1122  1329 W PackageManager: Unknown permission org.simalliance.openmobileapi.SMARTCARD in package com.lguplus.usimsvcm
01-13 04:43:54.743  1122  1329 W PackageManager: Not granting permission android.permission.READ_SMS to package com.lguplus.usimsvcm because it was previously installed without
01-13 04:43:54.743  1122  1329 W PackageManager: Not granting permission android.permission.READ_EXTERNAL_STORAGE to package com.lge.qmemoplus because it was previously installed without
01-13 04:43:54.743  1122  1329 W PackageManager: Not granting permission android.permission.WRITE_EXTERNAL_STORAGE to package com.lge.qmemoplus because it was previously installed without
01-13 04:43:54.744  1122  1329 W PackageManager: Not granting permission android.permission.ACCESS_FINE_LOCATION to package com.lge.qmemoplus because it was previously installed without
01-13 04:43:54.744  1122  1329 W PackageManager: Not granting permission android.permission.ACCESS_COARSE_LOCATION to package com.lge.qmemoplus because it was previously installed without
01-13 04:43:54.744  1122  1329 W PackageManager: Not granting permission android.permission.GET_ACCOUNTS to package com.lge.qmemoplus because it was previously installed without
01-13 04:43:54.745  1122  1329 W PackageManager: Unknown permission com.android.launcher.permission.READ_SETTINGS in package com.lge.qmemoplus
01-13 04:43:55.033  1122  1122 I SystemServiceManager: Starting com.android.server.PersistentDataBlockService
01-13 04:43:55.034  1122  1329 W MountService: No primary storage mounted!
01-13 04:43:55.034  1122  1329 D VoldConnector: SND -> {2 asec list}
01-13 04:43:55.035   302   320 D VoldCmdListener: asec list
01-13 04:43:55.035  1122  1330 D VoldConnector: RCV <- {200 2 asec operation succeeded}
01-13 04:43:55.036  1122  1329 W MountService: asec list is empty, lookup AsecMountSet
01-13 04:43:55.075  1122  1122 I SystemServiceManager: Starting com.android.server.DeviceIdleController
01-13 04:43:55.082  1122  1122 I SystemServiceManager: Starting com.android.server.devicepolicy.DevicePolicyManagerService$Lifecycle
01-13 04:43:55.216  1122  1122 I SystemServer: Status Bar
01-13 04:43:55.228  1122  1122 I SystemServer: Clipboard Service
01-13 04:43:55.230  1122  1122 I SystemServer: NetworkManagement Service
01-13 04:43:55.249  1122  1122 I SystemServer: Text Service Manager Service
01-13 04:43:55.251  1122  1122 W TextServicesManagerService: no available spell checker services found
01-13 04:43:55.252  1122  1122 I SystemServer: Network Score Service
01-13 04:43:55.255  1122  1122 I SystemServer: NetworkStats Service
01-13 04:43:55.266  1122  1122 I SystemServer: NetworkPolicy Service
01-13 04:43:55.275  1122  1122 I SystemServiceManager: Starting com.android.server.wifi.p2p.WifiP2pService
01-13 04:43:55.304  1122  1122 D LGWifiP2pService: P2P: Wake Lock is Created
01-13 04:43:55.423  1122  1122 I SystemServiceManager: Starting com.android.server.wifi.WifiService
01-13 04:43:55.628  1122  1122 I SystemServiceManager: Starting com.android.server.wifi.WifiScanningService
01-13 04:43:55.630  1122  1122 I SystemServiceManager: Starting com.android.server.wifi.RttService
01-13 04:43:55.631  1122  1122 I SystemServer: Connectivity Service
01-13 04:43:55.638  1122  1122 D ConnectivityService: ConnectivityService starting up
01-13 04:43:55.662  1122  1122 D ConnectivityService: [ConnectivityService]LGDBControl
01-13 04:43:55.680  1122  1122 D ConnectivityService: wifiOnly=false
01-13 04:43:55.681  1122  1122 D ConnectivityService: ePDG Feature : Off
01-13 04:43:55.713  1122  1122 I SystemServer: Network Service Discovery Service
01-13 04:43:55.716  1122  1122 D NsdService: Network service discovery enabled true
01-13 04:43:55.719  1122  1122 I SystemServer: RNS Service_END
01-13 04:43:55.719  1122  1122 I SystemServer: UpdateLock Service
01-13 04:43:55.721  1122  1122 I SystemServiceManager: Starting com.android.server.notification.NotificationManagerServiceEx
01-13 04:43:55.764  1122  1122 I SystemServiceManager: Starting com.android.server.storage.DeviceStorageMonitorService
01-13 04:43:55.767  1122  1122 I SystemServer: Location Manager
01-13 04:43:55.788  1122  1122 I SystemServer: Country Detector
01-13 04:43:55.791  1122  1122 I SystemServer: Search Service
01-13 04:43:55.794  1122  1122 I SystemServer: DropBox Service
01-13 04:43:55.797  1122  1122 I SystemServer: Wallpaper Service
01-13 04:43:55.811  1122  1122 W WallpaperManagerServiceAO: [AspectJ] new WallpaperManagerService
01-13 04:43:55.816  1122  1122 W WallpaperManagerServiceEx: no current wallpaper -- first boot?
01-13 04:43:55.816  1122  1122 I SystemServer: Audio Service
01-13 04:43:56.011  1122  1122 I SystemServiceManager: Starting com.android.server.DockObserver
01-13 04:43:56.012  1122  1122 W DockObserver: This kernel does not have dock station support
01-13 04:43:56.013  1122  1122 I SystemServer: Wired Accessory Manager
01-13 04:43:56.016  1122  1122 W WiredAccessoryManager: This kernel does not have usb audio support
01-13 04:43:56.016  1122  1122 W WiredAccessoryManager: This kernel does not have HDMI audio support
01-13 04:43:56.018  1122  1122 I SystemServiceManager: Starting com.android.server.midi.MidiService$Lifecycle
01-13 04:43:56.022  1122  1122 I SystemServiceManager: Starting com.android.server.usb.UsbService$Lifecycle
01-13 04:43:56.033  1122  1122 D UsbDeviceManager: setEnabledFunctions functions=null, forceRestart=false
01-13 04:43:56.039  1122  1147 D UsbDeviceManager: setEnabledFunctions functions=null, forceRestart=false
01-13 04:43:56.042  1122  1122 D UsbDeviceManager: [AUTORUN] mAutorunEnabled value is set to true
01-13 04:43:56.044  1122  1147 D UsbDeviceManager: Reseting all flags, mConfigured : false mConnected : false
01-13 04:43:56.046  1122  1122 V UsbSettingsManager: Creating settings for UserHandle{0}
01-13 04:43:56.046  1122  1122 V UsbSettingsManager: readSettingsLocked()
01-13 04:43:56.047  1122  1122 D UsbSettingsManager: settings file not found
01-13 04:43:56.048  1122  1122 I SystemServer: Serial Service
01-13 04:43:56.049  1122  1122 I SystemServiceManager: Starting com.android.server.twilight.TwilightService
01-13 04:43:56.056  1122  1122 I SystemServiceManager: Starting com.android.server.job.JobSchedulerService
01-13 04:43:56.632   633  1245 E NetlinkEvent: NetlinkEvent::decode(): buffer'change@/devices/platform/battery/power_supply/wireless' size:232,format:0
01-13 04:43:56.632   302   314 E NetlinkEvent: NetlinkEvent::decode(): buffer'change@/devices/platform/battery/power_supply/wireless' size:232,format:0
01-13 04:43:56.633   633  1245 E NetlinkEvent: NetlinkEvent::decode(): buffer'change@/devices/platform/battery/power_supply/battery' size:871,format:0
01-13 04:43:56.633   302   314 E NetlinkEvent: NetlinkEvent::decode(): buffer'change@/devices/platform/battery/power_supply/battery' size:871,format:0
01-13 04:43:56.633   633  1245 E NetlinkEvent: NetlinkEvent::decode(): buffer'change@/devices/platform/battery/power_supply/ac' size:214,format:0
01-13 04:43:56.633   302   314 E NetlinkEvent: NetlinkEvent::decode(): buffer'change@/devices/platform/battery/power_supply/ac' size:214,format:0
01-13 04:43:56.633   633  1245 E NetlinkEvent: NetlinkEvent::decode(): buffer'change@/devices/platform/battery/power_supply/usb' size:217,format:0
01-13 04:43:56.633   302   314 E NetlinkEvent: NetlinkEvent::decode(): buffer'change@/devices/platform/battery/power_supply/usb' size:217,format:0
01-13 04:43:56.635  1122  1136 D BatteryServiceAO: Sending ACTION_BATTERY_CHANGED.  level:100, scale:100, status:3, health:2, present:true, voltage: 4299, temperature: 310, technology: Li-ion, AC powered:false, USB powered:false, Wireless powered:false, icon:17303132, invalid charger:0
01-13 04:43:58.367  1122  1143 I UsageStatsService: User[0] Rollover scheduled @ 2016-01-13 09:00:00(1452643200000)
01-13 04:43:58.373  1122  1122 I SystemServiceManager: Starting com.android.server.backup.BackupManagerService$Lifecycle
01-13 04:43:58.378  1122  1122 I SystemServiceManager: Starting com.android.server.appwidget.AppWidgetService
01-13 04:43:58.383  1122  1122 I SystemServiceManager: Starting com.android.server.voiceinteraction.VoiceInteractionManagerService
01-13 04:43:58.386  1122  1122 W SoundTriggerHelper: listModules status=0, # of modules=0
01-13 04:43:58.388  1122  1122 I SystemServer: Gesture Launcher Service
01-13 04:43:58.388  1122  1122 I SystemServiceManager: Starting com.android.server.GestureLauncherService
01-13 04:43:58.389  1122  1122 I SystemServer: DiskStats Service
01-13 04:43:58.390  1122  1122 I SystemServer: SamplingProfiler Service
01-13 04:43:58.399  1122  1122 I SystemServer: NetworkTimeUpdateService
01-13 04:43:58.400  1122  1122 I SystemServer: CommonTimeManagementService
01-13 04:43:58.402  1122  1122 I SystemServer: CertBlacklister
01-13 04:43:58.403  1122  1122 I SystemServiceManager: Starting com.android.server.dreams.DreamManagerService
01-13 04:43:58.409  1122  1122 I SystemServer: ThemeIconManager
01-13 04:43:58.415  1122  1122 I ThemeManagerService: Start generateThemePackageInfoByService
01-13 04:43:58.418  1122  1122 V ThemeManagerService: ThemePackageInfo loaded by Service
01-13 04:43:58.418  1122  1122 D ThemeManagerService: ThemePackageInfo isGenerated by ThemeIconManagerService : true
01-13 04:43:58.420  1122  1122 I SystemServiceManager: Starting com.android.server.print.PrintManagerService
01-13 04:43:58.424  1122  1122 I SystemServiceManager: Starting com.android.server.restrictions.RestrictionsManagerService
01-13 04:43:58.426  1122  1122 I SystemServiceManager: Starting com.android.server.media.MediaSessionService
01-13 04:43:58.433  1122  1122 I SystemServer: Media Router Service
01-13 04:43:58.435  1122  1122 I SystemServiceManager: Starting com.android.server.trust.TrustManagerService
01-13 04:43:58.439  1122  1122 I SystemServiceManager: Starting com.android.server.fingerprint.FingerprintService
01-13 04:43:58.443  1122  1122 W FingerprintService: fingerprint service not available
01-13 04:43:58.444  1122  1122 V FingerprintService: Fingerprint HAL id: 0
01-13 04:43:58.444  1122  1122 I SystemServer: BackgroundDexOptService
01-13 04:43:58.448  1122  1122 I SystemServiceManager: Starting com.android.server.pm.LauncherAppsService
01-13 04:43:58.450  1122  1122 I SystemServiceManager: Starting com.android.server.media.projection.MediaProjectionManagerService
01-13 04:43:58.468  1122  1122 I SystemServiceManager: Starting com.android.server.MmsServiceBroker
01-13 04:43:58.581  1122  1122 E LockSettingsStorage: Cannot read file java.io.FileNotFoundException: /data/system/password.key: open failed: ENOENT (No such file or directory)
01-13 04:43:58.581  1122  1122 E LockSettingsStorage: Cannot read file java.io.FileNotFoundException: /data/system/gatekeeper.gesture.key: open failed: ENOENT (No such file or directory)
01-13 04:43:58.582  1122  1122 E LockSettingsStorage: Cannot read file java.io.FileNotFoundException: /data/system/gesture.key: open failed: ENOENT (No such file or directory)
01-13 04:43:58.582  1122  1122 I SystemServiceManager: Starting phase 480
01-13 04:43:58.606  1122  1349 D LgWifiP2pWifiDataSharing: JJ : ClientHandler.handleMessage msg={ when=-3ms what=1000 target=com.lge.wifi.impl.LgWifiP2pWifiDataSharing$ClientHandler }
01-13 04:43:58.607  1122  1122 I SystemServer: CCModeService
01-13 04:43:58.609  1122  1352 D WifiService: New client listening to asynchronous messages
01-13 04:43:58.613  1122  1122 I SystemServer: DataSchedulerService
01-13 04:43:58.615  1122  1122 I SystemServer: SmartCoverService
01-13 04:43:58.619  1122  1122 D SmartCoverService: Finish initAccessories(), accessories = {1=smartcover}
01-13 04:43:58.619  1122  1122 D SmartCoverService: nameToType = {/devices/virtual/switch/smartcover=1}
01-13 04:43:58.619  1122  1122 D SmartCoverService: startObserving(DEVPATH=/devices/virtual/switch/smartcover)
01-13 04:43:58.620  1122  1122 D SmartCoverService: setEnable(enable=true, reason=2), mDisableReasons=0, mEnabled=false - smartcover
01-13 04:43:58.620  1122  1122 D SmartCoverService: mEnabled=true - smartcover
01-13 04:43:58.621  1122  1122 D SmartCoverService: onSettingChanged coverType = 5
01-13 04:43:58.621  1122  1122 D SmartCoverService: setEnable(enable=false, reason=1), mDisableReasons=0, mEnabled=true - smartcover
01-13 04:43:58.621  1122  1122 D SmartCoverService: mEnabled=false - smartcover
01-13 04:43:58.621  1122  1122 D SmartCoverService: updateState - smartcover curState=0
01-13 04:43:58.621  1122  1122 E SmartCoverService: can't boost. mLGPowerManagerLoader is null
01-13 04:43:58.622  1122  1122 D SmartCoverService: updateType - smartcover curType=5
01-13 04:43:58.622  1122  1122 D SystemServer: LGEncryptionService
01-13 04:43:58.628  1122  1122 D SystemServer: FastDownloadService is not allowed
01-13 04:43:58.629  1122  1122 I SystemServiceManager: Starting phase 500
01-13 04:43:58.636  1122  1122 D WifiServiceImplEx: wifiEnabled: false isAirPlaneModeOn: false wifiState: 0
01-13 04:43:58.637  1122  1122 I WifiService: WifiService starting up with Wi-Fi disabled
01-13 04:43:58.663  1122  1122 V BackupManagerService: No ancestral data
01-13 04:43:58.822  1122  1122 V KeyValueBackupJob: Scheduling k/v pass in 241 minutes
01-13 04:43:58.867  1122  1122 V BackupManagerService: Starting with transport com.google.android.gms/.backup.BackupTransportService
01-13 04:43:58.867  1122  1122 V BackupManagerService: Found transports: 2
01-13 04:43:58.868  1122  1122 I BackupManagerService: Binding to transport host ComponentInfo{android/com.android.internal.backup.LocalTransportService}
01-13 04:43:58.871  1122  1122 I BackupManagerService: Binding to transport host ComponentInfo{com.google.android.gms/com.google.android.gms.backup.BackupTransportService}
01-13 04:43:58.872  1122  1122 I BackupManagerService: Found stale backup journal, scheduling
01-13 04:43:58.903  1122  1122 D ActivityManager: [perf] notifyAppInfo : requestId = 2 / info = android
01-13 04:43:58.906  1122  1122 W WindowManager: pwm.setNavigationBar() called. show=true
01-13 04:43:58.906  1122  1122 W WindowManager: pwm.setStatusBar() called. show=true
01-13 04:43:58.917  1122  1145 W LGKeyOperation: Settings value(ENABLE_EXT_DISPLAY_ON_LCD_ON) does not exist. android.provider.Settings$SettingNotFoundException: enable_ext_display_on_lcd_on
01-13 04:43:58.923  1122  1122 I DisplayManagerServiceEx: starting DisplayPowerControllerEx
01-13 04:43:58.980  1122  1122 I AutomaticBrightnessControllerEx: [LANDSCAPE] use accelerometer
01-13 04:43:58.982  1122  1122 D AutomaticBrightnessControllerEx: [MultiALC] read from setting : mAmbientLuxWhenBarReleased = -1.0 / mBrightnessWhenBarReleased = -1 / mIsBarMovedByUser = false
01-13 04:43:58.986  1122  1122 I PowerManagerService: Device support Kickstand mode: false default: false
01-13 04:43:58.988  1122  1122 D PowerManagerService: updateBatteryLowStatus : lowPowerModeEnabled = false, autoLowPowerModeConfigured = false
01-13 04:43:58.991  1122  1122 I PowerManagerServiceAO: mSupportWirelessCharging = false
01-13 04:43:58.991  1122  1122 I PowerManagerServiceAO: mSupportWiseScreen = false, mMaximumScreenDimDurationConfig = 15000
01-13 04:43:58.991  1122  1122 I Configs : The framework log level is 1.
01-13 04:43:58.993  1122  1122 I LPWGController: init LPWGController ...
01-13 04:43:58.994  1122  1122 W LPWGController: cannot find file:/sys/devices/virtual/input/lge_touch/knock_on_type
01-13 04:43:58.994  1122  1122 D LPWGController: mIsTouchKnockOn = true
01-13 04:43:58.999  1122  1122 W PasswordConverter: not  supported rotation : -1
01-13 04:43:58.999  1122  1122 D LPWGController: set driver init ...
01-13 04:43:59.000  1122  1122 W LPWGController: cannot find file:/sys/devices/virtual/input/lge_touch/lpwg_notify
01-13 04:43:59.000  1122  1122 I LPWGController: cover info : w=158, h=1914, x=918, y=0
01-13 04:43:59.000  1122  1122 W LPWGController: cannot find file:/sys/devices/virtual/input/lge_touch/lpwg_notify
01-13 04:43:59.001  1122  1122 D LPWGController: knockon startObserving
01-13 04:43:59.002  1122  1122 D PocketDetection: HW_SENSOR : Failed to get Knock_on_code_proximity sensor
01-13 04:43:59.005  1122  1122 I PowerManagerServiceAO: [WiseScreen] mWiseScreenEnable = 0
01-13 04:43: