01-13 04:43:36.293   302   314 D NetlinkEvent: NL param 'DEVNAME=mmcblk0p32'
01-13 04:43:36.293   302   314 D NetlinkEvent: NL param 'DEVTYPE=partition'
01-13 04:43:36.293   302   314 D NetlinkEvent: NL param 'PARTN=32'
01-13 04:43:36.293   302   314 D NetlinkEvent: NL param 'PARTNAME=persist'
01-13 04:43:36.293   302   314 E NetlinkEvent: NetlinkEvent::decode(): buffer'add@/devices/mtk-msdc.0/11230000.msdc0/mmc_host/mmc0/mmc0:0001/block/mmcblk0/mmcblk0p33' size:298,format:0
01-13 04:43:36.293   302   314 V vold    : ----------------
01-13 04:43:36.294   302   314 V vold    : handleBlockEvent with action 1
01-13 04:43:36.294   302   314 D NetlinkEvent: NL action '1'
01-13 04:43:36.294   302   314 D NetlinkEvent: NL subsystem 'block'
01-13 04:43:36.294   302   314 D NetlinkEvent: NL param 'DEVPATH=/devices/mtk-msdc.0/11230000.msdc0/mmc_host/mmc0/mmc0:0001/block/mmcblk0/mmcblk0p33'
01-13 04:43:36.294   302   314 D NetlinkEvent: NL param 'MAJOR=259'
01-13 04:43:36.294   302   314 D NetlinkEvent: NL param 'MINOR=1'
01-13 04:43:36.294   302   314 D NetlinkEvent: NL param 'DEVNAME=mmcblk0p33'
01-13 04:43:36.294   302   314 D NetlinkEvent: NL param 'DEVTYPE=partition'
01-13 04:43:36.294   302   314 D NetlinkEvent: NL param 'PARTN=33'
01-13 04:43:36.294   302   314 D NetlinkEvent: NL param 'PARTNAME=efuse'
01-13 04:43:36.294   302   314 E NetlinkEvent: NetlinkEvent::decode(): buffer'add@/devices/mtk-msdc.0/11230000.msdc0/mmc_host/mmc0/mmc0:0001/block/mmcblk0/mmcblk0p34' size:296,format:0
01-13 04:43:36.294   302   314 V vold    : ----------------
01-13 04:43:36.295   302   314 V vold    : handleBlockEvent with action 1
01-13 04:43:36.295   302   314 D NetlinkEvent: NL action '1'
01-13 04:43:36.295   302   314 D NetlinkEvent: NL subsystem 'block'
01-13 04:43:36.295   302   314 D NetlinkEvent: NL param 'DEVPATH=/devices/mtk-msdc.0/11230000.msdc0/mmc_host/mmc0/mmc0:0001/block/mmcblk0/mmcblk0p34'
01-13 04:43:36.295   302   314 D NetlinkEvent: NL param 'MAJOR=259'
01-13 04:43:36.295   302   314 D NetlinkEvent: NL param 'MINOR=2'
01-13 04:43:36.295   302   314 D NetlinkEvent: NL param 'DEVNAME=mmcblk0p34'
01-13 04:43:36.295   302   314 D NetlinkEvent: NL param 'DEVTYPE=partition'
01-13 04:43:36.295   302   314 D NetlinkEvent: NL param 'PARTN=34'
01-13 04:43:36.295   302   314 D NetlinkEvent: NL param 'PARTNAME=frp'
01-13 04:43:36.295   302   314 E NetlinkEvent: NetlinkEvent::decode(): buffer'add@/devices/mtk-msdc.0/11230000.msdc0/mmc_host/mmc0/mmc0:0001/block/mmcblk0/mmcblk0p35' size:299,format:0
01-13 04:43:36.296   302   314 V vold    : ----------------
01-13 04:43:36.296   302   314 V vold    : handleBlockEvent with action 1
01-13 04:43:36.296   302   314 D NetlinkEvent: NL action '1'
01-13 04:43:36.296   302   314 D NetlinkEvent: NL subsystem 'block'
01-13 04:43:36.296   302   314 D NetlinkEvent: NL param 'DEVPATH=/devices/mtk-msdc.0/11230000.msdc0/mmc_host/mmc0/mmc0:0001/block/mmcblk0/mmcblk0p35'
01-13 04:43:36.296   302   314 D NetlinkEvent: NL param 'MAJOR=259'
01-13 04:43:36.296   302   314 D NetlinkEvent: NL param 'MINOR=3'
01-13 04:43:36.296   302   314 D NetlinkEvent: NL param 'DEVNAME=mmcblk0p35'
01-13 04:43:36.296   302   314 D NetlinkEvent: NL param 'DEVTYPE=partition'
01-13 04:43:36.296   302   314 D NetlinkEvent: NL param 'PARTN=35'
01-13 04:43:36.296   302   314 D NetlinkEvent: NL param 'PARTNAME=nvdata'
01-13 04:43:36.296   302   314 E NetlinkEvent: NetlinkEvent::decode(): buffer'add@/devices/mtk-msdc.0/11230000.msdc0/mmc_host/mmc0/mmc0:0001/block/mmcblk0/mmcblk0p36' size:299,format:0
01-13 04:43:36.296   302   314 V vold    : ----------------
01-13 04:43:36.296   302   314 V vold    : handleBlockEvent with action 1
01-13 04:43:36.296   302   314 D NetlinkEvent: NL action '1'
01-13 04:43:36.296   302   314 D NetlinkEvent: NL subsystem 'block'
01-13 04:43:36.296   302   314 D NetlinkEvent: NL param 'DEVPATH=/devices/mtk-msdc.0/11230000.msdc0/mmc_host/mmc0/mmc0:0001/block/mmcblk0/mmcblk0p36'
01-13 04:43:36.297   302   314 D NetlinkEvent: NL param 'MAJOR=259'
01-13 04:43:36.297   302   314 D NetlinkEvent: NL param 'MINOR=4'
01-13 04:43:36.297   302   314 D NetlinkEvent: NL param 'DEVNAME=mmcblk0p36'
01-13 04:43:36.297   302   314 D NetlinkEvent: NL param 'DEVTYPE=partition'
01-13 04:43:36.297   302   314 D NetlinkEvent: NL param 'PARTN=36'
01-13 04:43:36.297   302   314 D NetlinkEvent: NL param 'PARTNAME=system'
01-13 04:43:36.297   302   314 E NetlinkEvent: NetlinkEvent::decode(): buffer'add@/devices/mtk-msdc.0/11230000.msdc0/mmc_host/mmc0/mmc0:0001/block/mmcblk0/mmcblk0p37' size:298,format:0
01-13 04:43:36.297   302   314 V vold    : ----------------
01-13 04:43:36.297   302   314 V vold    : handleBlockEvent with action 1
01-13 04:43:36.297   302   314 D NetlinkEvent: NL action '1'
01-13 04:43:36.297   302   314 D NetlinkEvent: NL subsystem 'block'
01-13 04:43:36.297   302   314 D NetlinkEvent: NL param 'DEVPATH=/devices/mtk-msdc.0/11230000.msdc0/mmc_host/mmc0/mmc0:0001/block/mmcblk0/mmcblk0p37'
01-13 04:43:36.298   302   314 D NetlinkEvent: NL param 'MAJOR=259'
01-13 04:43:36.298   302   314 D NetlinkEvent: NL param 'MINOR=5'
01-13 04:43:36.298   302   314 D NetlinkEvent: NL param 'DEVNAME=mmcblk0p37'
01-13 04:43:36.298   302   314 D NetlinkEvent: NL param 'DEVTYPE=partition'
01-13 04:43:36.298   302   314 D NetlinkEvent: NL param 'PARTN=37'
01-13 04:43:36.298   302   314 D NetlinkEvent: NL param 'PARTNAME=cache'
01-13 04:43:36.298   302   314 E NetlinkEvent: NetlinkEvent::decode(): buffer'add@/devices/mtk-msdc.0/11230000.msdc0/mmc_host/mmc0/mmc0:0001/block/mmcblk0/mmcblk0p38' size:301,format:0
01-13 04:43:36.298   302   314 V vold    : ----------------
01-13 04:43:36.298   302   314 V vold    : handleBlockEvent with action 1
01-13 04:43:36.298   302   314 D NetlinkEvent: NL action '1'
01-13 04:43:36.298   302   314 D NetlinkEvent: NL subsystem 'block'
01-13 04:43:36.298   302   314 D NetlinkEvent: NL param 'DEVPATH=/devices/mtk-msdc.0/11230000.msdc0/mmc_host/mmc0/mmc0:0001/block/mmcblk0/mmcblk0p38'
01-13 04:43:36.298   302   314 D NetlinkEvent: NL param 'MAJOR=259'
01-13 04:43:36.298   302   314 D NetlinkEvent: NL param 'MINOR=6'
01-13 04:43:36.298   302   314 D NetlinkEvent: NL param 'DEVNAME=mmcblk0p38'
01-13 04:43:36.298   302   314 D NetlinkEvent: NL param 'DEVTYPE=partition'
01-13 04:43:36.298   302   314 D NetlinkEvent: NL param 'PARTN=38'
01-13 04:43:36.299   302   314 D NetlinkEvent: NL param 'PARTNAME=userdata'
01-13 04:43:36.299   302   314 E NetlinkEvent: NetlinkEvent::decode(): buffer'add@/devices/mtk-msdc.0/11230000.msdc0/mmc_host/mmc0/mmc0:0001/block/mmcblk0/mmcblk0p39' size:302,format:0
01-13 04:43:36.299   302   314 V vold    : ----------------
01-13 04:43:36.299   302   314 V vold    : handleBlockEvent with action 1
01-13 04:43:36.299   302   314 D NetlinkEvent: NL action '1'
01-13 04:43:36.299   302   314 D NetlinkEvent: NL subsystem 'block'
01-13 04:43:36.299   302   314 D NetlinkEvent: NL param 'DEVPATH=/devices/mtk-msdc.0/11230000.msdc0/mmc_host/mmc0/mmc0:0001/block/mmcblk0/mmcblk0p39'
01-13 04:43:36.299   302   314 D NetlinkEvent: NL param 'MAJOR=259'
01-13 04:43:36.299   302   314 D NetlinkEvent: NL param 'MINOR=7'
01-13 04:43:36.299   302   314 D NetlinkEvent: NL param 'DEVNAME=mmcblk0p39'
01-13 04:43:36.299   302   314 D NetlinkEvent: NL param 'DEVTYPE=partition'
01-13 04:43:36.299   302   314 D NetlinkEvent: NL param 'PARTN=39'
01-13 04:43:36.299   302   314 D NetlinkEvent: NL param 'PARTNAME=flashinfo'
01-13 04:43:36.299   302   314 I Vold    : Coldboot: sem_post() because all uevent has handled
01-13 04:43:36.300   302   302 I NVRAM   : Coldboot: all uevent has handled
01-13 04:43:36.300   302   302 I vold    : 'nvdata' partition exists.
01-13 04:43:36.480   302   314 E NetlinkEvent: NetlinkEvent::decode(): buffer'remove@/bus/sdio/drivers/mtk_sdio_client' size:127,format:0
01-13 04:43:36.488   302   314 E NetlinkEvent: NetlinkEvent::decode(): buffer'add@/class/stpwmt' size:79,format:0
01-13 04:43:36.489   302   314 E NetlinkEvent: NetlinkEvent::decode(): buffer'add@/devices/virtual/stpwmt/stpwmt' size:147,format:0
01-13 04:43:36.521   327   327 E BootLogoUpdater: [boot_logo_updater]boot package = 0
01-13 04:43:36.521   327   327 E BootLogoUpdater: [boot_logo_updater]update boot reason = 0, ret = 2
01-13 04:43:36.548   302   314 E NetlinkEvent: NetlinkEvent::decode(): buffer'add@/bus/platform/drivers/mtk_wmt' size:113,format:0
01-13 04:43:36.548   302   314 E NetlinkEvent: NetlinkEvent::decode(): buffer'add@/class/stpbt' size:77,format:0
01-13 04:43:36.549   302   314 E NetlinkEvent: NetlinkEvent::decode(): buffer'add@/devices/virtual/stpbt/stpbt' size:141,format:0
01-13 04:43:36.549   302   314 E NetlinkEvent: NetlinkEvent::decode(): buffer'add@/class/stpgps' size:79,format:0
01-13 04:43:36.550   302   314 E NetlinkEvent: NetlinkEvent::decode(): buffer'add@/devices/virtual/stpgps/stpgps' size:147,format:0
01-13 04:43:36.550   302   314 E NetlinkEvent: NetlinkEvent::decode(): buffer'add@/class/wmtWifi' size:81,format:0
01-13 04:43:36.551   302   314 E NetlinkEvent: NetlinkEvent::decode(): buffer'add@/devices/virtual/wmtWifi/wmtWifi' size:153,format:0
01-13 04:43:36.551   302   314 E NetlinkEvent: NetlinkEvent::decode(): buffer'add@/devices/virtual/ieee80211/phy0' size:119,format:0
01-13 04:43:36.552   302   314 E NetlinkEvent: NetlinkEvent::decode(): buffer'add@/devices/virtual/ieee80211/phy1' size:119,format:0
01-13 04:43:36.554   302   314 E NetlinkEvent: NetlinkEvent::decode(): buffer'add@/bus/platform/drivers/mt-wifi' size:113,format:0
01-13 04:43:36.573   302   321 E VoldCryptCmdListener: [LGE][VOLD][CommandListener.cpp][CryptfsCmd::runCommand()] argv[0]:cryptfs, argv[1]:mountdefaultencrypted
01-13 04:43:36.577   302   314 E NetlinkEvent: NetlinkEvent::decode(): buffer'change@/devices/virtual/android_usb/android0' size:162,format:0
01-13 04:43:36.577   302   314 E NetlinkEvent: NetlinkEvent::decode(): buffer'change@/devices/virtual/android_usb/android0' size:162,format:0
01-13 04:43:36.582   302   314 E NetlinkEvent: NetlinkEvent::decode(): buffer'change@/devices/virtual/android_usb/android0' size:162,format:0
01-13 04:43:36.657   327   327 D libshowlogo: [decompress_logo decompress_logo 97]have=8294400
01-13 04:43:36.657   327   327 D libshowlogo: [show_animation_common: fill_animation_logo 125]bits = 32
01-13 04:43:36.657   327   327 D libshowlogo: [show_logo_common: fill_rect_with_content 406]
01-13 04:43:36.657   327   327 D libshowlogo: [show_logo_common: fill_rect_with_content_by_32bit_argb8888 107]
01-13 04:43:36.657   327   327 D libshowlogo: [show_logo_common]dst_addr= 0xff000000, color_addr= 0xff000000, i= 0, j=0
01-13 04:43:36.658   327   327 D libshowlogo: [show_logo_common]dst_addr= 0xff000000, color_addr= 0xff000000, i= 0, j=1079
01-13 04:43:36.858   302   314 E NetlinkEvent: NetlinkEvent::decode(): buffer'remove@/devices/virtual/thermal/thermal_zone1' size:137,format:0
01-13 04:43:36.858   302   314 E NetlinkEvent: NetlinkEvent::decode(): buffer'add@/devices/virtual/thermal/thermal_zone1' size:131,format:0
01-13 04:43:36.859   302   314 E NetlinkEvent: NetlinkEvent::decode(): buffer'remove@/devices/virtual/thermal/thermal_zone3' size:137,format:0
01-13 04:43:36.860   302   314 E NetlinkEvent: NetlinkEvent::decode(): buffer'add@/devices/virtual/thermal/thermal_zone3' size:131,format:0
01-13 04:43:36.880   302   314 E NetlinkEvent: NetlinkEvent::decode(): buffer'remove@/devices/virtual/thermal/thermal_zone0' size:137,format:0
01-13 04:43:36.880   302   314 E NetlinkEvent: NetlinkEvent::decode(): buffer'add@/devices/virtual/thermal/thermal_zone0' size:131,format:0
01-13 04:43:36.881   302   314 E NetlinkEvent: NetlinkEvent::decode(): buffer'remove@/devices/virtual/thermal/thermal_zone2' size:137,format:0
01-13 04:43:36.882   302   314 E NetlinkEvent: NetlinkEvent::decode(): buffer'add@/devices/virtual/thermal/thermal_zone2' size:131,format:0
01-13 04:43:36.883   302   314 E NetlinkEvent: NetlinkEvent::decode(): buffer'remove@/devices/virtual/thermal/thermal_zone4' size:137,format:0
01-13 04:43:36.883   302   314 E NetlinkEvent: NetlinkEvent::decode(): buffer'add@/devices/virtual/thermal/thermal_zone4' size:131,format:0
01-13 04:43:36.885   302   314 E NetlinkEvent: NetlinkEvent::decode(): buffer'add@/devices/virtual/thermal/thermal_zone6' size:131,format:0
01-13 04:43:36.887   302   314 E NetlinkEvent: NetlinkEvent::decode(): buffer'add@/devices/virtual/thermal/thermal_zone7' size:131,format:0
01-13 04:43:36.889   302   314 E NetlinkEvent: NetlinkEvent::decode(): buffer'add@/devices/virtual/thermal/thermal_zone8' size:131,format:0
01-13 04:43:36.889   302   314 E NetlinkEvent: NetlinkEvent::decode(): buffer'add@/devices/virtual/thermal/thermal_zone9' size:131,format:0
01-13 04:43:36.890   302   314 E NetlinkEvent: NetlinkEvent::decode(): buffer'add@/devices/virtual/thermal/thermal_zone10' size:133,format:0
01-13 04:43:36.896   327   327 D libshowlogo: [show_logo_common]dst_addr= 0xff000000, color_addr= 0xff000000, i= 1919, j=0
01-13 04:43:36.896   327   327 D libshowlogo: [show_logo_common]dst_addr= 0xff000000, color_addr= 0xff000000, i= 1919, j=1079
01-13 04:43:36.896   327   327 D libshowlogo: [libshowlogo: anim_fb_disp_update 514]
01-13 04:43:36.905   327   327 D libshowlogo: [libshowlogo: anim_deinit 276]
01-13 04:43:36.906   327   327 D libshowlogo: [libshowlogo: anim_logo_deinit 389]
01-13 04:43:36.908   327   327 D libshowlogo: [libshowlogo: anim_fb_deinit 484]
01-13 04:43:36.911   327   327 D libshowlogo: [libshowlogo: anim_fb_deinit 486]free dec_logo_addr  
01-13 04:43:37.390   302   314 E NetlinkEvent: NetlinkEvent::decode(): buffer'add@/devices/virtual/bdi/253:1' size:103,format:0
01-13 04:43:37.391   302   314 E NetlinkEvent: NetlinkEvent::decode(): buffer'add@/devices/virtual/block/dm-1' size:160,format:0
01-13 04:43:37.391   302   314 V vold    : ----------------
01-13 04:43:37.391   302   314 V vold    : handleBlockEvent with action 1
01-13 04:43:37.391   302   314 D NetlinkEvent: NL action '1'
01-13 04:43:37.391   302   314 D NetlinkEvent: NL subsystem 'block'
01-13 04:43:37.391   302   314 D NetlinkEvent: NL param 'DEVPATH=/devices/virtual/block/dm-1'
01-13 04:43:37.391   302   314 D NetlinkEvent: NL param 'MAJOR=253'
01-13 04:43:37.392   302   314 D NetlinkEvent: NL param 'MINOR=1'
01-13 04:43:37.392   302   314 D NetlinkEvent: NL param 'DEVNAME=dm-1'
01-13 04:43:37.392   302   314 D NetlinkEvent: NL param 'DEVTYPE=disk'
01-13 04:43:37.392   302   314 D NetlinkEvent: NL param 'NPARTS=0'
01-13 04:43:37.392   302   321 I Cryptfs : Enabling support for allow_discards in dmcrypt.
01-13 04:43:37.392   302   321 I Cryptfs : load_crypto_mapping_table: target_type = crypt
01-13 04:43:37.392   302   321 I Cryptfs : load_crypto_mapping_table: real_blk_name = /dev/block/platform/mtk-msdc.0/11230000.msdc0/by-name/userdata, extra_params = 1 allow_discards
01-13 04:43:37.400   302   314 E NetlinkEvent: NetlinkEvent::decode(): buffer'add@/kernel/slab/bio-2' size:88,format:0
01-13 04:43:37.401   302   321 I Cryptfs : The dm-crypt device is already created, /dev/block/dm-1
01-13 04:43:37.401   302   314 E NetlinkEvent: NetlinkEvent::decode(): buffer'change@/devices/virtual/block/dm-1' size:166,format:0
01-13 04:43:37.402   302   314 V vold    : ----------------
01-13 04:43:37.402   302   314 V vold    : handleBlockEvent with action 3
01-13 04:43:37.402   302   314 D NetlinkEvent: NL action '3'
01-13 04:43:37.402   302   314 D NetlinkEvent: NL subsystem 'block'
01-13 04:43:37.402   302   314 D NetlinkEvent: NL param 'DEVPATH=/devices/virtual/block/dm-1'
01-13 04:43:37.402   302   314 D NetlinkEvent: NL param 'MAJOR=253'
01-13 04:43:37.402   302   314 D NetlinkEvent: NL param 'MINOR=1'
01-13 04:43:37.402   302   314 D NetlinkEvent: NL param 'DEVNAME=dm-1'
01-13 04:43:37.402   302   314 D NetlinkEvent: NL param 'DEVTYPE=disk'
01-13 04:43:37.402   302   314 D NetlinkEvent: NL param 'NPARTS=0'
01-13 04:43:37.402   302   314 D vold    : Disk at 253:1 changed
01-13 04:43:38.051   302   321 I Cryptfs : Password matches
01-13 04:43:38.052   302   321 D Cryptfs : test_mount_encrypted_fs(): Master key saved
01-13 04:43:38.054   302   321 I Cryptfs : keymaster module name is Keymaster OpenSSL HAL
01-13 04:43:38.054   302   321 I Cryptfs : keymaster version is 2
01-13 04:43:38.054   302   321 I Cryptfs : Found keymaster0 module, using keymaster0 API.
01-13 04:43:38.054   302   321 D Cryptfs : Password is default - restarting filesystem
01-13 04:43:38.054   302   321 I Cryptfs : [LGE][VOLD][Cryptfs.c][cryptfs_restart()] START 
01-13 04:43:38.055   302   321 D Cryptfs : Just asked init to shut down class main
01-13 04:43:38.111   522   522 I md_ctrl : ro.crypto.state=encrypted, vold.decrypt=trigger_reset_main, vold.encryption.type=, start/stop=0
01-13 04:43:38.111   522   522 E md_ctrl : encryption.type is null. ccci is waiting. No need to start/stop modem
01-13 04:43:40.055   302   321 D Cryptfs : copy_log_in_data_tmpfs++
01-13 04:43:40.755   302   321 D Cryptfs : unmounting /data/tmp_mnt succeeded
01-13 04:43:40.755   302   321 D Cryptfs : copy_log_in_data_tmpfs--
01-13 04:43:40.757   302   321 D Cryptfs : unmounting /data succeeded
01-13 04:43:40.937   302   321 D Cryptfs : Successful: mount crypto_blkdev
01-13 04:43:41.192   302   321 D Cryptfs : Just triggered post_fs_data
01-13 04:43:41.431   302   314 E NetlinkEvent: NetlinkEvent::decode(): buffer'change@/devices/virtual/android_usb/android0' size:162,format:0
01-13 04:43:41.434   302   314 E NetlinkEvent: NetlinkEvent::decode(): buffer'change@/devices/virtual/android_usb/android0' size:162,format:0
01-13 04:43:41.744   302   321 D Cryptfs : post_fs_data done
01-13 04:43:41.745   302   321 D Cryptfs : Just triggered restart_framework
01-13 04:43:41.934   676   676 I md_ctrl : ro.crypto.state=encrypted, vold.decrypt=trigger_restart_framework, vold.encryption.type=, start/stop=1
01-13 04:43:41.955   676   676 E md_ctrl : encryption.type is null. ccci is waiting. No need to start/stop modem
01-13 04:43:42.198   302   314 E NetlinkEvent: NetlinkEvent::decode(): buffer'change@/devices/platform/battery/power_supply/wireless' size:232,format:0
01-13 04:43:42.198   302   314 E NetlinkEvent: NetlinkEvent::decode(): buffer'change@/devices/platform/battery/power_supply/battery' size:871,format:0
01-13 04:43:42.198   302   314 E NetlinkEvent: NetlinkEvent::decode(): buffer'change@/devices/platform/battery/power_supply/ac' size:214,format:0
01-13 04:43:42.199   302   314 E NetlinkEvent: NetlinkEvent::decode(): buffer'change@/devices/platform/battery/power_supply/usb' size:217,format:0
01-13 04:43:42.464   662   662 I LGFTMITEM: [GET_FTM][id=3], offset=6144
01-13 04:43:42.466   662   662 I Atd     : [LGE][ATD] start..
01-13 04:43:42.466   662   662 I Atd     : Current time is 2016/01/13 04:43:42
01-13 04:43:42.467   662   662 I LGFTMITEM: init_ftm_item: FTM device: /dev/block/platform/mtk-msdc.0/11230000.msdc0/by-name/ftm
01-13 04:43:42.467   662   662 I LGFTMITEM: [GET_FTM][id=1], offset=2048
01-13 04:43:42.467   662   662 I LGFTMITEM: LGFTM_MAGIC_ITEM: BSP Forever
01-13 04:43:42.482   663   663 D frstd   : frstd is starting
01-13 04:43:42.483   663   663 I LGFTMITEM: [GET_FTM][id=12], offset=24576
01-13 04:43:42.483   662   662 I LGFTMITEM: [GET_FTM][id=73], offset=149504
01-13 04:43:42.487   663   663 D frstd   : Download flag is 0x00
01-13 04:43:42.487   663   838 D frstd   : frst monitor start (tid: 3051411760)
01-13 04:43:42.488   663   839 D frstd   : frst manage start (tid: 3050367280)
01-13 04:43:42.488   663   839 D frstd   : start waiting bootcomplete
01-13 04:43:42.488   663   840 D frstd   : frst server start (tid: 3049310512)
01-13 04:43:42.489   662   662 I Atd     : Get SUFFIX : 
01-13 04:43:42.489   662   662 I Atd     : [LGE][ATD] ro.lge.suffix : 
01-13 04:43:42.489   662   662 I Atd     : [LGE][ATD] bootmode: unknown 
01-13 04:43:42.490   662   662 I Atd     : Not found minios_romcopy_image
01-13 04:43:42.490   662   662 I LGFTMITEM: [GET_FTM][id=31], offset=63488
01-13 04:43:42.502   662   662 I Atd     : get_swfv : Cannot find userdata ubid, set to default
01-13 04:43:42.502   662   662 I LGFTMITEM: [SET_FTM][id=31], offset=63488
01-13 04:43:42.504   662   662 I LGFTMITEM: FTMITEM: Write OK
01-13 04:43:42.504   662   662 I Atd     : Userdata ID is updated:00000000000-00000000000-00000000000-FFFFFFFFFFF-F
01-13 04:43:42.505   662   662 I Atd     : int init_socket(): sucess init socket .....
01-13 04:43:42.505   662   662 E Atd     : [RILD] RILD init FAIL!
01-13 04:43:42.507   662   662 I LGFTMITEM: [GET_FTM][id=53], offset=108544
01-13 04:43:42.507   662   844 I Atd     : [USB_M] ATD_USBMODEMSTATE_CONFIGURED: ustate=1. => USB_UNPLUG
01-13 04:43:42.507   662   844 I Atd     : [USB_M] post_evnet: 1
01-13 04:43:42.508   662   662 I LGFTMITEM: [GET_FTM][id=3], offset=6144
01-13 04:43:42.535   662   843 I LGFTMITEM: [GET_FTM][id=3], offset=6144
01-13 04:43:42.536   662   662 I Atd     : void atd_process_event(atd_event_msg_s) received event (ATD_EVENT_USB_UNPLUG)
01-13 04:43:42.536   662   662 I Atd     : Receive USB disconnection event... stop threads
01-13 04:43:42.536   662   662 I Atd     : Receive USB disconnection event... stop threads - exit 
01-13 04:43:42.536   662   843 I Atd     : [LGE][ATD] monitor_bootevent started. QEM : 0, FRST : 6
01-13 04:43:42.745   302   321 I Cryptfs : [LGE][VOLD][Cryptfs.c][cryptfs_restart()] END, rc:0 
01-13 04:43:42.745   302   862 D NVRAM   : Check whether nvram restore ready!
01-13 04:43:42.746   302   862 D NVRAM   : nvram restore ready!
01-13 04:43:42.755   302   862 D NVRAM   : read st  nvram_fd=15   Ret=16  usb=1  adb=1  rndis=0  rec_size=16  rec_num=1
01-13 04:43:42.755   302   862 D NVRAM   : OMADM NVRAM read  Ret=0, IsEnable=1, Usb=1, Adb=1, Rndis=0
01-13 04:43:44.084   636   636 D AudioMTKFilterManager: init() fixedParam 0
01-13 04:43:46.453  1122  1122 I InstallerConnection: connecting...
01-13 04:43:46.463  1122  1122 I InstallerConnection: disconnecting...
01-13 04:43:46.497  1122  1122 I SystemServer: Entered the Android system server!
01-13 04:43:46.580  1122  1122 I SystemServiceManager: Starting com.android.server.pm.Installer
01-13 04:43:46.581  1122  1122 I Installer: Waiting for installd to be ready.
01-13 04:43:46.581  1122  1122 I InstallerConnection: connecting...
01-13 04:43:46.581  1122  1122 I SystemServiceManager: Starting com.android.server.am.ActivityManagerService$Lifecycle
01-13 04:43:46.614  1122  1122 I ActivityManager: Memory class: 192
01-13 04:43:46.630   302   314 E NetlinkEvent: NetlinkEvent::decode(): buffer'change@/devices/platform/battery/power_supply/wireless' size:232,format:0
01-13 04:43:46.631   302   314 E NetlinkEvent: NetlinkEvent::decode(): buffer'change@/devices/platform/battery/power_supply/battery' size:871,format:0
01-13 04:43:46.631   302   314 E NetlinkEvent: NetlinkEvent::decode(): buffer'change@/devices/platform/battery/power_supply/ac' size:214,format:0
01-13 04:43:46.631   302   314 E NetlinkEvent: NetlinkEvent::decode(): buffer'change@/devices/platform/battery/power_supply/usb' size:217,format:0
01-13 04:43:46.675  1122  1122 I BatteryStatsImpl: readLocked()
01-13 04:43:46.676  1122  1122 D BatteryStatsImpl: Reading daily items from /data/system/batterystats-daily.xml
01-13 04:43:46.685  1122  1147 I BatteryStatsImpl: writeLocked() sync : false
01-13 04:43:46.711  1122  1122 I ThemeTest: Theme info of AM : com.lge.launcher2.theme.optimus
01-13 04:43:46.808  1122  1122 W ProcessCpuTracker: Skipping unknown process pid 1151
01-13 04:43:46.818  1122  1122 I IntentFirewall: Read new rules (A:0 B:0 S:0)
01-13 04:43:46.831  1122  1122 V ActivityManagerServiceEx: create ActivityManagerServiceEx
01-13 04:43:46.834  1122  1122 D AppOps  : AppOpsService published
01-13 04:43:46.835  1122  1122 I SystemServiceManager: Starting com.android.server.power.PowerManagerService
01-13 04:43:46.906  1122  1122 D PowerManagerServiceAO: white list for wake up cover closed
01-13 04:43:46.906  1122  1122 D PowerManagerServiceAO: com.android.incallui
01-13 04:43:46.906  1122  1122 D PowerManagerServiceAO: com.android.server.telecom
01-13 04:43:46.906  1122  1122 D PowerManagerServiceAO: com.lge.clock
01-13 04:43:46.914  1122  1122 I SystemServiceManager: Starting com.android.server.lights.LightsService
01-13 04:43:46.918  1122  1122 I SystemServiceManager: Starting com.android.server.display.DisplayManagerService
01-13 04:43:46.933  1122  1122 I SystemServiceManager: Starting phase 100
01-13 04:43:46.941  1122  1158 I DisplayManagerService: Display device added: DisplayDeviceInfo{"  ": uniqueId="local:0", 1080 x 1920, modeId 1, defaultModeId 1, supportedModes [{id=1, width=1080, height=1920, fps=60.000004}], colorTransformId 1, defaultColorTransformId 1, supportedColorTransforms [{id=1, colorTransform=0}], density 480, 422.03 x 424.069 dpi, appVsyncOff -8000000, presDeadline 25666666, touch INTERNAL, rotation 0, type BUILT_IN, state UNKNOWN, FLAG_DEFAULT_DISPLAY, FLAG_ROTATES_WITH_CONTENT, FLAG_SECURE, FLAG_SUPPORTS_PROTECTED_BUFFERS}
01-13 04:43:46.944  1122  1122 I SystemServer: Package Manager
01-13 04:43:46.944  1122  1158 I DisplayManagerService: Display device changed state: "  ", ON
01-13 04:43:46.961  1122  1122 W SELinuxMMAC: Error opening /data/system/seapp_hash. Assuming first boot.
01-13 04:43:47.032  1122  1122 W SystemConfig: Got exception parsing permissions.
01-13 04:43:47.032  1122  1122 W SystemConfig: org.xmlpull.v1.XmlPullParserException: Unexpected start tag in /system/etc/permissions/media_codecs.xml: found MediaCodecs, expected 'permissions' or 'config'
01-13 04:43:47.032  1122  1122 W SystemConfig: 	at com.android.server.SystemConfig.readPermissionsFromXml(SystemConfig.java:241)
01-13 04:43:47.032  1122  1122 W SystemConfig: 	at com.android.server.SystemConfig.readPermissions(SystemConfig.java:203)
01-13 04:43:47.032  1122  1122 W SystemConfig: 	at com.android.server.SystemConfig.<init>(SystemConfig.java:163)
01-13 04:43:47.032  1122  1122 W SystemConfig: 	at com.android.server.SystemConfig.getInstance(SystemConfig.java:110)
01-13 04:43:47.032  1122  1122 W SystemConfig: 	at com.android.server.pm.PackageManagerService.<init>(PackageManagerService.java:1968)
01-13 04:43:47.032  1122  1122 W SystemConfig: 	at com.android.server.pm.PackageManagerServiceEx.<init>(PackageManagerServiceEx.java:24)
01-13 04:43:47.032  1122  1122 W SystemConfig: 	at com.android.server.pm.PackageManagerServiceEx$MethodOverride.ajc$around$com_android_server_pm_PackageManagerServiceEx$MethodOverride$1$90f4ff38(PackageManagerServiceEx.java:87)
01-13 04:43:47.032  1122  1122 W SystemConfig: 	at com.android.server.pm.PackageManagerService.main(PackageManagerService.java:1863)
01-13 04:43:47.032  1122  1122 W SystemConfig: 	at com.android.server.SystemServer.startBootstrapServices(SystemServer.java:400)
01-13 04:43:47.032  1122  1122 W SystemConfig: 	at com.android.server.SystemServer.run(SystemServer.java:293)
01-13 04:43:47.032  1122  1122 W SystemConfig: 	at com.android.server.SystemServer.main(SystemServer.java:190)
01-13 04:43:47.032  1122  1122 W SystemConfig: 	at java.lang.reflect.Method.invoke(Native Method)
01-13 04:43:47.032  1122  1122 W SystemConfig: 	at com.android.internal.os.ZygoteInit$MethodAndArgsCaller.run(ZygoteInit.java:730)
01-13 04:43:47.032  1122  1122 W SystemConfig: 	at com.android.internal.os.ZygoteInit.main(ZygoteInit.java:620)
01-13 04:43:47.053  1122  1122 D SELinuxMMAC: Using policy file /system/etc/security/mac_permissions.xml
01-13 04:43:47.888  1122  1122 W PackageManager: Library not found: /system/framework/org.apache.http.legacy.jar
01-13 04:43:47.933  1122  1122 I PackageManager: Enter serial scanning/system/vendor/overlay
01-13 04:43:48.128  1122  1122 I PackageManager: Enter serial scanning/system/framework
01-13 04:43:48.129  1122  1122 W PackageManager: Failed to parse /system/framework/arm: Missing base APK in /system/framework/arm
01-13 04:43:48.141  1122  1122 I PackageManager: SELinux relabeling of com.lge.sui.widget issued.
01-13 04:43:48.189  1122  1122 I PackageManager: SELinux relabeling of com.lge issued.
01-13 04:43:48.196  1122  1122 W PackageManager: Failed to parse /system/framework/oat: Missing base APK in /system/framework/oat
01-13 04:43:48.197  1122  1122 I PackageManager: COTAConfigPath: /data/shared/cust/config/custom_apk_list.cfg
01-13 04:43:48.198  1122  1122 I PackageManager: COTAConfig File not found, continuing with CUPPS overlay of custom_apk_list.cfg
01-13 04:43:48.200  1122  1122 I PackageManager: Enter pararrel scanning/system/priv-appthread count : 5
01-13 04:43:48.218  1122  1230 I PackageManager: SELinux relabeling of com.android.backupconfirm issued.
01-13 04:43:48.222  1122  1231 I PackageManager: SELinux relabeling of com.mediatek.connectivity issued.
01-13 04:43:48.227  1122  1234 I PackageManager: SELinux relabeling of com.android.carrierconfig issued.
01-13 04:43:48.228  1122  1233 I PackageManager: SELinux relabeling of com.android.calllogbackup issued.
01-13 04:43:48.229  1122  1232 I PackageManager: SELinux relabeling of com.android.providers.calendar issued.
01-13 04:43:48.248  1122  1231 I PackageManager: SELinux relabeling of com.android.defcontainer issued.
01-13 04:43:48.248  1122  1230 I PackageManager: SELinux relabeling of com.google.android.configupdater issued.
01-13 04:43:48.258  1122  1233 I PackageManager: SELinux relabeling of com.lge.cic.eden.service issued.
01-13 04:43:48.261  1122  1232 I PackageManager: SELinux relabeling of com.android.externalstorage issued.
01-13 04:43:48.266  1122  1234 I PackageManager: SELinux relabeling of com.lge.fbi issued.
01-13 04:43:48.281  1122  1230 I PackageManager: SELinux relabeling of com.facebook.system issued.
01-13 04:43:48.290  1122  1232 I PackageManager: SELinux relabeling of com.hy.system.fontserver issued.
01-13 04:43:48.290  1122  1233 I PackageManager: SELinux relabeling of com.android.location.fused issued.
01-13 04:43:48.291  1122  1231 I PackageManager: SELinux relabeling of com.facebook.appmanager issued.
01-13 04:43:48.295  1122  1234 I PackageManager: SELinux relabeling of com.lge.gcuv issued.
01-13 04:43:48.316  1122  1232 I PackageManager: SELinux relabeling of com.google.android.backuptransport issued.
01-13 04:43:48.331  1122  1233 W PackageParser: Unknown element under <manifest>: uses-library at /system/priv-app/GoogleFeedback/GoogleFeedback.apk Binary XML file line #30
01-13 04:43:48.334  1122  1233 I PackageManager: SELinux relabeling of com.google.android.feedback issued.
01-13 04:43:48.334  1122  1234 I PackageManager: SELinux relabeling of com.google.android.onetimeinitializer issued.
01-13 04:43:48.358  1122  1231 I PackageManager: SELinux relabeling of com.google.android.gsf.login issued.
01-13 04:43:48.361  1122  1233 W PackageParser: Ignoring duplicate uses-permissions/uses-permissions-sdk-m: com.google.android.providers.gsf.permission.READ_GSERVICES in package: com.google.android.partnersetup at: Binary XML file line #32
01-13 04:43:48.366  1122  1233 I PackageManager: SELinux relabeling of com.google.android.partnersetup issued.
01-13 04:43:48.367  1122  1232 I PackageManager: SELinux relabeling of com.google.android.packageinstaller issued.
01-13 04:43:48.380  1122  1234 I PackageManager: SELinux relabeling of com.google.android.gsf issued.
01-13 04:43:48.389  1122  1231 I PackageManager: SELinux relabeling of com.lge.homeselector issued.
01-13 04:43:48.402  1122  1234 W PackageManager: Permission com.google.android.googleapps.permission.GOOGLE_AUTH from package com.google.android.gsf in an unknown group android.permission-group.ACCOUNTS
01-13 04:43:48.402  1122  1234 W PackageManager: Permission com.google.android.googleapps.permission.GOOGLE_AUTH.ALL_SERVICES from package com.google.android.gsf in an unknown group android.permission-group.ACCOUNTS
01-13 04:43:48.402  1122  1234 W PackageManager: Permission com.google.android.googleapps.permission.GOOGLE_AUTH.OTHER_SERVICES from package com.google.android.gsf in an unknown group android.permission-group.ACCOUNTS
01-13 04:43:48.402  1122  1234 W PackageManager: Permission com.google.android.googleapps.permission.GOOGLE_AUTH.mail from package com.google.android.gsf in an unknown group android.permission-group.ACCOUNTS
01-13 04:43:48.402  1122  1234 W PackageManager: Permission com.google.android.googleapps.permission.GOOGLE_AUTH.cl from package com.google.android.gsf in an unknown group android.permission-group.ACCOUNTS
01-13 04:43:48.403  1122  1234 W PackageManager: Permission com.google.android.googleapps.permission.GOOGLE_AUTH.android from package com.google.android.gsf in an unknown group android.permission-group.ACCOUNTS
01-13 04:43:48.403  1122  1234 W PackageManager: Permission com.google.android.googleapps.permission.GOOGLE_AUTH.androidsecure from package com.google.android.gsf in an unknown group android.permission-group.ACCOUNTS
01-13 04:43:48.403  1122  1234 W PackageManager: Permission com.google.android.googleapps.permission.GOOGLE_AUTH.sierra from package com.google.android.gsf in an unknown group android.permission-group.ACCOUNTS
01-13 04:43:48.403  1122  1234 W PackageManager: Permission com.google.android.googleapps.permission.GOOGLE_AUTH.sierraqa from package com.google.android.gsf in an unknown group android.permission-group.ACCOUNTS
01-13 04:43:48.403  1122  1234 W PackageManager: Permission com.google.android.googleapps.permission.GOOGLE_AUTH.sierrasandbox from package com.google.android.gsf in an unknown group android.permission-group.ACCOUNTS
01-13 04:43:48.403  1122  1234 W PackageManager: Permission com.google.android.googleapps.permission.GOOGLE_AUTH.youtube from package com.google.android.gsf in an unknown group android.permission-group.ACCOUNTS
01-13 04:43:48.403  1122  1234 W PackageManager: Permission com.google.android.googleapps.permission.GOOGLE_AUTH.YouTubeUser from package com.google.android.gsf in an unknown group android.permission-group.ACCOUNTS
01-13 04:43:48.404  1122  1234 W PackageManager: Permission com.google.android.googleapps.permission.GOOGLE_AUTH.talk from package com.google.android.gsf in an unknown group android.permission-group.ACCOUNTS
01-13 04:43:48.404  1122  1234 W PackageManager: Permission com.google.android.googleapps.permission.GOOGLE_AUTH.ig from package com.google.android.gsf in an unknown group android.permission-group.ACCOUNTS
01-13 04:43:48.404  1122  1234 W PackageManager: Permission com.google.android.googleapps.permission.GOOGLE_AUTH.lh2 from package com.google.android.gsf in an unknown group android.permission-group.ACCOUNTS
01-13 04:43:48.404  1122  1234 W PackageManager: Permission com.google.android.googleapps.permission.GOOGLE_AUTH.mobile from package com.google.android.gsf in an unknown group android.permission-group.ACCOUNTS
01-13 04:43:48.404  1122  1234 W PackageManager: Permission com.google.android.googleapps.permission.GOOGLE_AUTH.cp from package com.google.android.gsf in an unknown group android.permission-group.ACCOUNTS
01-13 04:43:48.404  1122  1234 W PackageManager: Permission com.google.android.googleapps.permission.GOOGLE_AUTH.adsense from package com.google.android.gsf in an unknown group android.permission-group.ACCOUNTS
01-13 04:43:48.404  1122  1234 W PackageManager: Permission com.google.android.googleapps.permission.GOOGLE_AUTH.adwords from package com.google.android.gsf in an unknown group android.permission-group.ACCOUNTS
01-13 04:43:48.404  1122  1234 W PackageManager: Permission com.google.android.googleapps.permission.GOOGLE_AUTH.blogger from package com.google.android.gsf in an unknown group android.permission-group.ACCOUNTS
01-13 04:43:48.404  1122  1234 W PackageManager: Permission com.google.android.googleapps.permission.GOOGLE_AUTH.dodgeball from package com.google.android.gsf in an unknown group android.permission-group.ACCOUNTS
01-13 04:43:48.404  1122  1234 W PackageManager: Permission com.google.android.googleapps.permission.GOOGLE_AUTH.gbase from package com.google.android.gsf in an unknown group android.permission-group.ACCOUNTS
01-13 04:43:48.404  1122  1234 W PackageManager: Permission com.google.android.googleapps.permission.GOOGLE_AUTH.groups2 from package com.google.android.gsf in an unknown group android.permission-group.ACCOUNTS
01-13 04:43:48.404  1122  1234 W PackageManager: Permission com.google.android.googleapps.permission.GOOGLE_AUTH.health from package com.google.android.gsf in an unknown group android.permission-group.ACCOUNTS
01-13 04:43:48.404  1122  1234 W PackageManager: Permission com.google.android.googleapps.permission.GOOGLE_AUTH.jotspot from package com.google.android.gsf in an unknown group android.permission-group.ACCOUNTS
01-13 04:43:48.405  1122  1234 W PackageManager: Permission com.google.android.googleapps.permission.GOOGLE_AUTH.knol from package com.google.android.gsf in an unknown group android.permission-group.ACCOUNTS
01-13 04:43:48.405  1122  1234 W PackageManager: Permission com.google.android.googleapps.permission.GOOGLE_AUTH.news from package com.google.android.gsf in an unknown group android.permission-group.ACCOUNTS
01-13 04:43:48.405  1122  1234 W PackageManager: Permission com.google.android.googleapps.permission.GOOGLE_AUTH.orkut from package com.google.android.gsf in an unknown group android.permission-group.ACCOUNTS
01-13 04:43:48.405  1122  1234 W PackageManager: Permission com.google.android.googleapps.permission.GOOGLE_AUTH.print from package com.google.android.gsf in an unknown group android.permission-group.ACCOUNTS
01-13 04:43:48.405  1122  1234 W PackageManager: Permission com.google.android.googleapps.permission.GOOGLE_AUTH.sitemaps from package com.google.android.gsf in an unknown group android.permission-group.ACCOUNTS
01-13 04:43:48.405  1122  1234 W PackageManager: Permission com.google.android.googleapps.permission.GOOGLE_AUTH.wifi from package com.google.android.gsf in an unknown group android.permission-group.ACCOUNTS
01-13 04:43:48.405  1122  1234 W PackageManager: Permission com.google.android.googleapps.permission.GOOGLE_AUTH.finance from package com.google.android.gsf in an unknown group android.permission-group.ACCOUNTS
01-13 04:43:48.405  1122  1234 W PackageManager: Permission com.google.android.googleapps.permission.GOOGLE_AUTH.local from package com.google.android.gsf in an unknown group android.permission-group.ACCOUNTS
01-13 04:43:48.405  1122  1234 W PackageManager: Permission com.google.android.googleapps.permission.GOOGLE_AUTH.ah from package com.google.android.gsf in an unknown group android.permission-group.ACCOUNTS
01-13 04:43:48.406  1122  1234 W PackageManager: Permission com.google.android.googleapps.permission.GOOGLE_AUTH.notebook from package com.google.android.gsf in an unknown group android.permission-group.ACCOUNTS
01-13 04:43:48.406  1122  1234 W PackageManager: Permission com.google.android.googleapps.permission.GOOGLE_AUTH.writely from package com.google.android.gsf in an unknown group android.permission-group.ACCOUNTS
01-13 04:43:48.406  1122  1234 W PackageManager: Permission com.google.android.googleapps.permission.GOOGLE_AUTH.wise from package com.google.android.gsf in an unknown group android.permission-group.ACCOUNTS
01-13 04:43:48.406  1122  1234 W PackageManager: Permission com.google.android.googleapps.permission.GOOGLE_AUTH.grandcentral from package com.google.android.gsf in an unknown group android.permission-group.ACCOUNTS
01-13 04:43:48.406  1122  1234 W PackageManager: Permission com.google.android.googleapps.permission.GOOGLE_AUTH.speechpersonalization from package com.google.android.gsf in an unknown group android.permission-group.ACCOUNTS
01-13 04:43:48.406  1122  1234 W PackageManager: Permission com.google.android.googleapps.permission.GOOGLE_AUTH.speech from package com.google.android.gsf in an unknown group android.permission-group.ACCOUNTS
01-13 04:43:48.406  1122  1234 W PackageManager: Permission com.google.android.providers.talk.permission.READ_ONLY from package com.google.android.gsf in an unknown group android.permission-group.MESSAGES
01-13 04:43:48.406  1122  1234 W PackageManager: Permission com.google.android.providers.talk.permission.WRITE_ONLY from package com.google.android.gsf in an unknown group android.permission-group.MESSAGES
01-13 04:43:48.406  1122  1234 W PackageManager: Permission com.google.android.gtalkservice.permission.GTALK_SERVICE from package com.google.android.gsf in an unknown group android.permission-group.MESSAGES
01-13 04:43:48.406  1122  1234 W PackageManager: Permission com.google.android.gtalkservice.permission.SEND_HEARTBEAT from package com.google.android.gsf in an unknown group android.permission-group.NETWORK
01-13 04:43:48.406  1122  1234 W PackageManager: Permission com.google.android.permission.BROADCAST_DATA_MESSAGE from package com.google.android.gsf in an unknown group android.permission-group.NETWORK
01-13 04:43:48.406  1122  1234 W PackageManager: Permission com.google.android.c2dm.permission.SEND from package com.google.android.gsf in an unknown group android.permission-group.NETWORK
01-13 04:43:48.406  1122  1234 W PackageManager: Permission com.google.android.c2dm.permission.RECEIVE from package com.google.android.gsf in an unknown group android.permission-group.NETWORK
01-13 04:43:48.406  1122  1234 W PackageManager: Permission com.google.android.xmpp.permission.BROADCAST from package com.google.android.gsf in an unknown group android.permission-group.NETWORK
01-13 04:43:48.407  1122  1234 W PackageManager: Permission com.google.android.xmpp.permission.SEND_RECEIVE from package com.google.android.gsf in an unknown group android.permission-group.NETWORK
01-13 04:43:48.407  1122  1234 W PackageManager: Permission com.google.android.xmpp.permission.XMPP_ENDPOINT_BROADCAST from package com.google.android.gsf in an unknown group android.permission-group.NETWORK
01-13 04:43:48.407  1122  1234 W PackageManager: Permission com.google.android.xmpp.permission.USE_XMPP_ENDPOINT from package com.google.android.gsf in an unknown group android.permission-group.NETWORK
01-13 04:43:48.407  1122  1234 W PackageManager: Permission com.google.android.providers.gsf.permission.READ_GSERVICES from package com.google.android.gsf in an unknown group android.permission-group.ACCOUNTS
01-13 04:43:48.408  1122  1232 I PackageManager: SELinux relabeling of com.android.inputdevices issued.
01-13 04:43:48.419  1122  1233 I PackageManager: SELinux relabeling of com.lge.ims issued.
01-13 04:43:48.427  1122  1234 I PackageManager: SELinux relabeling of com.lge.gallery.vr.wallpaper issued.
01-13 04:43:48.433  1122  1231 I PackageManager: SELinux relabeling of com.lge.remote.setting issued.
01-13 04:43:48.505  1122  1233 I PackageManager: SELinux relabeling of com.lge.appbox.client issued.
01-13 04:43:48.505  1122  1232 I PackageManager: SELinux relabeling of com.lge.clock issued.
01-13 04:43:48.521  1122  1230 I PackageManager: SELinux relabeling of com.google.android.gms issued.
01-13 04:43:48.523  1122  1234 W PackageParser: No actions in intent filter at /system/priv-app/LGBackup/LGBackup.apk Binary XML file line #146
01-13 04:43:48.524  1122  1234 W PackageParser: No actions in intent filter at /system/priv-app/LGBackup/LGBackup.apk Binary XML file line #253
01-13 04:43:48.631  1122  1231 I PackageManager: SELinux relabeling of com.lge.bluetoothsetting issued.
01-13 04:43:48.632  1122  1234 I PackageManager: SELinux relabeling of com.lge.bnr issued.
01-13 04:43:48.632  1122  1233 I PackageManager: SELinux relabeling of com.lge.camera issued.
01-13 04:43:48.657  1122  1232 W PackageParser: Ignoring duplicate uses-permissions/uses-permissions-sdk-m: com.google.android.gm.permission.READ_GMAIL in package: com.android.contacts at: Binary XML file line #113
01-13 04:43:48.657  1122  1232 W PackageParser: Ignoring duplicate uses-permissions/uses-permissions-sdk-m: android.permission.GET_TASKS in package: com.android.contacts at: Binary XML file line #130
01-13 04:43:48.658  1122  1232 W PackageParser: Ignoring duplicate uses-permissions/uses-permissions-sdk-m: android.permission.ACCESS_FINE_LOCATION in package: com.android.contacts at: Binary XML file line #139
01-13 04:43:48.658  1122  1232 W PackageParser: Ignoring duplicate uses-permissions/uses-permissions-sdk-m: android.permission.ACCESS_COARSE_LOCATION in package: com.android.contacts at: Binary XML file line #140
01-13 04:43:48.661  1122  1230 W PackageManager: Permission com.google.android.gms.permission.ACTIVITY_RECOGNITION from package com.google.android.gms in an unknown group android.permission-group.PERSONAL_INFO
01-13 04:43:48.664  1122  1232 W PackageParser: No actions in intent filter at /system/priv-app/LGContacts/LGContacts.apk Binary XML file line #760
01-13 04:43:48.666  1122  1232 W PackageParser: No actions in intent filter at /system/priv-app/LGContacts/LGContacts.apk Binary XML file line #995
01-13 04:43:48.837  1122  1231 I PackageManager: SELinux relabeling of com.lge.lgdmprovisioningclient issued.
01-13 04:43:48.838  1122  1230 I PackageManager: SELinux relabeling of com.android.providers.contacts issued.
01-13 04:43:48.838  1122  1232 I PackageManager: SELinux relabeling of com.android.contacts issued.
01-13 04:43:48.838  1122  1233 I PackageManager: SELinux relabeling of com.lge.lgdmsclient issued.
01-13 04:43:48.853  1122  1234 I PackageManager: SELinux relabeling of com.android.providers.downloads issued.
01-13 04:43:48.938  1122  1231 I PackageManager: SELinux relabeling of com.android.providers.downloads.ui issued.
01-13 04:43:49.032  1122  1234 I PackageManager: SELinux relabeling of com.lge.ime.theme.black issued.
01-13 04:43:49.032  1122  1230 I PackageManager: SELinux relabeling of com.lge.ime.dictionary.xt9 issued.
01-13 04:43:49.033  1122  1233 I PackageManager: SELinux relabeling of com.lge.ime issued.
01-13 04:43:49.040  1122  1232 W PackageParser: No actions in intent filter at /system/priv-app/LGEasyHome/LGEasyHome.apk Binary XML file line #85
01-13 04:43:49.078  1122  1232 I PackageManager: SELinux relabeling of com.lge.easyhome issued.
01-13 04:43:49.085  1122  1231 W PackageParser: No actions in intent filter at /system/priv-app/LGFileManager/LGFileManager.apk Binary XML file line #110
01-13 04:43:49.089  1122  1231 I PackageManager: SELinux relabeling of com.lge.filemanager issued.
01-13 04:43:49.311  1122  1234 I PackageManager: SELinux relabeling of com.lge.lghms issued.
01-13 04:43:49.312  1122  1233 I PackageManager: SELinux relabeling of com.lge.launcher3 issued.
01-13 04:43:49.312  1122  1230 I PackageManager: SELinux relabeling of com.android.gallery3d issued.
01-13 04:43:49.366  1122  1232 I PackageManager: SELinux relabeling of com.lge.launcher2.theme.optimus issued.
01-13 04:43:49.376  1122  1233 W PackageManager: Permission com.android.launcher.permission.INSTALL_SHORTCUT from package com.lge.launcher3 in an unknown group android.permission-group.SYSTEM_TOOLS
01-13 04:43:49.376  1122  1233 W PackageManager: Permission com.lge.launcher3.permission.READ_SETTINGS from package com.lge.launcher3 in an unknown group android.permission-group.SYSTEM_TOOLS
01-13 04:43:49.376  1122  1233 W PackageManager: Permission com.lge.launcher3.permission.WRITE_SETTINGS from package com.lge.launcher3 in an unknown group android.permission-group.SYSTEM_TOOLS
01-13 04:43:49.376  1122  1233 W PackageManager: Permission com.lge.launcher.permission.CUSTOMIZE_APPICONS from package com.lge.launcher3 in an unknown group android.permission-group.SYSTEM_TOOLS
01-13 04:43:49.484  1122  1234 I PackageManager: SELinux relabeling of com.lge.inputdevices issued.
01-13 04:43:49.524  1122  1231 I PackageManager: SELinux relabeling of com.android.incallui issued.
01-13 04:43:49.524  1122  1233 I PackageManager: SELinux relabeling of com.lge.lginstallservies issued.
01-13 04:43:49.524  1122  1230 I PackageManager: SELinux relabeling of com.lge.mlt issued.
01-13 04:43:49.536  1122  1232 I PackageManager: SELinux relabeling of com.android.wallpaper.livepicker issued.
01-13 04:43:49.689  1122  1234 I PackageManager: SELinux relabeling of com.lge.lgmapui issued.
01-13 04:43:49.689  1122  1230 I PackageManager: SELinux relabeling of com.android.providers.media issued.
01-13 04:43:49.799  1122  1232 W PackageParser: Problem in package /system/priv-app/LGNetworkSettings/LGNetworkSettings.apk:
01-13 04:43:49.799  1122  1233 W PackageParser: No actions in intent filter at /system/priv-app/LGMcAfeeMobileSecurity/LGMcAfeeMobileSecurity.apk Binary XML file line #1152
01-13 04:43:49.799  1122  1232 W PackageParser: Unknown element under <activity>: uses-permission at /system/priv-app/LGNetworkSettings/LGNetworkSettings.apk Binary XML file line #511
01-13 04:43:49.834  1122  1230 I PackageManager: SELinux relabeling of com.lge.wifi.p2p issued.
01-13 04:43:49.835  1122  1232 I PackageManager: SELinux relabeling of com.lge.networksettings issued.
01-13 04:43:49.835  1122  1233 I PackageManager: SELinux relabeling of com.wsandroid.suite.lge issued.
01-13 04:43:49.835  1122  1231 I PackageManager: SELinux relabeling of com.android.mms issued.
01-13 04:43:49.956  1122  1234 I PackageManager: SELinux relabeling of com.lge.sync issued.
01-13 04:43:49.964  1122  1230 I PackageManager: SELinux relabeling of com.android.providers.partnerbookmarks issued.
01-13 04:43:50.022  1122  1234 I PackageManager: SELinux relabeling of com.lge.privacylock issued.
01-13 04:43:50.080  1122  1233 W PackageParser: No actions in intent filter at /system/priv-app/LGSettings/LGSettings.apk Binary XML file line #274
01-13 04:43:50.108  1122  1233 W PackageParser: No actions in intent filter at /system/priv-app/LGSettings/LGSettings.apk Binary XML file line #3382
01-13 04:43:50.108  1122  1233 W PackageParser: No actions in intent filter at /system/priv-app/LGSettings/LGSettings.apk Binary XML file line #3393
